
> allfantasy-ai@1.0.0 build
> node scripts/vercel-next-build.cjs

[vercel-next-build] Next pages-manifest-plugin manifest lock patch already current
  Γû▓ Next.js 14.2.35
  - Environments: .env.local, .env
  - Experiments (use with caution):
    ┬╖ instrumentationHook

   Creating an optimized production build ...
 Γ£ô Compiled successfully
   Linting and checking validity of types ...

./app/admin/components/AdminEmail.tsx
492:20  Warning: `'` can be escaped with `&apos;`, `&lsquo;`, `&#39;`, `&rsquo;`.  react/no-unescaped-entities

./app/admin/components/AdminFeedback.tsx
464:25  Warning: Using `<img>` could result in slower LCP and higher bandwidth. Consider using `<Image />` from `next/image` to automatically optimize images. This may incur additional usage or cost from your provider. See: https://nextjs.org/docs/messages/no-img-element  @next/next/no-img-element

./app/admin/components/AdminLayout.tsx
636:57  Warning: `"` can be escaped with `&quot;`, `&ldquo;`, `&#34;`, `&rdquo;`.  react/no-unescaped-entities
636:61  Warning: `"` can be escaped with `&quot;`, `&ldquo;`, `&#34;`, `&rdquo;`.  react/no-unescaped-entities

./app/admin/components/AdminModelDrift.tsx
788:6  Warning: React Hook useEffect has a missing dependency: 'fetchSegmentKeys'. Either include it or remove the dependency array.  react-hooks/exhaustive-deps
798:6  Warning: React Hook useEffect has missing dependencies: 'fetchAlerts', 'fetchCalibration', 'fetchDrilldown', 'fetchFeatures', 'fetchSegments', and 'fetchSummary'. Either include them or remove the dependency array.  react-hooks/exhaustive-deps
802:6  Warning: React Hook useEffect has a missing dependency: 'fetchDrilldown'. Either include it or remove the dependency array.  react-hooks/exhaustive-deps

./app/admin/components/AdminShareRewards.tsx
54:6  Warning: React Hook useEffect has a missing dependency: 'fetchData'. Either include it or remove the dependency array.  react-hooks/exhaustive-deps

./app/admin/components/AdminSignups.tsx
331:6  Warning: React Hook useMemo has a missing dependency: 'timeRangeDays'. Either include it or remove the dependency array.  react-hooks/exhaustive-deps
901:135  Warning: `"` can be escaped with `&quot;`, `&ldquo;`, `&#34;`, `&rdquo;`.  react/no-unescaped-entities
901:145  Warning: `"` can be escaped with `&quot;`, `&ldquo;`, `&#34;`, `&rdquo;`.  react/no-unescaped-entities

./app/admin/components/AIIssueBacklog.tsx
209:6  Warning: React Hook useEffect has a missing dependency: 'loadIssues'. Either include it or remove the dependency array.  react-hooks/exhaustive-deps
411:13  Warning: `"` can be escaped with `&quot;`, `&ldquo;`, `&#34;`, `&rdquo;`.  react/no-unescaped-entities
411:22  Warning: `"` can be escaped with `&quot;`, `&ldquo;`, `&#34;`, `&rdquo;`.  react/no-unescaped-entities
600:58  Warning: `"` can be escaped with `&quot;`, `&ldquo;`, `&#34;`, `&rdquo;`.  react/no-unescaped-entities
600:67  Warning: `"` can be escaped with `&quot;`, `&ldquo;`, `&#34;`, `&rdquo;`.  react/no-unescaped-entities
634:69  Warning: `"` can be escaped with `&quot;`, `&ldquo;`, `&#34;`, `&rdquo;`.  react/no-unescaped-entities
634:87  Warning: `"` can be escaped with `&quot;`, `&ldquo;`, `&#34;`, `&rdquo;`.  react/no-unescaped-entities

./app/admin/components/BanUserDialog.tsx
67:7  Warning: React Hook useEffect has a complex expression in the dependency array. Extract it to a separate variable so it can be statically checked.  react-hooks/exhaustive-deps

./app/admin/components/BlogSchedulesPanel.tsx
175:96  Warning: `'` can be escaped with `&apos;`, `&lsquo;`, `&#39;`, `&rsquo;`.  react/no-unescaped-entities
305:57  Warning: `'` can be escaped with `&apos;`, `&lsquo;`, `&#39;`, `&rsquo;`.  react/no-unescaped-entities

./app/admin/components/BrandAccountsPanel.tsx
325:67  Warning: `'` can be escaped with `&apos;`, `&lsquo;`, `&#39;`, `&rsquo;`.  react/no-unescaped-entities
325:105  Warning: `'` can be escaped with `&apos;`, `&lsquo;`, `&#39;`, `&rsquo;`.  react/no-unescaped-entities
334:54  Warning: `'` can be escaped with `&apos;`, `&lsquo;`, `&#39;`, `&rsquo;`.  react/no-unescaped-entities

./app/af-legacy/components/CrestImpactAnimation.tsx
194:13  Warning: Using `<img>` could result in slower LCP and higher bandwidth. Consider using `<Image />` from `next/image` to automatically optimize images. This may incur additional usage or cost from your provider. See: https://nextjs.org/docs/messages/no-img-element  @next/next/no-img-element

./app/af-legacy/components/mock-draft/DraftRoom.tsx
842:27  Warning: Using `<img>` could result in slower LCP and higher bandwidth. Consider using `<Image />` from `next/image` to automatically optimize images. This may incur additional usage or cost from your provider. See: https://nextjs.org/docs/messages/no-img-element  @next/next/no-img-element
915:21  Warning: Using `<img>` could result in slower LCP and higher bandwidth. Consider using `<Image />` from `next/image` to automatically optimize images. This may incur additional usage or cost from your provider. See: https://nextjs.org/docs/messages/no-img-element  @next/next/no-img-element

./app/af-legacy/components/mock-draft/MockDraftBoard.tsx
101:5  Warning: Using `<img>` could result in slower LCP and higher bandwidth. Consider using `<Image />` from `next/image` to automatically optimize images. This may incur additional usage or cost from your provider. See: https://nextjs.org/docs/messages/no-img-element  @next/next/no-img-element

./app/af-legacy/page.tsx
602:43  Warning: Using `<img>` could result in slower LCP and higher bandwidth. Consider using `<Image />` from `next/image` to automatically optimize images. This may incur additional usage or cost from your provider. See: https://nextjs.org/docs/messages/no-img-element  @next/next/no-img-element
1381:13  Warning: Using `<img>` could result in slower LCP and higher bandwidth. Consider using `<Image />` from `next/image` to automatically optimize images. This may incur additional usage or cost from your provider. See: https://nextjs.org/docs/messages/no-img-element  @next/next/no-img-element
1421:29  Warning: Using `<img>` could result in slower LCP and higher bandwidth. Consider using `<Image />` from `next/image` to automatically optimize images. This may incur additional usage or cost from your provider. See: https://nextjs.org/docs/messages/no-img-element  @next/next/no-img-element
1443:29  Warning: Using `<img>` could result in slower LCP and higher bandwidth. Consider using `<Image />` from `next/image` to automatically optimize images. This may incur additional usage or cost from your provider. See: https://nextjs.org/docs/messages/no-img-element  @next/next/no-img-element
1464:29  Warning: Using `<img>` could result in slower LCP and higher bandwidth. Consider using `<Image />` from `next/image` to automatically optimize images. This may incur additional usage or cost from your provider. See: https://nextjs.org/docs/messages/no-img-element  @next/next/no-img-element
2122:6  Warning: React Hook useEffect has a missing dependency: 'tradeHubLeagueSettings'. Either include it or remove the dependency array.  react-hooks/exhaustive-deps
2756:6  Warning: React Hook useEffect has a missing dependency: 'handleActiveTabChange'. Either include it or remove the dependency array.  react-hooks/exhaustive-deps
2893:6  Warning: React Hook useEffect has missing dependencies: 'handleActiveTabChange' and 'runRankingsAnalysis'. Either include them or remove the dependency array.  react-hooks/exhaustive-deps
4411:6  Warning: React Hook useEffect has a missing dependency: 'mockDraftRounds'. Either include it or remove the dependency array. You can also do a functional update 'setMockDraftRounds(m => ...)' if you only need 'mockDraftRounds' in the 'setMockDraftRounds' call.  react-hooks/exhaustive-deps
4704:85  Warning: `'` can be escaped with `&apos;`, `&lsquo;`, `&#39;`, `&rsquo;`.  react/no-unescaped-entities
4784:85  Warning: `"` can be escaped with `&quot;`, `&ldquo;`, `&#34;`, `&rdquo;`.  react/no-unescaped-entities
4784:107  Warning: `"` can be escaped with `&quot;`, `&ldquo;`, `&#34;`, `&rdquo;`.  react/no-unescaped-entities
4788:46  Warning: `'` can be escaped with `&apos;`, `&lsquo;`, `&#39;`, `&rsquo;`.  react/no-unescaped-entities
4788:108  Warning: `'` can be escaped with `&apos;`, `&lsquo;`, `&#39;`, `&rsquo;`.  react/no-unescaped-entities
4796:46  Warning: `'` can be escaped with `&apos;`, `&lsquo;`, `&#39;`, `&rsquo;`.  react/no-unescaped-entities
4802:84  Warning: `'` can be escaped with `&apos;`, `&lsquo;`, `&#39;`, `&rsquo;`.  react/no-unescaped-entities
4872:96  Warning: `'` can be escaped with `&apos;`, `&lsquo;`, `&#39;`, `&rsquo;`.  react/no-unescaped-entities
4872:142  Warning: `'` can be escaped with `&apos;`, `&lsquo;`, `&#39;`, `&rsquo;`.  react/no-unescaped-entities
4920:110  Warning: `'` can be escaped with `&apos;`, `&lsquo;`, `&#39;`, `&rsquo;`.  react/no-unescaped-entities
5077:138  Warning: `'` can be escaped with `&apos;`, `&lsquo;`, `&#39;`, `&rsquo;`.  react/no-unescaped-entities
5157:35  Warning: Using `<img>` could result in slower LCP and higher bandwidth. Consider using `<Image />` from `next/image` to automatically optimize images. This may incur additional usage or cost from your provider. See: https://nextjs.org/docs/messages/no-img-element  @next/next/no-img-element
5480:116  Warning: `"` can be escaped with `&quot;`, `&ldquo;`, `&#34;`, `&rdquo;`.  react/no-unescaped-entities
5480:124  Warning: `"` can be escaped with `&quot;`, `&ldquo;`, `&#34;`, `&rdquo;`.  react/no-unescaped-entities
5484:140  Warning: `"` can be escaped with `&quot;`, `&ldquo;`, `&#34;`, `&rdquo;`.  react/no-unescaped-entities
5484:172  Warning: `"` can be escaped with `&quot;`, `&ldquo;`, `&#34;`, `&rdquo;`.  react/no-unescaped-entities
5772:25  Warning: `"` can be escaped with `&quot;`, `&ldquo;`, `&#34;`, `&rdquo;`.  react/no-unescaped-entities
5772:129  Warning: `"` can be escaped with `&quot;`, `&ldquo;`, `&#34;`, `&rdquo;`.  react/no-unescaped-entities
5835:78  Warning: `'` can be escaped with `&apos;`, `&lsquo;`, `&#39;`, `&rsquo;`.  react/no-unescaped-entities
5858:78  Warning: `'` can be escaped with `&apos;`, `&lsquo;`, `&#39;`, `&rsquo;`.  react/no-unescaped-entities
5858:100  Warning: `'` can be escaped with `&apos;`, `&lsquo;`, `&#39;`, `&rsquo;`.  react/no-unescaped-entities
6166:81  Warning: `'` can be escaped with `&apos;`, `&lsquo;`, `&#39;`, `&rsquo;`.  react/no-unescaped-entities
6166:102  Warning: `'` can be escaped with `&apos;`, `&lsquo;`, `&#39;`, `&rsquo;`.  react/no-unescaped-entities
6169:44  Warning: `"` can be escaped with `&quot;`, `&ldquo;`, `&#34;`, `&rdquo;`.  react/no-unescaped-entities
6169:53  Warning: `"` can be escaped with `&quot;`, `&ldquo;`, `&#34;`, `&rdquo;`.  react/no-unescaped-entities
6242:25  Warning: Using `<img>` could result in slower LCP and higher bandwidth. Consider using `<Image />` from `next/image` to automatically optimize images. This may incur additional usage or cost from your provider. See: https://nextjs.org/docs/messages/no-img-element  @next/next/no-img-element
6314:111  Warning: `'` can be escaped with `&apos;`, `&lsquo;`, `&#39;`, `&rsquo;`.  react/no-unescaped-entities
6400:31  Warning: Using `<img>` could result in slower LCP and higher bandwidth. Consider using `<Image />` from `next/image` to automatically optimize images. This may incur additional usage or cost from your provider. See: https://nextjs.org/docs/messages/no-img-element  @next/next/no-img-element
7160:86  Warning: `'` can be escaped with `&apos;`, `&lsquo;`, `&#39;`, `&rsquo;`.  react/no-unescaped-entities
7366:104  Warning: `'` can be escaped with `&apos;`, `&lsquo;`, `&#39;`, `&rsquo;`.  react/no-unescaped-entities
7404:43  Warning: `'` can be escaped with `&apos;`, `&lsquo;`, `&#39;`, `&rsquo;`.  react/no-unescaped-entities
7464:109  Warning: `"` can be escaped with `&quot;`, `&ldquo;`, `&#34;`, `&rdquo;`.  react/no-unescaped-entities
7464:126  Warning: `"` can be escaped with `&quot;`, `&ldquo;`, `&#34;`, `&rdquo;`.  react/no-unescaped-entities
7537:114  Warning: `'` can be escaped with `&apos;`, `&lsquo;`, `&#39;`, `&rsquo;`.  react/no-unescaped-entities
8277:38  Warning: `"` can be escaped with `&quot;`, `&ldquo;`, `&#34;`, `&rdquo;`.  react/no-unescaped-entities
8277:50  Warning: `"` can be escaped with `&quot;`, `&ldquo;`, `&#34;`, `&rdquo;`.  react/no-unescaped-entities
8277:76  Warning: `'` can be escaped with `&apos;`, `&lsquo;`, `&#39;`, `&rsquo;`.  react/no-unescaped-entities
9012:104  Warning: `'` can be escaped with `&apos;`, `&lsquo;`, `&#39;`, `&rsquo;`.  react/no-unescaped-entities
9290:136  Warning: `'` can be escaped with `&apos;`, `&lsquo;`, `&#39;`, `&rsquo;`.  react/no-unescaped-entities
12361:33  Warning: Using `<img>` could result in slower LCP and higher bandwidth. Consider using `<Image />` from `next/image` to automatically optimize images. This may incur additional usage or cost from your provider. See: https://nextjs.org/docs/messages/no-img-element  @next/next/no-img-element
12926:33  Warning: Using `<img>` could result in slower LCP and higher bandwidth. Consider using `<Image />` from `next/image` to automatically optimize images. This may incur additional usage or cost from your provider. See: https://nextjs.org/docs/messages/no-img-element  @next/next/no-img-element
12998:39  Warning: Using `<img>` could result in slower LCP and higher bandwidth. Consider using `<Image />` from `next/image` to automatically optimize images. This may incur additional usage or cost from your provider. See: https://nextjs.org/docs/messages/no-img-element  @next/next/no-img-element
13629:51  Warning: Using `<img>` could result in slower LCP and higher bandwidth. Consider using `<Image />` from `next/image` to automatically optimize images. This may incur additional usage or cost from your provider. See: https://nextjs.org/docs/messages/no-img-element  @next/next/no-img-element
13807:45  Warning: Using `<img>` could result in slower LCP and higher bandwidth. Consider using `<Image />` from `next/image` to automatically optimize images. This may incur additional usage or cost from your provider. See: https://nextjs.org/docs/messages/no-img-element  @next/next/no-img-element
14115:97  Warning: `"` can be escaped with `&quot;`, `&ldquo;`, `&#34;`, `&rdquo;`.  react/no-unescaped-entities
14115:114  Warning: `"` can be escaped with `&quot;`, `&ldquo;`, `&#34;`, `&rdquo;`.  react/no-unescaped-entities
15465:73  Warning: `"` can be escaped with `&quot;`, `&ldquo;`, `&#34;`, `&rdquo;`.  react/no-unescaped-entities
15465:111  Warning: `"` can be escaped with `&quot;`, `&ldquo;`, `&#34;`, `&rdquo;`.  react/no-unescaped-entities
15629:31  Warning: Using `<img>` could result in slower LCP and higher bandwidth. Consider using `<Image />` from `next/image` to automatically optimize images. This may incur additional usage or cost from your provider. See: https://nextjs.org/docs/messages/no-img-element  @next/next/no-img-element
15667:25  Warning: Using `<img>` could result in slower LCP and higher bandwidth. Consider using `<Image />` from `next/image` to automatically optimize images. This may incur additional usage or cost from your provider. See: https://nextjs.org/docs/messages/no-img-element  @next/next/no-img-element
15962:45  Warning: Using `<img>` could result in slower LCP and higher bandwidth. Consider using `<Image />` from `next/image` to automatically optimize images. This may incur additional usage or cost from your provider. See: https://nextjs.org/docs/messages/no-img-element  @next/next/no-img-element
16365:49  Warning: Using `<img>` could result in slower LCP and higher bandwidth. Consider using `<Image />` from `next/image` to automatically optimize images. This may incur additional usage or cost from your provider. See: https://nextjs.org/docs/messages/no-img-element  @next/next/no-img-element
16414:51  Warning: Using `<img>` could result in slower LCP and higher bandwidth. Consider using `<Image />` from `next/image` to automatically optimize images. This may incur additional usage or cost from your provider. See: https://nextjs.org/docs/messages/no-img-element  @next/next/no-img-element
16488:49  Warning: Using `<img>` could result in slower LCP and higher bandwidth. Consider using `<Image />` from `next/image` to automatically optimize images. This may incur additional usage or cost from your provider. See: https://nextjs.org/docs/messages/no-img-element  @next/next/no-img-element
16510:49  Warning: Using `<img>` could result in slower LCP and higher bandwidth. Consider using `<Image />` from `next/image` to automatically optimize images. This may incur additional usage or cost from your provider. See: https://nextjs.org/docs/messages/no-img-element  @next/next/no-img-element
16543:43  Warning: Using `<img>` could result in slower LCP and higher bandwidth. Consider using `<Image />` from `next/image` to automatically optimize images. This may incur additional usage or cost from your provider. See: https://nextjs.org/docs/messages/no-img-element  @next/next/no-img-element
16581:53  Warning: Using `<img>` could result in slower LCP and higher bandwidth. Consider using `<Image />` from `next/image` to automatically optimize images. This may incur additional usage or cost from your provider. See: https://nextjs.org/docs/messages/no-img-element  @next/next/no-img-element
16604:53  Warning: Using `<img>` could result in slower LCP and higher bandwidth. Consider using `<Image />` from `next/image` to automatically optimize images. This may incur additional usage or cost from your provider. See: https://nextjs.org/docs/messages/no-img-element  @next/next/no-img-element
16643:51  Warning: Using `<img>` could result in slower LCP and higher bandwidth. Consider using `<Image />` from `next/image` to automatically optimize images. This may incur additional usage or cost from your provider. See: https://nextjs.org/docs/messages/no-img-element  @next/next/no-img-element
16683:53  Warning: Using `<img>` could result in slower LCP and higher bandwidth. Consider using `<Image />` from `next/image` to automatically optimize images. This may incur additional usage or cost from your provider. See: https://nextjs.org/docs/messages/no-img-element  @next/next/no-img-element
16724:53  Warning: Using `<img>` could result in slower LCP and higher bandwidth. Consider using `<Image />` from `next/image` to automatically optimize images. This may incur additional usage or cost from your provider. See: https://nextjs.org/docs/messages/no-img-element  @next/next/no-img-element
16800:59  Warning: Using `<img>` could result in slower LCP and higher bandwidth. Consider using `<Image />` from `next/image` to automatically optimize images. This may incur additional usage or cost from your provider. See: https://nextjs.org/docs/messages/no-img-element  @next/next/no-img-element
18070:99  Warning: `'` can be escaped with `&apos;`, `&lsquo;`, `&#39;`, `&rsquo;`.  react/no-unescaped-entities
18070:138  Warning: `"` can be escaped with `&quot;`, `&ldquo;`, `&#34;`, `&rdquo;`.  react/no-unescaped-entities
18070:146  Warning: `"` can be escaped with `&quot;`, `&ldquo;`, `&#34;`, `&rdquo;`.  react/no-unescaped-entities
18070:149  Warning: `"` can be escaped with `&quot;`, `&ldquo;`, `&#34;`, `&rdquo;`.  react/no-unescaped-entities
18070:156  Warning: `"` can be escaped with `&quot;`, `&ldquo;`, `&#34;`, `&rdquo;`.  react/no-unescaped-entities
18070:162  Warning: `"` can be escaped with `&quot;`, `&ldquo;`, `&#34;`, `&rdquo;`.  react/no-unescaped-entities
18070:172  Warning: `"` can be escaped with `&quot;`, `&ldquo;`, `&#34;`, `&rdquo;`.  react/no-unescaped-entities
18086:76  Warning: `"` can be escaped with `&quot;`, `&ldquo;`, `&#34;`, `&rdquo;`.  react/no-unescaped-entities
18086:83  Warning: `"` can be escaped with `&quot;`, `&ldquo;`, `&#34;`, `&rdquo;`.  react/no-unescaped-entities

./app/af-legacy/trade-analyzer/page.tsx
1449:66  Warning: `'` can be escaped with `&apos;`, `&lsquo;`, `&#39;`, `&rsquo;`.  react/no-unescaped-entities
1756:102  Warning: `'` can be escaped with `&apos;`, `&lsquo;`, `&#39;`, `&rsquo;`.  react/no-unescaped-entities
1889:99  Warning: `'` can be escaped with `&apos;`, `&lsquo;`, `&#39;`, `&rsquo;`.  react/no-unescaped-entities
2352:81  Warning: `"` can be escaped with `&quot;`, `&ldquo;`, `&#34;`, `&rdquo;`.  react/no-unescaped-entities
2352:101  Warning: `"` can be escaped with `&quot;`, `&ldquo;`, `&#34;`, `&rdquo;`.  react/no-unescaped-entities

./app/ai/saved/page.tsx
36:9  Warning: The 'params' logical expression could make the dependencies of useMemo Hook (at line 74) change on every render. To fix this, wrap the initialization of 'params' in its own useMemo() Hook.  react-hooks/exhaustive-deps
36:9  Warning: The 'params' logical expression could make the dependencies of useCallback Hook (at line 99) change on every render. To fix this, wrap the initialization of 'params' in its own useMemo() Hook.  react-hooks/exhaustive-deps
36:9  Warning: The 'params' logical expression could make the dependencies of useCallback Hook (at line 114) change on every render. To fix this, wrap the initialization of 'params' in its own useMemo() Hook.  react-hooks/exhaustive-deps

./app/app/league/[leagueId]/psychological-profiles/compare/page.tsx
134:6  Warning: React Hook useEffect has a missing dependency: 'loadProfiles'. Either include it or remove the dependency array.  react-hooks/exhaustive-deps
138:6  Warning: React Hook useEffect has a missing dependency: 'loadComparison'. Either include it or remove the dependency array.  react-hooks/exhaustive-deps

./app/app/league/[leagueId]/psychological-profiles/[profileId]/page.tsx
137:6  Warning: React Hook useEffect has a missing dependency: 'loadProfile'. Either include it or remove the dependency array.  react-hooks/exhaustive-deps
141:6  Warning: React Hook useEffect has missing dependencies: 'loadEvidence' and 'loading'. Either include them or remove the dependency array.  react-hooks/exhaustive-deps

./app/c2c/components/C2CCampusPlayerCard.tsx
43:11  Warning: Using `<img>` could result in slower LCP and higher bandwidth. Consider using `<Image />` from `next/image` to automatically optimize images. This may incur additional usage or cost from your provider. See: https://nextjs.org/docs/messages/no-img-element  @next/next/no-img-element

./app/components/ChimmyChat.tsx
665:23  Warning: Using `<img>` could result in slower LCP and higher bandwidth. Consider using `<Image />` from `next/image` to automatically optimize images. This may incur additional usage or cost from your provider. See: https://nextjs.org/docs/messages/no-img-element  @next/next/no-img-element
841:13  Warning: Using `<img>` could result in slower LCP and higher bandwidth. Consider using `<Image />` from `next/image` to automatically optimize images. This may incur additional usage or cost from your provider. See: https://nextjs.org/docs/messages/no-img-element  @next/next/no-img-element

./app/components/EarlyAccessUpsell.tsx
84:66  Warning: `'` can be escaped with `&apos;`, `&lsquo;`, `&#39;`, `&rsquo;`.  react/no-unescaped-entities
86:14  Warning: `'` can be escaped with `&apos;`, `&lsquo;`, `&#39;`, `&rsquo;`.  react/no-unescaped-entities
86:67  Warning: `'` can be escaped with `&apos;`, `&lsquo;`, `&#39;`, `&rsquo;`.  react/no-unescaped-entities

./app/components/FeedbackModal.tsx
399:23  Warning: Using `<img>` could result in slower LCP and higher bandwidth. Consider using `<Image />` from `next/image` to automatically optimize images. This may incur additional usage or cost from your provider. See: https://nextjs.org/docs/messages/no-img-element  @next/next/no-img-element

./app/components/ImproveTradeModal.tsx
267:6  Warning: React Hook useCallback has a missing dependency: 'useRealTimeNews'. Either include it or remove the dependency array.  react-hooks/exhaustive-deps
289:22  Warning: `'` can be escaped with `&apos;`, `&lsquo;`, `&#39;`, `&rsquo;`.  react/no-unescaped-entities

./app/components/InstantTradeAnalyzer.tsx
99:7  Warning: Using `<img>` could result in slower LCP and higher bandwidth. Consider using `<Image />` from `next/image` to automatically optimize images. This may incur additional usage or cost from your provider. See: https://nextjs.org/docs/messages/no-img-element  @next/next/no-img-element
118:5  Warning: Using `<img>` could result in slower LCP and higher bandwidth. Consider using `<Image />` from `next/image` to automatically optimize images. This may incur additional usage or cost from your provider. See: https://nextjs.org/docs/messages/no-img-element  @next/next/no-img-element
325:6  Warning: React Hook useMemo has missing dependencies: 'roundLabels', 'rounds', 'tiers', and 'years'. Either include them or remove the dependency array.  react-hooks/exhaustive-deps
343:6  Warning: React Hook useMemo has missing dependencies: 'rounds' and 'years'. Either include them or remove the dependency array.  react-hooks/exhaustive-deps

./app/components/LeagueSyncDashboard.tsx
368:95  Warning: `"` can be escaped with `&quot;`, `&ldquo;`, `&#34;`, `&rdquo;`.  react/no-unescaped-entities
368:106  Warning: `"` can be escaped with `&quot;`, `&ldquo;`, `&#34;`, `&rdquo;`.  react/no-unescaped-entities
378:91  Warning: `"` can be escaped with `&quot;`, `&ldquo;`, `&#34;`, `&rdquo;`.  react/no-unescaped-entities
378:102  Warning: `"` can be escaped with `&quot;`, `&ldquo;`, `&#34;`, `&rdquo;`.  react/no-unescaped-entities

./app/components/OtbPanel.tsx
140:70  Warning: `'` can be escaped with `&apos;`, `&lsquo;`, `&#39;`, `&rsquo;`.  react/no-unescaped-entities
282:63  Warning: `'` can be escaped with `&apos;`, `&lsquo;`, `&#39;`, `&rsquo;`.  react/no-unescaped-entities

./app/components/PlayerImage.tsx
147:7  Warning: Using `<img>` could result in slower LCP and higher bandwidth. Consider using `<Image />` from `next/image` to automatically optimize images. This may incur additional usage or cost from your provider. See: https://nextjs.org/docs/messages/no-img-element  @next/next/no-img-element

./app/components/TeamLogo.tsx
69:7  Warning: Using `<img>` could result in slower LCP and higher bandwidth. Consider using `<Image />` from `next/image` to automatically optimize images. This may incur additional usage or cost from your provider. See: https://nextjs.org/docs/messages/no-img-element  @next/next/no-img-element

./app/components/WaiverSuggestionCard.tsx
75:13  Warning: Using `<img>` could result in slower LCP and higher bandwidth. Consider using `<Image />` from `next/image` to automatically optimize images. This may incur additional usage or cost from your provider. See: https://nextjs.org/docs/messages/no-img-element  @next/next/no-img-element
86:13  Warning: Using `<img>` could result in slower LCP and higher bandwidth. Consider using `<Image />` from `next/image` to automatically optimize images. This may incur additional usage or cost from your provider. See: https://nextjs.org/docs/messages/no-img-element  @next/next/no-img-element

./app/creators/CreatorsLeaderboardClient.tsx
118:17  Warning: Using `<img>` could result in slower LCP and higher bandwidth. Consider using `<Image />` from `next/image` to automatically optimize images. This may incur additional usage or cost from your provider. See: https://nextjs.org/docs/messages/no-img-element  @next/next/no-img-element

./app/dashboard/components/chat/AttachmentPreview.tsx
51:11  Warning: Using `<img>` could result in slower LCP and higher bandwidth. Consider using `<Image />` from `next/image` to automatically optimize images. This may incur additional usage or cost from your provider. See: https://nextjs.org/docs/messages/no-img-element  @next/next/no-img-element
73:13  Warning: Using `<img>` could result in slower LCP and higher bandwidth. Consider using `<Image />` from `next/image` to automatically optimize images. This may incur additional usage or cost from your provider. See: https://nextjs.org/docs/messages/no-img-element  @next/next/no-img-element

./app/dashboard/components/chat/ChatSenderAvatar.tsx
49:9  Warning: Using `<img>` could result in slower LCP and higher bandwidth. Consider using `<Image />` from `next/image` to automatically optimize images. This may incur additional usage or cost from your provider. See: https://nextjs.org/docs/messages/no-img-element  @next/next/no-img-element

./app/dashboard/components/chat/ChimmyAssistantAvatar.tsx
17:9  Warning: Using `<img>` could result in slower LCP and higher bandwidth. Consider using `<Image />` from `next/image` to automatically optimize images. This may incur additional usage or cost from your provider. See: https://nextjs.org/docs/messages/no-img-element  @next/next/no-img-element

./app/dashboard/components/chat/GifPicker.tsx
29:7  Warning: Using `<img>` could result in slower LCP and higher bandwidth. Consider using `<Image />` from `next/image` to automatically optimize images. This may incur additional usage or cost from your provider. See: https://nextjs.org/docs/messages/no-img-element  @next/next/no-img-element
173:17  Warning: Using `<img>` could result in slower LCP and higher bandwidth. Consider using `<Image />` from `next/image` to automatically optimize images. This may incur additional usage or cost from your provider. See: https://nextjs.org/docs/messages/no-img-element  @next/next/no-img-element

./app/dashboard/components/chat/MentionAutocomplete.tsx
30:13  Warning: Using `<img>` could result in slower LCP and higher bandwidth. Consider using `<Image />` from `next/image` to automatically optimize images. This may incur additional usage or cost from your provider. See: https://nextjs.org/docs/messages/no-img-element  @next/next/no-img-element

./app/dashboard/components/LeagueAvatar.tsx
20:7  Warning: Using `<img>` could result in slower LCP and higher bandwidth. Consider using `<Image />` from `next/image` to automatically optimize images. This may incur additional usage or cost from your provider. See: https://nextjs.org/docs/messages/no-img-element  @next/next/no-img-element

./app/dashboard/components/LeagueChatInPanel.tsx
120:7  Warning: Using `<img>` could result in slower LCP and higher bandwidth. Consider using `<Image />` from `next/image` to automatically optimize images. This may incur additional usage or cost from your provider. See: https://nextjs.org/docs/messages/no-img-element  @next/next/no-img-element

./app/dashboard/components/LeagueTypeIcon.tsx
38:5  Warning: Using `<img>` could result in slower LCP and higher bandwidth. Consider using `<Image />` from `next/image` to automatically optimize images. This may incur additional usage or cost from your provider. See: https://nextjs.org/docs/messages/no-img-element  @next/next/no-img-element

./app/dashboard/components/LeftChatPanel.tsx
1130:31  Warning: Using `<img>` could result in slower LCP and higher bandwidth. Consider using `<Image />` from `next/image` to automatically optimize images. This may incur additional usage or cost from your provider. See: https://nextjs.org/docs/messages/no-img-element  @next/next/no-img-element

./app/dashboard/components/LineupIssuesModal.tsx
97:25  Warning: Using `<img>` could result in slower LCP and higher bandwidth. Consider using `<Image />` from `next/image` to automatically optimize images. This may incur additional usage or cost from your provider. See: https://nextjs.org/docs/messages/no-img-element  @next/next/no-img-element

./app/dashboard/components/PendingTradesModal.tsx
71:25  Warning: Using `<img>` could result in slower LCP and higher bandwidth. Consider using `<Image />` from `next/image` to automatically optimize images. This may incur additional usage or cost from your provider. See: https://nextjs.org/docs/messages/no-img-element  @next/next/no-img-element

./app/dashboard/components/RightControlPanel.tsx
112:13  Warning: Using `<img>` could result in slower LCP and higher bandwidth. Consider using `<Image />` from `next/image` to automatically optimize images. This may incur additional usage or cost from your provider. See: https://nextjs.org/docs/messages/no-img-element  @next/next/no-img-element

./app/dashboard/components/WaiverRecommendationsModal.tsx
106:25  Warning: Using `<img>` could result in slower LCP and higher bandwidth. Consider using `<Image />` from `next/image` to automatically optimize images. This may incur additional usage or cost from your provider. See: https://nextjs.org/docs/messages/no-img-element  @next/next/no-img-element

./app/dashboard/DashboardContent.tsx
310:21  Warning: Using `<img>` could result in slower LCP and higher bandwidth. Consider using `<Image />` from `next/image` to automatically optimize images. This may incur additional usage or cost from your provider. See: https://nextjs.org/docs/messages/no-img-element  @next/next/no-img-element

./app/devy/components/DevyPlayerCard.tsx
87:11  Warning: Using `<img>` could result in slower LCP and higher bandwidth. Consider using `<Image />` from `next/image` to automatically optimize images. This may incur additional usage or cost from your provider. See: https://nextjs.org/docs/messages/no-img-element  @next/next/no-img-element

./app/draft/components/PlayerCard.tsx
34:17  Warning: Using `<img>` could result in slower LCP and higher bandwidth. Consider using `<Image />` from `next/image` to automatically optimize images. This may incur additional usage or cost from your provider. See: https://nextjs.org/docs/messages/no-img-element  @next/next/no-img-element

./app/e2e/profile-avatar-click-audit/ProfileAvatarClickAuditHarnessClient.tsx
263:17  Warning: Using `<img>` could result in slower LCP and higher bandwidth. Consider using `<Image />` from `next/image` to automatically optimize images. This may incur additional usage or cost from your provider. See: https://nextjs.org/docs/messages/no-img-element  @next/next/no-img-element

./app/early-access/confirm/page.tsx
170:32  Warning: `'` can be escaped with `&apos;`, `&lsquo;`, `&#39;`, `&rsquo;`.  react/no-unescaped-entities

./app/fantasy-media/FantasyMediaListClient.tsx
76:6  Warning: React Hook useEffect has a missing dependency: 'fetchList'. Either include it or remove the dependency array.  react-hooks/exhaustive-deps

./app/fantasy-media/[id]/FantasyMediaPlayerClient.tsx
130:6  Warning: React Hook useEffect has a missing dependency: 'fetchPublishLogs'. Either include it or remove the dependency array.  react-hooks/exhaustive-deps

./app/find-league/FindLeagueClient.tsx
189:6  Warning: React Hook useEffect has a missing dependency: 'page'. Either include it or remove the dependency array.  react-hooks/exhaustive-deps

./app/geo-blocked/page.tsx
17:9  Warning: Using `<img>` could result in slower LCP and higher bandwidth. Consider using `<Image />` from `next/image` to automatically optimize images. This may incur additional usage or cost from your provider. See: https://nextjs.org/docs/messages/no-img-element  @next/next/no-img-element

./app/join/[token]/page.tsx
275:29  Warning: Using `<img>` could result in slower LCP and higher bandwidth. Consider using `<Image />` from `next/image` to automatically optimize images. This may incur additional usage or cost from your provider. See: https://nextjs.org/docs/messages/no-img-element  @next/next/no-img-element

./app/layout.tsx
224:13  Warning: Using `<img>` could result in slower LCP and higher bandwidth. Consider using `<Image />` from `next/image` to automatically optimize images. This may incur additional usage or cost from your provider. See: https://nextjs.org/docs/messages/no-img-element  @next/next/no-img-element

./app/league/[leagueId]/components/LeagueManagersStandingsSection.tsx
249:15  Warning: Using `<img>` could result in slower LCP and higher bandwidth. Consider using `<Image />` from `next/image` to automatically optimize images. This may incur additional usage or cost from your provider. See: https://nextjs.org/docs/messages/no-img-element  @next/next/no-img-element

./app/league/[leagueId]/components/LeagueSettingsModal.tsx
360:25  Warning: Using `<img>` could result in slower LCP and higher bandwidth. Consider using `<Image />` from `next/image` to automatically optimize images. This may incur additional usage or cost from your provider. See: https://nextjs.org/docs/messages/no-img-element  @next/next/no-img-element

./app/league/[leagueId]/components/LeagueSettingsSubPanels.tsx
207:9  Warning: The 'rosterPositions' logical expression could make the dependencies of useMemo Hook (at line 208) change on every render. To fix this, wrap the initialization of 'rosterPositions' in its own useMemo() Hook.  react-hooks/exhaustive-deps
936:13  Warning: Using `<img>` could result in slower LCP and higher bandwidth. Consider using `<Image />` from `next/image` to automatically optimize images. This may incur additional usage or cost from your provider. See: https://nextjs.org/docs/messages/no-img-element  @next/next/no-img-element
1162:29  Warning: Using `<img>` could result in slower LCP and higher bandwidth. Consider using `<Image />` from `next/image` to automatically optimize images. This may incur additional usage or cost from your provider. See: https://nextjs.org/docs/messages/no-img-element  @next/next/no-img-element
1451:21  Warning: Using `<img>` could result in slower LCP and higher bandwidth. Consider using `<Image />` from `next/image` to automatically optimize images. This may incur additional usage or cost from your provider. See: https://nextjs.org/docs/messages/no-img-element  @next/next/no-img-element

./app/league/[leagueId]/dispersal-draft/[draftId]/page.tsx
112:6  Warning: React Hook useMemo has an unnecessary dependency: 'tick'. Either exclude it or remove the dependency array.  react-hooks/exhaustive-deps
159:9  Warning: The 'pool' logical expression could make the dependencies of useMemo Hook (at line 171) change on every render. To fix this, wrap the initialization of 'pool' in its own useMemo() Hook.  react-hooks/exhaustive-deps

./app/league/[leagueId]/LeagueShell.tsx
295:6  Warning: React Hook useMemo has unnecessary dependencies: 'language' and 'league.lifecycleState'. Either exclude them or remove the dependency array.  react-hooks/exhaustive-deps
365:6  Warning: React Hook useEffect has a missing dependency: 'league.guillotineMode'. Either include it or remove the dependency array.  react-hooks/exhaustive-deps
404:6  Warning: React Hook useEffect has a missing dependency: 'shouldUseMatchupPrimary'. Either include it or remove the dependency array.  react-hooks/exhaustive-deps

./app/league/[leagueId]/tabs/LeagueSettingsTab.tsx
1170:21  Warning: Using `<img>` could result in slower LCP and higher bandwidth. Consider using `<Image />` from `next/image` to automatically optimize images. This may incur additional usage or cost from your provider. See: https://nextjs.org/docs/messages/no-img-element  @next/next/no-img-element

./app/league/[leagueId]/tabs/PlayersTab.tsx
255:6  Warning: React Hook useEffect has a missing dependency: 'filtered'. Either include it or remove the dependency array.  react-hooks/exhaustive-deps

./app/league/[leagueId]/tabs/redraft/TradeCenter.tsx
55:6  Warning: React Hook useEffect has a missing dependency: 'refresh'. Either include it or remove the dependency array.  react-hooks/exhaustive-deps

./app/league/[leagueId]/tabs/TeamTab.tsx
861:17  Warning: Using `<img>` could result in slower LCP and higher bandwidth. Consider using `<Image />` from `next/image` to automatically optimize images. This may incur additional usage or cost from your provider. See: https://nextjs.org/docs/messages/no-img-element  @next/next/no-img-element

./app/leagues/[leagueId]/rivalries/[rivalryId]/page.tsx
152:6  Warning: React Hook useEffect has a missing dependency: 'loadDetail'. Either include it or remove the dependency array.  react-hooks/exhaustive-deps
156:6  Warning: React Hook useEffect has a missing dependency: 'loadTabData'. Either include it or remove the dependency array.  react-hooks/exhaustive-deps

./app/login/LoginContent.tsx
271:11  Warning: Using `<img>` could result in slower LCP and higher bandwidth. Consider using `<Image />` from `next/image` to automatically optimize images. This may incur additional usage or cost from your provider. See: https://nextjs.org/docs/messages/no-img-element  @next/next/no-img-element
297:15  Warning: Using `<img>` could result in slower LCP and higher bandwidth. Consider using `<Image />` from `next/image` to automatically optimize images. This may incur additional usage or cost from your provider. See: https://nextjs.org/docs/messages/no-img-element  @next/next/no-img-element

./app/manager-compare/page.tsx
1892:72  Warning: `"` can be escaped with `&quot;`, `&ldquo;`, `&#34;`, `&rdquo;`.  react/no-unescaped-entities
1892:100  Warning: `"` can be escaped with `&quot;`, `&ldquo;`, `&#34;`, `&rdquo;`.  react/no-unescaped-entities

./app/market-movers/MarketMoverRow.tsx
68:11  Warning: Using `<img>` could result in slower LCP and higher bandwidth. Consider using `<Image />` from `next/image` to automatically optimize images. This may incur additional usage or cost from your provider. See: https://nextjs.org/docs/messages/no-img-element  @next/next/no-img-element

./app/messages/MessagesContent.tsx
213:9  Warning: The 'mentionSuggestions' conditional could make the dependencies of useCallback Hook (at line 637) change on every render. To fix this, wrap the initialization of 'mentionSuggestions' in its own useMemo() Hook.  react-hooks/exhaustive-deps
269:9  Warning: The 'selectedThreadContext' logical expression could make the dependencies of useCallback Hook (at line 315) change on every render. To fix this, wrap the initialization of 'selectedThreadContext' in its own useMemo() Hook.  react-hooks/exhaustive-deps
1249:25  Warning: Using `<img>` could result in slower LCP and higher bandwidth. Consider using `<Image />` from `next/image` to automatically optimize images. This may incur additional usage or cost from your provider. See: https://nextjs.org/docs/messages/no-img-element  @next/next/no-img-element
1471:35  Warning: Using `<img>` could result in slower LCP and higher bandwidth. Consider using `<Image />` from `next/image` to automatically optimize images. This may incur additional usage or cost from your provider. See: https://nextjs.org/docs/messages/no-img-element  @next/next/no-img-element
2082:11  Warning: Using `<img>` could result in slower LCP and higher bandwidth. Consider using `<Image />` from `next/image` to automatically optimize images. This may incur additional usage or cost from your provider. See: https://nextjs.org/docs/messages/no-img-element  @next/next/no-img-element

./app/offline/page.tsx
9:7  Warning: Using `<img>` could result in slower LCP and higher bandwidth. Consider using `<Image />` from `next/image` to automatically optimize images. This may incur additional usage or cost from your provider. See: https://nextjs.org/docs/messages/no-img-element  @next/next/no-img-element

./app/paid-restricted/page.tsx
20:9  Warning: Using `<img>` could result in slower LCP and higher bandwidth. Consider using `<Image />` from `next/image` to automatically optimize images. This may incur additional usage or cost from your provider. See: https://nextjs.org/docs/messages/no-img-element  @next/next/no-img-element

./app/player/[playerId]/components/PlayerHeaderCard.tsx
82:9  Warning: Using `<img>` could result in slower LCP and higher bandwidth. Consider using `<Image />` from `next/image` to automatically optimize images. This may incur additional usage or cost from your provider. See: https://nextjs.org/docs/messages/no-img-element  @next/next/no-img-element
89:13  Warning: Using `<img>` could result in slower LCP and higher bandwidth. Consider using `<Image />` from `next/image` to automatically optimize images. This may incur additional usage or cost from your provider. See: https://nextjs.org/docs/messages/no-img-element  @next/next/no-img-element

./app/power-rankings/page.tsx
1364:13  Warning: Using `<img>` could result in slower LCP and higher bandwidth. Consider using `<Image />` from `next/image` to automatically optimize images. This may incur additional usage or cost from your provider. See: https://nextjs.org/docs/messages/no-img-element  @next/next/no-img-element
1417:13  Warning: Using `<img>` could result in slower LCP and higher bandwidth. Consider using `<Image />` from `next/image` to automatically optimize images. This may incur additional usage or cost from your provider. See: https://nextjs.org/docs/messages/no-img-element  @next/next/no-img-element

./app/settings/components/sections/ConnectedAccountsSettingsSection.tsx
71:6  Warning: React Hook useEffect has a missing dependency: 'loadProviders'. Either include it or remove the dependency array.  react-hooks/exhaustive-deps
81:6  Warning: React Hook useEffect has a missing dependency: 'loadProviders'. Either include it or remove the dependency array.  react-hooks/exhaustive-deps
273:15  Warning: Using `<img>` could result in slower LCP and higher bandwidth. Consider using `<Image />` from `next/image` to automatically optimize images. This may incur additional usage or cost from your provider. See: https://nextjs.org/docs/messages/no-img-element  @next/next/no-img-element

./app/settings/components/sections/LegacyImportSettingsSection.tsx
48:6  Warning: React Hook useEffect has a missing dependency: 'loadLegacyStatus'. Either include it or remove the dependency array.  react-hooks/exhaustive-deps
58:6  Warning: React Hook useEffect has a missing dependency: 'loadLegacyStatus'. Either include it or remove the dependency array.  react-hooks/exhaustive-deps
79:6  Warning: React Hook useEffect has a missing dependency: 'loadLegacyStatus'. Either include it or remove the dependency array.  react-hooks/exhaustive-deps

./app/settings/SettingsFullPage.tsx
541:17  Warning: Using `<img>` could result in slower LCP and higher bandwidth. Consider using `<Image />` from `next/image` to automatically optimize images. This may incur additional usage or cost from your provider. See: https://nextjs.org/docs/messages/no-img-element  @next/next/no-img-element

./app/signup/page.tsx
600:15  Warning: Using `<img>` could result in slower LCP and higher bandwidth. Consider using `<Image />` from `next/image` to automatically optimize images. This may incur additional usage or cost from your provider. See: https://nextjs.org/docs/messages/no-img-element  @next/next/no-img-element
617:13  Warning: Using `<img>` could result in slower LCP and higher bandwidth. Consider using `<Image />` from `next/image` to automatically optimize images. This may incur additional usage or cost from your provider. See: https://nextjs.org/docs/messages/no-img-element  @next/next/no-img-element
660:15  Warning: Using `<img>` could result in slower LCP and higher bandwidth. Consider using `<Image />` from `next/image` to automatically optimize images. This may incur additional usage or cost from your provider. See: https://nextjs.org/docs/messages/no-img-element  @next/next/no-img-element
686:15  Warning: Using `<img>` could result in slower LCP and higher bandwidth. Consider using `<Image />` from `next/image` to automatically optimize images. This may incur additional usage or cost from your provider. See: https://nextjs.org/docs/messages/no-img-element  @next/next/no-img-element
760:13  Warning: Using `<img>` could result in slower LCP and higher bandwidth. Consider using `<Image />` from `next/image` to automatically optimize images. This may incur additional usage or cost from your provider. See: https://nextjs.org/docs/messages/no-img-element  @next/next/no-img-element
792:13  Warning: Using `<img>` could result in slower LCP and higher bandwidth. Consider using `<Image />` from `next/image` to automatically optimize images. This may incur additional usage or cost from your provider. See: https://nextjs.org/docs/messages/no-img-element  @next/next/no-img-element

./app/success/page.tsx
108:6  Warning: React Hook useEffect has a missing dependency: 'isExisting'. Either include it or remove the dependency array.  react-hooks/exhaustive-deps

./app/survivor/components/JuryVotingFlow.tsx
125:19  Warning: Using `<img>` could result in slower LCP and higher bandwidth. Consider using `<Image />` from `next/image` to automatically optimize images. This may incur additional usage or cost from your provider. See: https://nextjs.org/docs/messages/no-img-element  @next/next/no-img-element

./app/survivor/components/WinnerReveal.tsx
99:25  Warning: Using `<img>` could result in slower LCP and higher bandwidth. Consider using `<Image />` from `next/image` to automatically optimize images. This may incur additional usage or cost from your provider. See: https://nextjs.org/docs/messages/no-img-element  @next/next/no-img-element

./app/survivor/[leagueId]/tribe/page.tsx
28:9  Warning: The 'tribes' logical expression could make the dependencies of useMemo Hook (at line 44) change on every render. To fix this, wrap the initialization of 'tribes' in its own useMemo() Hook.  react-hooks/exhaustive-deps

./app/trade-finder/page.tsx
350:11  Warning: `"` can be escaped with `&quot;`, `&ldquo;`, `&#34;`, `&rdquo;`.  react/no-unescaped-entities
350:27  Warning: `"` can be escaped with `&quot;`, `&ldquo;`, `&#34;`, `&rdquo;`.  react/no-unescaped-entities
747:30  Warning: `'` can be escaped with `&apos;`, `&lsquo;`, `&#39;`, `&rsquo;`.  react/no-unescaped-entities
772:28  Warning: `'` can be escaped with `&apos;`, `&lsquo;`, `&#39;`, `&rsquo;`.  react/no-unescaped-entities
863:49  Warning: `"` can be escaped with `&quot;`, `&ldquo;`, `&#34;`, `&rdquo;`.  react/no-unescaped-entities
863:61  Warning: `"` can be escaped with `&quot;`, `&ldquo;`, `&#34;`, `&rdquo;`.  react/no-unescaped-entities
938:25  Warning: `"` can be escaped with `&quot;`, `&ldquo;`, `&#34;`, `&rdquo;`.  react/no-unescaped-entities
938:48  Warning: `"` can be escaped with `&quot;`, `&ldquo;`, `&#34;`, `&rdquo;`.  react/no-unescaped-entities

./app/verify/page.tsx
183:6  Warning: React Hook useEffect has a missing dependency: 'safeReturnTo'. Either include it or remove the dependency array.  react-hooks/exhaustive-deps

./app/zombie/components/commissioner/ZombieUpdatesPanel.tsx
303:25  Warning: `"` can be escaped with `&quot;`, `&ldquo;`, `&#34;`, `&rdquo;`.  react/no-unescaped-entities
303:42  Warning: `"` can be escaped with `&quot;`, `&ldquo;`, `&#34;`, `&rdquo;`.  react/no-unescaped-entities

./app/zombie/[leagueId]/settings/page.tsx
254:30  Warning: `"` can be escaped with `&quot;`, `&ldquo;`, `&#34;`, `&rdquo;`.  react/no-unescaped-entities
254:46  Warning: `"` can be escaped with `&quot;`, `&ldquo;`, `&#34;`, `&rdquo;`.  react/no-unescaped-entities

./components/activity/ActivityFeed.tsx
89:21  Warning: Using `<img>` could result in slower LCP and higher bandwidth. Consider using `<Image />` from `next/image` to automatically optimize images. This may incur additional usage or cost from your provider. See: https://nextjs.org/docs/messages/no-img-element  @next/next/no-img-element

./components/ai-hub/UnifiedAIWorkbench.tsx
227:9  Warning: The 'allowedProviders' logical expression could make the dependencies of useEffect Hook (at line 249) change on every render. To fix this, wrap the initialization of 'allowedProviders' in its own useMemo() Hook.  react-hooks/exhaustive-deps

./components/ai-insight-cards/AICardShareBar.tsx
50:9  Warning: The 'shareOptions' object makes the dependencies of useCallback Hook (at line 71) change on every render. To fix this, wrap the initialization of 'shareOptions' in its own useMemo() Hook.  react-hooks/exhaustive-deps

./components/ai-tools/modals/InjuryImpactModal.tsx
876:70  Warning: `"` can be escaped with `&quot;`, `&ldquo;`, `&#34;`, `&rdquo;`.  react/no-unescaped-entities
876:99  Warning: `"` can be escaped with `&quot;`, `&ldquo;`, `&#34;`, `&rdquo;`.  react/no-unescaped-entities

./components/ai-tools/modals/TradeValueModal.tsx
323:6  Warning: React Hook useCallback has an unnecessary dependency: 'leagueId'. Either exclude it or remove the dependency array.  react-hooks/exhaustive-deps

./components/ai-tools/modals/WaiverWireModal.tsx
541:6  Warning: React Hook useCallback has missing dependencies: 'canRunWaiver' and 'isGlobalMode'. Either include them or remove the dependency array.  react-hooks/exhaustive-deps
548:9  Warning: The 'rawPicks' logical expression could make the dependencies of useMemo Hook (at line 572) change on every render. To fix this, wrap the initialization of 'rawPicks' in its own useMemo() Hook.  react-hooks/exhaustive-deps
548:9  Warning: The 'rawPicks' logical expression could make the dependencies of useEffect Hook (at line 629) change on every render. To fix this, wrap the initialization of 'rawPicks' in its own useMemo() Hook.  react-hooks/exhaustive-deps

./components/app/draft/LeagueDraftBoard.tsx
53:6  Warning: React Hook useEffect has a missing dependency: 'config'. Either include it or remove the dependency array.  react-hooks/exhaustive-deps

./components/app/draft-room/DraftChatPanel.tsx
271:23  Warning: Using `<img>` could result in slower LCP and higher bandwidth. Consider using `<Image />` from `next/image` to automatically optimize images. This may incur additional usage or cost from your provider. See: https://nextjs.org/docs/messages/no-img-element  @next/next/no-img-element

./components/app/draft-room/DraftRoomPageClient.tsx
1012:6  Warning: React Hook useCallback has a missing dependency: 'leagueName'. Either include it or remove the dependency array.  react-hooks/exhaustive-deps
1053:6  Warning: React Hook useEffect has a missing dependency: 'session'. Either include it or remove the dependency array.  react-hooks/exhaustive-deps
1154:6  Warning: React Hook useEffect has a missing dependency: 'session'. Either include it or remove the dependency array.  react-hooks/exhaustive-deps
1541:5  Warning: React Hook useCallback has missing dependencies: 'draftUISettings?.executionMode' and 'isCommissioner'. Either include them or remove the dependency array.  react-hooks/exhaustive-deps
1785:9  Warning: The 'slotOrder' logical expression could make the dependencies of useMemo Hook (at line 1827) change on every render. To fix this, wrap the initialization of 'slotOrder' in its own useMemo() Hook.  react-hooks/exhaustive-deps
1785:9  Warning: The 'slotOrder' logical expression could make the dependencies of useMemo Hook (at line 2116) change on every render. To fix this, wrap the initialization of 'slotOrder' in its own useMemo() Hook.  react-hooks/exhaustive-deps
1946:5  Warning: React Hook useMemo has a missing dependency: 'draftPool'. Either include it or remove the dependency array.  react-hooks/exhaustive-deps
2085:6  Warning: React Hook useEffect has a missing dependency: 'session.picks'. Either include it or remove the dependency array.  react-hooks/exhaustive-deps

./components/app/draft-room/LazyDraftImage.tsx
76:9  Warning: Using `<img>` could result in slower LCP and higher bandwidth. Consider using `<Image />` from `next/image` to automatically optimize images. This may incur additional usage or cost from your provider. See: https://nextjs.org/docs/messages/no-img-element  @next/next/no-img-element

./components/app/draft-room/PickTradeHistoryModal.tsx
147:34  Warning: `'` can be escaped with `&apos;`, `&lsquo;`, `&#39;`, `&rsquo;`.  react/no-unescaped-entities

./components/app/LeagueShell.tsx
32:6  Warning: React Hook useEffect has a missing dependency: 'activeTab'. Either include it or remove the dependency array.  react-hooks/exhaustive-deps

./components/app/roster/RosterBoard.tsx
544:15  Warning: Using `<img>` could result in slower LCP and higher bandwidth. Consider using `<Image />` from `next/image` to automatically optimize images. This may incur additional usage or cost from your provider. See: https://nextjs.org/docs/messages/no-img-element  @next/next/no-img-element

./components/app/roster/useRosterManager.ts
436:5  Warning: React Hook useCallback has a missing dependency: 'autoSave'. Either include it or remove the dependency array.  react-hooks/exhaustive-deps
496:5  Warning: React Hook useCallback has a missing dependency: 'autoSave'. Either include it or remove the dependency array.  react-hooks/exhaustive-deps
520:5  Warning: React Hook useCallback has a missing dependency: 'autoSave'. Either include it or remove the dependency array.  react-hooks/exhaustive-deps
548:5  Warning: React Hook useCallback has a missing dependency: 'autoSave'. Either include it or remove the dependency array.  react-hooks/exhaustive-deps
590:5  Warning: React Hook useCallback has an unnecessary dependency: 'canEditLineup'. Either exclude it or remove the dependency array.  react-hooks/exhaustive-deps

./components/app/settings/BehaviorProfilesPanel.tsx
141:6  Warning: React Hook useEffect has a missing dependency: 'loadProfiles'. Either include it or remove the dependency array.  react-hooks/exhaustive-deps

./components/app/settings/DraftSettingsPanel.tsx
308:6  Warning: React Hook useCallback has a missing dependency: 'executionMode'. Either include it or remove the dependency array.  react-hooks/exhaustive-deps

./components/app/tabs/WarehouseHistoryPanel.tsx
131:6  Warning: React Hook useCallback has an unnecessary dependency: 'applyToken'. Either exclude it or remove the dependency array.  react-hooks/exhaustive-deps

./components/auth/AuthStatusShell.tsx
39:11  Warning: Using `<img>` could result in slower LCP and higher bandwidth. Consider using `<Image />` from `next/image` to automatically optimize images. This may incur additional usage or cost from your provider. See: https://nextjs.org/docs/messages/no-img-element  @next/next/no-img-element
76:9  Warning: Using `<img>` could result in slower LCP and higher bandwidth. Consider using `<Image />` from `next/image` to automatically optimize images. This may incur additional usage or cost from your provider. See: https://nextjs.org/docs/messages/no-img-element  @next/next/no-img-element

./components/big-brother/BigBrotherJuryCenter.tsx
16:9  Warning: The 'names' logical expression could make the dependencies of useCallback Hook (at line 51) change on every render. To fix this, wrap the initialization of 'names' in its own useMemo() Hook.  react-hooks/exhaustive-deps

./components/big-brother/BigBrotherMemoryWall.tsx
118:11  Warning: Using `<img>` could result in slower LCP and higher bandwidth. Consider using `<Image />` from `next/image` to automatically optimize images. This may incur additional usage or cost from your provider. See: https://nextjs.org/docs/messages/no-img-element  @next/next/no-img-element

./components/blog/InternalLinkSuggestionPanel.tsx
29:6  Warning: React Hook useEffect has a missing dependency: 'loadSuggestions'. Either include it or remove the dependency array.  react-hooks/exhaustive-deps

./components/bracket/BracketProView.tsx
526:13  Warning: Using `<img>` could result in slower LCP and higher bandwidth. Consider using `<Image />` from `next/image` to automatically optimize images. This may incur additional usage or cost from your provider. See: https://nextjs.org/docs/messages/no-img-element  @next/next/no-img-element

./components/bracket/Leaderboard.tsx
11:9  Warning: The 'standings' logical expression could make the dependencies of useMemo Hook (at line 28) change on every render. To fix this, wrap the initialization of 'standings' in its own useMemo() Hook.  react-hooks/exhaustive-deps
35:6  Warning: React Hook useEffect has a missing dependency: 'ranked.length'. Either include it or remove the dependency array.  react-hooks/exhaustive-deps

./components/bracket/LeagueHomeTabs.tsx
1310:58  Warning: React Hook useEffect has a missing dependency: 'fetchRankings'. Either include it or remove the dependency array.  react-hooks/exhaustive-deps
1493:41  Warning: React Hook useEffect has a missing dependency: 'fetchPools'. Either include it or remove the dependency array.  react-hooks/exhaustive-deps

./components/bracket/LiveModeView.tsx
100:6  Warning: React Hook useMemo has an unnecessary dependency: 'games'. Either exclude it or remove the dependency array.  react-hooks/exhaustive-deps

./components/bracket/MassiveLeaderboard.tsx
117:23  Warning: Using `<img>` could result in slower LCP and higher bandwidth. Consider using `<Image />` from `next/image` to automatically optimize images. This may incur additional usage or cost from your provider. See: https://nextjs.org/docs/messages/no-img-element  @next/next/no-img-element

./components/bracket/PoolBrackets.tsx
50:7  Warning: Using `<img>` could result in slower LCP and higher bandwidth. Consider using `<Image />` from `next/image` to automatically optimize images. This may incur additional usage or cost from your provider. See: https://nextjs.org/docs/messages/no-img-element  @next/next/no-img-element

./components/bracket/PoolChat.tsx
478:25  Warning: Using `<img>` could result in slower LCP and higher bandwidth. Consider using `<Image />` from `next/image` to automatically optimize images. This may incur additional usage or cost from your provider. See: https://nextjs.org/docs/messages/no-img-element  @next/next/no-img-element
485:25  Warning: Using `<img>` could result in slower LCP and higher bandwidth. Consider using `<Image />` from `next/image` to automatically optimize images. This may incur additional usage or cost from your provider. See: https://nextjs.org/docs/messages/no-img-element  @next/next/no-img-element
805:15  Warning: Using `<img>` could result in slower LCP and higher bandwidth. Consider using `<Image />` from `next/image` to automatically optimize images. This may incur additional usage or cost from your provider. See: https://nextjs.org/docs/messages/no-img-element  @next/next/no-img-element

./components/bracket/PoolStandings.tsx
39:7  Warning: Using `<img>` could result in slower LCP and higher bandwidth. Consider using `<Image />` from `next/image` to automatically optimize images. This may incur additional usage or cost from your provider. See: https://nextjs.org/docs/messages/no-img-element  @next/next/no-img-element

./components/chat/LeagueChatPanel.tsx
535:9  Warning: The 'selectedDmContext' logical expression could make the dependencies of useCallback Hook (at line 763) change on every render. To fix this, wrap the initialization of 'selectedDmContext' in its own useMemo() Hook.  react-hooks/exhaustive-deps
1132:19  Warning: Using `<img>` could result in slower LCP and higher bandwidth. Consider using `<Image />` from `next/image` to automatically optimize images. This may incur additional usage or cost from your provider. See: https://nextjs.org/docs/messages/no-img-element  @next/next/no-img-element
1313:31  Warning: Using `<img>` could result in slower LCP and higher bandwidth. Consider using `<Image />` from `next/image` to automatically optimize images. This may incur additional usage or cost from your provider. See: https://nextjs.org/docs/messages/no-img-element  @next/next/no-img-element
1652:11  Warning: Using `<img>` could result in slower LCP and higher bandwidth. Consider using `<Image />` from `next/image` to automatically optimize images. This may incur additional usage or cost from your provider. See: https://nextjs.org/docs/messages/no-img-element  @next/next/no-img-element

./components/chimmy/ChimmyChatShell.tsx
977:13  Warning: Using `<img>` could result in slower LCP and higher bandwidth. Consider using `<Image />` from `next/image` to automatically optimize images. This may incur additional usage or cost from your provider. See: https://nextjs.org/docs/messages/no-img-element  @next/next/no-img-element

./components/chimmy/ChimmyMessageBubble.tsx
158:11  Warning: Using `<img>` could result in slower LCP and higher bandwidth. Consider using `<Image />` from `next/image` to automatically optimize images. This may incur additional usage or cost from your provider. See: https://nextjs.org/docs/messages/no-img-element  @next/next/no-img-element

./components/chimmy-surfaces/surfaces/DashboardAISurface.tsx
119:90  Warning: `'` can be escaped with `&apos;`, `&lsquo;`, `&#39;`, `&rsquo;`.  react/no-unescaped-entities

./components/commissioner/NbaScheduleSettingsPanel.tsx
79:64  Warning: `'` can be escaped with `&apos;`, `&lsquo;`, `&#39;`, `&rsquo;`.  react/no-unescaped-entities

./components/create-league/CreateLeagueSummary.tsx
41:9  Warning: The 'draftOpts' conditional could make the dependencies of useMemo Hook (at line 46) change on every render. Move it inside the useMemo callback. Alternatively, wrap the initialization of 'draftOpts' in its own useMemo() Hook.  react-hooks/exhaustive-deps

./components/create-league/DraftTypeSelector.tsx
36:9  Warning: The 'draftOptions' conditional could make the dependencies of useMemo Hook (at line 43) change on every render. To fix this, wrap the initialization of 'draftOptions' in its own useMemo() Hook.  react-hooks/exhaustive-deps

./components/create-league/SportScoringSelector.tsx
64:5  Warning: React Hook useMemo has a missing dependency: 'presetCtx'. Either include it or remove the dependency array.  react-hooks/exhaustive-deps

./components/create-league-v2/CreateLeagueUnifiedForm.tsx
55:6  Warning: React Hook useEffect has a missing dependency: 'state.name'. Either include it or remove the dependency array.  react-hooks/exhaustive-deps

./components/creator-system/CreatorCard.tsx
62:15  Warning: Using `<img>` could result in slower LCP and higher bandwidth. Consider using `<Image />` from `next/image` to automatically optimize images. This may incur additional usage or cost from your provider. See: https://nextjs.org/docs/messages/no-img-element  @next/next/no-img-element

./components/creator-system/CreatorProfileHeader.tsx
62:15  Warning: Using `<img>` could result in slower LCP and higher bandwidth. Consider using `<Image />` from `next/image` to automatically optimize images. This may incur additional usage or cost from your provider. See: https://nextjs.org/docs/messages/no-img-element  @next/next/no-img-element

./components/draft/ChimmyDraftNarration.tsx
65:6  Warning: React Hook useEffect has a missing dependency: 'data'. Either include it or remove the dependency array.  react-hooks/exhaustive-deps

./components/draft/FirstRoundPickAnimation.tsx
70:6  Warning: React Hook useEffect has a missing dependency: 'pick'. Either include it or remove the dependency array.  react-hooks/exhaustive-deps

./components/draft/PickAnnouncement.tsx
14:6  Warning: React Hook useEffect has a missing dependency: 'pick'. Either include it or remove the dependency array.  react-hooks/exhaustive-deps

./components/draft-sharing/DraftShareBar.tsx
53:9  Warning: The 'shareOptions' object makes the dependencies of useCallback Hook (at line 89) change on every render. To fix this, wrap the initialization of 'shareOptions' in its own useMemo() Hook.  react-hooks/exhaustive-deps

./components/EtsyShop.tsx
148:15  Warning: Using `<img>` could result in slower LCP and higher bandwidth. Consider using `<Image />` from `next/image` to automatically optimize images. This may incur additional usage or cost from your provider. See: https://nextjs.org/docs/messages/no-img-element  @next/next/no-img-element

./components/guillotine/GuillotineHome.tsx
129:9  Warning: Using `<img>` could result in slower LCP and higher bandwidth. Consider using `<Image />` from `next/image` to automatically optimize images. This may incur additional usage or cost from your provider. See: https://nextjs.org/docs/messages/no-img-element  @next/next/no-img-element

./components/home/HomeChatDock.tsx
172:6  Warning: React Hook useEffect has a missing dependency: 'loadMessages'. Either include it or remove the dependency array.  react-hooks/exhaustive-deps
943:59  Warning: `'` can be escaped with `&apos;`, `&lsquo;`, `&#39;`, `&rsquo;`.  react/no-unescaped-entities

./components/identity/IdentityImageRenderer.tsx
38:7  Warning: Using `<img>` could result in slower LCP and higher bandwidth. Consider using `<Image />` from `next/image` to automatically optimize images. This may incur additional usage or cost from your provider. See: https://nextjs.org/docs/messages/no-img-element  @next/next/no-img-element

./components/idp/IDPFirstEntryModal.tsx
139:16  Warning: `'` can be escaped with `&apos;`, `&lsquo;`, `&#39;`, `&rsquo;`.  react/no-unescaped-entities

./components/InsightsPanel.tsx
106:6  Warning: React Hook useEffect has a missing dependency: 'fetchInsights'. Either include it or remove the dependency array.  react-hooks/exhaustive-deps

./components/landing/SeoLandingFooter.tsx
21:11  Warning: Using `<img>` could result in slower LCP and higher bandwidth. Consider using `<Image />` from `next/image` to automatically optimize images. This may incur additional usage or cost from your provider. See: https://nextjs.org/docs/messages/no-img-element  @next/next/no-img-element

./components/league/LeagueClipOverlay.tsx
115:13  Warning: Using `<img>` could result in slower LCP and higher bandwidth. Consider using `<Image />` from `next/image` to automatically optimize images. This may incur additional usage or cost from your provider. See: https://nextjs.org/docs/messages/no-img-element  @next/next/no-img-element

./components/league/LeagueHeader.tsx
25:15  Warning: Using `<img>` could result in slower LCP and higher bandwidth. Consider using `<Image />` from `next/image` to automatically optimize images. This may incur additional usage or cost from your provider. See: https://nextjs.org/docs/messages/no-img-element  @next/next/no-img-element

./components/league/PlayerHeadshot.tsx
14:7  Warning: Using `<img>` could result in slower LCP and higher bandwidth. Consider using `<Image />` from `next/image` to automatically optimize images. This may incur additional usage or cost from your provider. See: https://nextjs.org/docs/messages/no-img-element  @next/next/no-img-element

./components/league-creation/ImportedLeaguePreviewPanel.tsx
67:13  Warning: Using `<img>` could result in slower LCP and higher bandwidth. Consider using `<Image />` from `next/image` to automatically optimize images. This may incur additional usage or cost from your provider. See: https://nextjs.org/docs/messages/no-img-element  @next/next/no-img-element
206:19  Warning: Using `<img>` could result in slower LCP and higher bandwidth. Consider using `<Image />` from `next/image` to automatically optimize images. This may incur additional usage or cost from your provider. See: https://nextjs.org/docs/messages/no-img-element  @next/next/no-img-element
228:19  Warning: Using `<img>` could result in slower LCP and higher bandwidth. Consider using `<Image />` from `next/image` to automatically optimize images. This may incur additional usage or cost from your provider. See: https://nextjs.org/docs/messages/no-img-element  @next/next/no-img-element

./components/league-creation/LeagueSettingsPreviewPanel.tsx
181:21  Warning: Using `<img>` could result in slower LCP and higher bandwidth. Consider using `<Image />` from `next/image` to automatically optimize images. This may incur additional usage or cost from your provider. See: https://nextjs.org/docs/messages/no-img-element  @next/next/no-img-element

./components/league-creation-wizard/AISettingsPanel.tsx
52:109  Warning: `'` can be escaped with `&apos;`, `&lsquo;`, `&#39;`, `&rsquo;`.  react/no-unescaped-entities

./components/league-creation-wizard/AutomationSettingsPanel.tsx
23:76  Warning: `'` can be escaped with `&apos;`, `&lsquo;`, `&#39;`, `&rsquo;`.  react/no-unescaped-entities
39:98  Warning: `'` can be escaped with `&apos;`, `&lsquo;`, `&#39;`, `&rsquo;`.  react/no-unescaped-entities
52:135  Warning: `'` can be escaped with `&apos;`, `&lsquo;`, `&#39;`, `&rsquo;`.  react/no-unescaped-entities

./components/league-creation-wizard/LeaguePrivacyPanel.tsx
58:85  Warning: `'` can be escaped with `&apos;`, `&lsquo;`, `&#39;`, `&rsquo;`.  react/no-unescaped-entities

./components/league-creation-wizard/SportSummaryCard.tsx
169:21  Warning: Using `<img>` could result in slower LCP and higher bandwidth. Consider using `<Image />` from `next/image` to automatically optimize images. This may incur additional usage or cost from your provider. See: https://nextjs.org/docs/messages/no-img-element  @next/next/no-img-element

./components/league-settings/CommissionerControlPanel.tsx
258:19  Warning: Using `<img>` could result in slower LCP and higher bandwidth. Consider using `<Image />` from `next/image` to automatically optimize images. This may incur additional usage or cost from your provider. See: https://nextjs.org/docs/messages/no-img-element  @next/next/no-img-element
413:21  Warning: Using `<img>` could result in slower LCP and higher bandwidth. Consider using `<Image />` from `next/image` to automatically optimize images. This may incur additional usage or cost from your provider. See: https://nextjs.org/docs/messages/no-img-element  @next/next/no-img-element

./components/league-settings/CoOwnerSettingsPanel.tsx
220:21  Warning: Using `<img>` could result in slower LCP and higher bandwidth. Consider using `<Image />` from `next/image` to automatically optimize images. This may incur additional usage or cost from your provider. See: https://nextjs.org/docs/messages/no-img-element  @next/next/no-img-element

./components/league-settings/DivisionSettingsCommissionerPanel.tsx
354:25  Warning: Using `<img>` could result in slower LCP and higher bandwidth. Consider using `<Image />` from `next/image` to automatically optimize images. This may incur additional usage or cost from your provider. See: https://nextjs.org/docs/messages/no-img-element  @next/next/no-img-element
389:23  Warning: Using `<img>` could result in slower LCP and higher bandwidth. Consider using `<Image />` from `next/image` to automatically optimize images. This may incur additional usage or cost from your provider. See: https://nextjs.org/docs/messages/no-img-element  @next/next/no-img-element

./components/league-settings/DraftSettingsCommissionerPanel.tsx
426:19  Warning: Using `<img>` could result in slower LCP and higher bandwidth. Consider using `<Image />` from `next/image` to automatically optimize images. This may incur additional usage or cost from your provider. See: https://nextjs.org/docs/messages/no-img-element  @next/next/no-img-element
587:23  Warning: Using `<img>` could result in slower LCP and higher bandwidth. Consider using `<Image />` from `next/image` to automatically optimize images. This may incur additional usage or cost from your provider. See: https://nextjs.org/docs/messages/no-img-element  @next/next/no-img-element
607:23  Warning: Using `<img>` could result in slower LCP and higher bandwidth. Consider using `<Image />` from `next/image` to automatically optimize images. This may incur additional usage or cost from your provider. See: https://nextjs.org/docs/messages/no-img-element  @next/next/no-img-element

./components/league-settings/LeagueDuesTrackerPanel.tsx
250:17  Warning: Using `<img>` could result in slower LCP and higher bandwidth. Consider using `<Image />` from `next/image` to automatically optimize images. This may incur additional usage or cost from your provider. See: https://nextjs.org/docs/messages/no-img-element  @next/next/no-img-element

./components/league-settings/LeagueSettingsModalShell.tsx
40:6  Warning: React Hook useEffect has a missing dependency: 'fetchSettings'. Either include it or remove the dependency array.  react-hooks/exhaustive-deps

./components/league-settings/MemberSettingsCommissionerPanel.tsx
261:6  Warning: React Hook useCallback has a missing dependency: 't'. Either include it or remove the dependency array.  react-hooks/exhaustive-deps
285:6  Warning: React Hook useCallback has a missing dependency: 't'. Either include it or remove the dependency array.  react-hooks/exhaustive-deps
369:19  Warning: Using `<img>` could result in slower LCP and higher bandwidth. Consider using `<Image />` from `next/image` to automatically optimize images. This may incur additional usage or cost from your provider. See: https://nextjs.org/docs/messages/no-img-element  @next/next/no-img-element

./components/league-story/LeagueStoryShareBar.tsx
41:9  Warning: The 'shareOptions' object makes the dependencies of useCallback Hook (at line 83) change on every render. To fix this, wrap the initialization of 'shareOptions' in its own useMemo() Hook.  react-hooks/exhaustive-deps

./components/LeagueRankingsV2Panel.tsx
744:6  Warning: React Hook useMemo has a missing dependency: 'data'. Either include it or remove the dependency array.  react-hooks/exhaustive-deps
1030:23  Warning: Using `<img>` could result in slower LCP and higher bandwidth. Consider using `<Image />` from `next/image` to automatically optimize images. This may incur additional usage or cost from your provider. See: https://nextjs.org/docs/messages/no-img-element  @next/next/no-img-element
1107:21  Warning: Using `<img>` could result in slower LCP and higher bandwidth. Consider using `<Image />` from `next/image` to automatically optimize images. This may incur additional usage or cost from your provider. See: https://nextjs.org/docs/messages/no-img-element  @next/next/no-img-element
1447:98  Warning: `'` can be escaped with `&apos;`, `&lsquo;`, `&#39;`, `&rsquo;`.  react/no-unescaped-entities
1468:116  Warning: `'` can be escaped with `&apos;`, `&lsquo;`, `&#39;`, `&rsquo;`.  react/no-unescaped-entities
1474:110  Warning: `'` can be escaped with `&apos;`, `&lsquo;`, `&#39;`, `&rsquo;`.  react/no-unescaped-entities

./components/ManagerPsychology.tsx
113:6  Warning: React Hook useEffect has a missing dependency: 'loadEngineProfile'. Either include it or remove the dependency array.  react-hooks/exhaustive-deps

./components/matchup-center/MatchupTabContainer.tsx
136:6  Warning: React Hook useEffect has a missing dependency: 'payload'. Either include it or remove the dependency array.  react-hooks/exhaustive-deps

./components/matchup-sharing/MatchupShareBar.tsx
42:9  Warning: The 'shareOptions' object makes the dependencies of useCallback Hook (at line 74) change on every render. To fix this, wrap the initialization of 'shareOptions' in its own useMemo() Hook.  react-hooks/exhaustive-deps

./components/matchup-sharing/MatchupShareModal.tsx
84:6  Warning: React Hook useCallback has missing dependencies: 'keyPlayers' and 'resolvedKeyPlayers'. Either include them or remove the dependency array.  react-hooks/exhaustive-deps
91:5  Warning: React Hook useCallback has a complex expression in the dependency array. Extract it to a separate variable so it can be statically checked.  react-hooks/exhaustive-deps

./components/meta-insights/MetaTypeTabs.tsx
23:9  Warning: The attribute aria-selected is not supported by the role button. This role is implicit on the element button.  jsx-a11y/role-supports-aria-props

./components/MigrationProof.tsx
271:23  Warning: Using `<img>` could result in slower LCP and higher bandwidth. Consider using `<Image />` from `next/image` to automatically optimize images. This may incur additional usage or cost from your provider. See: https://nextjs.org/docs/messages/no-img-element  @next/next/no-img-element

./components/MiniPlayerImg.tsx
32:5  Warning: Using `<img>` could result in slower LCP and higher bandwidth. Consider using `<Image />` from `next/image` to automatically optimize images. This may incur additional usage or cost from your provider. See: https://nextjs.org/docs/messages/no-img-element  @next/next/no-img-element

./components/mock-draft/MockDraftChatPanel.tsx
48:6  Warning: React Hook useEffect has a missing dependency: 'fetchMessages'. Either include it or remove the dependency array.  react-hooks/exhaustive-deps

./components/mock-draft/MockDraftSimulatorWrapper.tsx
61:6  Warning: React Hook useEffect has a missing dependency: 'initialSessionDraft'. Either include it or remove the dependency array. If 'setSessionDraft' needs the current value of 'initialSessionDraft', you can also switch to useReducer instead of useState and read 'initialSessionDraft' in the reducer.  react-hooks/exhaustive-deps

./components/mock-draft/MockDraftSleeperRoomClient.tsx
1292:27  Warning: Using `<img>` could result in slower LCP and higher bandwidth. Consider using `<Image />` from `next/image` to automatically optimize images. This may incur additional usage or cost from your provider. See: https://nextjs.org/docs/messages/no-img-element  @next/next/no-img-element
1874:27  Warning: Using `<img>` could result in slower LCP and higher bandwidth. Consider using `<Image />` from `next/image` to automatically optimize images. This may incur additional usage or cost from your provider. See: https://nextjs.org/docs/messages/no-img-element  @next/next/no-img-element

./components/MockDraftSimulatorClient.tsx
575:6  Warning: React Hook useEffect has a missing dependency: 'selectedLeagueId'. Either include it or remove the dependency array.  react-hooks/exhaustive-deps
656:6  Warning: React Hook useMemo has a missing dependency: 'selectedLeagueId'. Either include it or remove the dependency array.  react-hooks/exhaustive-deps
881:6  Warning: React Hook useEffect has a missing dependency: 'draftResults.length'. Either include it or remove the dependency array.  react-hooks/exhaustive-deps
1912:31  Warning: Using `<img>` could result in slower LCP and higher bandwidth. Consider using `<Image />` from `next/image` to automatically optimize images. This may incur additional usage or cost from your provider. See: https://nextjs.org/docs/messages/no-img-element  @next/next/no-img-element
2133:41  Warning: Using `<img>` could result in slower LCP and higher bandwidth. Consider using `<Image />` from `next/image` to automatically optimize images. This may incur additional usage or cost from your provider. See: https://nextjs.org/docs/messages/no-img-element  @next/next/no-img-element
2257:23  Warning: Using `<img>` could result in slower LCP and higher bandwidth. Consider using `<Image />` from `next/image` to automatically optimize images. This may incur additional usage or cost from your provider. See: https://nextjs.org/docs/messages/no-img-element  @next/next/no-img-element
2257:23  Warning: img elements must have an alt prop, either with meaningful text, or an empty string for decorative images.  jsx-a11y/alt-text
3219:15  Warning: Using `<img>` could result in slower LCP and higher bandwidth. Consider using `<Image />` from `next/image` to automatically optimize images. This may incur additional usage or cost from your provider. See: https://nextjs.org/docs/messages/no-img-element  @next/next/no-img-element
3238:19  Warning: Using `<img>` could result in slower LCP and higher bandwidth. Consider using `<Image />` from `next/image` to automatically optimize images. This may incur additional usage or cost from your provider. See: https://nextjs.org/docs/messages/no-img-element  @next/next/no-img-element

./components/negotiation/CounterButtons.tsx
66:67  Warning: `"` can be escaped with `&quot;`, `&ldquo;`, `&#34;`, `&rdquo;`.  react/no-unescaped-entities
66:90  Warning: `"` can be escaped with `&quot;`, `&ldquo;`, `&#34;`, `&rdquo;`.  react/no-unescaped-entities

./components/PlayerDetailModal.tsx
230:21  Warning: Using `<img>` could result in slower LCP and higher bandwidth. Consider using `<Image />` from `next/image` to automatically optimize images. This may incur additional usage or cost from your provider. See: https://nextjs.org/docs/messages/no-img-element  @next/next/no-img-element
241:21  Warning: Using `<img>` could result in slower LCP and higher bandwidth. Consider using `<Image />` from `next/image` to automatically optimize images. This may incur additional usage or cost from your provider. See: https://nextjs.org/docs/messages/no-img-element  @next/next/no-img-element

./components/PlayerProfileCard.tsx
339:76  Warning: `'` can be escaped with `&apos;`, `&lsquo;`, `&#39;`, `&rsquo;`.  react/no-unescaped-entities

./components/PlayoffBracketPreview.tsx
172:9  Warning: Using `<img>` could result in slower LCP and higher bandwidth. Consider using `<Image />` from `next/image` to automatically optimize images. This may incur additional usage or cost from your provider. See: https://nextjs.org/docs/messages/no-img-element  @next/next/no-img-element

./components/referral/ReferralLeaderboard.tsx
103:19  Warning: Using `<img>` could result in slower LCP and higher bandwidth. Consider using `<Image />` from `next/image` to automatically optimize images. This may incur additional usage or cost from your provider. See: https://nextjs.org/docs/messages/no-img-element  @next/next/no-img-element

./components/RivalryWeekCards.tsx
49:12  Warning: Using `<img>` could result in slower LCP and higher bandwidth. Consider using `<Image />` from `next/image` to automatically optimize images. This may incur additional usage or cost from your provider. See: https://nextjs.org/docs/messages/no-img-element  @next/next/no-img-element

./components/salary-cap/StartupAuctionView.tsx
80:51  Warning: `'` can be escaped with `&apos;`, `&lsquo;`, `&#39;`, `&rsquo;`.  react/no-unescaped-entities
134:25  Warning: `'` can be escaped with `&apos;`, `&lsquo;`, `&#39;`, `&rsquo;`.  react/no-unescaped-entities

./components/share/SharePreviewCard.tsx
33:11  Warning: Using `<img>` could result in slower LCP and higher bandwidth. Consider using `<Image />` from `next/image` to automatically optimize images. This may incur additional usage or cost from your provider. See: https://nextjs.org/docs/messages/no-img-element  @next/next/no-img-element

./components/StartupDynastyForm.tsx
74:6  Warning: React Hook useEffect has a missing dependency: 'leagueName'. Either include it or remove the dependency array.  react-hooks/exhaustive-deps

./components/tournament/TournamentIntroVideoOverlay.tsx
164:72  Warning: `'` can be escaped with `&apos;`, `&lsquo;`, `&#39;`, `&rsquo;`.  react/no-unescaped-entities

./components/TradeFinderV2.tsx
920:6  Warning: React Hook useCallback has a missing dependency: 'sleeperUserId'. Either include it or remove the dependency array.  react-hooks/exhaustive-deps
987:6  Warning: React Hook useCallback has a missing dependency: 'displayCount'. Either include it or remove the dependency array.  react-hooks/exhaustive-deps
1025:9  Warning: The 'activeOriginalGives' logical expression could make the dependencies of useMemo Hook (at line 1041) change on every render. To fix this, wrap the initialization of 'activeOriginalGives' in its own useMemo() Hook.  react-hooks/exhaustive-deps
1026:9  Warning: The 'activeOriginalReceives' logical expression could make the dependencies of useMemo Hook (at line 1041) change on every render. To fix this, wrap the initialization of 'activeOriginalReceives' in its own useMemo() Hook.  react-hooks/exhaustive-deps

info  - Need to disable some ESLint rules? Learn more here: https://nextjs.org/docs/basic-features/eslint#disabling-rules
