
> allfantasy-ai@1.0.0 test
> vitest run __tests__/draft/

node.exe : [33mBoth esbuild and oxc options were set. oxc options will be 
used and esbuild options will be ignored.[39m The following esbuild options 
were set: `{ jsx: 'automatic', jsxImportSource: 'react' }`
At line:1 char:1
+ & "C:\Program Files\nodejs/node.exe" "C:\Program Files\nodejs/node_mo ...
+ ~~~~~~~~~~~~~~~~~~~~~~~~~~~~~~~~~~~~~~~~~~~~~~~~~~~~~~~~~~~~~~~~~~~~~
    + CategoryInfo          : NotSpecified: ([33mBoth esbui...rce: 'react' }` 
   :String) [], RemoteException
    + FullyQualifiedErrorId : NativeCommandError
 

[1m[30m[46m RUN [49m[39m[22m [36mv4.1.5 [39m[90mC:/Users/Guap_/allfantasy-v2-main[39m

 [31mΓ¥»[39m __tests__/draft/d5-allfantasy-adp-integration.test.ts [2m([22m[2m24 tests[22m[2m | [22m[31m4 failed[39m[2m)[22m[32m 117[2mms[22m[39m
     [32mΓ£ô[39m returns null when sample size is 0 or 1[32m 22[2mms[22m[39m
     [32mΓ£ô[39m computes population std dev correctly[32m 2[2mms[22m[39m
     [32mΓ£ô[39m zero std dev when all picks are identical[32m 1[2mms[22m[39m
     [32mΓ£ô[39m rounds std dev to 2 decimal places[32m 5[2mms[22m[39m
     [32mΓ£ô[39m imports the context-hash builder from lib/adp/computeAllFantasyAdp[32m 1[2mms[22m[39m
     [32mΓ£ô[39m queries AllFantasyAdpSnapshot scoped to (contextHash, draftMode="real")[32m 4[2mms[22m[39m
     [32mΓ£ô[39m overlays aiAdp / aiAdpSampleSize / aiAdpLowSample / trends / stddev on each row[32m 1[2mms[22m[39m
     [32mΓ£ô[39m explicitly sets aiAdp to null when no snapshot row matches (no external fallback)[32m 1[2mms[22m[39m
     [32mΓ£ô[39m uses the same playerKey shape as the recompute script (lower(name) | lower(position))[32m 4[2mms[22m[39m
     [32mΓ£ô[39m threshold for low-sample is 10 (matches readSnapshotForLeague)[32m 1[2mms[22m[39m
     [32mΓ£ô[39m league context join includes season + scoring + isDynasty + leagueSize[32m 3[2mms[22m[39m
     [32mΓ£ô[39m does not import or call any external/market ADP source for the AI ADP column[32m 2[2mms[22m[39m
[31m     [31m├ù[31m uses the canonical D.5 tooltip text[39m[32m 33[2mms[22m[39m
[31m     [31m├ù[31m mentions the full context tuple in the tooltip[39m[32m 4[2mms[22m[39m
     [32mΓ£ô[39m renders a low-sample dot only when aiAdp is non-null AND sample is low[32m 2[2mms[22m[39m
[31m     [31m├ù[31m em-dash branch makes the empty-state explicit ("no drafts yet")[39m[32m 4[2mms[22m[39m
[31m     [31m├ù[31m low-sample tooltip phrasing tells the user the value will firm up[39m[32m 2[2mms[22m[39m
     [32mΓ£ô[39m exposes data-low-sample attribute for QA / e2e selectors[32m 0[2mms[22m[39m
     [32mΓ£ô[39m threads s.standardDeviation into the Prisma upsert payload[32m 0[2mms[22m[39m
     [32mΓ£ô[39m schema declares standardDeviation as a nullable Float[32m 5[2mms[22m[39m
     [32mΓ£ô[39m migration adds the column with IF NOT EXISTS guard[32m 1[2mms[22m[39m
     [32mΓ£ô[39m two contexts produce two snapshots with potentially different std devs[32m 1[2mms[22m[39m
     [32mΓ£ô[39m player-key + context-hash builder shapes match the resolver overlay site[32m 1[2mms[22m[39m
     [32mΓ£ô[39m contextHash builder hashes the full tuple[32m 1[2mms[22m[39m
 [31mΓ¥»[39m __tests__/draft/d6-bottom-dock-layout.test.ts [2m([22m[2m38 tests[22m[2m | [22m[31m2 failed[39m[2m)[22m[32m 150[2mms[22m[39m
     [32mΓ£ô[39m emits canonical order QB / RB / RB / WR / WR / TE / FLEX / DEF / K (no SF)[32m 15[2mms[22m[39m
     [32mΓ£ô[39m inserts SF in canonical position when count > 0[32m 1[2mms[22m[39m
     [32mΓ£ô[39m does NOT force SF when league has SF=0[32m 3[2mms[22m[39m
     [32mΓ£ô[39m does NOT include K/DEF when league has zero of either[32m 3[2mms[22m[39m
     [32mΓ£ô[39m inserts IDP block (DL / LB / DB / IDP FLEX) between SF and DEF/K when enabled[32m 5[2mms[22m[39m
     [32mΓ£ô[39m does NOT include IDP slots when idpEnabled=false, even if starterSlots has DL/LB/DB counts[32m 5[2mms[22m[39m
     [32mΓ£ô[39m appends BN slots last with numbered occurrences[32m 5[2mms[22m[39m
     [32mΓ£ô[39m preserves commissioner custom slots after the canonical block[32m 59[2mms[22m[39m
     [32mΓ£ô[39m places exact-position picks into their slot first[32m 2[2mms[22m[39m
     [32mΓ£ô[39m FLEX accepts RB / WR / TE; SF accepts QB too[32m 3[2mms[22m[39m
     [32mΓ£ô[39m IDP FLEX accepts DL / LB / DB[32m 1[2mms[22m[39m
     [32mΓ£ô[39m overflow goes to bench when starters are full[32m 1[2mms[22m[39m
[31m     [31m├ù[31m renders a fixed bottom-right trigger button with AF crest[39m[32m 20[2mms[22m[39m
     [32mΓ£ô[39m shows a notification badge when hasNewIntel is true and the popup is closed[32m 0[2mms[22m[39m
     [32mΓ£ô[39m clears the badge when the popup opens (acknowledgedIntel)[32m 0[2mms[22m[39m
     [32mΓ£ô[39m persists open state across reloads via localStorage[32m 0[2mms[22m[39m
     [32mΓ£ô[39m closes on click-outside and ESC[32m 0[2mms[22m[39m
     [32mΓ£ô[39m renders as a bottom sheet on mobile and a docked panel on desktop[32m 0[2mms[22m[39m
     [32mΓ£ô[39m renders the close button with the X icon[32m 0[2mms[22m[39m
     [32mΓ£ô[39m uses buildOrderedRosterSlots + assignPicksToSlots from the helper module[32m 0[2mms[22m[39m
     [32mΓ£ô[39m defaults focus to currentUserRosterId; manual selection overrides[32m 0[2mms[22m[39m
     [32mΓ£ô[39m renders a dropdown listing every team[32m 0[2mms[22m[39m
     [32mΓ£ô[39m flags AI managers with a Bot icon and the current user with a YOU pill[32m 0[2mms[22m[39m
     [32mΓ£ô[39m renders STARTERS and BENCH groups separately with sticky group headers[32m 1[2mms[22m[39m
     [32mΓ£ô[39m renders an "Empty" placeholder for unfilled slots (preserves the fixed slot grid)[32m 1[2mms[22m[39m
     [32mΓ£ô[39m passes idpEnabled through to the slot-order helper[32m 0[2mms[22m[39m
     [32mΓ£ô[39m exposes data-focused-roster-id for QA / e2e selectors[32m 1[2mms[22m[39m
     [32mΓ£ô[39m premium layout no longer requires teamPanel to be truthy[32m 0[2mms[22m[39m
     [32mΓ£ô[39m skips the left aside when teamPanel is null[32m 1[2mms[22m[39m
     [32mΓ£ô[39m imports WarRoomPopup + ResultsRosterPanel[32m 1[2mms[22m[39m
     [32mΓ£ô[39m passes teamPanel={null} to the shell so the left aside collapses[32m 0[2mms[22m[39m
     [32mΓ£ô[39m renders the desktop bottom dock at xl+ widths (D.6.1 collapsed Queue/Roster/Chat into one tabbed panel)[32m 2[2mms[22m[39m
[31m     [31m├ù[31m renders WarRoomPopup as a sibling to DraftRoomShell with the existing DraftTeamPanel inside[39m[32m 7[2mms[22m[39m
     [32mΓ£ô[39m lights up the popup badge when an AI recommendation is fresh[32m 1[2mms[22m[39m
     [32mΓ£ô[39m builds the results-panel team list from session.slotOrder + currentUserRosterId[32m 1[2mms[22m[39m
     [32mΓ£ô[39m flags AI-managed rosters in the results-panel dropdown[32m 0[2mms[22m[39m
     [32mΓ£ô[39m feeds session.picks into the results-panel pick list[32m 1[2mms[22m[39m
     [32mΓ£ô[39m renders only ONE board / pool / queue / chat node ΓÇö no duplicates[32m 2[2mms[22m[39m
 [31mΓ¥»[39m __tests__/draft/d6-1-right-dock-tabs.test.ts [2m([22m[2m27 tests[22m[2m | [22m[31m2 failed[39m[2m)[22m[32m 89[2mms[22m[39m
     [32mΓ£ô[39m renders all three tabs (queue / roster / chat)[32m 9[2mms[22m[39m
     [32mΓ£ô[39m uses ARIA tablist + tabpanel + role="tab" for screen readers[32m 2[2mms[22m[39m
     [32mΓ£ô[39m keeps all three panels mounted; only the active one is visible (display:none on inactive)[32m 4[2mms[22m[39m
     [32mΓ£ô[39m default tab is queue[32m 1[2mms[22m[39m
     [32mΓ£ô[39m persists active tab across reloads via localStorage[32m 2[2mms[22m[39m
     [32mΓ£ô[39m exposes a queueCount badge so users see queue length without clicking the tab[32m 1[2mms[22m[39m
     [32mΓ£ô[39m active tab gets a cyanΓåÆviolet underline (non-color a11y cue beyond text color)[32m 1[2mms[22m[39m
     [32mΓ£ô[39m exposes data-active-tab on the section root for QA / e2e selectors[32m 1[2mms[22m[39m
     [32mΓ£ô[39m does NOT include a War Room tab ΓÇö popup stays separate[32m 3[2mms[22m[39m
     [32mΓ£ô[39m imports DraftRightDockTabs[32m 1[2mms[22m[39m
     [32mΓ£ô[39m renders the tabbed dock at xl+ widths[32m 1[2mms[22m[39m
     [32mΓ£ô[39m feeds the same nodes (queueStackNode / chatPanelNode / ResultsRosterPanel) into the tab bodies[32m 2[2mms[22m[39m
     [32mΓ£ô[39m the legacy 3-column side-by-side layout is GONE (no more three sibling panels with separate testids)[32m 1[2mms[22m[39m
     [32mΓ£ô[39m the player pool keeps its dedicated dock testid (left column)[32m 1[2mms[22m[39m
     [32mΓ£ô[39m passes queue length so the tab can show a badge without unmounting QueuePanel[32m 1[2mms[22m[39m
     [32mΓ£ô[39m default tab on the dock is queue (matches user spec)[32m 1[2mms[22m[39m
[31m     [31m├ù[31m War Room popup is still rendered as a SIBLING (not a tab inside the dock)[39m[32m 30[2mms[22m[39m
     [32mΓ£ô[39m removes the duplicate AI ADP morph on the ADP sort button (always says "ADP")[32m 1[2mms[22m[39m
     [32mΓ£ô[39m toolbar sort buttons removed ΓÇö column-header sort is the canonical UI (G.1 #1)[32m 1[2mms[22m[39m
     [32mΓ£ô[39m renders position pills with `<drafted>/<available>` counts (no <select>)[32m 2[2mms[22m[39m
     [32mΓ£ô[39m counts split into drafted (from currentRoster) + available (undrafted pool)[32m 1[2mms[22m[39m
[31m     [31m├ù[31m FLEX pill includes RB/WR/TE candidates; IDP FLEX includes DL/LB/DB[39m[32m 5[2mms[22m[39m
     [32mΓ£ô[39m Rookies Only toggle is always visible (no Devy/C2C gate)[32m 2[2mms[22m[39m
     [32mΓ£ô[39m Watchlist + Hide drafted + Rookies Only toggles all coexist on the right side of the toolbar[32m 1[2mms[22m[39m
     [32mΓ£ô[39m search pill stays as a flex-1 input (not behind a select)[32m 1[2mms[22m[39m
     [32mΓ£ô[39m DraftRightDockTabs exists at the expected path[32m 1[2mms[22m[39m
     [32mΓ£ô[39m does not introduce Supabase imports[32m 3[2mms[22m[39m
 [31mΓ¥»[39m __tests__/draft/d5-proper-feature-flag.test.ts [2m([22m[2m27 tests[22m[2m | [22m[31m2 failed[39m[2m)[22m[32m 59[2mms[22m[39m
     [32mΓ£ô[39m defaults OFF when env is missing[32m 5[2mms[22m[39m
     [32mΓ£ô[39m treats "true" / "1" / "yes" as enabled (case-insensitive)[32m 1[2mms[22m[39m
     [32mΓ£ô[39m treats "false" / unset / nonsense as disabled[32m 0[2mms[22m[39m
     [32mΓ£ô[39m default is "real" when nothing is set[32m 0[2mms[22m[39m
     [32mΓ£ô[39m URL ?adpMode=test wins over everything else[32m 1[2mms[22m[39m
     [32mΓ£ô[39m URL ?adpMode=mock wins over env[32m 1[2mms[22m[39m
     [32mΓ£ô[39m env NEXT_PUBLIC_ALLFANTASY_ADP_DRAFT_MODE=test wins when no URL param[32m 1[2mms[22m[39m
     [32mΓ£ô[39m unknown URL value falls through to env / default[32m 1[2mms[22m[39m
     [32mΓ£ô[39m unknown env value falls through to default[32m 1[2mms[22m[39m
     [32mΓ£ô[39m hits the canonical AllFantasy snapshot path with draftMode=real by default[32m 1[2mms[22m[39m
     [32mΓ£ô[39m honors an explicit draftMode override[32m 1[2mms[22m[39m
     [32mΓ£ô[39m URL-encodes the leagueId[32m 1[2mms[22m[39m
     [32mΓ£ô[39m reads ?adpMode=test from the URL when no explicit draftMode is passed[32m 1[2mms[22m[39m
     [32mΓ£ô[39m imports the flag helpers from lib/adp/allFantasyAdpFlag[32m 0[2mms[22m[39m
     [32mΓ£ô[39m exposes a memoized `useAllFantasyAdp` flag derived from the env helper[32m 0[2mms[22m[39m
     [32mΓ£ô[39m reads ?adpMode= from window.location.search to override draft mode in dev[32m 0[2mms[22m[39m
     [32mΓ£ô[39m switches the fetch URL to buildAllFantasyAdpUrl when the flag is on[32m 1[2mms[22m[39m
[31m     [31m├ù[31m legacy `lookupAiAdpMatch` is bypassed when the flag is on[39m[32m 13[2mms[22m[39m
     [32mΓ£ô[39m row-mapping uses resolver-provided `e.aiAdp` when flag is on[32m 1[2mms[22m[39m
     [32mΓ£ô[39m row-mapping passes resolver-provided sample size + low-sample flag through to the table[32m 1[2mms[22m[39m
[31m     [31m├ù[31m useMemo deps include `useAllFantasyAdp` so the row mapping re-runs when toggled[39m[32m 12[2mms[22m[39m
     [32mΓ£ô[39m fetch deps include flag + draftMode so a URL change re-fetches[32m 1[2mms[22m[39m
     [32mΓ£ô[39m flag default is OFF, so existing production users see no change[32m 3[2mms[22m[39m
     [32mΓ£ô[39m flag-OFF path still hits the legacy `/api/leagues/:id/ai-adp` URL[32m 3[2mms[22m[39m
     [32mΓ£ô[39m the AI ADP API route still serves legacy `getAiAdpForLeague` when no source param[32m 1[2mms[22m[39m
     [32mΓ£ô[39m the route opt-in branch (?source=allfantasy) reads via readAllFantasyAdpForLeague[32m 1[2mms[22m[39m
     [32mΓ£ô[39m default draftMode for production traffic with the flag on is "real"[32m 1[2mms[22m[39m
 [31mΓ¥»[39m __tests__/draft/g1-stab-pass-2.test.ts [2m([22m[2m15 tests[22m[2m | [22m[31m2 failed[39m[2m)[22m[32m 103[2mms[22m[39m
     [32mΓ£ô[39m the four sort buttons (ADP / AI ADP / Proj / Name) are gone[32m 15[2mms[22m[39m
     [32mΓ£ô[39m the "Sort:" label is gone[32m 1[2mms[22m[39m
     [32mΓ£ô[39m keeps "Use AI ADP" toggle (it does NOT belong on the table header)[32m 3[2mms[22m[39m
     [32mΓ£ô[39m keeps "My roster" / "Pool" view toggle[32m 0[2mms[22m[39m
[31m     [31m├ù[31m keeps "AI ADP data not ready" warning[39m[32m 41[2mms[22m[39m
     [32mΓ£ô[39m the SleeperPoolTable column-header sort is now the canonical sort UI[32m 5[2mms[22m[39m
[31m     [31m├ù[31m pencil button is visible by default (opacity-60), brightens on hover[39m[32m 6[2mms[22m[39m
     [32mΓ£ô[39m still wired to onCommissionerEditPick callback[32m 1[2mms[22m[39m
     [32mΓ£ô[39m still uses Pencil icon from lucide-react[32m 0[2mms[22m[39m
     [32mΓ£ô[39m still gated by `onCommissionerEditPick ? (... ) : null` so non-commissioners do NOT see it[32m 1[2mms[22m[39m
     [32mΓ£ô[39m removed the chip row that wrapped the three chips[32m 2[2mms[22m[39m
     [32mΓ£ô[39m inline meta line still shows team count, rounds, sport, draft type[32m 3[2mms[22m[39m
     [32mΓ£ô[39m components/app/draft-room/PlayerPanel.tsx contains no forbidden BaaS imports[32m 2[2mms[22m[39m
     [32mΓ£ô[39m components/app/draft-room/DraftBoardCell.tsx contains no forbidden BaaS imports[32m 3[2mms[22m[39m
     [32mΓ£ô[39m components/app/draft-room/DraftTopBar.tsx contains no forbidden BaaS imports[32m 2[2mms[22m[39m
 [31mΓ¥»[39m __tests__/draft/player-pool-identity-cleanup.test.ts [2m([22m[2m41 tests[22m[2m | [22m[31m1 failed[39m[2m)[22m[32m 124[2mms[22m[39m
     [32mΓ£ô[39m exports canonicalName / canonicalPosition / canonicalTeam / strictIdentityKey / isFreeAgentTeam[32m 11[2mms[22m[39m
     [32mΓ£ô[39m strips apostrophes outright (Ja'Marr ΓåÆ jamarr; not Ja Marr)[32m 1[2mms[22m[39m
     [32mΓ£ô[39m strips dots (A.J. ΓåÆ AJ)[32m 1[2mms[22m[39m
     [32mΓ£ô[39m PRESERVES Jr/Sr/II/III/IV/V suffix tokens (Marvin Harrison Jr. Γëá Marvin Harrison)[32m 1[2mms[22m[39m
     [32mΓ£ô[39m canonicalPosition collapses DEF/DST/D-ST to DEF[32m 1[2mms[22m[39m
     [32mΓ£ô[39m isFreeAgentTeam recognizes blank and FA variants[32m 2[2mms[22m[39m
     [32mΓ£ô[39m imports the shared canonical helpers[32m 4[2mms[22m[39m
     [32mΓ£ô[39m normalizeDraftPoolNameForDedupe delegates to canonicalName (no longer .trim().toLowerCase() only)[32m 1[2mms[22m[39m
     [32mΓ£ô[39m normalizeLooseName delegates to canonicalName (no longer special-cases de von)[32m 3[2mms[22m[39m
     [32mΓ£ô[39m dedupeEnrichedRawRows uses strictIdentityKey (team-AGNOSTIC primary key)[32m 3[2mms[22m[39m
     [32mΓ£ô[39m does NOT use loosePlayerTeamKey as the primary dedupe key any more[32m 1[2mms[22m[39m
     [32mΓ£ô[39m best-row scoring weights real headshot, non-FA team, sleeperId, valid ADP[32m 1[2mms[22m[39m
     [32mΓ£ô[39m sportsPlayer map-building uses normalizePositionForMapKey to convert TheSportsDB full names[32m 0[2mms[22m[39m
     [32mΓ£ô[39m headshot lookup tries team-keyed match FIRST[32m 2[2mms[22m[39m
     [32mΓ£ô[39m headshot lookup drops name-only fallback when pool row has a team[32m 1[2mms[22m[39m
     [32mΓ£ô[39m headshot lookup priority is team ΓåÆ name+pos ΓåÆ nameOnly (only when no team)[32m 0[2mms[22m[39m
     [32mΓ£ô[39m sleeperId lookup uses the same ladder (team ΓåÆ name+pos ΓåÆ name-only when no team)[32m 0[2mms[22m[39m
     [32mΓ£ô[39m inner name column has min-w-0 (lets truncation work in a flex parent)[32m 1[2mms[22m[39m
[31m     [31m├ù[31m drafted badge is OUTSIDE the truncate span and has flex-shrink-0[39m[32m 34[2mms[22m[39m
     [32mΓ£ô[39m name span has min-w-0 + flex-1 + truncate (so it consumes available width)[32m 0[2mms[22m[39m
     [32mΓ£ô[39m position/team line has whitespace-nowrap so QB/NYG never wraps to two lines[32m 4[2mms[22m[39m
     [32mΓ£ô[39m "audit:draft-player-pool" script exists[32m 1[2mms[22m[39m
     [32mΓ£ô[39m audit script imports shared canonical helpers (single source of truth)[32m 4[2mms[22m[39m
     [32mΓ£ô[39m audit dumps full URL preview for named samples[32m 4[2mms[22m[39m
     [32mΓ£ô[39m lib/draft-room/getResolvedDraftPoolForLeague.ts contains no forbidden BaaS imports[32m 7[2mms[22m[39m
     [32mΓ£ô[39m lib/draft-room/player-canonical-identity.ts contains no forbidden BaaS imports[32m 2[2mms[22m[39m
     [32mΓ£ô[39m components/app/draft-room/SleeperPoolTable.tsx contains no forbidden BaaS imports[32m 1[2mms[22m[39m
     [32mΓ£ô[39m scripts/audit-draft-player-pool.ts contains no forbidden BaaS imports[32m 1[2mms[22m[39m
     [32mΓ£ô[39m maps OUT variants to OUT[32m 1[2mms[22m[39m
     [32mΓ£ô[39m maps QUESTIONABLE variants and Q shorthand to QUESTIONABLE[32m 1[2mms[22m[39m
     [32mΓ£ô[39m maps IR variants to IR[32m 0[2mms[22m[39m
     [32mΓ£ô[39m maps PUP variants to PUP[32m 0[2mms[22m[39m
     [32mΓ£ô[39m maps suspended variants to SUSPENDED[32m 0[2mms[22m[39m
     [32mΓ£ô[39m returns UNKNOWN for empty or unknown text[32m 1[2mms[22m[39m
     [32mΓ£ô[39m maps ACTIVE shorthand variants[32m 0[2mms[22m[39m
     [32mΓ£ô[39m uses gameStatus fallback when status is empty[32m 0[2mms[22m[39m
     [32mΓ£ô[39m prefers valid raw ADP over averaged ADP[32m 0[2mms[22m[39m
     [32mΓ£ô[39m falls back to averaged ADP when raw ADP is invalid[32m 0[2mms[22m[39m
     [32mΓ£ô[39m returns null when neither ADP value is valid[32m 1[2mms[22m[39m
     [32mΓ£ô[39m sorts entries by ADP ascending before name tie-breakers[32m 5[2mms[22m[39m
     [32mΓ£ô[39m uses AI ADP when ADP is absent[32m 3[2mms[22m[39m
 [31mΓ¥»[39m __tests__/draft/pick-execution-race-lockout.test.ts [2m([22m[2m12 tests[22m[2m | [22m[31m1 failed[39m[2m)[22m[32m 55[2mms[22m[39m
     [32mΓ£ô[39m passes a clean pick with no code[32m 10[2mms[22m[39m
     [32mΓ£ô[39m refuses with DRAFT_PICK_NOT_LIVE when session is not in progress / paused[32m 3[2mms[22m[39m
[31m     [31m├ù[31m accepts both `in_progress` and `paused` (paused is allowed for commissioner correction)[39m[32m 25[2mms[22m[39m
     [32mΓ£ô[39m refuses with DRAFT_PICK_NOT_ON_CLOCK when roster is not on the clock[32m 2[2mms[22m[39m
     [32mΓ£ô[39m skips the on-clock check when commissionerOverride is true[32m 1[2mms[22m[39m
     [32mΓ£ô[39m still refuses commissioner pick with DRAFT_PICK_NOT_LIVE if session is complete[32m 1[2mms[22m[39m
     [32mΓ£ô[39m refuses with DRAFT_PICK_DUPLICATE_PLAYER when the player is already drafted[32m 1[2mms[22m[39m
     [32mΓ£ô[39m still refuses duplicate picks even with commissionerOverride (commissioner cannot draft a player twice)[32m 1[2mms[22m[39m
     [32mΓ£ô[39m SKIP positions bypass the duplicate check (commissioner skip-pick path)[32m 1[2mms[22m[39m
     [32mΓ£ô[39m maps NOT_ON_CLOCK to 403[32m 1[2mms[22m[39m
     [32mΓ£ô[39m maps STALE_OVERALL and RACE_RETRY to 409 (in-place recovery via Commit J handler)[32m 2[2mms[22m[39m
     [32mΓ£ô[39m maps NOT_LIVE and DUPLICATE_PLAYER to 400[32m 2[2mms[22m[39m
 [31mΓ¥»[39m __tests__/draft/bug-stab-pass.test.ts [2m([22m[2m16 tests[22m[2m | [22m[31m1 failed[39m[2m)[22m[32m 77[2mms[22m[39m
     [32mΓ£ô[39m clicking the 'DEF' pill returns all defenses regardless of upstream label[32m 13[2mms[22m[39m
     [32mΓ£ô[39m clicking the 'DST' pill returns the same set (NFL standard slot label)[32m 2[2mms[22m[39m
     [32mΓ£ô[39m 'D/ST' (legacy slash variant) also matches the alias group[32m 4[2mms[22m[39m
     [32mΓ£ô[39m case-insensitive ΓÇö lowercase "def" input still hits the alias group[32m 2[2mms[22m[39m
     [32mΓ£ô[39m regression guard ΓÇö non-defense filters still work (RB returns just RBs)[32m 2[2mms[22m[39m
[31m     [31m├ù[31m PlayerPanel pill-count logic also collapses the alias group[39m[32m 28[2mms[22m[39m
     [32mΓ£ô[39m when paused, setTimerSeconds writes pausedRemainingSeconds and does NOT touch timerEndAt[32m 2[2mms[22m[39m
     [32mΓ£ô[39m when in_progress, setTimerSeconds DOES restart timerEndAt (live behavior preserved)[32m 1[2mms[22m[39m
     [32mΓ£ô[39m resumeDraft consumes pausedRemainingSeconds first (so the staged value applies)[32m 1[2mms[22m[39m
     [32mΓ£ô[39m explicitly returns null on /draft/* so the bottom-right corner is free for WarRoomPopup[32m 1[2mms[22m[39m
     [32mΓ£ô[39m still excludes the original list (admin, dashboard, league)[32m 1[2mms[22m[39m
     [32mΓ£ô[39m Queue button is rendered in SleeperPoolTable rows (Plus icon, aria-label, testid)[32m 1[2mms[22m[39m
     [32mΓ£ô[39m Rookies Only toggle has a stable testid in PlayerPanel[32m 2[2mms[22m[39m
     [32mΓ£ô[39m SleeperPoolTable shows ADP from p.adp with em-dash fallback[32m 2[2mms[22m[39m
     [32mΓ£ô[39m DraftChatPanel scroll-pinning respects user manual scroll-up[32m 4[2mms[22m[39m
     [32mΓ£ô[39m autopick path forwards source: "auto" so chat-card AI badge fires[32m 2[2mms[22m[39m
 [31mΓ¥»[39m __tests__/draft/d4-sleeper-pool-tooltips.test.ts [2m([22m[2m21 tests[22m[2m | [22m[31m1 failed[39m[2m)[22m[32m 172[2mms[22m[39m
     [32mΓ£ô[39m every numeric / draft column has a friendly title[32m 37[2mms[22m[39m
     [32mΓ£ô[39m RK and PLAYER columns also get descriptive headers (not just abbreviations)[32m 2[2mms[22m[39m
     [32mΓ£ô[39m every stat column has a humanized statLabel for row-cell tooltips[32m 6[2mms[22m[39m
     [32mΓ£ô[39m actions column intentionally has no title or statLabel (no hover hint needed)[32m 1[2mms[22m[39m
     [32mΓ£ô[39m formats integer values with thousands separators[32m 70[2mms[22m[39m
     [32mΓ£ô[39m formats fractional values to 2 decimals[32m 1[2mms[22m[39m
     [32mΓ£ô[39m says "no <stat> data available" when value is null[32m 1[2mms[22m[39m
     [32mΓ£ô[39m says "no data available" for undefined / NaN[32m 2[2mms[22m[39m
     [32mΓ£ô[39m handles empty player name gracefully[32m 2[2mms[22m[39m
     [32mΓ£ô[39m matches the user-spec format for each example shape[32m 2[2mms[22m[39m
     [32mΓ£ô[39m imports cellTooltip from the constants module[32m 1[2mms[22m[39m
[31m     [31m├ù[31m numeric/stat cells use tipFor or explicit title strings (ADP / BYE / stat cells)[39m[32m 20[2mms[22m[39m
     [32mΓ£ô[39m stat cells pass statLabel + DraftStatColumnDef label into tipFor[32m 0[2mms[22m[39m
     [32mΓ£ô[39m player name cell gets a context-aware title (drafted / available)[32m 0[2mms[22m[39m
     [32mΓ£ô[39m sortable header buttons set both `title` and `aria-label`[32m 1[2mms[22m[39m
     [32mΓ£ô[39m button title hint reflects the next click direction[32m 1[2mms[22m[39m
     [32mΓ£ô[39m active sort header carries a non-color cue (underline) ΓÇö a11y rule[32m 2[2mms[22m[39m
     [32mΓ£ô[39m aria-sort still applies after the tooltip changes (D.3 contract intact)[32m 1[2mms[22m[39m
     [32mΓ£ô[39m drafted rows still carry the data attribute + Drafted badge + dimmed text[32m 1[2mms[22m[39m
     [32mΓ£ô[39m row hover still gets a subtle background lift (Sleeper-style)[32m 1[2mms[22m[39m
     [32mΓ£ô[39m action buttons still stop propagation (Compare / Queue / Draft do not open modal)[32m 1[2mms[22m[39m
 [31mΓ¥»[39m __tests__/draft/permission-guardrail-mechanics.test.ts [2m([22m[2m10 tests[22m[2m | [22m[31m1 failed[39m[2m)[22m[32m 188[2mms[22m[39m
     [32mΓ£ô[39m non-commissioner cannot start draft session via POST[32m 35[2mms[22m[39m
     [32mΓ£ô[39m non-commissioner cannot execute commissioner-only controls[32m 25[2mms[22m[39m
     [32mΓ£ô[39m commissioner can pause draft when pause controls are enabled[32m 7[2mms[22m[39m
     [32mΓ£ô[39m commissioner pause is rejected when pause controls are disabled[32m 6[2mms[22m[39m
     [32mΓ£ô[39m member can submit a pick only for current on-clock roster[32m 17[2mms[22m[39m
     [32mΓ£ô[39m member cannot submit pick for a different roster than on-clock roster[32m 5[2mms[22m[39m
     [32mΓ£ô[39m queue mutation is always scoped to authenticated caller userId[32m 8[2mms[22m[39m
     [32mΓ£ô[39m AI access gate is subscription OR token-balance based[32m 4[2mms[22m[39m
     [32mΓ£ô[39m AI panel renders locked-state copy when AI access is unavailable[32m 4[2mms[22m[39m
[31m     [31m├ù[31m War Room popup mount is not entitlement-gated in current client logic[39m[32m 69[2mms[22m[39m
[90mstderr[2m | __tests__/draft/pre-draft-validation.test.ts[2m > 
[22m[2mPre-Draft Validation[2m > [22m[2mDraftValidationOrchestrator[2m > 
[22m[2mhandles errors gracefully ΓÇö one bad check does not block other 
checks
[22m[39m[DraftValidationOrchestrator] check error: Error: DB error
    at C:/Users/Guap_/allfantasy-v2-main/__tests__/draft/pre-draft-validation.t
est.ts:167:62
    at [90mfile:///C:/Users/Guap_/allfantasy-v2-main/[39mnode_modules/[4m@vi
test/runner[24m/dist/chunk-artifact.js:302:11
    at [90mfile:///C:/Users/Guap_/allfantasy-v2-main/[39mnode_modules/[4m@vi
test/runner[24m/dist/chunk-artifact.js:1903:26
    at [90mfile:///C:/Users/Guap_/allfantasy-v2-main/[39mnode_modules/[4m@vi
test/runner[24m/dist/chunk-artifact.js:2326:20
    at new Promise (<anonymous>)
    at runWithCancel [90m(file:///C:/Users/Guap_/allfantasy-v2-main/[39mnode_
modules/[4m@vitest/runner[24m/dist/chunk-artifact.js:2323:10[90m)[39m
    at [90mfile:///C:/Users/Guap_/allfantasy-v2-main/[39mnode_modules/[4m@vi
test/runner[24m/dist/chunk-artifact.js:2305:20
    at new Promise (<anonymous>)
    at runWithTimeout [90m(file:///C:/Users/Guap_/allfantasy-v2-main/[39mnode
_modules/[4m@vitest/runner[24m/dist/chunk-artifact.js:2272:10[90m)[39m
    at [90mfile:///C:/Users/Guap_/allfantasy-v2-main/[39mnode_modules/[4m@vi
test/runner[24m/dist/chunk-artifact.js:2955:64

 [31mΓ¥»[39m __tests__/draft/pre-draft-validation.test.ts [2m([22m[2m9 tests[22m[2m | [22m[31m1 failed[39m[2m)[22m[32m 84[2mms[22m[39m
[31m       [31m├ù[31m returns canStartDraft=true when all checks pass[39m[32m 43[2mms[22m[39m
       [32mΓ£ô[39m returns canStartDraft=false when teams are not filled (empty platformUserId)[32m 3[2mms[22m[39m
       [32mΓ£ô[39m returns canStartDraft=false when draft order is not set[32m 2[2mms[22m[39m
       [32mΓ£ô[39m returns canStartDraft=false when scoring is not configured[32m 3[2mms[22m[39m
       [32mΓ£ô[39m returns canStartDraft=false when roster shape is empty[32m 3[2mms[22m[39m
       [32mΓ£ô[39m reports duplicate users in rosters[32m 2[2mms[22m[39m
       [32mΓ£ô[39m returns canStartDraft=false when draft type is missing[32m 2[2mms[22m[39m
       [32mΓ£ô[39m handles errors gracefully ΓÇö one bad check does not block other checks[32m 13[2mms[22m[39m
       [32mΓ£ô[39m returns the canonical report shape[32m 7[2mms[22m[39m
 [32mΓ£ô[39m __tests__/draft/e2-7-nfl-player-season-stats.test.ts [2m([22m[2m22 tests[22m[2m)[22m[32m 38[2mms[22m[39m
 [32mΓ£ô[39m __tests__/draft/get-canonical-draft-state.test.ts [2m([22m[2m2 tests[22m[2m)[22m[32m 132[2mms[22m[39m
 [32mΓ£ô[39m __tests__/draft/slice1-draft-settings-modal-source.test.ts [2m([22m[2m9 tests[22m[2m)[22m[32m 17[2mms[22m[39m
 [32mΓ£ô[39m __tests__/draft/s-team-needs-bye-clusters.test.ts [2m([22m[2m16 tests[22m[2m)[22m[32m 10[2mms[22m[39m
 [31mΓ¥»[39m __tests__/draft/f2-mobile-polish.test.ts [2m([22m[2m24 tests[22m[2m | [22m[31m1 failed[39m[2m)[22m[32m 179[2mms[22m[39m
     [32mΓ£ô[39m renders a dedicated mobile layout via md:hidden (no duplicate board on desktop)[32m 18[2mms[22m[39m
     [32mΓ£ô[39m mobile pane uses overflow-y-auto, not overflow-auto (no page-wide horizontal bleed)[32m 7[2mms[22m[39m
     [32mΓ£ô[39m mobile content div has min-w-0 + a stable testid + active-tab data attr[32m 5[2mms[22m[39m
     [32mΓ£ô[39m Board tab wraps its content in an overflow-x-auto scroll container[32m 5[2mms[22m[39m
     [32mΓ£ô[39m Players tab wraps its content in an overflow-x-auto scroll container[32m 7[2mms[22m[39m
     [32mΓ£ô[39m Queue / Roster / Chat tabs render WITHOUT a horizontal scroll wrapper (their content is column-shaped)[32m 6[2mms[22m[39m
     [32mΓ£ô[39m mobile sticky bar is always enabled and includes a clock chip[32m 5[2mms[22m[39m
     [32mΓ£ô[39m mobile tab bar is hidden on desktop (md:hidden inside md:hidden parent)[32m 3[2mms[22m[39m
     [32mΓ£ô[39m mobile tabs include Board, Players, Queue, Roster, and Chat (mandatory)[32m 3[2mms[22m[39m
     [32mΓ£ô[39m each tab button has its own testid (draft-mobile-tab-{id}) for QA + e2e[32m 2[2mms[22m[39m
     [32mΓ£ô[39m tab buttons meet the 48px touch-target minimum (platform standard)[32m 1[2mms[22m[39m
     [32mΓ£ô[39m safe-area-bottom class respects iOS home indicator[32m 3[2mms[22m[39m
     [32mΓ£ô[39m mobile layout does NOT reference DraftRightDockTabs[32m 4[2mms[22m[39m
     [32mΓ£ô[39m renders a fixed full-width bottom sheet at mobile widths (< sm)[32m 3[2mms[22m[39m
[31m     [31m├ù[31m docks to the bottom-right corner at ΓëÑ sm (tablet + desktop)[39m[32m 59[2mms[22m[39m
     [32mΓ£ô[39m sheet content scrolls internally (overflow-hidden on root + scroll inner)[32m 2[2mms[22m[39m
     [32mΓ£ô[39m exposes a close button + click-outside handling for mobile dismissal[32m 1[2mms[22m[39m
     [32mΓ£ô[39m chat input lives inside a border-t section (pinned to panel bottom, not page)[32m 6[2mms[22m[39m
     [32mΓ£ô[39m attach + GIF + emoji + send buttons sit in a flex row that shrinks proportionally[32m 1[2mms[22m[39m
     [32mΓ£ô[39m input has min-w-0 flex-1 so its parent flex row can compress it cleanly[32m 2[2mms[22m[39m
     [32mΓ£ô[39m table header is sticky (regression guard ΓÇö mobile wrapper must not break this)[32m 1[2mms[22m[39m
     [32mΓ£ô[39m components/app/draft-room/DraftRoomShell.tsx contains no forbidden BaaS imports[32m 3[2mms[22m[39m
     [32mΓ£ô[39m components/app/draft-room/WarRoomPopup.tsx contains no forbidden BaaS imports[32m 3[2mms[22m[39m
     [32mΓ£ô[39m components/app/draft-room/DraftChatPanel.tsx contains no forbidden BaaS imports[32m 1[2mms[22m[39m
 [31mΓ¥»[39m __tests__/draft/d5-scheduler-cron-route.test.ts [2m([22m[2m0 test[22m[2m)[22m
 [31mΓ¥»[39m __tests__/draft/draft-launch-gate.test.ts [2m([22m[2m0 test[22m[2m)[22m
 [31mΓ¥»[39m __tests__/draft/d6-2-board-proportions-and-clock.test.ts [2m([22m[2m20 tests[22m[2m | [22m[31m3 failed[39m[2m)[22m[32m 129[2mms[22m[39m
[31m     [31m├ù[31m expanded board zone caps at 52vh (was 42vh) so the board has more vertical room[39m[32m 74[2mms[22m[39m
[31m     [31m├ù[31m collapsed board zone uses flex-1 + max-h-[unset] so it fills the screen when dock hides[39m[32m 3[2mms[22m[39m
     [32mΓ£ô[39m collapse toggle button is rendered with the standard Sleeper-style Γû▓Γû╝ chevron pair[32m 1[2mms[22m[39m
     [32mΓ£ô[39m toggle persists state via the same localStorage pref the legacy bottomBar used[32m 1[2mms[22m[39m
[31m     [31m├ù[31m main-zones container hides entirely when collapsed (so board fills the area)[39m[32m 5[2mms[22m[39m
     [32mΓ£ô[39m aria-expanded reflects state for screen readers + keyboard users[32m 4[2mms[22m[39m
     [32mΓ£ô[39m exposes data-dock-expanded so QA / e2e selectors can target the state[32m 4[2mms[22m[39m
     [32mΓ£ô[39m no longer renders <LiveDraftStatusColumn> in the live JSX (the left aside is gone)[32m 1[2mms[22m[39m
     [32mΓ£ô[39m the surrounding lg:flex-row wrapper is flattened (no horizontal split)[32m 2[2mms[22m[39m
     [32mΓ£ô[39m the explanatory comment documents WHY the column was removed (avoids future regressions)[32m 3[2mms[22m[39m
     [32mΓ£ô[39m does not render a separate RESUME DRAFT button ΓÇö the clock pill is the resume action[32m 2[2mms[22m[39m
     [32mΓ£ô[39m clock pill uses the dedicated `draft-topbar-clock` testid for normal running state[32m 1[2mms[22m[39m
     [32mΓ£ô[39m clock value renders inside `draft-topbar-clock-time` so e2e can read it[32m 0[2mms[22m[39m
     [32mΓ£ô[39m urgent-low-timer (<=10s) gets a non-color cue (animate-pulse) ΓÇö a11y rule[32m 2[2mms[22m[39m
     [32mΓ£ô[39m paused state shows a "Resume" badge inside the clock pill (commissioner click target)[32m 1[2mms[22m[39m
     [32mΓ£ô[39m commissioner-paused pill is a button (clickable to resume); else it is a div[32m 1[2mms[22m[39m
     [32mΓ£ô[39m non-commissioner paused state still shows clock with a Paused badge (read-only)[32m 0[2mms[22m[39m
     [32mΓ£ô[39m clock pill uses larger, prominent typography (text-2xl + min-h-[52px])[32m 1[2mms[22m[39m
     [32mΓ£ô[39m mocks the prominent clock pill at top center[32m 1[2mms[22m[39m
     [32mΓ£ô[39m reserves 52vh for the mock board zone (matches the Sleeper proportions)[32m 1[2mms[22m[39m
 [32mΓ£ô[39m __tests__/draft/d6-3-pick-chat-card.test.ts [2m([22m[2m22 tests[22m[2m)[22m[32m 19[2mms[22m[39m
 [32mΓ£ô[39m __tests__/draft/finalized-roster-dashboard-sync.test.ts [2m([22m[2m34 tests[22m[2m)[22m[32m 83[2mms[22m[39m
 [32mΓ£ô[39m __tests__/draft/pick-route-commissioner-ordering.test.ts [2m([22m[2m2 tests[22m[2m)[22m[32m 141[2mms[22m[39m
 [32mΓ£ô[39m __tests__/draft/pick-order-mechanics.test.ts [2m([22m[2m20 tests[22m[2m)[22m[32m 156[2mms[22m[39m
 [32mΓ£ô[39m __tests__/draft/pre-draft-checklist-defaults.test.ts [2m([22m[2m3 tests[22m[2m)[22m[32m 267[2mms[22m[39m
 [32mΓ£ô[39m __tests__/draft/slice5-swap-managers.test.ts [2m([22m[2m14 tests[22m[2m)[22m[32m 175[2mms[22m[39m
 [32mΓ£ô[39m __tests__/draft/d2-sleeper-pool-table.test.ts [2m([22m[2m29 tests[22m[2m)[22m[32m 290[2mms[22m[39m
 [32mΓ£ô[39m __tests__/draft/g3-commissioner-edit-semantics.test.ts [2m([22m[2m28 tests[22m[2m)[22m[32m 19[2mms[22m[39m
 [32mΓ£ô[39m __tests__/draft/pause-hard-stop.test.ts [2m([22m[2m16 tests[22m[2m)[22m[32m 11[2mms[22m[39m
 [32mΓ£ô[39m __tests__/draft/d3-sleeper-pool-sort.test.ts [2m([22m[2m44 tests[22m[2m)[22m[32m 174[2mms[22m[39m
 [32mΓ£ô[39m __tests__/draft/draft-qa-smoke-audit.test.ts [2m([22m[2m18 tests[22m[2m)[22m[32m 174[2mms[22m[39m
 [32mΓ£ô[39m __tests__/draft/w-draft-shell-i18n-tab-labels.test.ts [2m([22m[2m14 tests[22m[2m)[22m[32m 164[2mms[22m[39m
 [32mΓ£ô[39m __tests__/draft/n-vets-rookies-pool-filters.test.ts [2m([22m[2m18 tests[22m[2m)[22m[32m 71[2mms[22m[39m
 [32mΓ£ô[39m __tests__/draft/player-pool-card-mode-no-table-header.test.ts [2m([22m[2m5 tests[22m[2m)[22m[32m 28[2mms[22m[39m
 [32mΓ£ô[39m __tests__/draft/w-legacy-board-cell-chrome.test.ts [2m([22m[2m21 tests[22m[2m)[22m[32m 70[2mms[22m[39m
 [32mΓ£ô[39m __tests__/draft/d5-test-allfantasy-adp.test.ts [2m([22m[2m38 tests[22m[2m)[22m[32m 120[2mms[22m[39m
 [32mΓ£ô[39m __tests__/draft/draftSliceCPlayerPick.test.ts [2m([22m[2m12 tests[22m[2m)[22m[32m 38[2mms[22m[39m
 [32mΓ£ô[39m __tests__/draft/classifyAvatarSource.test.ts [2m([22m[2m10 tests[22m[2m)[22m[32m 73[2mms[22m[39m
 [32mΓ£ô[39m __tests__/draft/player-pool-phase2.test.ts [2m([22m[2m39 tests[22m[2m)[22m[32m 139[2mms[22m[39m
 [32mΓ£ô[39m __tests__/draft/timer-queue-autopick-mechanics.test.ts [2m([22m[2m11 tests[22m[2m)[22m[32m 242[2mms[22m[39m
 [32mΓ£ô[39m __tests__/draft/search-filter-ux-integrity.test.ts [2m([22m[2m12 tests[22m[2m)[22m[32m 93[2mms[22m[39m
 [32mΓ£ô[39m __tests__/draft/slice2-read-consistency-and-badge.test.ts [2m([22m[2m6 tests[22m[2m)[22m[32m 99[2mms[22m[39m
 [32mΓ£ô[39m __tests__/draft/def-avatar-special-case.test.ts [2m([22m[2m26 tests[22m[2m)[22m[32m 14[2mms[22m[39m
 [32mΓ£ô[39m __tests__/draft/optimisticControls.test.ts [2m([22m[2m4 tests[22m[2m)[22m[32m 10[2mms[22m[39m
 [32mΓ£ô[39m __tests__/draft/timer-presets.test.ts [2m([22m[2m17 tests[22m[2m)[22m[32m 86[2mms[22m[39m
 [32mΓ£ô[39m __tests__/draft/player-images-all-surfaces.test.ts [2m([22m[2m6 tests[22m[2m)[22m[32m 62[2mms[22m[39m
 [32mΓ£ô[39m __tests__/draft/draft-player-search-canonical.test.ts [2m([22m[2m10 tests[22m[2m)[22m[32m 82[2mms[22m[39m
 [32mΓ£ô[39m __tests__/draft/slice2-snake-3rr-edge-cases.test.ts [2m([22m[2m11 tests[22m[2m)[22m[32m 99[2mms[22m[39m
 [32mΓ£ô[39m __tests__/draft/draftRoomCoreState.test.ts [2m([22m[2m6 tests[22m[2m)[22m[32m 42[2mms[22m[39m
 [32mΓ£ô[39m __tests__/draft/player-avatar-wiring.test.ts [2m([22m[2m6 tests[22m[2m)[22m[32m 87[2mms[22m[39m
 [32mΓ£ô[39m __tests__/draft/e2-5-nfl-stats-backfill.test.ts [2m([22m[2m15 tests[22m[2m)[22m[32m 82[2mms[22m[39m
 [32mΓ£ô[39m __tests__/draft/e1-6-thesportsapi-headshot-fallback.test.ts [2m([22m[2m24 tests[22m[2m)[22m[32m 59[2mms[22m[39m
 [32mΓ£ô[39m __tests__/draft/gap-board-submit.test.ts [2m([22m[2m33 tests[22m[2m)[22m[32m 65[2mms[22m[39m
 [32mΓ£ô[39m __tests__/draft/draftSliceALifecycle.test.ts [2m([22m[2m4 tests[22m[2m)[22m[32m 39[2mms[22m[39m
 [32mΓ£ô[39m __tests__/draft/draftOrder.test.ts [2m([22m[2m13 tests[22m[2m)[22m[32m 50[2mms[22m[39m
 [32mΓ£ô[39m __tests__/draft/e2-ri-loader-pk-case.test.ts [2m([22m[2m8 tests[22m[2m)[22m[32m 57[2mms[22m[39m
 [32mΓ£ô[39m __tests__/draft/pickCommitFlow.test.ts [2m([22m[2m8 tests[22m[2m)[22m[32m 58[2mms[22m[39m
 [32mΓ£ô[39m __tests__/draft/slice4-undo-with-reason.test.ts [2m([22m[2m16 tests[22m[2m)[22m[32m 113[2mms[22m[39m
 [32mΓ£ô[39m __tests__/draft/player-pool-audit-phase1.test.ts [2m([22m[2m3 tests[22m[2m)[22m[32m 87[2mms[22m[39m
 [32mΓ£ô[39m __tests__/draft/nfl-stats-row-placeholders.test.ts [2m([22m[2m4 tests[22m[2m)[22m[32m 5[2mms[22m[39m
 [32mΓ£ô[39m __tests__/draft/draftSliceDPlayerPoolSort.test.ts [2m([22m[2m6 tests[22m[2m)[22m[32m 132[2mms[22m[39m
 [32mΓ£ô[39m __tests__/draft/legacy-runtime-write-guard.test.ts [2m([22m[2m7 tests[22m[2m)[22m[32m 40[2mms[22m[39m
 [32mΓ£ô[39m __tests__/draft/d7-rookie-filter.test.ts [2m([22m[2m29 tests[22m[2m)[22m[32m 119[2mms[22m[39m
 [32mΓ£ô[39m __tests__/draft/e2-6-rolling-insights-quality-gate.test.ts [2m([22m[2m18 tests[22m[2m)[22m[32m 59[2mms[22m[39m
 [32mΓ£ô[39m __tests__/draft/slice3-soft-timer-and-pause-resume.test.ts [2m([22m[2m8 tests[22m[2m)[22m[32m 87[2mms[22m[39m
 [32mΓ£ô[39m __tests__/draft/w-legacy-player-pool-layout.test.ts [2m([22m[2m19 tests[22m[2m)[22m[32m 35[2mms[22m[39m
 [32mΓ£ô[39m __tests__/draft/resolvePlayerHeadshot.test.ts [2m([22m[2m10 tests[22m[2m)[22m[32m 22[2mms[22m[39m
 [32mΓ£ô[39m __tests__/draft/draftSliceBTimer.test.ts [2m([22m[2m8 tests[22m[2m)[22m[32m 25[2mms[22m[39m

[31mΓÄ»ΓÄ»ΓÄ»ΓÄ»ΓÄ»ΓÄ»[39m[1m[41m Failed Suites 2 
[49m[22m[31mΓÄ»ΓÄ»ΓÄ»ΓÄ»ΓÄ»ΓÄ»ΓÄ»[39m

[41m[1m FAIL [22m[49m __tests__/draft/d5-scheduler-cron-route.test.ts[2m 
[ __tests__/draft/d5-scheduler-cron-route.test.ts ][22m
[31m[1mError[22m: Failed to resolve import 
"@/app/api/cron/recompute-allfantasy-adp/route" from 
"__tests__/draft/d5-scheduler-cron-route.test.ts". Does the file exist?[39m
  Plugin: [35mvite:import-analysis[39m
  File: [36mC:/Users/Guap_/allfantasy-v2-main/__tests__/draft/d5-scheduler-cro
n-route.test.ts[39m:26:0
[33m  2  |  const __vi_import_0__ = await import("node:fs");
  3  |  const __vi_import_1__ = await import("node:path");
  4  |  const __vi_import_2__ = await 
import("@/app/api/cron/recompute-allfantasy-adp/route");
     |                                       ^
  5  |  /**
  6  |  * D.5-scheduler ΓÇö cron route auth + behavior contract.[39m
[90m [2mΓ¥»[22m TransformPluginContext._formatLog 
node_modules/vite/dist/node/chunks/node.js:[2m30375:39[22m[39m
[90m [2mΓ¥»[22m TransformPluginContext.error 
node_modules/vite/dist/node/chunks/node.js:[2m30372:14[22m[39m
[90m [2mΓ¥»[22m normalizeUrl 
node_modules/vite/dist/node/chunks/node.js:[2m27654:18[22m[39m
[90m [2mΓ¥»[22m 
node_modules/vite/dist/node/chunks/node.js:[2m27717:30[22m[39m
[90m [2mΓ¥»[22m TransformPluginContext.transform 
node_modules/vite/dist/node/chunks/node.js:[2m27685:4[22m[39m
[90m [2mΓ¥»[22m EnvironmentPluginContainer.transform 
node_modules/vite/dist/node/chunks/node.js:[2m30164:14[22m[39m
[90m [2mΓ¥»[22m loadAndTransform 
node_modules/vite/dist/node/chunks/node.js:[2m24512:26[22m[39m

[31m[2mΓÄ»ΓÄ»ΓÄ»ΓÄ»ΓÄ»ΓÄ»ΓÄ»ΓÄ»ΓÄ»ΓÄ»ΓÄ»ΓÄ»ΓÄ»ΓÄ»ΓÄ»ΓÄ»ΓÄ»ΓÄ»ΓÄ»ΓÄ»ΓÄ»ΓÄ»ΓÄ»[
1/24]ΓÄ»[22m[39m

[41m[1m FAIL [22m[49m __tests__/draft/draft-launch-gate.test.ts[2m [ 
__tests__/draft/draft-launch-gate.test.ts ][22m
[31m[1mError[22m: Failed to resolve import 
"@/app/api/cron/recompute-allfantasy-adp/route" from 
"__tests__/draft/draft-launch-gate.test.ts". Does the file exist?[39m
  Plugin: [35mvite:import-analysis[39m
  File: [36mC:/Users/Guap_/allfantasy-v2-main/__tests__/draft/draft-launch-gat
e.test.ts[39m:12:20
[33m  9  |  import { resolve } from "node:path";
  10 |  import { afterEach, beforeEach, describe, expect, it, vi } from 
"vitest";
  11 |  import { GET } from "@/app/api/cron/recompute-allfantasy-adp/route";
     |                       ^
  12 |  import { isD6PreviewRouteEnabled } from "@/lib/dev/d6PreviewRoute";
  13 |  import { resolveAllFantasyAdpDraftMode } from 
"@/lib/adp/allFantasyAdpFlag";[39m
[90m [2mΓ¥»[22m TransformPluginContext._formatLog 
node_modules/vite/dist/node/chunks/node.js:[2m30375:39[22m[39m
[90m [2mΓ¥»[22m TransformPluginContext.error 
node_modules/vite/dist/node/chunks/node.js:[2m30372:14[22m[39m
[90m [2mΓ¥»[22m normalizeUrl 
node_modules/vite/dist/node/chunks/node.js:[2m27654:18[22m[39m
[90m [2mΓ¥»[22m 
node_modules/vite/dist/node/chunks/node.js:[2m27717:30[22m[39m
[90m [2mΓ¥»[22m TransformPluginContext.transform 
node_modules/vite/dist/node/chunks/node.js:[2m27685:4[22m[39m
[90m [2mΓ¥»[22m EnvironmentPluginContainer.transform 
node_modules/vite/dist/node/chunks/node.js:[2m30164:14[22m[39m
[90m [2mΓ¥»[22m loadAndTransform 
node_modules/vite/dist/node/chunks/node.js:[2m24512:26[22m[39m

[31m[2mΓÄ»ΓÄ»ΓÄ»ΓÄ»ΓÄ»ΓÄ»ΓÄ»ΓÄ»ΓÄ»ΓÄ»ΓÄ»ΓÄ»ΓÄ»ΓÄ»ΓÄ»ΓÄ»ΓÄ»ΓÄ»ΓÄ»ΓÄ»ΓÄ»ΓÄ»ΓÄ»[
2/24]ΓÄ»[22m[39m


[31mΓÄ»ΓÄ»ΓÄ»ΓÄ»ΓÄ»ΓÄ»[39m[1m[41m Failed Tests 22 
[49m[22m[31mΓÄ»ΓÄ»ΓÄ»ΓÄ»ΓÄ»ΓÄ»ΓÄ»[39m

[41m[1m FAIL [22m[49m __tests__/draft/bug-stab-pass.test.ts[2m > 
[22mbug-stab #3 ΓÇö DEF/DST position pill returns defense rows[2m > 
[22mPlayerPanel pill-count logic also collapses the alias group
[31m[1mAssertionError[22m: expected '\'use client\'\r\n\r\nimport React, 
{ΓÇª' to match /v === 'DEF' \|\| v === 'DST' \|\| ΓÇª/ST'[39m

[32m- Expected:[39m
/v === 'DEF' \|\| v === 'DST' \|\| v === 'D\/ST'/

[31m+ Received:[39m
"'use client'

import React, { useCallback, useEffect, useState, useMemo, useRef } from 
'react'
import { useVirtualizer } from '@tanstack/react-virtual'
import { Search, User, Plus, GitCompare, LayoutGrid, Rows3, X } from 
'lucide-react'
import { usePlayerComparisonUIOptional } from 
'@/components/player-comparison-ui'
import { useLanguage } from '@/components/i18n/LanguageProviderClient'
import { applyDraftFilters, DRAFT_ROOM_I18N_KEYS, getPickConfirmationLabel, 
getPositionFilterOptionsForSport } from '@/lib/draft-room'
import { DraftPlayerCard } from './DraftPlayerCard'
import { SleeperPoolTable } from './SleeperPoolTable'
import {
  applyPoolSort,
  nextSortState,
  sortKeyForColumn,
  type PoolSortKey,
  type PoolSortState,
} from './SleeperPoolSort'
// NflDraftPoolStatsGroupHeader import removed in Slice D.1.5 Path B; re-add 
when D.2 ships the
// Sleeper-style table mode and rows actually align to those columns.
import { PlayerDetailModal, type DraftAssistantRoomContext } from 
'./PlayerDetailModal'
import type { PlayerDisplayModel } from '@/lib/draft-sports-models/types'
import type { UnifiedPlayerProductView } from 
'@/lib/player-data/unifiedPlayerProductView'
import { normalizePlayer } from '@/lib/players/normalizePlayer'
import { DRAFT_ROOM } from '@/lib/analytics/eventNames'
import { sendProductAnalyticsBeacon } from '@/lib/analytics/client'
import type { DraftCopilotInsight } from '@/lib/draft-room/draft-copilot-types'
import type { NflDraftProjectionSplits } from 
'@/lib/draft/analytics/nfl-draft-pool-projection-splits'
import { isRookieEligibleForFilter, isVetEligibleForFilter } from 
'@/lib/draft-room/rookieFilterPredicate'
import { sleeperPoolStatOptionsFromPositionFilter } from 
'@/lib/draft-room/sleeperPoolTableLayout'
import { getDraftRoomRookieDataState, type DraftRoomRookiePlayerLike } from 
'@/lib/draft-room/draftPlayerRookie'
import { buildRookieSignalDiagnostics } from 
'@/lib/draft-room/draftRoomRookieDiagnostics'
import {
  getDraftRoomPositionGroupCounts,
  poolPlayerMatchesPositionPill,
} from '@/lib/draft-room/draftPoolPositionGroups'
import {
  logDraftPoolAdpDiagnosticsIfNeeded,
  logDraftPoolPositionDiagnosticsIfNeeded,
} from '@/lib/draft-room/draftPoolDiagnostics'
import { formatAiAdpUnavailableBanner } from 
'@/lib/draft-room/adpReadinessCopy'
import { getDraftRoomDisplayHeadshot, getDraftRoomDisplayInjury } from 
'@/lib/player-data/adapters/draftRoomDisplayFields'

const PLAYER_ROW_ESTIMATE_HEIGHT = 76
/** Redraft rows use slightly taller estimate (chips + stats). */
const PLAYER_ROW_ESTIMATE_HEIGHT_REDRAFT = 104
const DRAFT_WATCHLIST_STORAGE_KEY = 'af:draft-room-watchlist-v1'

/** Align with draft room session: drafted name set is normalized lowercase. */
function isPlayerNameDrafted(name: string, draftedNames: Set<string>): boolean 
{
  return draftedNames.has(name.trim().toLowerCase())
}

/** Prefer stable player IDs when pool rows carry them ΓÇö avoids ambiguity + 
matches pick API guards. */
function isPlayerDraftedEntry(
  p: PlayerEntry,
  draftedNames: Set<string>,
  draftedPlayerIds?: ReadonlySet<string> | null,
): boolean {
  const ids = draftedPlayerIds
  if (ids && ids.size > 0) {
    const pid =
      (p.display?.playerId != null ? String(p.display.playerId).trim() : '') ||
      (p.id != null ? String(p.id).trim() : '')
    if (pid && ids.has(pid)) return true
  }
  return isPlayerNameDrafted(p.name, draftedNames)
}

export type PlayerEntry = {
  id?: string
  /** Stable sport / provider id when the pool row carries it (may mirror 
`display.playerId`). */
  playerId?: string | null
  name: string
  position: string
  team: string | null
  adp?: number | null
  byeWeek?: number | null
  aiAdp?: number | null
  aiAdpSampleSize?: number
  aiAdpLowSample?: boolean
  /** Normalized display model for player image, team logo, stats */
  display?: PlayerDisplayModel | null
  /** Devy: true when from college/devy pool */
  isDevy?: boolean
  /** Devy: school (e.g. \"Ohio State\") */
  school?: string | null
  classYearLabel?: string | null
  draftGrade?: string | null
  projectedLandingSpot?: string | null
  /** Devy: promoted to NFL */
  graduatedToNFL?: boolean
  /** C2C: 'college' | 'pro' for Campus-to-Canton */
  poolType?: 'college' | 'pro'
  nflDraftProjectionSplits?: NflDraftProjectionSplits | null
  /** D.7 ΓÇö NFL years of pro experience (Sleeper). 0 = rookie, 
null/undefined = unknown. */
  yearsExp?: number | null
  /** D.7 ΓÇö derived rookie flag (true when yearsExp === 0 or upstream marked 
as rookie). */
  isRookie?: boolean
  /** Provider-prioritized unified layer for fallback image/injury/source 
metadata */
  unifiedProductView?: UnifiedPlayerProductView | null
}

export type PlayerPanelProps = {
  players: PlayerEntry[]
  draftedNames: Set<string>
  /** Draft session pick playerIds ΓÇö disables rows by id when available 
(reduces name-only ambiguity). */
  draftedPlayerIds?: ReadonlySet<string>
  sport: string
  /** When user is on clock, show Draft button */
  canDraft: boolean
  onAddToQueue: (player: PlayerEntry) => void
  onMakePick: (player: PlayerEntry) => void
  /** Show current user's drafted roster (roster view) */
  currentRoster?: Array<{ playerName: string; position: string; team: string | 
null }>
  useAiAdp?: boolean
  onUseAiAdpChange?: (value: boolean) => void
  loading?: boolean
  /** When true, AI ADP is enabled but no data (show message, keep sort 
controls working) */
  aiAdpUnavailable?: boolean
  /** Optional message when AI ADP is enabled but unavailable */
  aiAdpUnavailableMessage?: string | null
  /** When true, AI ADP snapshot is older than freshness window */
  aiAdpStaleWarning?: boolean
  /** When true, segment or entries have low sample size (show warning) */
  aiAdpLowSampleWarning?: boolean
  /** Auction: when true, show Nominate as primary action (instead of Draft) */
  canNominate?: boolean
  /** Auction: called when user clicks Nominate for a player */
  onNominate?: (player: PlayerEntry) => void
  /** Devy: when enabled, show Pro/Devy filter and devy round hint */
  devyConfig?: { enabled: boolean; devyRounds: number[] }
  /** C2C: when enabled, show College/Pro filter and college/pro round hint */
  c2cConfig?: { enabled: boolean; collegeRounds: number[] }
  /** Current draft round (for devy/C2C round hints) */
  currentRound?: number
  /** When 'IDP', position filter includes Offense, DL, LB, DB, DE, DT, CB, S, 
IDP FLEX */
  formatType?: string
  /** Optional external selection target (e.g. from helper recommendation 
click). */
  selectedPlayerTarget?: { name: string; position: string; team?: string | 
null } | null
  /** League context for premium comparison (coach lens when API supports it). 
*/
  leagueId?: string
  /** War Room AI row hints keyed by `name|position` (lowercase). */
  aiRowBadges?: Record<string, 'ai_pick' | 'value' | 'risky'>
  presentationVariant?: 'default' | 'redraft_snake'
  /** D.2 ΓÇö explicit pool layout opt-out. Defaults to 'auto' which picks
   * Sleeper-style table for NFL redraft/snake on desktop and falls back to
   * the existing card layout everywhere else. Pass 'card' to force the legacy
   * card layout (useful for non-NFL sports or modal/detail contexts that reuse
   * PlayerPanel internals). */
  poolLayout?: 'auto' | 'card' | 'sleeper_table'
  /** Redraft live room: player detail ΓÇ£copilotΓÇ¥ copy from recommendations 
+ War Room. */
  getDraftCopilotInsight?: (player: PlayerEntry) => DraftCopilotInsight | null
  /** Headline / injury / digest strip from assistant-context for the selected 
player. */
  getAssistantRoomContext?: (player: PlayerEntry) => DraftAssistantRoomContext 
| null
  /** Mark rows that match the user's draft queue (best-effort name + 
position). */
  isPlayerQueued?: (player: PlayerEntry) => boolean
  /** Calendar season for rookie-class inference (NFL/NCAAF draft year match). 
Defaults internally if omitted. */
  draftSeasonYear?: number
}

/** D.3 ΓÇö re-exposed from SleeperPoolSort. Kept as `SortKey` for legacy call 
sites. */
type SortKey = PoolSortKey

function PlayerListVirtualized({
  filtered,
  draftedNames,
  draftedPlayerIds,
  presentationVariant,
  selectedPlayer,
  isPlayerQueued,
  canDraft,
  canNominate,
  useAiAdp,
  onDraftRequest,
  onAddToQueue,
  onNominateRequest,
  onPlayerSelect,
  scrollRef,
  compareAnchor,
  onCompareTap,
  draftSport,
  aiRowBadges,
}: {
  filtered: PlayerEntry[]
  draftedNames: Set<string>
  draftedPlayerIds?: ReadonlySet<string> | null
  presentationVariant?: 'default' | 'redraft_snake'
  selectedPlayer: PlayerEntry | null
  isPlayerQueued?: (player: PlayerEntry) => boolean
  canDraft: boolean
  canNominate: boolean
  useAiAdp: boolean
  draftSport: string
  onDraftRequest: (player: PlayerEntry) => void
  onAddToQueue: (player: PlayerEntry) => void
  onNominateRequest?: (player: PlayerEntry) => void
  onPlayerSelect: (player: PlayerEntry) => void
  scrollRef: React.RefObject<HTMLDivElement | null>
  compareAnchor: PlayerEntry | null
  onCompareTap: (player: PlayerEntry) => void
  aiRowBadges?: Record<string, 'ai_pick' | 'value' | 'risky'>
}) {
  const rs = presentationVariant === 'redraft_snake'
  const rowKey = (p: PlayerEntry) =>
    `${p.name.trim().toLowerCase()}|${p.position.trim().toLowerCase()}|${String
(p.team ?? '').trim().toLowerCase()}`
  const selectedKey = selectedPlayer ? rowKey(selectedPlayer) : null

  const virtualizer = useVirtualizer({
    count: filtered.length,
    getScrollElement: () => scrollRef.current,
    estimateSize: () => (rs ? PLAYER_ROW_ESTIMATE_HEIGHT_REDRAFT : 
PLAYER_ROW_ESTIMATE_HEIGHT),
    overscan: rs ? 8 : 5,
  })

  const items = virtualizer.getVirtualItems()

  return (
    <div
      style={{
        height: `${virtualizer.getTotalSize()}px`,
        width: '100%',
        position: 'relative',
      }}
    >
      {items.map((virtualRow) => {
        const p = filtered[virtualRow.index]
        const sel = selectedKey != null && rowKey(p) === selectedKey
        return (
          <div
            key={p.id ?? rowKey(p)}
            ref={virtualizer.measureElement}
            style={{
              position: 'absolute',
              top: 0,
              left: 0,
              width: '100%',
              transform: `translateY(${virtualRow.start}px)`,
            }}
            data-index={virtualRow.index}
          >
            <DraftPlayerCard
              display={p.display ?? null}
              unifiedProductView={p.unifiedProductView ?? null}
              name={p.name}
              position={p.position}
              team={p.team}
              adp={useAiAdp ? p.aiAdp : p.adp}
              adpMetricLabel={useAiAdp ? 'AI ADP' : 'ADP'}
              byeWeek={p.byeWeek}
              draftSport={draftSport}
              presentationVariant={presentationVariant}
              isSelected={sel}
              isQueued={Boolean(isPlayerQueued?.(p))}
              aiWarRoomBadge={aiRowBadges?.[`${p.name.trim().toLowerCase()}|${p
.position.trim().toLowerCase()}`] ?? null}
              isDrafted={isPlayerDraftedEntry(p, draftedNames, 
draftedPlayerIds)}
              variant=\"row\"
              isDevy={p.isDevy}
              school={p.school}
              classYearLabel={p.classYearLabel}
              draftGrade={p.draftGrade}
              projectedLandingSpot={p.projectedLandingSpot}
              graduatedToNFL={p.graduatedToNFL}
              poolType={p.poolType}
              isRookie={p.isRookie ?? false}
              nflDraftProjectionSplits={p.nflDraftProjectionSplits ?? null}
              testId={`draft-player-card-${virtualRow.index}`}
              onSelect={() => onPlayerSelect(p)}
              compareAction={
                <button
                  type=\"button\"
                  onClick={() => onCompareTap(p)}
                  data-testid={`draft-compare-player-${virtualRow.index}`}
                  className={`inline-flex min-h-[44px] min-w-[44px] 
touch-manipulation items-center justify-center rounded-lg border px-2 
transition duration-150 focus-visible:outline-none focus-visible:ring-2 
focus-visible:ring-amber-400/45 active:scale-95 sm:min-w-0 sm:px-2 ${
                    compareAnchor?.name === p.name
                      ? 'border-amber-400/60 bg-gradient-to-br 
from-amber-500/20 to-amber-600/10 text-amber-100 
shadow-[0_0_18px_rgba(251,191,36,0.15)]'
                      : 'border-white/15 bg-black/25 text-white/75 
hover:border-white/28 hover:bg-white/12'
                  }`}
                  aria-label={
                    compareAnchor?.name === p.name
                      ? 'Clear compare selection'
                      : 'Select player for head-to-head compare'
                  }
                  title=\"Compare: pick a second player\"
                >
                  <GitCompare className=\"h-4 w-4\" />
                </button>
              }
              primaryAction={
                canNominate && onNominateRequest ? (
                  <button
                    type=\"button\"
                    onClick={() => onNominateRequest(p)}
                    data-testid={`draft-nominate-player-${virtualRow.index}`}
                    className=\"inline-flex min-h-[44px] min-w-[44px] 
touch-manipulation items-center justify-center rounded-lg border 
border-amber-400/45 bg-gradient-to-br from-amber-500/18 to-amber-600/8 px-3 
py-2 text-xs font-semibold text-amber-100 
shadow-[0_4px_20px_rgba(245,158,11,0.15)] transition duration-150 
hover:brightness-110 focus-visible:outline-none focus-visible:ring-2 
focus-visible:ring-amber-300/50 active:scale-95 sm:min-w-0 sm:px-2 sm:py-1\"
                  >
                    Nominate
                  </button>
                ) : (
                  <button
                    type=\"button\"
                    disabled={!canDraft || isPlayerDraftedEntry(p, 
draftedNames, draftedPlayerIds)}
                    title={
                      isPlayerDraftedEntry(p, draftedNames, draftedPlayerIds)
                        ? 'Player already drafted'
                        : !canDraft
                          ? 'Not your turn'
                          : 'Draft this player'
                    }
                    onClick={() => {
                      if (!canDraft || isPlayerDraftedEntry(p, draftedNames, 
draftedPlayerIds)) return
                      onDraftRequest(p)
                    }}
                    data-testid={`draft-player-button-${virtualRow.index}`}
                    className={`inline-flex min-h-[44px] min-w-[44px] 
touch-manipulation items-center justify-center rounded-lg border px-3 py-2 
text-xs font-semibold transition duration-150 focus-visible:outline-none 
focus-visible:ring-2 focus-visible:ring-cyan-400/45 active:scale-95 sm:min-w-0 
sm:px-2 sm:py-1 ${
                      isPlayerDraftedEntry(p, draftedNames, draftedPlayerIds)
                        ? 'cursor-not-allowed border-white/10 bg-white/[0.04] 
text-white/30'
                        : !canDraft
                          ? 'cursor-not-allowed border-white/10 bg-black/30 
text-white/32'
                          : 'border-cyan-400/45 bg-gradient-to-br 
from-cyan-500/22 to-violet-600/15 text-cyan-50 
shadow-[0_4px_22px_rgba(34,211,238,0.2)] hover:brightness-110 
hover:shadow-[0_6px_28px_rgba(34,211,238,0.28)]'
                    }`}
                  >
                    {isPlayerDraftedEntry(p, draftedNames, draftedPlayerIds) ? 
'Drafted' : 'Draft'}
                  </button>
                )
              }
              secondaryAction={
                <button
                  type=\"button\"
                  onClick={() => onAddToQueue(p)}
                  data-testid={`draft-queue-add-${virtualRow.index}`}
                  className=\"inline-flex min-h-[44px] min-w-[44px] 
touch-manipulation items-center justify-center rounded-lg border 
border-white/16 bg-black/25 text-white/75 transition duration-150 
hover:border-cyan-400/25 hover:bg-white/10 focus-visible:outline-none 
focus-visible:ring-2 focus-visible:ring-cyan-400/40 active:scale-95\"
                  aria-label={`Add ${p.name} to queue`}
                >
                  <Plus className=\"h-4 w-4\" />
                </button>
              }
            />
          </div>
        )
      })}
    </div>
  )
}

function PlayerPanelInner({
  players,
  draftedNames,
  draftedPlayerIds,
  sport,
  canDraft,
  onAddToQueue,
  onMakePick,
  currentRoster = [],
  useAiAdp = false,
  onUseAiAdpChange,
  loading = false,
  aiAdpUnavailable = false,
  aiAdpUnavailableMessage = null,
  aiAdpStaleWarning = false,
  aiAdpLowSampleWarning = false,
  canNominate = false,
  onNominate,
  devyConfig,
  c2cConfig,
  currentRound,
  formatType,
  selectedPlayerTarget = null,
  leagueId,
  aiRowBadges,
  presentationVariant = 'default',
  poolLayout = 'auto',
  getDraftCopilotInsight,
  getAssistantRoomContext,
  isPlayerQueued,
  draftSeasonYear,
}: PlayerPanelProps) {
  const rs = presentationVariant === 'redraft_snake'
  const draftedIdsForRows = draftedPlayerIds?.size ? draftedPlayerIds : 
undefined
  const { t } = useLanguage()
  const compareUi = usePlayerComparisonUIOptional()
  const [compareAnchor, setCompareAnchor] = useState<PlayerEntry | null>(null)
  const [searchQuery, setSearchQuery] = useState('')
  /** User-facing view-mode override; null defers to the auto rule below. */
  const [viewModeOverride, setViewModeOverride] = useState<'sleeper_table' | 
'card' | null>(null)
  const [positionFilter, setPositionFilter] = useState('All')
  const [teamFilter, setTeamFilter] = useState('All')
  const [poolFilter, setPoolFilter] = useState<'All' | 'Pro' | 'Devy' | 
'College'>('All')
  const [sortBy, setSortBy] = useState<SortKey>('adp')
  /** D.3 ΓÇö sort direction. Toolbar buttons + table headers both flip this 
when re-clicked. */
  const [sortDirection, setSortDirection] = useState<'asc' | 'desc'>('asc')
  const [showRosterView, setShowRosterView] = useState(false)
  const [selectedPlayer, setSelectedPlayer] = useState<PlayerEntry | 
null>(null)
  const [pendingNomination, setPendingNomination] = useState<PlayerEntry | 
null>(null)
  const [watchlistOnly, setWatchlistOnly] = useState(false)
  const [rookiesOnly, setRookiesOnly] = useState(false)
  /** Commit N ΓÇö companion to `rookiesOnly`. Mutually exclusive with 
rookies-only;
   *  toggling one turns the other off so the user can't accidentally produce 
an
   *  empty intersection. */
  const [vetsOnly, setVetsOnly] = useState(false)
  const [hideDrafted, setHideDrafted] = useState(true)
  const [watchlistKeys, setWatchlistKeys] = useState<Set<string>>(new Set())
  const isDevyRound = Boolean(devyConfig?.enabled && !c2cConfig?.enabled && 
currentRound != null && devyConfig.devyRounds?.includes(currentRound))
  const isCollegeRound = Boolean(c2cConfig?.enabled && currentRound != null && 
c2cConfig.collegeRounds?.includes(currentRound))
  const isProRound = Boolean(c2cConfig?.enabled && currentRound != null && 
!c2cConfig.collegeRounds?.includes(currentRound))
  const showPoolFilter = Boolean(devyConfig?.enabled || c2cConfig?.enabled)

  const positionOptions = useMemo(
    () => getPositionFilterOptionsForSport(sport, formatType),
    [sport, formatType],
  )

  /**
   * D.6.1 ΓÇö pill counts. Shows `<drafted>/<available>` per position so the 
user can
   * see at a glance \"I've drafted 0 RBs out of 88 available\". `drafted` 
comes from
   * the viewer's currentRoster prop; `available` is the count of pool players 
that
   * still match this position filter (excluding already-drafted players).
   *
   * For \"All\", `available` is the full undrafted pool.
   */
  const positionPillCounts = useMemo(() => {
    const draftedByPos: Record<string, number> = {}
    for (const r of currentRoster ?? []) {
      const k = String(r.position ?? '').trim().toUpperCase()
      if (!k) continue
      draftedByPos[k] = (draftedByPos[k] ?? 0) + 1
    }
    const available = (filterValue: string): number => {
      const v = filterValue.trim().toUpperCase()
      if (v === 'ALL') {
        return players.filter(
          (p) => !isPlayerDraftedEntry(p, draftedNames, draftedPlayerIds),
        ).length
      }
      return players.filter((p) => {
        if (isPlayerDraftedEntry(p, draftedNames, draftedPlayerIds)) return 
false
        return poolPlayerMatchesPositionPill(p.position, filterValue, {
          sport,
          formatType,
        })
      }).length
    }
    return positionOptions.map((opt) => {
      const k = String(opt.value).trim().toUpperCase()
      // Same alias group as the available-count above: DEF/DST/D/ST
      // pillside drafted total should sum across all defense rows.
      const draftedCount =
        k === 'K'
          ? (draftedByPos.K ?? 0) + (draftedByPos.PK ?? 0)
          : k === 'DEF' || k === 'DST' || k === 'D/ST'
            ? (draftedByPos.DEF ?? 0) + (draftedByPos.DST ?? 0) + 
(draftedByPos['D/ST'] ?? 0)
            : (draftedByPos[k] ?? 0)
      return {
        value: opt.value,
        label: opt.label,
        drafted: draftedCount,
        available: available(String(opt.value)),
      }
    })
  }, [positionOptions, players, currentRoster, draftedNames, draftedPlayerIds, 
sport, formatType])

  const rookieFilterContext = useMemo(
    () => ({
      sport,
      seasonYear: draftSeasonYear,
      devyEnabled: devyConfig?.enabled,
      c2cEnabled: c2cConfig?.enabled,
    }),
    [sport, draftSeasonYear, devyConfig?.enabled, c2cConfig?.enabled],
  )

  const rookieDataState = useMemo(
    () => getDraftRoomRookieDataState(players, rookieFilterContext),
    [players, rookieFilterContext],
  )

  const hasSecondaryPoolFilters = useMemo(
    () =>
      searchQuery.trim().length > 0 ||
      positionFilter !== 'All' ||
      teamFilter !== 'All' ||
      poolFilter !== 'All' ||
      watchlistOnly ||
      vetsOnly ||
      !hideDrafted,
    [searchQuery, positionFilter, teamFilter, poolFilter, watchlistOnly, 
vetsOnly, hideDrafted],
  )

  useEffect(() => {
    if (players.length === 0) return
    const undrafted = players.filter((p) => !isPlayerDraftedEntry(p, 
draftedNames, draftedPlayerIds))
    const counts = getDraftRoomPositionGroupCounts(undrafted, { sport, 
formatType })
    logDraftPoolPositionDiagnosticsIfNeeded({
      sport,
      leagueId: leagueId ?? null,
      totalPlayers: undrafted.length,
      counts,
      samplePositions: undrafted.slice(0, 40).map((p) => String(p.position ?? 
'')),
    })
    let sys = 0
    let ai = 0
    let neither = 0
    for (const p of undrafted) {
      const hasS = p.adp != null && Number.isFinite(Number(p.adp))
      const hasA = p.aiAdp != null && Number.isFinite(Number(p.aiAdp))
      if (hasS) sys += 1
      if (hasA) ai += 1
      if (!hasS && !hasA) neither += 1
    }
    logDraftPoolAdpDiagnosticsIfNeeded({
      sport,
      leagueId: leagueId ?? null,
      withSystemAdp: sys,
      withAiAdp: ai,
      withNeither: neither,
    })
  }, [players, draftedNames, draftedPlayerIds, sport, formatType, leagueId])

  const teamOptions = useMemo(() => {
    const teams = new Set(players.map((p) => p.team).filter(Boolean) as 
string[])
    return ['All', ...Array.from(teams).sort()]
  }, [players])

  /** Aligns pool sort + Sleeper table columns with the active position pill 
(IDP / MLB SP / NHL G). */
  const sleeperStatOpts = useMemo(
    () => sleeperPoolStatOptionsFromPositionFilter(sport, positionFilter),
    [sport, positionFilter],
  )

  const scrollRef = useRef<HTMLDivElement>(null)
  const searchInputRef = useRef<HTMLInputElement>(null)

  const watchKeyFor = useCallback((p: PlayerEntry) => {
    return [String(p.id ?? '').trim(), p.name.trim().toLowerCase(), 
p.position.trim().toLowerCase(), String(p.team ?? 
'').trim().toLowerCase()].join('|')
  }, [])

  const selectedNormalized = useMemo(
    () => (selectedPlayer ? normalizePlayer(selectedPlayer) : null),
    [selectedPlayer],
  )

  useEffect(() => {
    if (typeof window === 'undefined') return
    try {
      const raw = window.localStorage.getItem(DRAFT_WATCHLIST_STORAGE_KEY)
      if (!raw) return
      const parsed = JSON.parse(raw) as string[]
      if (Array.isArray(parsed)) {
        setWatchlistKeys(new Set(parsed.filter((v) => typeof v === 'string' && 
v.length > 0)))
      }
    } catch {
      // ignore malformed storage
    }
  }, [])

  useEffect(() => {
    if (typeof window === 'undefined') return
    try {
      window.localStorage.setItem(DRAFT_WATCHLIST_STORAGE_KEY, 
JSON.stringify(Array.from(watchlistKeys)))
    } catch {
      // ignore storage failure
    }
  }, [watchlistKeys])

  const filtered = useMemo(() => {
    let list = hideDrafted
      ? players.filter((p) => !isPlayerDraftedEntry(p, draftedNames, 
draftedIdsForRows))
      : [...players]
    if (watchlistOnly) {
      list = list.filter((p) => watchlistKeys.has(watchKeyFor(p)))
    }
    if (rookiesOnly) {
      list = list.filter((p) => isRookieEligibleForFilter(p, 
rookieFilterContext))
    }
    // Commit N ΓÇö Vets Only filter. Predicate is evidence-required (not a
    // simple negation of rookie) so rows with missing metadata don't get
    // accidentally counted as vets.
    if (vetsOnly) {
      list = list.filter((p) => isVetEligibleForFilter(p))
    }
    if (teamFilter !== 'All') {
      list = list.filter((p) => p.team === teamFilter)
    }
    if (c2cConfig?.enabled && poolFilter !== 'All') {
      if (poolFilter === 'College') list = list.filter((p) => p.poolType === 
'college' || (p.isDevy === true && p.poolType !== 'pro'))
      else if (poolFilter === 'Pro') list = list.filter((p) => p.poolType === 
'pro' || (p.isDevy !== true && p.poolType !== 'college'))
    } else if (devyConfig?.enabled && poolFilter !== 'All') {
      if (poolFilter === 'Devy') list = list.filter((p) => p.isDevy === true)
      else if (poolFilter === 'Pro') list = list.filter((p) => p.isDevy !== 
true)
    }
    const asDraftPlayers = list.map((p) => ({
      name: p.name,
      position: p.position,
      team: p.team,
      adp: p.adp ?? undefined,
    }))
    const filteredDraft = applyDraftFilters(asDraftPlayers, {
      searchQuery,
      positionFilter,
      draftedNames,
      showDrafted: !hideDrafted,
    })
    const searchLower = searchQuery.trim().toLowerCase()
    list = list.filter((p) => {
      const inResolved = filteredDraft.some((d) => d.name === p.name && 
d.position === p.position)
      const schoolMatch = Boolean(searchLower && (p.school ?? 
'').toLowerCase().includes(searchLower))
      const landingSpotMatch = Boolean(searchLower && (p.projectedLandingSpot 
?? '').toLowerCase().includes(searchLower))
      return inResolved || schoolMatch || landingSpotMatch
    })
    /** D.3 ΓÇö single sort path covers both toolbar 
(adp/aiAdp/projected/name) and table-header
     * sorts (bye/pts/avg + rushing/receiving/passing splits). Nulls always 
sort last; tiebreak is ADP asc then name asc. */
    list = applyPoolSort<PlayerEntry>(list, { key: sortBy, direction: 
sortDirection }, sport, sleeperStatOpts)
    return list
  }, [
    players,
    draftedNames,
    draftedIdsForRows,
    hideDrafted,
    watchlistOnly,
    rookiesOnly,
    vetsOnly,
    watchlistKeys,
    watchKeyFor,
    searchQuery,
    positionFilter,
    teamFilter,
    poolFilter,
    devyConfig?.enabled,
    c2cConfig?.enabled,
    sortBy,
    sortDirection,
    useAiAdp,
    sport,
    sleeperStatOpts,
    rookieFilterContext,
  ])

  useEffect(() => {
    if (process.env.NODE_ENV === 'production') return
    if (!rookiesOnly) return
    if (filtered.length > 0) return
    if (players.length === 0) return
    const seasonYear = rookieFilterContext.seasonYear ?? new 
Date().getUTCFullYear()
    console.info(
      '[draft-room] rookies-only empty ΓÇö signal diagnostics',
      buildRookieSignalDiagnostics(players as DraftRoomRookiePlayerLike[], 
sport, seasonYear),
    )
  }, [rookiesOnly, filtered.length, players, sport, rookieFilterContext])

  const selectedIsWatchlisted = selectedPlayer ? 
watchlistKeys.has(watchKeyFor(selectedPlayer)) : false

  useEffect(() => {
    if (!showPoolFilter || currentRound == null) return
    if (c2cConfig?.enabled) {
      setPoolFilter(isCollegeRound ? 'College' : 'Pro')
      return
    }
    if (devyConfig?.enabled) {
      setPoolFilter(isDevyRound ? 'Devy' : 'Pro')
    }
  }, [showPoolFilter, currentRound, c2cConfig?.enabled, devyConfig?.enabled, 
isCollegeRound, isDevyRound])

  useEffect(() => {
    if (!selectedPlayerTarget?.name) return
    const match = players.find(
      (p) =>
        p.name.toLowerCase() === selectedPlayerTarget.name.toLowerCase() &&
        p.position.toLowerCase() === (selectedPlayerTarget.position || 
'').toLowerCase()
    )
    if (!match) return
    setShowRosterView(false)
    setSelectedPlayer(match)
    setSearchQuery(match.name)
  }, [selectedPlayerTarget?.name, selectedPlayerTarget?.position, players])

  /** D.3 ΓÇö single sort change entry point used by both the legacy toolbar 
buttons
   * and the new SleeperPoolTable header buttons. Same key ΓåÆ flip direction; 
new
   * key ΓåÆ switch to that key's default direction. */
  const handleSortChange = useCallback(
    (requestedKey: SortKey) => {
      const next = nextSortState({ key: sortBy, direction: sortDirection }, 
requestedKey)
      setSortBy(next.key)
      setSortDirection(next.direction)
    },
    [sortBy, sortDirection],
  )

  /** D.3 ΓÇö adapter used by SleeperPoolTable header buttons. The table emits 
column keys
   * ('rk', 'player', 'avg', 'pa_int' ΓÇª); we resolve them through 
`sortKeyForColumn`. */
  const handleColumnHeaderSort = useCallback(
    (columnKey: string) => {
      const sortKey = sortKeyForColumn(columnKey, sport)
      if (!sortKey) return
      handleSortChange(sortKey)
    },
    [handleSortChange, sport],
  )

  const onCompareTap = useCallback(
    (p: PlayerEntry) => {
      if (!compareAnchor) {
        setCompareAnchor(p)
        return
      }
      if (compareAnchor.name === p.name) {
        setCompareAnchor(null)
        return
      }
      const payload = {
        playerA: compareAnchor.name,
        playerB: p.name,
        sport,
        leagueId: leagueId ?? null,
        source: 'draft' as const,
      }
      if (compareUi) {
        compareUi.openComparison(payload)
      } else if (typeof window !== 'undefined') {
        const q = new URLSearchParams({
          playerA: payload.playerA,
          playerB: payload.playerB,
          sport: payload.sport,
        })
        if (leagueId) q.set('leagueId', leagueId)
        window.location.href = `/player-compare?${q.toString()}`
      }
      setCompareAnchor(null)
    },
    [compareAnchor, compareUi, leagueId, sport]
  )

  useEffect(() => {
    if (typeof window === 'undefined') return
    const onFocusSearch = () => {
      searchInputRef.current?.focus()
      searchInputRef.current?.select()
    }
    window.addEventListener('af:draft-player-search-focus', onFocusSearch)
    return () => window.removeEventListener('af:draft-player-search-focus', 
onFocusSearch)
  }, [])

  useEffect(() => {
    if (!leagueId) return
    const q = searchQuery.trim()
    if (q.length < 2) return
    const id = window.setTimeout(() => {
      sendProductAnalyticsBeacon(DRAFT_ROOM.SEARCH, { leagueId, len: q.length 
})
    }, 750)
    return () => window.clearTimeout(id)
  }, [searchQuery, leagueId])

  useEffect(() => {
    if (!selectedPlayer) return
    if (isPlayerDraftedEntry(selectedPlayer, draftedNames, draftedIdsForRows)) 
{
      setSelectedPlayer(null)
    }
  }, [draftedNames, draftedIdsForRows, selectedPlayer])

  const clearAllFilters = useCallback(() => {
    setSearchQuery('')
    setPositionFilter('All')
    setTeamFilter('All')
    setPoolFilter('All')
    setWatchlistOnly(false)
    setRookiesOnly(false)
    setVetsOnly(false)
    setHideDrafted(true)
  }, [])

  /**
   * Commit N ΓÇö mutual exclusion between rookies-only and vets-only. Toggling
   * one off when the other is being turned on prevents the empty
   * intersection (a player can't be both a rookie and a vet).
   */
  const toggleRookiesOnly = useCallback(() => {
    setRookiesOnly((v) => {
      const next = !v
      if (next) setVetsOnly(false)
      return next
    })
  }, [])

  const toggleVetsOnly = useCallback(() => {
    setVetsOnly((v) => {
      const next = !v
      if (next) setRookiesOnly(false)
      return next
    })
  }, [])

  return (
    <section
      className={
        rs
          ? 'relative flex h-full min-h-0 max-h-full flex-1 flex-col 
overflow-hidden rounded-2xl border border-cyan-500/20 
bg-[linear-gradient(168deg,rgba(12,24,44,0.95)_0%,rgba(5,10,20,0.98)_100%)] sha
dow-[0_20px_64px_rgba(0,0,0,0.5),0_0_0_1px_rgba(34,211,238,0.05),inset_0_1px_0_
rgba(255,255,255,0.05)]'
          : 'relative flex min-h-0 flex-1 flex-col overflow-hidden rounded-2xl 
border border-white/[0.09] bg-gradient-to-b from-[#070f22] via-[#060d1e] 
to-[#050a14] shadow-[0_16px_48px_rgba(0,0,0,0.4)]'
      }
      data-testid=\"draft-player-panel\"
    >
      <div
        className={`pointer-events-none absolute inset-x-0 top-0 h-px 
bg-gradient-to-r ${rs ? 'via-cyan-400/30' : 'via-violet-400/15'} 
from-transparent to-transparent`}
        aria-hidden
      />
      <div
        className={`sticky top-0 z-20 shrink-0 border-b 
shadow-[0_12px_40px_rgba(0,0,0,0.5)] backdrop-blur-xl ${rs ? 
'border-cyan-500/12 bg-[rgba(6,14,28,0.97)]' : 'border-white/[0.08] 
bg-[#060d1e]/92'}`}
      >
        <div className={`flex flex-wrap items-center gap-1.5 border-b 
border-white/[0.06] p-2 ${rs ? 'gap-y-1.5' : ''}`}>
          <div
            className={`flex min-h-[44px] flex-1 items-center gap-2 rounded-xl 
border px-3 py-2 shadow-inner touch-manipulation transition duration-150 
focus-within:border-cyan-400/40 focus-within:ring-2 
focus-within:ring-cyan-400/20 ${
              rs
                ? 'min-w-[160px] border-cyan-400/25 bg-[#070f1c]/95 ring-1 
ring-cyan-500/10'
                : 'border-white/14 bg-[#0a1228]/95'
            }`}
          >
            <Search className={`h-4 w-4 shrink-0 ${rs ? 'text-cyan-300/70' : 
'text-white/50'}`} />
            <input
              ref={searchInputRef}
              type=\"text\"
              value={searchQuery}
              onChange={(e) => setSearchQuery(e.target.value)}
              placeholder={rs ? 'Search name, team, schoolΓÇª' : 'Search 
players...'}
              className=\"min-w-0 flex-1 bg-transparent text-sm text-white 
placeholder:text-white/40 focus:outline-none\"
              aria-label=\"Search players\"
              data-testid=\"draft-player-search-input\"
            />
          </div>
          {/* D.6.1 ΓÇö position pills replacing the legacy <select>. Each 
pill shows the
              available pool count for that position; the active pill is 
highlighted with
              the cyanΓåÆviolet gradient that matches the rest of the 
Sleeper-style chrome.
              The legacy `data-testid=\"draft-position-filter\"` lives on the 
wrapper so e2e
              selectors that expect to find it still resolve. */}
          <div
            role=\"radiogroup\"
            aria-label=\"Position filter\"
            data-testid=\"draft-position-filter\"
            className=\"flex min-h-[44px] flex-wrap items-center gap-1\"
          >
            {positionPillCounts.map((opt) => {
              const isActive = positionFilter === opt.value
              return (
                <button
                  key={opt.value}
                  type=\"button\"
                  role=\"radio\"
                  aria-checked={isActive}
                  data-testid={`draft-position-pill-${String(opt.value).toLower
Case().replace(/\\s+/g, '-')}`}
                  data-active={isActive ? 'true' : 'false'}
                  onClick={() => {
                    if (leagueId) 
sendProductAnalyticsBeacon(DRAFT_ROOM.FILTER_POSITION, { leagueId, value: 
opt.value })
                    setPositionFilter(opt.value)
                  }}
                  className={`inline-flex h-8 items-center gap-1 rounded-full 
border px-2.5 text-[11px] font-semibold uppercase tracking-wider transition 
focus-visible:outline-none focus-visible:ring-2 focus-visible:ring-cyan-400/40 
${
                    isActive
                      ? 'border-cyan-400/45 bg-gradient-to-r from-cyan-500/22 
to-violet-600/18 text-cyan-50 shadow-[0_0_14px_rgba(34,211,238,0.18)]'
                      : 'border-white/15 bg-black/20 text-white/65 
hover:border-white/28 hover:text-white/90'
                  }`}
                >
                  <span>{opt.label}</span>
                  <span
                    className={`text-[9px] font-medium tabular-nums ${
                      isActive ? 'text-cyan-100/85' : 'text-white/45'
                    }`}
                  >
                    {opt.drafted}/{opt.available}
                  </span>
                </button>
              )
            })}
          </div>
          <select
            value={teamFilter}
            onChange={(e) => {
              const v = e.target.value
              if (leagueId) sendProductAnalyticsBeacon(DRAFT_ROOM.FILTER_TEAM, 
{ leagueId, value: v })
              setTeamFilter(v)
            }}
            className={`min-h-[44px] rounded-xl border px-3 py-2 text-sm 
text-white shadow-sm touch-manipulation transition duration-150 
focus-visible:outline-none focus-visible:ring-2 focus-visible:ring-cyan-400/40 
${
              rs ? 'border-cyan-400/28 bg-[#081424]/95' : 'border-white/14 
bg-[#0a1228]/95'
            }`}
            aria-label=\"Team filter\"
            data-testid=\"draft-team-filter\"
          >
            {teamOptions.slice(0, 32).map((t) => (
              <option key={t} value={t}>
                {t}
              </option>
            ))}
          </select>
          {/* View-mode toggle: Table (dense) Γåö Cards. Computes the same 
`useTable`
              rule the body uses; clicking flips the override. Null override 
defers
              to the auto rule (NFL ΓåÆ table, others ΓåÆ cards). */}
          <div
            role=\"radiogroup\"
            aria-label=\"Player pool view mode\"
            data-testid=\"draft-pool-view-mode\"
            className=\"ml-auto inline-flex items-center gap-1 rounded-xl 
border border-white/14 bg-[#0a1228]/95 p-0.5\"
          >
            <button
              type=\"button\"
              role=\"radio\"
              aria-checked={viewModeOverride === 'sleeper_table' || 
(viewModeOverride === null && (poolLayout === 'sleeper_table' || (poolLayout 
=== 'auto' && sport === 'NFL')))}
              onClick={() => setViewModeOverride('sleeper_table')}
              data-testid=\"draft-pool-view-table\"
              title=\"Table view\"
              className={`inline-flex h-9 w-9 items-center justify-center 
rounded-lg transition ${
                viewModeOverride === 'sleeper_table' || (viewModeOverride === 
null && (poolLayout === 'sleeper_table' || (poolLayout === 'auto' && sport === 
'NFL')))
                  ? 'bg-cyan-500/20 text-cyan-100 
shadow-[0_0_10px_rgba(34,211,238,0.18)]'
                  : 'text-white/55 hover:bg-white/[0.06] hover:text-white/85'
              }`}
            >
              <Rows3 className=\"h-4 w-4\" aria-hidden />
            </button>
            <button
              type=\"button\"
              role=\"radio\"
              aria-checked={viewModeOverride === 'card' || (viewModeOverride 
=== null && poolLayout !== 'sleeper_table' && !(poolLayout === 'auto' && sport 
=== 'NFL'))}
              onClick={() => setViewModeOverride('card')}
              data-testid=\"draft-pool-view-cards\"
              title=\"Card view\"
              className={`inline-flex h-9 w-9 items-center justify-center 
rounded-lg transition ${
                viewModeOverride === 'card' || (viewModeOverride === null && 
poolLayout !== 'sleeper_table' && !(poolLayout === 'auto' && sport === 'NFL'))
                  ? 'bg-cyan-500/20 text-cyan-100 
shadow-[0_0_10px_rgba(34,211,238,0.18)]'
                  : 'text-white/55 hover:bg-white/[0.06] hover:text-white/85'
              }`}
            >
              <LayoutGrid className=\"h-4 w-4\" aria-hidden />
            </button>
          </div>
          {showPoolFilter && (
            <select
              value={poolFilter}
              onChange={(e) => {
                const v = e.target.value as 'All' | 'Pro' | 'Devy' | 'College'
                if (leagueId) 
sendProductAnalyticsBeacon(DRAFT_ROOM.POOL_FILTER, { leagueId, value: v })
                setPoolFilter(v)
              }}
              className=\"min-h-[44px] rounded-xl border border-white/14 
bg-[#0a1228]/95 px-3 py-2 text-sm text-white shadow-sm touch-manipulation 
transition duration-150 focus-visible:outline-none focus-visible:ring-2 
focus-visible:ring-cyan-400/40\"
              aria-label=\"Pool filter\"
              data-testid=\"draft-pool-filter\"
            >
              <option value=\"All\">All</option>
              {c2cConfig?.enabled ? (
                <>
                  <option value=\"College\">College</option>
                  <option value=\"Pro\">Pro</option>
                </>
              ) : (
                <>
                  <option value=\"Pro\">Pro</option>
                  <option value=\"Devy\">Devy</option>
                </>
              )}
            </select>
          )}
        </div>
        {isCollegeRound && (
          <div className=\"border-b border-violet-400/20 bg-violet-500/10 px-2 
py-1 text-[10px] text-violet-100\">
            College round (C2C) ΓÇö select a college-eligible player.
          </div>
        )}
        {isProRound && (
          <div className=\"border-b border-cyan-400/20 bg-cyan-500/8 px-2 py-1 
text-[10px] text-cyan-100\">
            Pro round (C2C) ΓÇö select an NFL player.
          </div>
        )}
        {isDevyRound && (
          <div className=\"border-b border-amber-400/20 bg-amber-500/10 px-2 
py-1 text-[10px] text-amber-100\">
            Devy round ΓÇö select a college/devy-eligible player.
          </div>
        )}
        <div
          className={`flex flex-wrap items-center gap-1.5 border-b 
border-white/[0.06] px-2 py-2 sm:px-3 ${rs ? 'bg-[#050c18]/95' : 
'bg-black/10'}`}
        >
          {/* G.1 ΓÇö Sort buttons (ADP / AI ADP / Proj / Name) removed.
              They duplicated the SleeperPoolTable's clickable column headers, 
which
              are the canonical sort UI. The \"Use AI ADP\" toggle, AI-ADP 
warnings,
              and the \"My roster / Pool\" view-toggle remain in this row 
because they
              don't belong on the table header. */}
          {useAiAdp && (
            <span className=\"rounded border border-cyan-300/25 bg-cyan-500/10 
px-1.5 py-0.5 text-[10px] text-cyan-100\" title=\"Player order uses AI ADP\">
              AI ADP
            </span>
          )}
          {onUseAiAdpChange && (
            <label className=\"min-h-[44px] flex cursor-pointer items-center 
gap-2 rounded-lg px-2 py-2 text-[10px] text-white/70 hover:bg-white/5 
touch-manipulation transition\">
              <input
                type=\"checkbox\"
                checked={useAiAdp}
                onChange={(e) => {
                  if (leagueId) {
                    sendProductAnalyticsBeacon(DRAFT_ROOM.AI_ADP_SORT, { 
leagueId, enabled: e.target.checked })
                  }
                  onUseAiAdpChange(e.target.checked)
                }}
                className=\"rounded border-white/20 w-4 h-4 shrink-0\"
                aria-label=\"Use AI ADP for sort order\"
              />
              Use AI ADP
            </label>
          )}
          {aiAdpUnavailable && (
            <span
              className=\"text-[10px] text-amber-400/90\"
              data-testid=\"draft-ai-adp-unavailable-banner\"
              title={formatAiAdpUnavailableBanner(aiAdpUnavailableMessage) ?? 
undefined}
            >
              {formatAiAdpUnavailableBanner(aiAdpUnavailableMessage)}
            </span>
          )}
          {useAiAdp && aiAdpStaleWarning && !aiAdpUnavailable && (
            <span className=\"text-[10px] text-amber-300/90\" title=\"AI ADP 
is stale and will refresh after the daily job\">
              Stale snapshot
            </span>
          )}
          {useAiAdp && aiAdpLowSampleWarning && !aiAdpUnavailable && (
            <span className=\"text-[10px] text-amber-400/90\" title=\"Some ADP 
values based on few drafts\">
              Low sample
            </span>
          )}
          <button
            type=\"button\"
            onClick={() => setShowRosterView((v) => !v)}
            data-testid=\"draft-toggle-roster-view\"
            className=\"ml-auto min-h-[40px] flex items-center gap-1.5 
rounded-lg px-3 py-2 text-xs text-white/70 hover:bg-white/10 
touch-manipulation focus-visible:outline-none focus-visible:ring-2 
focus-visible:ring-cyan-400/40 transition\"
          >
            <User className=\"h-3.5 w-3.5\" />
            {showRosterView ? 'Pool' : 'My roster'}
          </button>
        </div>
        <div
          className={`flex flex-wrap items-center justify-between gap-2 
border-b px-2 py-1.5 text-[10px] ${rs ? 'border-cyan-500/10 bg-black/20 
text-white/60' : 'border-white/8 text-white/55'}`}
        >
          <span className={rs ? 'tabular-nums' : undefined}>
            <span className=\"font-semibold 
text-white/85\">{filtered.length}</span> shown
            {hideDrafted ? <span className=\"text-white/45\"> ┬╖ drafted 
hidden</span> : null}
          </span>
          <div className=\"flex flex-wrap items-center gap-1.5\">
            <button
              type=\"button\"
              data-testid=\"draft-filter-watchlist-only\"
              onClick={() => setWatchlistOnly((v) => !v)}
              className={`rounded border px-2 py-1 transition 
focus-visible:outline-none focus-visible:ring-2 focus-visible:ring-cyan-400/40 
${watchlistOnly ? 'border-cyan-300/35 bg-cyan-500/12 text-cyan-100' : 
'border-white/15 bg-black/20 text-white/65 hover:bg-white/10'}`}
            >
              Watchlist
            </button>
            <button
              type=\"button\"
              data-testid=\"draft-filter-hide-drafted\"
              onClick={() => setHideDrafted((v) => !v)}
              className={`rounded border px-2 py-1 transition 
focus-visible:outline-none focus-visible:ring-2 focus-visible:ring-cyan-400/40 
${hideDrafted ? 'border-cyan-300/35 bg-cyan-500/12 text-cyan-100' : 
'border-white/15 bg-black/20 text-white/65 hover:bg-white/10'}`}
            >
              Hide drafted
            </button>
            {/* D.7 ΓÇö Rookies Only filter. NFL redraft uses Sleeper 
`years_exp === 0`
                via the resolved draft pool; devy/C2C leagues additionally 
include
                isDevy / classYearLabel rows. When no rookie metadata is 
available
                for the pool, the empty state surfaces \"Rookie data 
unavailable\". */}
            <button
              type=\"button\"
              data-testid=\"draft-filter-rookies-only\"
              onClick={toggleRookiesOnly}
              aria-pressed={rookiesOnly}
              className={`rounded border px-2 py-1 transition 
focus-visible:outline-none focus-visible:ring-2 
focus-visible:ring-violet-400/40 ${rookiesOnly ? 'border-violet-300/40 
bg-violet-500/14 text-violet-100' : 'border-white/15 bg-black/20 text-white/65 
hover:bg-white/10'}`}
            >
              Rookies only
            </button>
            {/* Commit N ΓÇö Vets Only companion filter. Evidence-required 
predicate
                (yearsExp ΓëÑ 1 or graduated devy); mutually exclusive with
                rookies-only via toggleVetsOnly. */}
            <button
              type=\"button\"
              data-testid=\"draft-filter-vets-only\"
              onClick={toggleVetsOnly}
              aria-pressed={vetsOnly}
              className={`rounded border px-2 py-1 transition 
focus-visible:outline-none focus-visible:ring-2 focus-visible:ring-cyan-400/40 
${vetsOnly ? 'border-cyan-300/40 bg-cyan-500/14 text-cyan-100' : 
'border-white/15 bg-black/20 text-white/65 hover:bg-white/10'}`}
            >
              Vets only
            </button>
          </div>
          <button
            type=\"button\"
            data-testid=\"draft-clear-filters\"
            onClick={clearAllFilters}
            className=\"rounded border border-white/15 bg-black/20 px-2 py-1 
text-white/65 transition hover:bg-white/10 focus-visible:outline-none 
focus-visible:ring-2 focus-visible:ring-cyan-400/40\"
          >
            Clear filters
          </button>
        </div>
      </div>
      {compareAnchor && (
        <div
          className=\"flex flex-wrap items-center justify-between gap-2 
border-b border-amber-400/25 bg-amber-500/10 px-2.5 py-2 text-[11px] 
text-amber-100\"
          data-testid=\"draft-compare-anchor-hint\"
        >
          <span>
            Compare: <span className=\"font-semibold 
text-white\">{compareAnchor.name}</span> ΓÇö tap another player, or tap again 
to cancel.
          </span>
          <button
            type=\"button\"
            onClick={() => setCompareAnchor(null)}
            className=\"shrink-0 rounded border border-amber-400/35 
bg-black/20 px-2 py-1 text-[10px] text-amber-50 hover:bg-black/35 transition\"
          >
            <X className=\"h-3 w-3\" />
          </button>
        </div>
      )}
      {selectedPlayer && (
        <PlayerDetailModal
          open={true}
          onClose={() => setSelectedPlayer(null)}
          normalized={selectedNormalized}
          player={{
            id: (() => {
              const candidates = [selectedPlayer.id, 
selectedPlayer.display?.playerId]
              for (const c of candidates) {
                if (c == null || String(c).trim() === '') continue
                const s = String(c)
                // Synthetic fallback ids break Sleeper headshots and game 
logs; omit so APIs use name/team.
                if (s.startsWith('name:')) continue
                return s
              }
              return null
            })(),
            name: selectedPlayer.name,
            position: selectedPlayer.position ?? null,
            team: selectedPlayer.team ?? null,
            byeWeek: selectedPlayer.byeWeek ?? null,
            adp: useAiAdp ? (selectedPlayer.aiAdp ?? null) : 
(selectedPlayer.adp ?? null),
            headshotUrl:
              getDraftRoomDisplayHeadshot(selectedPlayer) ??
              selectedNormalized?.imageUrl ??
              selectedPlayer.display?.assets?.headshotUrl ??
              null,
            teamLogoUrl: selectedNormalized?.teamLogoUrl ?? 
selectedPlayer.display?.assets?.teamLogoUrl ?? null,
            status: getDraftRoomDisplayInjury(selectedPlayer) ?? 
selectedPlayer.display?.metadata?.injuryStatus ?? null,
            college: selectedPlayer.school ?? 
selectedPlayer.display?.metadata?.collegeOrPipeline ?? null,
            age: selectedPlayer.display?.metadata?.age ?? null,
            heightIn: null,
            weightLbs: null,
            // Commit N ΓÇö pass the resolved Sleeper years_exp through so the
            // detail modal can render rookie/vet status accurately. Was
            // hardcoded to `null`, which silently dropped rookie metadata
            // for every player on the board.
            yearsExp:
              typeof selectedPlayer.yearsExp === 'number' && 
Number.isFinite(selectedPlayer.yearsExp)
                ? selectedPlayer.yearsExp
                : null,
            jersey: null,
          }}
          sport={sport}
          canDraft={canDraft && !isPlayerDraftedEntry(selectedPlayer, 
draftedNames, draftedIdsForRows)}
          onMakePick={() => {
            onMakePick(selectedPlayer)
            setSelectedPlayer(null)
          }}
          onAddToQueue={() => {
            onAddToQueue(selectedPlayer)
            setSelectedPlayer(null)
          }}
          isWatchlisted={selectedIsWatchlisted}
          onToggleWatchlist={() => {
            const key = watchKeyFor(selectedPlayer)
            setWatchlistKeys((prev) => {
              const next = new Set(prev)
              if (next.has(key)) next.delete(key)
              else next.add(key)
              return next
            })
          }}
          draftCopilot={getDraftCopilotInsight ? 
getDraftCopilotInsight(selectedPlayer) : null}
          assistantRoomContext={
            rs && getAssistantRoomContext ? 
getAssistantRoomContext(selectedPlayer) : null
          }
          presentationVariant={rs ? 'redraft_snake' : 'default'}
          adpDisplayLabel={useAiAdp ? 'AI ADP' : 'ADP'}
          draftUnavailableReason={
            selectedPlayer && isPlayerDraftedEntry(selectedPlayer, 
draftedNames, draftedIdsForRows)
              ? 'already_drafted'
              : selectedPlayer && !canDraft
                ? 'not_your_pick'
                : null
          }
          nflDraftProjectionSplits={
            sport === 'NFL' ? (selectedPlayer.nflDraftProjectionSplits ?? 
null) : null
          }
        />
      )}
      <div
        ref={scrollRef}
        data-testid=\"draft-player-list-scroll\"
        className={`min-h-0 flex-1 overscroll-contain p-2 pb-4 sm:p-3 ${
          rs
            ? `max-h-[min(68vh,620px)] sm:max-h-[min(70vh,660px)] 
lg:max-h-[min(74vh,760px)] overflow-y-scroll 
bg-[linear-gradient(180deg,rgba(8,18,32,0.55),rgba(4,9,17,0.96))] 
[scrollbar-gutter:stable] 
[scrollbar-color:rgba(56,189,248,0.45)_rgba(15,23,42,0.55)] 
[scrollbar-width:thin] [&::-webkit-scrollbar]:w-2 
[&::-webkit-scrollbar-track]:rounded-full 
[&::-webkit-scrollbar-track]:bg-slate-950/80 
[&::-webkit-scrollbar-thumb]:rounded-full 
[&::-webkit-scrollbar-thumb]:bg-cyan-500/40 
[&::-webkit-scrollbar-thumb:hover]:bg-cyan-400/55`
            : 'overflow-auto bg-[#050a14]/40'
        }`}
      >
        {rs && !selectedPlayer && !showRosterView && !loading && 
filtered.length > 0 ? (
          <div className=\"mb-2 rounded-lg border border-cyan-500/20 
bg-gradient-to-r from-cyan-500/[0.07] to-transparent px-3 py-2 text-[10px] 
leading-snug text-cyan-100/85\">
            Select a player for projections, news, queue, compare, and draft 
actions.
          </div>
        ) : null}
        {loading ? (
          <div className=\"space-y-2 py-1\" aria-busy=\"true\" 
aria-label={t(DRAFT_ROOM_I18N_KEYS.playerPoolLoading)}>
            <p 
className=\"sr-only\">{t(DRAFT_ROOM_I18N_KEYS.playerPoolLoading)}</p>
            {Array.from({ length: 8 }).map((_, i) => (
              <div
                key={i}
                className=\"flex animate-pulse items-center gap-2 rounded-lg 
border border-white/10 bg-[#0a1228]/90 px-2 py-2\"
              >
                <div className=\"h-7 w-7 shrink-0 rounded-full bg-white/10\" />
                <div className=\"min-w-0 flex-1 space-y-2\">
                  <div className=\"h-2.5 w-24 rounded bg-white/10\" />
                  <div className=\"h-2 w-40 max-w-full rounded 
bg-white/[0.07]\" />
                </div>
                <div className=\"h-8 w-16 shrink-0 rounded-md 
bg-white/[0.06]\" />
              </div>
            ))}
          </div>
        ) : showRosterView ? (
          <ul className=\"space-y-1\">
            {currentRoster.length === 0 ? (
              <li className=\"text-[10px] 
text-white/50\">{t('draftRoom.playerPanel.noPicksYet')}</li>
            ) : (
              currentRoster.map((p, i) => (
                <li
                  key={`${p.playerName}-${i}`}
                  className=\"flex items-center justify-between gap-2 
rounded-lg border border-white/10 bg-[#0a1228] px-2 py-1.5 text-[11px] 
hover:border-white/20 transition\"
                >
                  <span className=\"font-medium 
text-white\">{p.playerName}</span>
                  <span className=\"text-white/55\">{p.position}{p.team ? ` ┬╖ 
${p.team}` : ''}</span>
                </li>
              ))
            )}
          </ul>
        ) : filtered.length === 0 ? (
          <div className=\"flex flex-col items-center justify-center gap-3 
px-4 py-14 text-center\">
            {players.length === 0 ? (
              <>
                <p
                  className=\"text-sm font-medium text-white/75\"
                  data-testid=\"draft-pool-empty-unloaded\"
                >
                  No players loaded for this pool.
                </p>
                <p className=\"max-w-xs text-xs text-white/45\">
                  Wait for the pool to finish loading, or refresh the draft 
room if this persists.
                </p>
              </>
            ) : rookiesOnly && !hasSecondaryPoolFilters && 
rookieDataState.reason === 'no_rookie_metadata' ? (
              <>
                <p
                  className=\"text-sm font-medium text-white/75\"
                  data-testid=\"draft-rookie-metadata-missing\"
                >
                  Rookie metadata is not available for this pool yet.
                </p>
                <p className=\"max-w-xs text-xs text-white/45\">
                  We could not read rookie signals (experience, flags, or 
draft year) on these rows. Toggle Rookies Only off to see the full list.
                </p>
                <button
                  type=\"button\"
                  onClick={() => setRookiesOnly(false)}
                  data-testid=\"draft-rookie-data-unavailable-clear\"
                  className=\"rounded-full border border-violet-400/35 
bg-violet-500/12 px-4 py-2 text-xs font-medium text-violet-100 transition 
hover:bg-violet-500/20 focus-visible:outline-none focus-visible:ring-2 
focus-visible:ring-violet-400/45\"
                >
                  Turn off Rookies Only
                </button>
              </>
            ) : rookiesOnly && !hasSecondaryPoolFilters && 
rookieDataState.reason === 'no_rookies_for_context' ? (
              <>
                <p
                  className=\"text-sm font-medium text-white/75\"
                  data-testid=\"draft-rookie-none-for-context\"
                >
                  No rookies found for this draft context.
                </p>
                <p className=\"max-w-xs text-xs text-white/45\">
                  The pool has rookie signals, but no players matched as 
rookies for this sport/season. Toggle Rookies Only off to see everyone.
                </p>
                <button
                  type=\"button\"
                  onClick={() => setRookiesOnly(false)}
                  data-testid=\"draft-rookie-none-for-context-clear\"
                  className=\"rounded-full border border-violet-400/35 
bg-violet-500/12 px-4 py-2 text-xs font-medium text-violet-100 transition 
hover:bg-violet-500/20 focus-visible:outline-none focus-visible:ring-2 
focus-visible:ring-violet-400/45\"
                >
                  Turn off Rookies Only
                </button>
              </>
            ) : (
              <>
                <p className=\"text-sm font-medium text-white/75\">No players 
match your filters</p>
                <p className=\"max-w-xs text-xs text-white/45\">Widen search, 
reset position or team, or clear filters to see the pool again.</p>
                <button
                  type=\"button\"
                  onClick={clearAllFilters}
                  data-testid=\"draft-empty-clear-filters\"
                  className=\"rounded-full border border-cyan-400/35 
bg-cyan-500/12 px-4 py-2 text-xs font-medium text-cyan-100 transition 
hover:bg-cyan-500/20 focus-visible:outline-none focus-visible:ring-2 
focus-visible:ring-cyan-400/45\"
                >
                  Clear filters
                </button>
              </>
            )}
          </div>
        ) : (
          (() => {
            /**
             * D.2 ΓÇö choose between Sleeper-style dense table and legacy 
card layout.
             *
             * Auto rule: NFL pools render the table; everything else stays on 
cards.
             * E.2.7 makes this safe ΓÇö `nflDraftProjectionSplits` now 
hydrates with
             * real PPG / passing / rushing / receiving values, so the table's 
stat
             * columns aren't full of em-dashes.
             *
             * The horizontal-scroll container honors small viewports ΓÇö on 
mobile,
             * the table scrolls sideways rather than squishing column widths.
             */
            const useTable =
              viewModeOverride === 'sleeper_table' ||
              (viewModeOverride === null &&
                (poolLayout === 'sleeper_table' ||
                  (poolLayout === 'auto' && sport === 'NFL')))

            if (!useTable) {
              return (
                <PlayerListVirtualized
                  filtered={filtered}
                  draftedNames={draftedNames}
                  draftedPlayerIds={draftedIdsForRows}
                  presentationVariant={presentationVariant}
                  selectedPlayer={selectedPlayer}
                  isPlayerQueued={isPlayerQueued}
                  canDraft={canDraft}
                  canNominate={canNominate}
                  useAiAdp={useAiAdp}
                  draftSport={sport}
                  onDraftRequest={onMakePick}
                  onAddToQueue={onAddToQueue}
                  onNominateRequest={(player) => setPendingNomination(player)}
                  onPlayerSelect={setSelectedPlayer}
                  scrollRef={scrollRef}
                  compareAnchor={compareAnchor}
                  onCompareTap={onCompareTap}
                  aiRowBadges={aiRowBadges}
                />
              )
            }

            return (
              <div className=\"overflow-x-auto\" 
data-testid=\"sleeper-pool-table-scroll\">
                <SleeperPoolTable
                  filtered={filtered}
                  draftedNames={draftedNames}
                  draftedPlayerIds={draftedIdsForRows ?? null}
                  selectedPlayer={selectedPlayer}
                  isPlayerQueued={isPlayerQueued}
                  isPlayerDrafted={(player) =>
                    isPlayerDraftedEntry(player, draftedNames, 
draftedIdsForRows)
                  }
                  canDraft={canDraft}
                  canNominate={canNominate}
                  useAiAdp={useAiAdp}
                  draftSport={sport}
                  statColumnOptions={sleeperStatOpts}
                  onDraftRequest={onMakePick}
                  onAddToQueue={onAddToQueue}
                  onNominateRequest={(player) => setPendingNomination(player)}
                  onPlayerSelect={setSelectedPlayer}
                  scrollRef={scrollRef}
                  compareAnchor={compareAnchor}
                  onCompareTap={onCompareTap}
                  sortState={{ key: sortBy, direction: sortDirection }}
                  onSortChange={handleColumnHeaderSort}
                />
              </div>
            )
          })()
        )}
      </div>
      {pendingNomination && (
        <div className=\"border-t border-white/8 bg-[#050c1d] p-2.5 
space-y-2\" data-testid=\"draft-pick-confirmation\">
          <p className=\"text-xs text-white/80\">
            Confirm nomination:
            <span className=\"ml-1 font-medium text-cyan-200\">
              {getPickConfirmationLabel(pendingNomination.name, 
pendingNomination.position, pendingNomination.team)}
            </span>
          </p>
          <div className=\"flex items-center gap-2\">
            <button
              type=\"button\"
              data-testid=\"draft-confirm-pick-button\"
              onClick={() => {
                onNominate?.(pendingNomination)
                setPendingNomination(null)
              }}
              className=\"rounded border border-cyan-300/35 bg-cyan-500/12 
px-3 py-1.5 text-xs text-cyan-100 hover:bg-cyan-500/20 transition\"
            >
              Confirm
            </button>
            <button
              type=\"button\"
              data-testid=\"draft-cancel-pick-button\"
              onClick={() => setPendingNomination(null)}
              className=\"rounded border border-white/15 bg-black/20 px-3 
py-1.5 text-xs text-white/70 hover:bg-white/10 transition\"
            >
              Cancel
            </button>
          </div>
        </div>
      )}
    </section>
  )
}

export const PlayerPanel = React.memo(PlayerPanelInner)
"

[36m [2mΓ¥»[22m __tests__/draft/bug-stab-pass.test.ts:[2m81:17[22m[39m
    [90m 79|[39m     [35mconst[39m src [33m=[39m 
[34mread[39m([32m'components/app/draft-room/PlayerPanel.tsx'[39m)
    [90m 80|[39m     [90m// Available-count branch ΓÇö explicitly handles 
all three forms.[39m
    [90m 81|[39m     expect(src).toMatch(/v === 'DEF' \|\| v === 'DST' \|\| 
v === 'D\/SΓÇª
    [90m   |[39m                 [31m^[39m
    [90m 82|[39m     // Drafted-count branch sums across the three buckets 
so the badgeΓÇª
    [90m 83|[39m     [90m// 0 when the user already drafted Denver Defense 
(saved as 'DEF').[39m

[31m[2mΓÄ»ΓÄ»ΓÄ»ΓÄ»ΓÄ»ΓÄ»ΓÄ»ΓÄ»ΓÄ»ΓÄ»ΓÄ»ΓÄ»ΓÄ»ΓÄ»ΓÄ»ΓÄ»ΓÄ»ΓÄ»ΓÄ»ΓÄ»ΓÄ»ΓÄ»ΓÄ»[
3/24]ΓÄ»[22m[39m

[41m[1m FAIL [22m[49m __tests__/draft/d4-sleeper-pool-tooltips.test.ts[2m 
> [22mD.4 ΓÇö SleeperPoolTable wires tooltips onto every stat cell[2m > 
[22mnumeric/stat cells use tipFor or explicit title strings (ADP / BYE / stat 
cells)
[31m[1mAssertionError[22m: expected 2 to be greater than or equal to 3[39m
[36m [2mΓ¥»[22m 
__tests__/draft/d4-sleeper-pool-tooltips.test.ts:[2m121:32[22m[39m
    [90m119|[39m   it('numeric/stat cells use tipFor or explicit title 
strings (ADP / BΓÇª
    [90m120|[39m     [35mconst[39m tipForCalls [33m=[39m 
src[33m.[39m[34mmatch[39m([36m/title=\{tipFor\(/g[39m) [33m??[39m []
    [90m121|[39m     [34mexpect[39m(tipForCalls[33m.[39mlength)[33m.[39
m[34mtoBeGreaterThanOrEqual[39m([34m3[39m)
    [90m   |[39m                                [31m^[39m
    [90m122|[39m   })
    [90m123|[39m

[31m[2mΓÄ»ΓÄ»ΓÄ»ΓÄ»ΓÄ»ΓÄ»ΓÄ»ΓÄ»ΓÄ»ΓÄ»ΓÄ»ΓÄ»ΓÄ»ΓÄ»ΓÄ»ΓÄ»ΓÄ»ΓÄ»ΓÄ»ΓÄ»ΓÄ»ΓÄ»ΓÄ»[
4/24]ΓÄ»[22m[39m

[41m[1m FAIL [22m[49m 
__tests__/draft/d5-allfantasy-adp-integration.test.ts[2m > [22mD.5 ΓÇö 
SleeperPoolTable AI ADP cell tooltip + low-sample dot[2m > [22muses the 
canonical D.5 tooltip text
[31m[1mAssertionError[22m: expected '\'use client\'\r\n\r\n/**\r\n * D.2 
ΓÇöΓÇª' to match /AllFantasy AI ADP: average draft posiΓÇª/[39m

[32m- Expected:[39m
/AllFantasy AI ADP: average draft position from valid AllFantasy drafts/

[31m+ Received:[39m
"'use client'

/**
 * D.2 ΓÇö Sleeper-style dense draft pool table (all sports).
 *
 * Column definitions come from **`buildSleeperPoolTableLayout`** ΓåÆ
 * **`lib/draft-room/draftSportStatColumns.ts`**. Stat cells use
 * **`getStatValueForDraftPlayer`** + **`formatDraftStatDisplay`** (em-dash 
for missing).
 *
 * Virtualized via @tanstack/react-virtual; horizontally scrollable when 
narrower than **`minWidth`**.
 */

import React, { useMemo } from 'react'
import { useVirtualizer } from '@tanstack/react-virtual'
import { GitCompare, Plus } from 'lucide-react'

import { PlayerAvatar } from './PlayerAvatar'
import type { PlayerEntry } from './PlayerPanel'
import { normalizePlayer } from '@/lib/players/normalizePlayer'
import { getPlayerImage } from '@/lib/players/getPlayerImage'
import type { NflDraftProjectionSplits } from 
'@/lib/draft/analytics/nfl-draft-pool-projection-splits'
import {
  formatDraftStatDisplay,
  getStatValueForDraftPlayer,
  type DraftStatColumnDef,
  type DraftStatColumnOptions,
  type DraftStatPlayerSource,
} from '@/lib/draft-room/draftSportStatColumns'
import {
  buildSleeperPoolTableLayout,
  type SleeperColumnSpec,
  type SleeperPoolTableLayout,
} from '@/lib/draft-room/sleeperPoolTableLayout'
import {
  SLEEPER_POOL_TABLE_HEADER_HEIGHT,
  SLEEPER_POOL_TABLE_ROW_HEIGHT,
  cellTooltip,
} from './SleeperPoolTable.constants'
import {
  ariaSortValue,
  sortKeyForColumn,
  type PoolSortState,
} from './SleeperPoolSort'
import { aiAdpCellTitle, systemAdpCellTitle } from 
'@/lib/draft-room/adpReadinessCopy'

/** Re-export sizing constants for stories/tests that imported them from this 
module. */
export {
  SLEEPER_POOL_TABLE_COLUMNS,
  SLEEPER_POOL_TABLE_HEADER_HEIGHT,
  SLEEPER_POOL_TABLE_MIN_WIDTH,
  SLEEPER_POOL_TABLE_ROW_HEIGHT,
} from './SleeperPoolTable.constants'

export interface SleeperPoolTableProps {
  filtered: PlayerEntry[]
  draftedNames: Set<string>
  draftedPlayerIds?: ReadonlySet<string> | null
  selectedPlayer: PlayerEntry | null
  isPlayerQueued?: (player: PlayerEntry) => boolean
  isPlayerDrafted: (player: PlayerEntry) => boolean
  canDraft: boolean
  canNominate?: boolean
  useAiAdp: boolean
  draftSport: string
  /** Drives MLB pitcher/hitter, NHL goalie/skater, NFL IDP vs offense column 
sets (from position filter). */
  statColumnOptions?: DraftStatColumnOptions
  onDraftRequest: (player: PlayerEntry) => void
  onNominateRequest?: (player: PlayerEntry) => void
  onAddToQueue: (player: PlayerEntry) => void
  onPlayerSelect: (player: PlayerEntry) => void
  onCompareTap: (player: PlayerEntry) => void
  scrollRef: React.RefObject<HTMLDivElement | null>
  compareAnchor: PlayerEntry | null
  rowHeight?: number
  disableVirtualization?: boolean
  sortState?: PoolSortState | null
  onSortChange?: (columnKey: string) => void
}

function rowKey(p: PlayerEntry): string {
  return `${p.name.trim().toLowerCase()}|${p.position.trim().toLowerCase()}|${S
tring(p.team ?? '').trim().toLowerCase()}`
}

/** Cell with consistent alignment + tabular numbers. */
function Cell({
  width,
  align,
  children,
  className = '',
  title,
}: {
  width: number
  align: 'left' | 'right'
  children: React.ReactNode
  className?: string
  title?: string
}) {
  return (
    <div
      style={{ width, minWidth: width, maxWidth: width }}
      className={`flex items-center px-2 ${align === 'right' ? 'justify-end 
tabular-nums' : 'justify-start'} ${className}`}
      title={title}
    >
      {children}
    </div>
  )
}

interface SleeperRowProps {
  player: PlayerEntry
  rank: number
  layout: SleeperPoolTableLayout
  statByKey: Map<string, DraftStatColumnDef>
  selected: boolean
  drafted: boolean
  queued: boolean
  canDraft: boolean
  canNominate: boolean
  useAiAdp: boolean
  draftSport: string
  isCompareAnchor: boolean
  rowHeight: number
  minWidth: number
  onSelect: () => void
  onCompareTap: () => void
  onAddToQueue: () => void
  onDraftRequest: () => void
  onNominateRequest?: () => void
  testIdBase: string
}

function SleeperRow(props: SleeperRowProps) {
  const {
    player: p,
    rank,
    layout,
    statByKey,
    selected,
    drafted,
    queued,
    canDraft,
    canNominate,
    useAiAdp,
    draftSport,
    isCompareAnchor,
    rowHeight,
    minWidth,
    onSelect,
    onCompareTap,
    onAddToQueue,
    onDraftRequest,
    onNominateRequest,
    testIdBase,
  } = props

  const normalized = useMemo(
    () =>
      normalizePlayer({
        display: p.display ?? undefined,
        name: p.name,
        position: p.position,
        team: p.team,
        adp: useAiAdp ? p.aiAdp ?? undefined : p.adp ?? undefined,
        byeWeek: p.byeWeek ?? undefined,
        sport: draftSport,
      }),
    [p, useAiAdp, draftSport],
  )

  const headshotUrl =
    getPlayerImage(normalized, draftSport) ??
    p.display?.assets?.headshotUrl ??
    p.unifiedProductView?.unified.headshotUrl ??
    null
  const teamLogoUrl = normalized.teamLogoUrl ?? null
  const splits: NflDraftProjectionSplits | null = p.nflDraftProjectionSplits 
?? null

  const adpDisplay = p.adp != null ? p.adp.toFixed(1) : 'ΓÇö'
  const aiAdpDisplay = p.aiAdp != null ? p.aiAdp.toFixed(1) : 'ΓÇö'
  const byeDisplay = p.byeWeek != null ? String(p.byeWeek) : 'ΓÇö'

  const tipFor = (columnKey: string, statLabel: string, rawValue: number | 
null | undefined): string =>
    cellTooltip(p.name, statLabel, rawValue)

  const renderColumn = (col: SleeperColumnSpec) => {
    const statTestId = `${testIdBase}-${String(col.key).replace(/_/g, '-')}`

    switch (col.key) {
      case 'rk':
        return (
          <Cell key={col.key} width={col.width} align=\"right\">
            <span className=\"text-white/55 text-[11px] font-medium\" 
data-testid={`${testIdBase}-rk`}>
              {rank}
            </span>
          </Cell>
        )
      case 'player':
        return (
          <Cell key={col.key} width={col.width} align=\"left\" 
className=\"gap-2\">
            <PlayerAvatar
              headshotUrl={headshotUrl}
              displayName={p.name}
              teamLogoUrl={teamLogoUrl}
              teamAbbr={p.team ?? null}
              position={p.position}
              size={36}
              testIdBase={`${testIdBase}-avatar`}
              highlighted={selected}
            />
            <div className=\"flex min-w-0 flex-1 flex-col\">
              <div className=\"flex min-w-0 items-center gap-1.5\">
                <span
                  className=\"min-w-0 flex-1 truncate text-[13px] 
font-semibold text-white/95\"
                  data-testid={`${testIdBase}-name`}
                  title={
                    drafted
                      ? `${p.name} ΓÇö already drafted`
                      : `${p.name}${p.position ? ` (${p.position}${p.team ? `, 
${p.team}` : ''})` : ''} ΓÇö click row to open detail`
                  }
                >
                  {p.name}
                </span>
                {drafted ? (
                  <span className=\"flex-shrink-0 rounded border 
border-white/15 bg-white/[0.05] px-1 py-px text-[9px] uppercase tracking-wider 
text-white/55\">
                    Drafted
                  </span>
                ) : null}
              </div>
              <span className=\"truncate whitespace-nowrap text-[11px] 
text-white/55\">
                <span className=\"font-semibold text-white/72\">{p.position || 
'ΓÇö'}</span>
                {p.team ? <span className=\"ml-1.5 
text-white/45\">{p.team}</span> : null}
              </span>
            </div>
          </Cell>
        )
      case 'adp':
        return (
          <Cell key={col.key} width={col.width} align=\"right\">
            <span
              data-testid={`${testIdBase}-adp`}
              title={systemAdpCellTitle(p.adp != null && 
Number.isFinite(Number(p.adp)))}
            >
              {adpDisplay}
            </span>
          </Cell>
        )
      case 'aiAdp':
        return (
          <Cell key={col.key} width={col.width} align=\"right\">
            <span
              data-testid={`${testIdBase}-ai-adp`}
              data-low-sample={p.aiAdpLowSample ? 'true' : 'false'}
              title={aiAdpCellTitle({
                hasValue: p.aiAdp != null && Number.isFinite(Number(p.aiAdp)),
                lowSample: Boolean(p.aiAdpLowSample),
                sampleSize: p.aiAdpSampleSize ?? null,
              })}
              className=\"inline-flex items-center gap-1\"
            >
              {aiAdpDisplay}
              {p.aiAdpLowSample && p.aiAdp != null ? (
                <span
                  aria-hidden
                  data-testid={`${testIdBase}-ai-adp-low-sample`}
                  className=\"inline-block h-1.5 w-1.5 rounded-full 
bg-amber-300/70\"
                />
              ) : null}
            </span>
          </Cell>
        )
      case 'bye':
        return (
          <Cell key={col.key} width={col.width} align=\"right\">
            <span data-testid={`${testIdBase}-bye`} title={tipFor('bye', 
col.statLabel ?? 'bye week', p.byeWeek ?? null)}>
              {byeDisplay}
            </span>
          </Cell>
        )
      case 'actions':
        return (
          <Cell key={col.key} width={col.width} align=\"right\" 
className=\"gap-1\">
            <button
              type=\"button\"
              onClick={(e) => {
                e.stopPropagation()
                onCompareTap()
              }}
              aria-label={isCompareAnchor ? 'Clear compare selection' : 
`Compare ${p.name}`}
              data-testid={`${testIdBase}-compare`}
              className={`inline-flex h-7 w-7 items-center justify-center 
rounded border transition ${
                isCompareAnchor
                  ? 'border-amber-400/60 bg-amber-500/15 text-amber-100'
                  : 'border-white/15 bg-black/25 text-white/65 
hover:border-white/28 hover:bg-white/10'
              }`}
            >
              <GitCompare className=\"h-3.5 w-3.5\" />
            </button>
            <button
              type=\"button\"
              onClick={(e) => {
                e.stopPropagation()
                if (drafted) return
                onAddToQueue()
              }}
              disabled={drafted}
              aria-label={`Queue ${p.name}`}
              data-testid={`${testIdBase}-queue`}
              className={`inline-flex h-7 w-7 items-center justify-center 
rounded border transition ${
                drafted
                  ? 'cursor-not-allowed border-white/8 bg-black/20 
text-white/25'
                  : queued
                    ? 'border-cyan-400/40 bg-cyan-500/15 text-cyan-100'
                    : 'border-white/15 bg-black/25 text-white/65 
hover:border-cyan-400/25 hover:bg-white/10'
              }`}
            >
              <Plus className=\"h-3.5 w-3.5\" />
            </button>
            {canNominate && onNominateRequest ? (
              <button
                type=\"button\"
                onClick={(e) => {
                  e.stopPropagation()
                  onNominateRequest()
                }}
                data-testid={`${testIdBase}-nominate`}
                className=\"inline-flex h-7 items-center rounded border 
border-amber-400/45 bg-amber-500/15 px-2 text-[10px] font-semibold 
text-amber-100 hover:brightness-110\"
              >
                Nominate
              </button>
            ) : (
              <button
                type=\"button\"
                disabled={!canDraft || drafted}
                onClick={(e) => {
                  e.stopPropagation()
                  if (!canDraft || drafted) return
                  onDraftRequest()
                }}
                title={drafted ? 'Player already drafted' : !canDraft ? 'Not 
your turn' : 'Draft this player'}
                data-testid={`${testIdBase}-draft`}
                className={`inline-flex h-7 items-center rounded border px-2 
text-[10px] font-semibold transition ${
                  drafted
                    ? 'cursor-not-allowed border-white/8 bg-white/[0.04] 
text-white/30'
                    : !canDraft
                      ? 'cursor-not-allowed border-white/10 bg-black/30 
text-white/35'
                      : 'border-cyan-400/45 bg-gradient-to-br from-cyan-500/22 
to-violet-600/18 text-cyan-50 hover:brightness-110'
                }`}
              >
                {drafted ? 'Drafted' : 'Draft'}
              </button>
            )}
          </Cell>
        )
      default: {
        const def = statByKey.get(col.key)
        if (!def) return null
        const raw = getStatValueForDraftPlayer(p as DraftStatPlayerSource, def)
        const display = formatDraftStatDisplay(raw, def)
        const tipRaw =
          col.key === 'pts' && splits
            ? splits.projectedPoints ?? null
            : col.key === 'avg' && splits
              ? splits.projectedPointsPerGame ?? null
              : raw
        return (
          <Cell key={col.key} width={col.width} align=\"right\">
            <span data-testid={statTestId} title={tipFor(col.key, 
col.statLabel ?? def.label, tipRaw)}>
              {display}
            </span>
          </Cell>
        )
      }
    }
  }

  return (
    <div
      role=\"row\"
      data-testid={testIdBase}
      data-drafted={drafted ? 'true' : 'false'}
      data-selected={selected ? 'true' : 'false'}
      onClick={() => {
        if (drafted) return
        onSelect()
      }}
      style={{ height: rowHeight, minWidth }}
      className={`flex items-stretch border-b border-white/5 text-xs 
transition-colors ${
        drafted
          ? 'bg-black/40 text-white/35'
          : selected
            ? 'bg-cyan-500/12 text-white/90'
            : 'bg-transparent text-white/82 hover:bg-white/[0.05] 
cursor-pointer'
      }`}
    >
      {layout.columns.map((col) => renderColumn(col))}
    </div>
  )
}

const MemoSleeperRow = React.memo(SleeperRow)

export function SleeperPoolTable(props: SleeperPoolTableProps) {
  const {
    filtered,
    selectedPlayer,
    isPlayerQueued,
    isPlayerDrafted,
    canDraft,
    canNominate = false,
    useAiAdp,
    draftSport,
    statColumnOptions,
    onDraftRequest,
    onNominateRequest,
    onAddToQueue,
    onPlayerSelect,
    onCompareTap,
    scrollRef,
    compareAnchor,
    rowHeight = SLEEPER_POOL_TABLE_ROW_HEIGHT,
    disableVirtualization = false,
    sortState = null,
    onSortChange,
  } = props

  const layout = useMemo(
    () => buildSleeperPoolTableLayout(draftSport, statColumnOptions),
    [draftSport, statColumnOptions],
  )

  const statByKey = useMemo(() => new Map(layout.statDefs.map((d) => [d.key, 
d])), [layout.statDefs])

  const selectedKey = selectedPlayer ? rowKey(selectedPlayer) : null
  const compareKey = compareAnchor ? rowKey(compareAnchor) : null

  const virtualizer = useVirtualizer({
    count: filtered.length,
    getScrollElement: () => scrollRef.current,
    estimateSize: () => rowHeight,
    overscan: 8,
    enabled: !disableVirtualization,
  })

  const items = virtualizer.getVirtualItems()
  const totalSize = disableVirtualization ? filtered.length * rowHeight : 
virtualizer.getTotalSize()

  const minWidth = layout.minWidth

  return (
    <div
      role=\"table\"
      aria-label=\"Draft pool players\"
      data-testid=\"sleeper-pool-table\"
      style={{ minWidth }}
      className=\"select-none\"
    >
      <div
        role=\"row\"
        data-testid=\"sleeper-pool-table-header\"
        className=\"sticky top-0 z-10 flex items-center border-b 
border-white/10 bg-[#0a1228] text-[10px] font-semibold uppercase 
tracking-wider text-white/55\"
        style={{ height: SLEEPER_POOL_TABLE_HEADER_HEIGHT, minWidth }}
      >
        {layout.columns.map((col) => {
          const ariaSort = sortState ? ariaSortValue(col.key, sortState, 
draftSport) : 'none'
          const isActiveSort = ariaSort !== 'none'
          const sortable = Boolean(onSortChange) && sortKeyForColumn(col.key, 
draftSport) != null

          const indicator = isActiveSort ? (ariaSort === 'ascending' ? 'Γû▓' : 
'Γû╝') : null

          if (sortable) {
            const sortHint = isActiveSort
              ? ` ┬╖ click to sort ${ariaSort === 'ascending' ? 'descending' : 
'ascending'}`
              : ' ┬╖ click to sort'
            const buttonTitle = `${col.title ?? col.label}${sortHint}`
            return (
              <Cell key={col.key} width={col.width} align={col.align}>
                <button
                  type=\"button\"
                  aria-sort={ariaSort}
                  aria-label={col.title ?? col.label}
                  title={buttonTitle}
                  data-testid={`sleeper-pool-table-header-${col.key}`}
                  data-sort-active={isActiveSort ? 'true' : 'false'}
                  onClick={() => onSortChange?.(col.key)}
                  className={`inline-flex items-center gap-1 rounded px-1 
py-px transition focus-visible:outline-none focus-visible:ring-2 
focus-visible:ring-cyan-400/45 ${
                    isActiveSort
                      ? 'text-cyan-100 underline decoration-cyan-300/55 
decoration-2 underline-offset-[3px]'
                      : 'text-white/55 hover:text-white/85'
                  }`}
                >
                  <span>{col.label}</span>
                  {indicator ? (
                    <span aria-hidden className=\"text-[8px] leading-none 
text-cyan-300/85\">
                      {indicator}
                    </span>
                  ) : null}
                </button>
              </Cell>
            )
          }

          // Non-sortable column (actions, or sort handlers disabled).
          return (
            <Cell key={col.key} width={col.width} align={col.align} 
title={col.title}>
              <span 
data-testid={`sleeper-pool-table-header-${col.key}`}>{col.label}</span>
            </Cell>
          )
        })}
      </div>

      <div
        style={{
          height: `${totalSize}px`,
          width: '100%',
          position: 'relative',
        }}
      >
        {disableVirtualization ? (
          filtered.map((p, idx) => {
            const k = rowKey(p)
            const drafted = isPlayerDrafted(p)
            const queued = Boolean(isPlayerQueued?.(p))
            return (
              <MemoSleeperRow
                key={p.id ?? k}
                player={p}
                rank={idx + 1}
                layout={layout}
                statByKey={statByKey}
                selected={selectedKey === k}
                drafted={drafted}
                queued={queued}
                canDraft={canDraft}
                canNominate={canNominate}
                useAiAdp={useAiAdp}
                draftSport={draftSport}
                isCompareAnchor={compareKey === k}
                rowHeight={rowHeight}
                minWidth={minWidth}
                onSelect={() => onPlayerSelect(p)}
                onCompareTap={() => onCompareTap(p)}
                onAddToQueue={() => onAddToQueue(p)}
                onDraftRequest={() => onDraftRequest(p)}
                onNominateRequest={onNominateRequest ? () => 
onNominateRequest(p) : undefined}
                testIdBase={`sleeper-pool-row-${idx}`}
              />
            )
          })
        ) : (
          items.map((virtualRow) => {
            const p = filtered[virtualRow.index]
            if (!p) return null
            const k = rowKey(p)
            const drafted = isPlayerDrafted(p)
            const queued = Boolean(isPlayerQueued?.(p))
            return (
              <div
                key={p.id ?? k}
                style={{
                  position: 'absolute',
                  top: 0,
                  left: 0,
                  width: '100%',
                  transform: `translateY(${virtualRow.start}px)`,
                }}
                data-index={virtualRow.index}
              >
                <MemoSleeperRow
                  player={p}
                  rank={virtualRow.index + 1}
                  layout={layout}
                  statByKey={statByKey}
                  selected={selectedKey === k}
                  drafted={drafted}
                  queued={queued}
                  canDraft={canDraft}
                  canNominate={canNominate}
                  useAiAdp={useAiAdp}
                  draftSport={draftSport}
                  isCompareAnchor={compareKey === k}
                  rowHeight={rowHeight}
                  minWidth={minWidth}
                  onSelect={() => onPlayerSelect(p)}
                  onCompareTap={() => onCompareTap(p)}
                  onAddToQueue={() => onAddToQueue(p)}
                  onDraftRequest={() => onDraftRequest(p)}
                  onNominateRequest={onNominateRequest ? () => 
onNominateRequest(p) : undefined}
                  testIdBase={`sleeper-pool-row-${virtualRow.index}`}
                />
              </div>
            )
          })
        )}
      </div>
    </div>
  )
}
"

[36m [2mΓ¥»[22m 
__tests__/draft/d5-allfantasy-adp-integration.test.ts:[2m154:17[22m[39m
    [90m152|[39m
    [90m153|[39m   [34mit[39m([32m'uses the canonical D.5 tooltip 
text'[39m[33m,[39m () [33m=>[39m {
    [90m154|[39m     expect(src).toMatch(/AllFantasy AI ADP: average draft 
position froΓÇª
    [90m   |[39m                 [31m^[39m
    [90m155|[39m   })
    [90m156|[39m

[31m[2mΓÄ»ΓÄ»ΓÄ»ΓÄ»ΓÄ»ΓÄ»ΓÄ»ΓÄ»ΓÄ»ΓÄ»ΓÄ»ΓÄ»ΓÄ»ΓÄ»ΓÄ»ΓÄ»ΓÄ»ΓÄ»ΓÄ»ΓÄ»ΓÄ»ΓÄ»ΓÄ»[
5/24]ΓÄ»[22m[39m

[41m[1m FAIL [22m[49m 
__tests__/draft/d5-allfantasy-adp-integration.test.ts[2m > [22mD.5 ΓÇö 
SleeperPoolTable AI ADP cell tooltip + low-sample dot[2m > [22mmentions the 
full context tuple in the tooltip
[31m[1mAssertionError[22m: expected '\'use client\'\r\n\r\n/**\r\n * D.2 
ΓÇöΓÇª' to match /sport, league type, draft type, scoriΓÇª/[39m

[32m- Expected:[39m
/sport, league type, draft type, scoring, roster format, team count, and 
season/

[31m+ Received:[39m
"'use client'

/**
 * D.2 ΓÇö Sleeper-style dense draft pool table (all sports).
 *
 * Column definitions come from **`buildSleeperPoolTableLayout`** ΓåÆ
 * **`lib/draft-room/draftSportStatColumns.ts`**. Stat cells use
 * **`getStatValueForDraftPlayer`** + **`formatDraftStatDisplay`** (em-dash 
for missing).
 *
 * Virtualized via @tanstack/react-virtual; horizontally scrollable when 
narrower than **`minWidth`**.
 */

import React, { useMemo } from 'react'
import { useVirtualizer } from '@tanstack/react-virtual'
import { GitCompare, Plus } from 'lucide-react'

import { PlayerAvatar } from './PlayerAvatar'
import type { PlayerEntry } from './PlayerPanel'
import { normalizePlayer } from '@/lib/players/normalizePlayer'
import { getPlayerImage } from '@/lib/players/getPlayerImage'
import type { NflDraftProjectionSplits } from 
'@/lib/draft/analytics/nfl-draft-pool-projection-splits'
import {
  formatDraftStatDisplay,
  getStatValueForDraftPlayer,
  type DraftStatColumnDef,
  type DraftStatColumnOptions,
  type DraftStatPlayerSource,
} from '@/lib/draft-room/draftSportStatColumns'
import {
  buildSleeperPoolTableLayout,
  type SleeperColumnSpec,
  type SleeperPoolTableLayout,
} from '@/lib/draft-room/sleeperPoolTableLayout'
import {
  SLEEPER_POOL_TABLE_HEADER_HEIGHT,
  SLEEPER_POOL_TABLE_ROW_HEIGHT,
  cellTooltip,
} from './SleeperPoolTable.constants'
import {
  ariaSortValue,
  sortKeyForColumn,
  type PoolSortState,
} from './SleeperPoolSort'
import { aiAdpCellTitle, systemAdpCellTitle } from 
'@/lib/draft-room/adpReadinessCopy'

/** Re-export sizing constants for stories/tests that imported them from this 
module. */
export {
  SLEEPER_POOL_TABLE_COLUMNS,
  SLEEPER_POOL_TABLE_HEADER_HEIGHT,
  SLEEPER_POOL_TABLE_MIN_WIDTH,
  SLEEPER_POOL_TABLE_ROW_HEIGHT,
} from './SleeperPoolTable.constants'

export interface SleeperPoolTableProps {
  filtered: PlayerEntry[]
  draftedNames: Set<string>
  draftedPlayerIds?: ReadonlySet<string> | null
  selectedPlayer: PlayerEntry | null
  isPlayerQueued?: (player: PlayerEntry) => boolean
  isPlayerDrafted: (player: PlayerEntry) => boolean
  canDraft: boolean
  canNominate?: boolean
  useAiAdp: boolean
  draftSport: string
  /** Drives MLB pitcher/hitter, NHL goalie/skater, NFL IDP vs offense column 
sets (from position filter). */
  statColumnOptions?: DraftStatColumnOptions
  onDraftRequest: (player: PlayerEntry) => void
  onNominateRequest?: (player: PlayerEntry) => void
  onAddToQueue: (player: PlayerEntry) => void
  onPlayerSelect: (player: PlayerEntry) => void
  onCompareTap: (player: PlayerEntry) => void
  scrollRef: React.RefObject<HTMLDivElement | null>
  compareAnchor: PlayerEntry | null
  rowHeight?: number
  disableVirtualization?: boolean
  sortState?: PoolSortState | null
  onSortChange?: (columnKey: string) => void
}

function rowKey(p: PlayerEntry): string {
  return `${p.name.trim().toLowerCase()}|${p.position.trim().toLowerCase()}|${S
tring(p.team ?? '').trim().toLowerCase()}`
}

/** Cell with consistent alignment + tabular numbers. */
function Cell({
  width,
  align,
  children,
  className = '',
  title,
}: {
  width: number
  align: 'left' | 'right'
  children: React.ReactNode
  className?: string
  title?: string
}) {
  return (
    <div
      style={{ width, minWidth: width, maxWidth: width }}
      className={`flex items-center px-2 ${align === 'right' ? 'justify-end 
tabular-nums' : 'justify-start'} ${className}`}
      title={title}
    >
      {children}
    </div>
  )
}

interface SleeperRowProps {
  player: PlayerEntry
  rank: number
  layout: SleeperPoolTableLayout
  statByKey: Map<string, DraftStatColumnDef>
  selected: boolean
  drafted: boolean
  queued: boolean
  canDraft: boolean
  canNominate: boolean
  useAiAdp: boolean
  draftSport: string
  isCompareAnchor: boolean
  rowHeight: number
  minWidth: number
  onSelect: () => void
  onCompareTap: () => void
  onAddToQueue: () => void
  onDraftRequest: () => void
  onNominateRequest?: () => void
  testIdBase: string
}

function SleeperRow(props: SleeperRowProps) {
  const {
    player: p,
    rank,
    layout,
    statByKey,
    selected,
    drafted,
    queued,
    canDraft,
    canNominate,
    useAiAdp,
    draftSport,
    isCompareAnchor,
    rowHeight,
    minWidth,
    onSelect,
    onCompareTap,
    onAddToQueue,
    onDraftRequest,
    onNominateRequest,
    testIdBase,
  } = props

  const normalized = useMemo(
    () =>
      normalizePlayer({
        display: p.display ?? undefined,
        name: p.name,
        position: p.position,
        team: p.team,
        adp: useAiAdp ? p.aiAdp ?? undefined : p.adp ?? undefined,
        byeWeek: p.byeWeek ?? undefined,
        sport: draftSport,
      }),
    [p, useAiAdp, draftSport],
  )

  const headshotUrl =
    getPlayerImage(normalized, draftSport) ??
    p.display?.assets?.headshotUrl ??
    p.unifiedProductView?.unified.headshotUrl ??
    null
  const teamLogoUrl = normalized.teamLogoUrl ?? null
  const splits: NflDraftProjectionSplits | null = p.nflDraftProjectionSplits 
?? null

  const adpDisplay = p.adp != null ? p.adp.toFixed(1) : 'ΓÇö'
  const aiAdpDisplay = p.aiAdp != null ? p.aiAdp.toFixed(1) : 'ΓÇö'
  const byeDisplay = p.byeWeek != null ? String(p.byeWeek) : 'ΓÇö'

  const tipFor = (columnKey: string, statLabel: string, rawValue: number | 
null | undefined): string =>
    cellTooltip(p.name, statLabel, rawValue)

  const renderColumn = (col: SleeperColumnSpec) => {
    const statTestId = `${testIdBase}-${String(col.key).replace(/_/g, '-')}`

    switch (col.key) {
      case 'rk':
        return (
          <Cell key={col.key} width={col.width} align=\"right\">
            <span className=\"text-white/55 text-[11px] font-medium\" 
data-testid={`${testIdBase}-rk`}>
              {rank}
            </span>
          </Cell>
        )
      case 'player':
        return (
          <Cell key={col.key} width={col.width} align=\"left\" 
className=\"gap-2\">
            <PlayerAvatar
              headshotUrl={headshotUrl}
              displayName={p.name}
              teamLogoUrl={teamLogoUrl}
              teamAbbr={p.team ?? null}
              position={p.position}
              size={36}
              testIdBase={`${testIdBase}-avatar`}
              highlighted={selected}
            />
            <div className=\"flex min-w-0 flex-1 flex-col\">
              <div className=\"flex min-w-0 items-center gap-1.5\">
                <span
                  className=\"min-w-0 flex-1 truncate text-[13px] 
font-semibold text-white/95\"
                  data-testid={`${testIdBase}-name`}
                  title={
                    drafted
                      ? `${p.name} ΓÇö already drafted`
                      : `${p.name}${p.position ? ` (${p.position}${p.team ? `, 
${p.team}` : ''})` : ''} ΓÇö click row to open detail`
                  }
                >
                  {p.name}
                </span>
                {drafted ? (
                  <span className=\"flex-shrink-0 rounded border 
border-white/15 bg-white/[0.05] px-1 py-px text-[9px] uppercase tracking-wider 
text-white/55\">
                    Drafted
                  </span>
                ) : null}
              </div>
              <span className=\"truncate whitespace-nowrap text-[11px] 
text-white/55\">
                <span className=\"font-semibold text-white/72\">{p.position || 
'ΓÇö'}</span>
                {p.team ? <span className=\"ml-1.5 
text-white/45\">{p.team}</span> : null}
              </span>
            </div>
          </Cell>
        )
      case 'adp':
        return (
          <Cell key={col.key} width={col.width} align=\"right\">
            <span
              data-testid={`${testIdBase}-adp`}
              title={systemAdpCellTitle(p.adp != null && 
Number.isFinite(Number(p.adp)))}
            >
              {adpDisplay}
            </span>
          </Cell>
        )
      case 'aiAdp':
        return (
          <Cell key={col.key} width={col.width} align=\"right\">
            <span
              data-testid={`${testIdBase}-ai-adp`}
              data-low-sample={p.aiAdpLowSample ? 'true' : 'false'}
              title={aiAdpCellTitle({
                hasValue: p.aiAdp != null && Number.isFinite(Number(p.aiAdp)),
                lowSample: Boolean(p.aiAdpLowSample),
                sampleSize: p.aiAdpSampleSize ?? null,
              })}
              className=\"inline-flex items-center gap-1\"
            >
              {aiAdpDisplay}
              {p.aiAdpLowSample && p.aiAdp != null ? (
                <span
                  aria-hidden
                  data-testid={`${testIdBase}-ai-adp-low-sample`}
                  className=\"inline-block h-1.5 w-1.5 rounded-full 
bg-amber-300/70\"
                />
              ) : null}
            </span>
          </Cell>
        )
      case 'bye':
        return (
          <Cell key={col.key} width={col.width} align=\"right\">
            <span data-testid={`${testIdBase}-bye`} title={tipFor('bye', 
col.statLabel ?? 'bye week', p.byeWeek ?? null)}>
              {byeDisplay}
            </span>
          </Cell>
        )
      case 'actions':
        return (
          <Cell key={col.key} width={col.width} align=\"right\" 
className=\"gap-1\">
            <button
              type=\"button\"
              onClick={(e) => {
                e.stopPropagation()
                onCompareTap()
              }}
              aria-label={isCompareAnchor ? 'Clear compare selection' : 
`Compare ${p.name}`}
              data-testid={`${testIdBase}-compare`}
              className={`inline-flex h-7 w-7 items-center justify-center 
rounded border transition ${
                isCompareAnchor
                  ? 'border-amber-400/60 bg-amber-500/15 text-amber-100'
                  : 'border-white/15 bg-black/25 text-white/65 
hover:border-white/28 hover:bg-white/10'
              }`}
            >
              <GitCompare className=\"h-3.5 w-3.5\" />
            </button>
            <button
              type=\"button\"
              onClick={(e) => {
                e.stopPropagation()
                if (drafted) return
                onAddToQueue()
              }}
              disabled={drafted}
              aria-label={`Queue ${p.name}`}
              data-testid={`${testIdBase}-queue`}
              className={`inline-flex h-7 w-7 items-center justify-center 
rounded border transition ${
                drafted
                  ? 'cursor-not-allowed border-white/8 bg-black/20 
text-white/25'
                  : queued
                    ? 'border-cyan-400/40 bg-cyan-500/15 text-cyan-100'
                    : 'border-white/15 bg-black/25 text-white/65 
hover:border-cyan-400/25 hover:bg-white/10'
              }`}
            >
              <Plus className=\"h-3.5 w-3.5\" />
            </button>
            {canNominate && onNominateRequest ? (
              <button
                type=\"button\"
                onClick={(e) => {
                  e.stopPropagation()
                  onNominateRequest()
                }}
                data-testid={`${testIdBase}-nominate`}
                className=\"inline-flex h-7 items-center rounded border 
border-amber-400/45 bg-amber-500/15 px-2 text-[10px] font-semibold 
text-amber-100 hover:brightness-110\"
              >
                Nominate
              </button>
            ) : (
              <button
                type=\"button\"
                disabled={!canDraft || drafted}
                onClick={(e) => {
                  e.stopPropagation()
                  if (!canDraft || drafted) return
                  onDraftRequest()
                }}
                title={drafted ? 'Player already drafted' : !canDraft ? 'Not 
your turn' : 'Draft this player'}
                data-testid={`${testIdBase}-draft`}
                className={`inline-flex h-7 items-center rounded border px-2 
text-[10px] font-semibold transition ${
                  drafted
                    ? 'cursor-not-allowed border-white/8 bg-white/[0.04] 
text-white/30'
                    : !canDraft
                      ? 'cursor-not-allowed border-white/10 bg-black/30 
text-white/35'
                      : 'border-cyan-400/45 bg-gradient-to-br from-cyan-500/22 
to-violet-600/18 text-cyan-50 hover:brightness-110'
                }`}
              >
                {drafted ? 'Drafted' : 'Draft'}
              </button>
            )}
          </Cell>
        )
      default: {
        const def = statByKey.get(col.key)
        if (!def) return null
        const raw = getStatValueForDraftPlayer(p as DraftStatPlayerSource, def)
        const display = formatDraftStatDisplay(raw, def)
        const tipRaw =
          col.key === 'pts' && splits
            ? splits.projectedPoints ?? null
            : col.key === 'avg' && splits
              ? splits.projectedPointsPerGame ?? null
              : raw
        return (
          <Cell key={col.key} width={col.width} align=\"right\">
            <span data-testid={statTestId} title={tipFor(col.key, 
col.statLabel ?? def.label, tipRaw)}>
              {display}
            </span>
          </Cell>
        )
      }
    }
  }

  return (
    <div
      role=\"row\"
      data-testid={testIdBase}
      data-drafted={drafted ? 'true' : 'false'}
      data-selected={selected ? 'true' : 'false'}
      onClick={() => {
        if (drafted) return
        onSelect()
      }}
      style={{ height: rowHeight, minWidth }}
      className={`flex items-stretch border-b border-white/5 text-xs 
transition-colors ${
        drafted
          ? 'bg-black/40 text-white/35'
          : selected
            ? 'bg-cyan-500/12 text-white/90'
            : 'bg-transparent text-white/82 hover:bg-white/[0.05] 
cursor-pointer'
      }`}
    >
      {layout.columns.map((col) => renderColumn(col))}
    </div>
  )
}

const MemoSleeperRow = React.memo(SleeperRow)

export function SleeperPoolTable(props: SleeperPoolTableProps) {
  const {
    filtered,
    selectedPlayer,
    isPlayerQueued,
    isPlayerDrafted,
    canDraft,
    canNominate = false,
    useAiAdp,
    draftSport,
    statColumnOptions,
    onDraftRequest,
    onNominateRequest,
    onAddToQueue,
    onPlayerSelect,
    onCompareTap,
    scrollRef,
    compareAnchor,
    rowHeight = SLEEPER_POOL_TABLE_ROW_HEIGHT,
    disableVirtualization = false,
    sortState = null,
    onSortChange,
  } = props

  const layout = useMemo(
    () => buildSleeperPoolTableLayout(draftSport, statColumnOptions),
    [draftSport, statColumnOptions],
  )

  const statByKey = useMemo(() => new Map(layout.statDefs.map((d) => [d.key, 
d])), [layout.statDefs])

  const selectedKey = selectedPlayer ? rowKey(selectedPlayer) : null
  const compareKey = compareAnchor ? rowKey(compareAnchor) : null

  const virtualizer = useVirtualizer({
    count: filtered.length,
    getScrollElement: () => scrollRef.current,
    estimateSize: () => rowHeight,
    overscan: 8,
    enabled: !disableVirtualization,
  })

  const items = virtualizer.getVirtualItems()
  const totalSize = disableVirtualization ? filtered.length * rowHeight : 
virtualizer.getTotalSize()

  const minWidth = layout.minWidth

  return (
    <div
      role=\"table\"
      aria-label=\"Draft pool players\"
      data-testid=\"sleeper-pool-table\"
      style={{ minWidth }}
      className=\"select-none\"
    >
      <div
        role=\"row\"
        data-testid=\"sleeper-pool-table-header\"
        className=\"sticky top-0 z-10 flex items-center border-b 
border-white/10 bg-[#0a1228] text-[10px] font-semibold uppercase 
tracking-wider text-white/55\"
        style={{ height: SLEEPER_POOL_TABLE_HEADER_HEIGHT, minWidth }}
      >
        {layout.columns.map((col) => {
          const ariaSort = sortState ? ariaSortValue(col.key, sortState, 
draftSport) : 'none'
          const isActiveSort = ariaSort !== 'none'
          const sortable = Boolean(onSortChange) && sortKeyForColumn(col.key, 
draftSport) != null

          const indicator = isActiveSort ? (ariaSort === 'ascending' ? 'Γû▓' : 
'Γû╝') : null

          if (sortable) {
            const sortHint = isActiveSort
              ? ` ┬╖ click to sort ${ariaSort === 'ascending' ? 'descending' : 
'ascending'}`
              : ' ┬╖ click to sort'
            const buttonTitle = `${col.title ?? col.label}${sortHint}`
            return (
              <Cell key={col.key} width={col.width} align={col.align}>
                <button
                  type=\"button\"
                  aria-sort={ariaSort}
                  aria-label={col.title ?? col.label}
                  title={buttonTitle}
                  data-testid={`sleeper-pool-table-header-${col.key}`}
                  data-sort-active={isActiveSort ? 'true' : 'false'}
                  onClick={() => onSortChange?.(col.key)}
                  className={`inline-flex items-center gap-1 rounded px-1 
py-px transition focus-visible:outline-none focus-visible:ring-2 
focus-visible:ring-cyan-400/45 ${
                    isActiveSort
                      ? 'text-cyan-100 underline decoration-cyan-300/55 
decoration-2 underline-offset-[3px]'
                      : 'text-white/55 hover:text-white/85'
                  }`}
                >
                  <span>{col.label}</span>
                  {indicator ? (
                    <span aria-hidden className=\"text-[8px] leading-none 
text-cyan-300/85\">
                      {indicator}
                    </span>
                  ) : null}
                </button>
              </Cell>
            )
          }

          // Non-sortable column (actions, or sort handlers disabled).
          return (
            <Cell key={col.key} width={col.width} align={col.align} 
title={col.title}>
              <span 
data-testid={`sleeper-pool-table-header-${col.key}`}>{col.label}</span>
            </Cell>
          )
        })}
      </div>

      <div
        style={{
          height: `${totalSize}px`,
          width: '100%',
          position: 'relative',
        }}
      >
        {disableVirtualization ? (
          filtered.map((p, idx) => {
            const k = rowKey(p)
            const drafted = isPlayerDrafted(p)
            const queued = Boolean(isPlayerQueued?.(p))
            return (
              <MemoSleeperRow
                key={p.id ?? k}
                player={p}
                rank={idx + 1}
                layout={layout}
                statByKey={statByKey}
                selected={selectedKey === k}
                drafted={drafted}
                queued={queued}
                canDraft={canDraft}
                canNominate={canNominate}
                useAiAdp={useAiAdp}
                draftSport={draftSport}
                isCompareAnchor={compareKey === k}
                rowHeight={rowHeight}
                minWidth={minWidth}
                onSelect={() => onPlayerSelect(p)}
                onCompareTap={() => onCompareTap(p)}
                onAddToQueue={() => onAddToQueue(p)}
                onDraftRequest={() => onDraftRequest(p)}
                onNominateRequest={onNominateRequest ? () => 
onNominateRequest(p) : undefined}
                testIdBase={`sleeper-pool-row-${idx}`}
              />
            )
          })
        ) : (
          items.map((virtualRow) => {
            const p = filtered[virtualRow.index]
            if (!p) return null
            const k = rowKey(p)
            const drafted = isPlayerDrafted(p)
            const queued = Boolean(isPlayerQueued?.(p))
            return (
              <div
                key={p.id ?? k}
                style={{
                  position: 'absolute',
                  top: 0,
                  left: 0,
                  width: '100%',
                  transform: `translateY(${virtualRow.start}px)`,
                }}
                data-index={virtualRow.index}
              >
                <MemoSleeperRow
                  player={p}
                  rank={virtualRow.index + 1}
                  layout={layout}
                  statByKey={statByKey}
                  selected={selectedKey === k}
                  drafted={drafted}
                  queued={queued}
                  canDraft={canDraft}
                  canNominate={canNominate}
                  useAiAdp={useAiAdp}
                  draftSport={draftSport}
                  isCompareAnchor={compareKey === k}
                  rowHeight={rowHeight}
                  minWidth={minWidth}
                  onSelect={() => onPlayerSelect(p)}
                  onCompareTap={() => onCompareTap(p)}
                  onAddToQueue={() => onAddToQueue(p)}
                  onDraftRequest={() => onDraftRequest(p)}
                  onNominateRequest={onNominateRequest ? () => 
onNominateRequest(p) : undefined}
                  testIdBase={`sleeper-pool-row-${virtualRow.index}`}
                />
              </div>
            )
          })
        )}
      </div>
    </div>
  )
}
"

[36m [2mΓ¥»[22m 
__tests__/draft/d5-allfantasy-adp-integration.test.ts:[2m158:17[22m[39m
    [90m156|[39m
    [90m157|[39m   [34mit[39m([32m'mentions the full context tuple in the 
tooltip'[39m[33m,[39m () [33m=>[39m {
    [90m158|[39m     expect(src).toMatch(/sport, league type, draft type, 
scoring, rostΓÇª
    [90m   |[39m                 [31m^[39m
    [90m159|[39m   })
    [90m160|[39m

[31m[2mΓÄ»ΓÄ»ΓÄ»ΓÄ»ΓÄ»ΓÄ»ΓÄ»ΓÄ»ΓÄ»ΓÄ»ΓÄ»ΓÄ»ΓÄ»ΓÄ»ΓÄ»ΓÄ»ΓÄ»ΓÄ»ΓÄ»ΓÄ»ΓÄ»ΓÄ»ΓÄ»[
6/24]ΓÄ»[22m[39m

[41m[1m FAIL [22m[49m 
__tests__/draft/d5-allfantasy-adp-integration.test.ts[2m > [22mD.5 ΓÇö 
SleeperPoolTable AI ADP cell tooltip + low-sample dot[2m > [22mem-dash 
branch makes the empty-state explicit ("no drafts yet")
[31m[1mAssertionError[22m: expected '\'use client\'\r\n\r\n/**\r\n * D.2 
ΓÇöΓÇª' to match /No drafts yet/[39m

[32m- Expected:[39m
/No drafts yet/

[31m+ Received:[39m
"'use client'

/**
 * D.2 ΓÇö Sleeper-style dense draft pool table (all sports).
 *
 * Column definitions come from **`buildSleeperPoolTableLayout`** ΓåÆ
 * **`lib/draft-room/draftSportStatColumns.ts`**. Stat cells use
 * **`getStatValueForDraftPlayer`** + **`formatDraftStatDisplay`** (em-dash 
for missing).
 *
 * Virtualized via @tanstack/react-virtual; horizontally scrollable when 
narrower than **`minWidth`**.
 */

import React, { useMemo } from 'react'
import { useVirtualizer } from '@tanstack/react-virtual'
import { GitCompare, Plus } from 'lucide-react'

import { PlayerAvatar } from './PlayerAvatar'
import type { PlayerEntry } from './PlayerPanel'
import { normalizePlayer } from '@/lib/players/normalizePlayer'
import { getPlayerImage } from '@/lib/players/getPlayerImage'
import type { NflDraftProjectionSplits } from 
'@/lib/draft/analytics/nfl-draft-pool-projection-splits'
import {
  formatDraftStatDisplay,
  getStatValueForDraftPlayer,
  type DraftStatColumnDef,
  type DraftStatColumnOptions,
  type DraftStatPlayerSource,
} from '@/lib/draft-room/draftSportStatColumns'
import {
  buildSleeperPoolTableLayout,
  type SleeperColumnSpec,
  type SleeperPoolTableLayout,
} from '@/lib/draft-room/sleeperPoolTableLayout'
import {
  SLEEPER_POOL_TABLE_HEADER_HEIGHT,
  SLEEPER_POOL_TABLE_ROW_HEIGHT,
  cellTooltip,
} from './SleeperPoolTable.constants'
import {
  ariaSortValue,
  sortKeyForColumn,
  type PoolSortState,
} from './SleeperPoolSort'
import { aiAdpCellTitle, systemAdpCellTitle } from 
'@/lib/draft-room/adpReadinessCopy'

/** Re-export sizing constants for stories/tests that imported them from this 
module. */
export {
  SLEEPER_POOL_TABLE_COLUMNS,
  SLEEPER_POOL_TABLE_HEADER_HEIGHT,
  SLEEPER_POOL_TABLE_MIN_WIDTH,
  SLEEPER_POOL_TABLE_ROW_HEIGHT,
} from './SleeperPoolTable.constants'

export interface SleeperPoolTableProps {
  filtered: PlayerEntry[]
  draftedNames: Set<string>
  draftedPlayerIds?: ReadonlySet<string> | null
  selectedPlayer: PlayerEntry | null
  isPlayerQueued?: (player: PlayerEntry) => boolean
  isPlayerDrafted: (player: PlayerEntry) => boolean
  canDraft: boolean
  canNominate?: boolean
  useAiAdp: boolean
  draftSport: string
  /** Drives MLB pitcher/hitter, NHL goalie/skater, NFL IDP vs offense column 
sets (from position filter). */
  statColumnOptions?: DraftStatColumnOptions
  onDraftRequest: (player: PlayerEntry) => void
  onNominateRequest?: (player: PlayerEntry) => void
  onAddToQueue: (player: PlayerEntry) => void
  onPlayerSelect: (player: PlayerEntry) => void
  onCompareTap: (player: PlayerEntry) => void
  scrollRef: React.RefObject<HTMLDivElement | null>
  compareAnchor: PlayerEntry | null
  rowHeight?: number
  disableVirtualization?: boolean
  sortState?: PoolSortState | null
  onSortChange?: (columnKey: string) => void
}

function rowKey(p: PlayerEntry): string {
  return `${p.name.trim().toLowerCase()}|${p.position.trim().toLowerCase()}|${S
tring(p.team ?? '').trim().toLowerCase()}`
}

/** Cell with consistent alignment + tabular numbers. */
function Cell({
  width,
  align,
  children,
  className = '',
  title,
}: {
  width: number
  align: 'left' | 'right'
  children: React.ReactNode
  className?: string
  title?: string
}) {
  return (
    <div
      style={{ width, minWidth: width, maxWidth: width }}
      className={`flex items-center px-2 ${align === 'right' ? 'justify-end 
tabular-nums' : 'justify-start'} ${className}`}
      title={title}
    >
      {children}
    </div>
  )
}

interface SleeperRowProps {
  player: PlayerEntry
  rank: number
  layout: SleeperPoolTableLayout
  statByKey: Map<string, DraftStatColumnDef>
  selected: boolean
  drafted: boolean
  queued: boolean
  canDraft: boolean
  canNominate: boolean
  useAiAdp: boolean
  draftSport: string
  isCompareAnchor: boolean
  rowHeight: number
  minWidth: number
  onSelect: () => void
  onCompareTap: () => void
  onAddToQueue: () => void
  onDraftRequest: () => void
  onNominateRequest?: () => void
  testIdBase: string
}

function SleeperRow(props: SleeperRowProps) {
  const {
    player: p,
    rank,
    layout,
    statByKey,
    selected,
    drafted,
    queued,
    canDraft,
    canNominate,
    useAiAdp,
    draftSport,
    isCompareAnchor,
    rowHeight,
    minWidth,
    onSelect,
    onCompareTap,
    onAddToQueue,
    onDraftRequest,
    onNominateRequest,
    testIdBase,
  } = props

  const normalized = useMemo(
    () =>
      normalizePlayer({
        display: p.display ?? undefined,
        name: p.name,
        position: p.position,
        team: p.team,
        adp: useAiAdp ? p.aiAdp ?? undefined : p.adp ?? undefined,
        byeWeek: p.byeWeek ?? undefined,
        sport: draftSport,
      }),
    [p, useAiAdp, draftSport],
  )

  const headshotUrl =
    getPlayerImage(normalized, draftSport) ??
    p.display?.assets?.headshotUrl ??
    p.unifiedProductView?.unified.headshotUrl ??
    null
  const teamLogoUrl = normalized.teamLogoUrl ?? null
  const splits: NflDraftProjectionSplits | null = p.nflDraftProjectionSplits 
?? null

  const adpDisplay = p.adp != null ? p.adp.toFixed(1) : 'ΓÇö'
  const aiAdpDisplay = p.aiAdp != null ? p.aiAdp.toFixed(1) : 'ΓÇö'
  const byeDisplay = p.byeWeek != null ? String(p.byeWeek) : 'ΓÇö'

  const tipFor = (columnKey: string, statLabel: string, rawValue: number | 
null | undefined): string =>
    cellTooltip(p.name, statLabel, rawValue)

  const renderColumn = (col: SleeperColumnSpec) => {
    const statTestId = `${testIdBase}-${String(col.key).replace(/_/g, '-')}`

    switch (col.key) {
      case 'rk':
        return (
          <Cell key={col.key} width={col.width} align=\"right\">
            <span className=\"text-white/55 text-[11px] font-medium\" 
data-testid={`${testIdBase}-rk`}>
              {rank}
            </span>
          </Cell>
        )
      case 'player':
        return (
          <Cell key={col.key} width={col.width} align=\"left\" 
className=\"gap-2\">
            <PlayerAvatar
              headshotUrl={headshotUrl}
              displayName={p.name}
              teamLogoUrl={teamLogoUrl}
              teamAbbr={p.team ?? null}
              position={p.position}
              size={36}
              testIdBase={`${testIdBase}-avatar`}
              highlighted={selected}
            />
            <div className=\"flex min-w-0 flex-1 flex-col\">
              <div className=\"flex min-w-0 items-center gap-1.5\">
                <span
                  className=\"min-w-0 flex-1 truncate text-[13px] 
font-semibold text-white/95\"
                  data-testid={`${testIdBase}-name`}
                  title={
                    drafted
                      ? `${p.name} ΓÇö already drafted`
                      : `${p.name}${p.position ? ` (${p.position}${p.team ? `, 
${p.team}` : ''})` : ''} ΓÇö click row to open detail`
                  }
                >
                  {p.name}
                </span>
                {drafted ? (
                  <span className=\"flex-shrink-0 rounded border 
border-white/15 bg-white/[0.05] px-1 py-px text-[9px] uppercase tracking-wider 
text-white/55\">
                    Drafted
                  </span>
                ) : null}
              </div>
              <span className=\"truncate whitespace-nowrap text-[11px] 
text-white/55\">
                <span className=\"font-semibold text-white/72\">{p.position || 
'ΓÇö'}</span>
                {p.team ? <span className=\"ml-1.5 
text-white/45\">{p.team}</span> : null}
              </span>
            </div>
          </Cell>
        )
      case 'adp':
        return (
          <Cell key={col.key} width={col.width} align=\"right\">
            <span
              data-testid={`${testIdBase}-adp`}
              title={systemAdpCellTitle(p.adp != null && 
Number.isFinite(Number(p.adp)))}
            >
              {adpDisplay}
            </span>
          </Cell>
        )
      case 'aiAdp':
        return (
          <Cell key={col.key} width={col.width} align=\"right\">
            <span
              data-testid={`${testIdBase}-ai-adp`}
              data-low-sample={p.aiAdpLowSample ? 'true' : 'false'}
              title={aiAdpCellTitle({
                hasValue: p.aiAdp != null && Number.isFinite(Number(p.aiAdp)),
                lowSample: Boolean(p.aiAdpLowSample),
                sampleSize: p.aiAdpSampleSize ?? null,
              })}
              className=\"inline-flex items-center gap-1\"
            >
              {aiAdpDisplay}
              {p.aiAdpLowSample && p.aiAdp != null ? (
                <span
                  aria-hidden
                  data-testid={`${testIdBase}-ai-adp-low-sample`}
                  className=\"inline-block h-1.5 w-1.5 rounded-full 
bg-amber-300/70\"
                />
              ) : null}
            </span>
          </Cell>
        )
      case 'bye':
        return (
          <Cell key={col.key} width={col.width} align=\"right\">
            <span data-testid={`${testIdBase}-bye`} title={tipFor('bye', 
col.statLabel ?? 'bye week', p.byeWeek ?? null)}>
              {byeDisplay}
            </span>
          </Cell>
        )
      case 'actions':
        return (
          <Cell key={col.key} width={col.width} align=\"right\" 
className=\"gap-1\">
            <button
              type=\"button\"
              onClick={(e) => {
                e.stopPropagation()
                onCompareTap()
              }}
              aria-label={isCompareAnchor ? 'Clear compare selection' : 
`Compare ${p.name}`}
              data-testid={`${testIdBase}-compare`}
              className={`inline-flex h-7 w-7 items-center justify-center 
rounded border transition ${
                isCompareAnchor
                  ? 'border-amber-400/60 bg-amber-500/15 text-amber-100'
                  : 'border-white/15 bg-black/25 text-white/65 
hover:border-white/28 hover:bg-white/10'
              }`}
            >
              <GitCompare className=\"h-3.5 w-3.5\" />
            </button>
            <button
              type=\"button\"
              onClick={(e) => {
                e.stopPropagation()
                if (drafted) return
                onAddToQueue()
              }}
              disabled={drafted}
              aria-label={`Queue ${p.name}`}
              data-testid={`${testIdBase}-queue`}
              className={`inline-flex h-7 w-7 items-center justify-center 
rounded border transition ${
                drafted
                  ? 'cursor-not-allowed border-white/8 bg-black/20 
text-white/25'
                  : queued
                    ? 'border-cyan-400/40 bg-cyan-500/15 text-cyan-100'
                    : 'border-white/15 bg-black/25 text-white/65 
hover:border-cyan-400/25 hover:bg-white/10'
              }`}
            >
              <Plus className=\"h-3.5 w-3.5\" />
            </button>
            {canNominate && onNominateRequest ? (
              <button
                type=\"button\"
                onClick={(e) => {
                  e.stopPropagation()
                  onNominateRequest()
                }}
                data-testid={`${testIdBase}-nominate`}
                className=\"inline-flex h-7 items-center rounded border 
border-amber-400/45 bg-amber-500/15 px-2 text-[10px] font-semibold 
text-amber-100 hover:brightness-110\"
              >
                Nominate
              </button>
            ) : (
              <button
                type=\"button\"
                disabled={!canDraft || drafted}
                onClick={(e) => {
                  e.stopPropagation()
                  if (!canDraft || drafted) return
                  onDraftRequest()
                }}
                title={drafted ? 'Player already drafted' : !canDraft ? 'Not 
your turn' : 'Draft this player'}
                data-testid={`${testIdBase}-draft`}
                className={`inline-flex h-7 items-center rounded border px-2 
text-[10px] font-semibold transition ${
                  drafted
                    ? 'cursor-not-allowed border-white/8 bg-white/[0.04] 
text-white/30'
                    : !canDraft
                      ? 'cursor-not-allowed border-white/10 bg-black/30 
text-white/35'
                      : 'border-cyan-400/45 bg-gradient-to-br from-cyan-500/22 
to-violet-600/18 text-cyan-50 hover:brightness-110'
                }`}
              >
                {drafted ? 'Drafted' : 'Draft'}
              </button>
            )}
          </Cell>
        )
      default: {
        const def = statByKey.get(col.key)
        if (!def) return null
        const raw = getStatValueForDraftPlayer(p as DraftStatPlayerSource, def)
        const display = formatDraftStatDisplay(raw, def)
        const tipRaw =
          col.key === 'pts' && splits
            ? splits.projectedPoints ?? null
            : col.key === 'avg' && splits
              ? splits.projectedPointsPerGame ?? null
              : raw
        return (
          <Cell key={col.key} width={col.width} align=\"right\">
            <span data-testid={statTestId} title={tipFor(col.key, 
col.statLabel ?? def.label, tipRaw)}>
              {display}
            </span>
          </Cell>
        )
      }
    }
  }

  return (
    <div
      role=\"row\"
      data-testid={testIdBase}
      data-drafted={drafted ? 'true' : 'false'}
      data-selected={selected ? 'true' : 'false'}
      onClick={() => {
        if (drafted) return
        onSelect()
      }}
      style={{ height: rowHeight, minWidth }}
      className={`flex items-stretch border-b border-white/5 text-xs 
transition-colors ${
        drafted
          ? 'bg-black/40 text-white/35'
          : selected
            ? 'bg-cyan-500/12 text-white/90'
            : 'bg-transparent text-white/82 hover:bg-white/[0.05] 
cursor-pointer'
      }`}
    >
      {layout.columns.map((col) => renderColumn(col))}
    </div>
  )
}

const MemoSleeperRow = React.memo(SleeperRow)

export function SleeperPoolTable(props: SleeperPoolTableProps) {
  const {
    filtered,
    selectedPlayer,
    isPlayerQueued,
    isPlayerDrafted,
    canDraft,
    canNominate = false,
    useAiAdp,
    draftSport,
    statColumnOptions,
    onDraftRequest,
    onNominateRequest,
    onAddToQueue,
    onPlayerSelect,
    onCompareTap,
    scrollRef,
    compareAnchor,
    rowHeight = SLEEPER_POOL_TABLE_ROW_HEIGHT,
    disableVirtualization = false,
    sortState = null,
    onSortChange,
  } = props

  const layout = useMemo(
    () => buildSleeperPoolTableLayout(draftSport, statColumnOptions),
    [draftSport, statColumnOptions],
  )

  const statByKey = useMemo(() => new Map(layout.statDefs.map((d) => [d.key, 
d])), [layout.statDefs])

  const selectedKey = selectedPlayer ? rowKey(selectedPlayer) : null
  const compareKey = compareAnchor ? rowKey(compareAnchor) : null

  const virtualizer = useVirtualizer({
    count: filtered.length,
    getScrollElement: () => scrollRef.current,
    estimateSize: () => rowHeight,
    overscan: 8,
    enabled: !disableVirtualization,
  })

  const items = virtualizer.getVirtualItems()
  const totalSize = disableVirtualization ? filtered.length * rowHeight : 
virtualizer.getTotalSize()

  const minWidth = layout.minWidth

  return (
    <div
      role=\"table\"
      aria-label=\"Draft pool players\"
      data-testid=\"sleeper-pool-table\"
      style={{ minWidth }}
      className=\"select-none\"
    >
      <div
        role=\"row\"
        data-testid=\"sleeper-pool-table-header\"
        className=\"sticky top-0 z-10 flex items-center border-b 
border-white/10 bg-[#0a1228] text-[10px] font-semibold uppercase 
tracking-wider text-white/55\"
        style={{ height: SLEEPER_POOL_TABLE_HEADER_HEIGHT, minWidth }}
      >
        {layout.columns.map((col) => {
          const ariaSort = sortState ? ariaSortValue(col.key, sortState, 
draftSport) : 'none'
          const isActiveSort = ariaSort !== 'none'
          const sortable = Boolean(onSortChange) && sortKeyForColumn(col.key, 
draftSport) != null

          const indicator = isActiveSort ? (ariaSort === 'ascending' ? 'Γû▓' : 
'Γû╝') : null

          if (sortable) {
            const sortHint = isActiveSort
              ? ` ┬╖ click to sort ${ariaSort === 'ascending' ? 'descending' : 
'ascending'}`
              : ' ┬╖ click to sort'
            const buttonTitle = `${col.title ?? col.label}${sortHint}`
            return (
              <Cell key={col.key} width={col.width} align={col.align}>
                <button
                  type=\"button\"
                  aria-sort={ariaSort}
                  aria-label={col.title ?? col.label}
                  title={buttonTitle}
                  data-testid={`sleeper-pool-table-header-${col.key}`}
                  data-sort-active={isActiveSort ? 'true' : 'false'}
                  onClick={() => onSortChange?.(col.key)}
                  className={`inline-flex items-center gap-1 rounded px-1 
py-px transition focus-visible:outline-none focus-visible:ring-2 
focus-visible:ring-cyan-400/45 ${
                    isActiveSort
                      ? 'text-cyan-100 underline decoration-cyan-300/55 
decoration-2 underline-offset-[3px]'
                      : 'text-white/55 hover:text-white/85'
                  }`}
                >
                  <span>{col.label}</span>
                  {indicator ? (
                    <span aria-hidden className=\"text-[8px] leading-none 
text-cyan-300/85\">
                      {indicator}
                    </span>
                  ) : null}
                </button>
              </Cell>
            )
          }

          // Non-sortable column (actions, or sort handlers disabled).
          return (
            <Cell key={col.key} width={col.width} align={col.align} 
title={col.title}>
              <span 
data-testid={`sleeper-pool-table-header-${col.key}`}>{col.label}</span>
            </Cell>
          )
        })}
      </div>

      <div
        style={{
          height: `${totalSize}px`,
          width: '100%',
          position: 'relative',
        }}
      >
        {disableVirtualization ? (
          filtered.map((p, idx) => {
            const k = rowKey(p)
            const drafted = isPlayerDrafted(p)
            const queued = Boolean(isPlayerQueued?.(p))
            return (
              <MemoSleeperRow
                key={p.id ?? k}
                player={p}
                rank={idx + 1}
                layout={layout}
                statByKey={statByKey}
                selected={selectedKey === k}
                drafted={drafted}
                queued={queued}
                canDraft={canDraft}
                canNominate={canNominate}
                useAiAdp={useAiAdp}
                draftSport={draftSport}
                isCompareAnchor={compareKey === k}
                rowHeight={rowHeight}
                minWidth={minWidth}
                onSelect={() => onPlayerSelect(p)}
                onCompareTap={() => onCompareTap(p)}
                onAddToQueue={() => onAddToQueue(p)}
                onDraftRequest={() => onDraftRequest(p)}
                onNominateRequest={onNominateRequest ? () => 
onNominateRequest(p) : undefined}
                testIdBase={`sleeper-pool-row-${idx}`}
              />
            )
          })
        ) : (
          items.map((virtualRow) => {
            const p = filtered[virtualRow.index]
            if (!p) return null
            const k = rowKey(p)
            const drafted = isPlayerDrafted(p)
            const queued = Boolean(isPlayerQueued?.(p))
            return (
              <div
                key={p.id ?? k}
                style={{
                  position: 'absolute',
                  top: 0,
                  left: 0,
                  width: '100%',
                  transform: `translateY(${virtualRow.start}px)`,
                }}
                data-index={virtualRow.index}
              >
                <MemoSleeperRow
                  player={p}
                  rank={virtualRow.index + 1}
                  layout={layout}
                  statByKey={statByKey}
                  selected={selectedKey === k}
                  drafted={drafted}
                  queued={queued}
                  canDraft={canDraft}
                  canNominate={canNominate}
                  useAiAdp={useAiAdp}
                  draftSport={draftSport}
                  isCompareAnchor={compareKey === k}
                  rowHeight={rowHeight}
                  minWidth={minWidth}
                  onSelect={() => onPlayerSelect(p)}
                  onCompareTap={() => onCompareTap(p)}
                  onAddToQueue={() => onAddToQueue(p)}
                  onDraftRequest={() => onDraftRequest(p)}
                  onNominateRequest={onNominateRequest ? () => 
onNominateRequest(p) : undefined}
                  testIdBase={`sleeper-pool-row-${virtualRow.index}`}
                />
              </div>
            )
          })
        )}
      </div>
    </div>
  )
}
"

[36m [2mΓ¥»[22m 
__tests__/draft/d5-allfantasy-adp-integration.test.ts:[2m167:17[22m[39m
    [90m165|[39m
    [90m166|[39m   it('em-dash branch makes the empty-state explicit ("no 
drafts yet")'ΓÇª
    [90m167|[39m     
[34mexpect[39m(src)[33m.[39m[34mtoMatch[39m([36m/No drafts yet/[39m)
    [90m   |[39m                 [31m^[39m
    [90m168|[39m   })
    [90m169|[39m

[31m[2mΓÄ»ΓÄ»ΓÄ»ΓÄ»ΓÄ»ΓÄ»ΓÄ»ΓÄ»ΓÄ»ΓÄ»ΓÄ»ΓÄ»ΓÄ»ΓÄ»ΓÄ»ΓÄ»ΓÄ»ΓÄ»ΓÄ»ΓÄ»ΓÄ»ΓÄ»ΓÄ»[
7/24]ΓÄ»[22m[39m

[41m[1m FAIL [22m[49m 
__tests__/draft/d5-allfantasy-adp-integration.test.ts[2m > [22mD.5 ΓÇö 
SleeperPoolTable AI ADP cell tooltip + low-sample dot[2m > [22mlow-sample 
tooltip phrasing tells the user the value will firm up
[31m[1mAssertionError[22m: expected '\'use client\'\r\n\r\n/**\r\n * D.2 
ΓÇöΓÇª' to match /Low sample ΓÇö value will firm up/[39m

[32m- Expected:[39m
/Low sample ΓÇö value will firm up/

[31m+ Received:[39m
"'use client'

/**
 * D.2 ΓÇö Sleeper-style dense draft pool table (all sports).
 *
 * Column definitions come from **`buildSleeperPoolTableLayout`** ΓåÆ
 * **`lib/draft-room/draftSportStatColumns.ts`**. Stat cells use
 * **`getStatValueForDraftPlayer`** + **`formatDraftStatDisplay`** (em-dash 
for missing).
 *
 * Virtualized via @tanstack/react-virtual; horizontally scrollable when 
narrower than **`minWidth`**.
 */

import React, { useMemo } from 'react'
import { useVirtualizer } from '@tanstack/react-virtual'
import { GitCompare, Plus } from 'lucide-react'

import { PlayerAvatar } from './PlayerAvatar'
import type { PlayerEntry } from './PlayerPanel'
import { normalizePlayer } from '@/lib/players/normalizePlayer'
import { getPlayerImage } from '@/lib/players/getPlayerImage'
import type { NflDraftProjectionSplits } from 
'@/lib/draft/analytics/nfl-draft-pool-projection-splits'
import {
  formatDraftStatDisplay,
  getStatValueForDraftPlayer,
  type DraftStatColumnDef,
  type DraftStatColumnOptions,
  type DraftStatPlayerSource,
} from '@/lib/draft-room/draftSportStatColumns'
import {
  buildSleeperPoolTableLayout,
  type SleeperColumnSpec,
  type SleeperPoolTableLayout,
} from '@/lib/draft-room/sleeperPoolTableLayout'
import {
  SLEEPER_POOL_TABLE_HEADER_HEIGHT,
  SLEEPER_POOL_TABLE_ROW_HEIGHT,
  cellTooltip,
} from './SleeperPoolTable.constants'
import {
  ariaSortValue,
  sortKeyForColumn,
  type PoolSortState,
} from './SleeperPoolSort'
import { aiAdpCellTitle, systemAdpCellTitle } from 
'@/lib/draft-room/adpReadinessCopy'

/** Re-export sizing constants for stories/tests that imported them from this 
module. */
export {
  SLEEPER_POOL_TABLE_COLUMNS,
  SLEEPER_POOL_TABLE_HEADER_HEIGHT,
  SLEEPER_POOL_TABLE_MIN_WIDTH,
  SLEEPER_POOL_TABLE_ROW_HEIGHT,
} from './SleeperPoolTable.constants'

export interface SleeperPoolTableProps {
  filtered: PlayerEntry[]
  draftedNames: Set<string>
  draftedPlayerIds?: ReadonlySet<string> | null
  selectedPlayer: PlayerEntry | null
  isPlayerQueued?: (player: PlayerEntry) => boolean
  isPlayerDrafted: (player: PlayerEntry) => boolean
  canDraft: boolean
  canNominate?: boolean
  useAiAdp: boolean
  draftSport: string
  /** Drives MLB pitcher/hitter, NHL goalie/skater, NFL IDP vs offense column 
sets (from position filter). */
  statColumnOptions?: DraftStatColumnOptions
  onDraftRequest: (player: PlayerEntry) => void
  onNominateRequest?: (player: PlayerEntry) => void
  onAddToQueue: (player: PlayerEntry) => void
  onPlayerSelect: (player: PlayerEntry) => void
  onCompareTap: (player: PlayerEntry) => void
  scrollRef: React.RefObject<HTMLDivElement | null>
  compareAnchor: PlayerEntry | null
  rowHeight?: number
  disableVirtualization?: boolean
  sortState?: PoolSortState | null
  onSortChange?: (columnKey: string) => void
}

function rowKey(p: PlayerEntry): string {
  return `${p.name.trim().toLowerCase()}|${p.position.trim().toLowerCase()}|${S
tring(p.team ?? '').trim().toLowerCase()}`
}

/** Cell with consistent alignment + tabular numbers. */
function Cell({
  width,
  align,
  children,
  className = '',
  title,
}: {
  width: number
  align: 'left' | 'right'
  children: React.ReactNode
  className?: string
  title?: string
}) {
  return (
    <div
      style={{ width, minWidth: width, maxWidth: width }}
      className={`flex items-center px-2 ${align === 'right' ? 'justify-end 
tabular-nums' : 'justify-start'} ${className}`}
      title={title}
    >
      {children}
    </div>
  )
}

interface SleeperRowProps {
  player: PlayerEntry
  rank: number
  layout: SleeperPoolTableLayout
  statByKey: Map<string, DraftStatColumnDef>
  selected: boolean
  drafted: boolean
  queued: boolean
  canDraft: boolean
  canNominate: boolean
  useAiAdp: boolean
  draftSport: string
  isCompareAnchor: boolean
  rowHeight: number
  minWidth: number
  onSelect: () => void
  onCompareTap: () => void
  onAddToQueue: () => void
  onDraftRequest: () => void
  onNominateRequest?: () => void
  testIdBase: string
}

function SleeperRow(props: SleeperRowProps) {
  const {
    player: p,
    rank,
    layout,
    statByKey,
    selected,
    drafted,
    queued,
    canDraft,
    canNominate,
    useAiAdp,
    draftSport,
    isCompareAnchor,
    rowHeight,
    minWidth,
    onSelect,
    onCompareTap,
    onAddToQueue,
    onDraftRequest,
    onNominateRequest,
    testIdBase,
  } = props

  const normalized = useMemo(
    () =>
      normalizePlayer({
        display: p.display ?? undefined,
        name: p.name,
        position: p.position,
        team: p.team,
        adp: useAiAdp ? p.aiAdp ?? undefined : p.adp ?? undefined,
        byeWeek: p.byeWeek ?? undefined,
        sport: draftSport,
      }),
    [p, useAiAdp, draftSport],
  )

  const headshotUrl =
    getPlayerImage(normalized, draftSport) ??
    p.display?.assets?.headshotUrl ??
    p.unifiedProductView?.unified.headshotUrl ??
    null
  const teamLogoUrl = normalized.teamLogoUrl ?? null
  const splits: NflDraftProjectionSplits | null = p.nflDraftProjectionSplits 
?? null

  const adpDisplay = p.adp != null ? p.adp.toFixed(1) : 'ΓÇö'
  const aiAdpDisplay = p.aiAdp != null ? p.aiAdp.toFixed(1) : 'ΓÇö'
  const byeDisplay = p.byeWeek != null ? String(p.byeWeek) : 'ΓÇö'

  const tipFor = (columnKey: string, statLabel: string, rawValue: number | 
null | undefined): string =>
    cellTooltip(p.name, statLabel, rawValue)

  const renderColumn = (col: SleeperColumnSpec) => {
    const statTestId = `${testIdBase}-${String(col.key).replace(/_/g, '-')}`

    switch (col.key) {
      case 'rk':
        return (
          <Cell key={col.key} width={col.width} align=\"right\">
            <span className=\"text-white/55 text-[11px] font-medium\" 
data-testid={`${testIdBase}-rk`}>
              {rank}
            </span>
          </Cell>
        )
      case 'player':
        return (
          <Cell key={col.key} width={col.width} align=\"left\" 
className=\"gap-2\">
            <PlayerAvatar
              headshotUrl={headshotUrl}
              displayName={p.name}
              teamLogoUrl={teamLogoUrl}
              teamAbbr={p.team ?? null}
              position={p.position}
              size={36}
              testIdBase={`${testIdBase}-avatar`}
              highlighted={selected}
            />
            <div className=\"flex min-w-0 flex-1 flex-col\">
              <div className=\"flex min-w-0 items-center gap-1.5\">
                <span
                  className=\"min-w-0 flex-1 truncate text-[13px] 
font-semibold text-white/95\"
                  data-testid={`${testIdBase}-name`}
                  title={
                    drafted
                      ? `${p.name} ΓÇö already drafted`
                      : `${p.name}${p.position ? ` (${p.position}${p.team ? `, 
${p.team}` : ''})` : ''} ΓÇö click row to open detail`
                  }
                >
                  {p.name}
                </span>
                {drafted ? (
                  <span className=\"flex-shrink-0 rounded border 
border-white/15 bg-white/[0.05] px-1 py-px text-[9px] uppercase tracking-wider 
text-white/55\">
                    Drafted
                  </span>
                ) : null}
              </div>
              <span className=\"truncate whitespace-nowrap text-[11px] 
text-white/55\">
                <span className=\"font-semibold text-white/72\">{p.position || 
'ΓÇö'}</span>
                {p.team ? <span className=\"ml-1.5 
text-white/45\">{p.team}</span> : null}
              </span>
            </div>
          </Cell>
        )
      case 'adp':
        return (
          <Cell key={col.key} width={col.width} align=\"right\">
            <span
              data-testid={`${testIdBase}-adp`}
              title={systemAdpCellTitle(p.adp != null && 
Number.isFinite(Number(p.adp)))}
            >
              {adpDisplay}
            </span>
          </Cell>
        )
      case 'aiAdp':
        return (
          <Cell key={col.key} width={col.width} align=\"right\">
            <span
              data-testid={`${testIdBase}-ai-adp`}
              data-low-sample={p.aiAdpLowSample ? 'true' : 'false'}
              title={aiAdpCellTitle({
                hasValue: p.aiAdp != null && Number.isFinite(Number(p.aiAdp)),
                lowSample: Boolean(p.aiAdpLowSample),
                sampleSize: p.aiAdpSampleSize ?? null,
              })}
              className=\"inline-flex items-center gap-1\"
            >
              {aiAdpDisplay}
              {p.aiAdpLowSample && p.aiAdp != null ? (
                <span
                  aria-hidden
                  data-testid={`${testIdBase}-ai-adp-low-sample`}
                  className=\"inline-block h-1.5 w-1.5 rounded-full 
bg-amber-300/70\"
                />
              ) : null}
            </span>
          </Cell>
        )
      case 'bye':
        return (
          <Cell key={col.key} width={col.width} align=\"right\">
            <span data-testid={`${testIdBase}-bye`} title={tipFor('bye', 
col.statLabel ?? 'bye week', p.byeWeek ?? null)}>
              {byeDisplay}
            </span>
          </Cell>
        )
      case 'actions':
        return (
          <Cell key={col.key} width={col.width} align=\"right\" 
className=\"gap-1\">
            <button
              type=\"button\"
              onClick={(e) => {
                e.stopPropagation()
                onCompareTap()
              }}
              aria-label={isCompareAnchor ? 'Clear compare selection' : 
`Compare ${p.name}`}
              data-testid={`${testIdBase}-compare`}
              className={`inline-flex h-7 w-7 items-center justify-center 
rounded border transition ${
                isCompareAnchor
                  ? 'border-amber-400/60 bg-amber-500/15 text-amber-100'
                  : 'border-white/15 bg-black/25 text-white/65 
hover:border-white/28 hover:bg-white/10'
              }`}
            >
              <GitCompare className=\"h-3.5 w-3.5\" />
            </button>
            <button
              type=\"button\"
              onClick={(e) => {
                e.stopPropagation()
                if (drafted) return
                onAddToQueue()
              }}
              disabled={drafted}
              aria-label={`Queue ${p.name}`}
              data-testid={`${testIdBase}-queue`}
              className={`inline-flex h-7 w-7 items-center justify-center 
rounded border transition ${
                drafted
                  ? 'cursor-not-allowed border-white/8 bg-black/20 
text-white/25'
                  : queued
                    ? 'border-cyan-400/40 bg-cyan-500/15 text-cyan-100'
                    : 'border-white/15 bg-black/25 text-white/65 
hover:border-cyan-400/25 hover:bg-white/10'
              }`}
            >
              <Plus className=\"h-3.5 w-3.5\" />
            </button>
            {canNominate && onNominateRequest ? (
              <button
                type=\"button\"
                onClick={(e) => {
                  e.stopPropagation()
                  onNominateRequest()
                }}
                data-testid={`${testIdBase}-nominate`}
                className=\"inline-flex h-7 items-center rounded border 
border-amber-400/45 bg-amber-500/15 px-2 text-[10px] font-semibold 
text-amber-100 hover:brightness-110\"
              >
                Nominate
              </button>
            ) : (
              <button
                type=\"button\"
                disabled={!canDraft || drafted}
                onClick={(e) => {
                  e.stopPropagation()
                  if (!canDraft || drafted) return
                  onDraftRequest()
                }}
                title={drafted ? 'Player already drafted' : !canDraft ? 'Not 
your turn' : 'Draft this player'}
                data-testid={`${testIdBase}-draft`}
                className={`inline-flex h-7 items-center rounded border px-2 
text-[10px] font-semibold transition ${
                  drafted
                    ? 'cursor-not-allowed border-white/8 bg-white/[0.04] 
text-white/30'
                    : !canDraft
                      ? 'cursor-not-allowed border-white/10 bg-black/30 
text-white/35'
                      : 'border-cyan-400/45 bg-gradient-to-br from-cyan-500/22 
to-violet-600/18 text-cyan-50 hover:brightness-110'
                }`}
              >
                {drafted ? 'Drafted' : 'Draft'}
              </button>
            )}
          </Cell>
        )
      default: {
        const def = statByKey.get(col.key)
        if (!def) return null
        const raw = getStatValueForDraftPlayer(p as DraftStatPlayerSource, def)
        const display = formatDraftStatDisplay(raw, def)
        const tipRaw =
          col.key === 'pts' && splits
            ? splits.projectedPoints ?? null
            : col.key === 'avg' && splits
              ? splits.projectedPointsPerGame ?? null
              : raw
        return (
          <Cell key={col.key} width={col.width} align=\"right\">
            <span data-testid={statTestId} title={tipFor(col.key, 
col.statLabel ?? def.label, tipRaw)}>
              {display}
            </span>
          </Cell>
        )
      }
    }
  }

  return (
    <div
      role=\"row\"
      data-testid={testIdBase}
      data-drafted={drafted ? 'true' : 'false'}
      data-selected={selected ? 'true' : 'false'}
      onClick={() => {
        if (drafted) return
        onSelect()
      }}
      style={{ height: rowHeight, minWidth }}
      className={`flex items-stretch border-b border-white/5 text-xs 
transition-colors ${
        drafted
          ? 'bg-black/40 text-white/35'
          : selected
            ? 'bg-cyan-500/12 text-white/90'
            : 'bg-transparent text-white/82 hover:bg-white/[0.05] 
cursor-pointer'
      }`}
    >
      {layout.columns.map((col) => renderColumn(col))}
    </div>
  )
}

const MemoSleeperRow = React.memo(SleeperRow)

export function SleeperPoolTable(props: SleeperPoolTableProps) {
  const {
    filtered,
    selectedPlayer,
    isPlayerQueued,
    isPlayerDrafted,
    canDraft,
    canNominate = false,
    useAiAdp,
    draftSport,
    statColumnOptions,
    onDraftRequest,
    onNominateRequest,
    onAddToQueue,
    onPlayerSelect,
    onCompareTap,
    scrollRef,
    compareAnchor,
    rowHeight = SLEEPER_POOL_TABLE_ROW_HEIGHT,
    disableVirtualization = false,
    sortState = null,
    onSortChange,
  } = props

  const layout = useMemo(
    () => buildSleeperPoolTableLayout(draftSport, statColumnOptions),
    [draftSport, statColumnOptions],
  )

  const statByKey = useMemo(() => new Map(layout.statDefs.map((d) => [d.key, 
d])), [layout.statDefs])

  const selectedKey = selectedPlayer ? rowKey(selectedPlayer) : null
  const compareKey = compareAnchor ? rowKey(compareAnchor) : null

  const virtualizer = useVirtualizer({
    count: filtered.length,
    getScrollElement: () => scrollRef.current,
    estimateSize: () => rowHeight,
    overscan: 8,
    enabled: !disableVirtualization,
  })

  const items = virtualizer.getVirtualItems()
  const totalSize = disableVirtualization ? filtered.length * rowHeight : 
virtualizer.getTotalSize()

  const minWidth = layout.minWidth

  return (
    <div
      role=\"table\"
      aria-label=\"Draft pool players\"
      data-testid=\"sleeper-pool-table\"
      style={{ minWidth }}
      className=\"select-none\"
    >
      <div
        role=\"row\"
        data-testid=\"sleeper-pool-table-header\"
        className=\"sticky top-0 z-10 flex items-center border-b 
border-white/10 bg-[#0a1228] text-[10px] font-semibold uppercase 
tracking-wider text-white/55\"
        style={{ height: SLEEPER_POOL_TABLE_HEADER_HEIGHT, minWidth }}
      >
        {layout.columns.map((col) => {
          const ariaSort = sortState ? ariaSortValue(col.key, sortState, 
draftSport) : 'none'
          const isActiveSort = ariaSort !== 'none'
          const sortable = Boolean(onSortChange) && sortKeyForColumn(col.key, 
draftSport) != null

          const indicator = isActiveSort ? (ariaSort === 'ascending' ? 'Γû▓' : 
'Γû╝') : null

          if (sortable) {
            const sortHint = isActiveSort
              ? ` ┬╖ click to sort ${ariaSort === 'ascending' ? 'descending' : 
'ascending'}`
              : ' ┬╖ click to sort'
            const buttonTitle = `${col.title ?? col.label}${sortHint}`
            return (
              <Cell key={col.key} width={col.width} align={col.align}>
                <button
                  type=\"button\"
                  aria-sort={ariaSort}
                  aria-label={col.title ?? col.label}
                  title={buttonTitle}
                  data-testid={`sleeper-pool-table-header-${col.key}`}
                  data-sort-active={isActiveSort ? 'true' : 'false'}
                  onClick={() => onSortChange?.(col.key)}
                  className={`inline-flex items-center gap-1 rounded px-1 
py-px transition focus-visible:outline-none focus-visible:ring-2 
focus-visible:ring-cyan-400/45 ${
                    isActiveSort
                      ? 'text-cyan-100 underline decoration-cyan-300/55 
decoration-2 underline-offset-[3px]'
                      : 'text-white/55 hover:text-white/85'
                  }`}
                >
                  <span>{col.label}</span>
                  {indicator ? (
                    <span aria-hidden className=\"text-[8px] leading-none 
text-cyan-300/85\">
                      {indicator}
                    </span>
                  ) : null}
                </button>
              </Cell>
            )
          }

          // Non-sortable column (actions, or sort handlers disabled).
          return (
            <Cell key={col.key} width={col.width} align={col.align} 
title={col.title}>
              <span 
data-testid={`sleeper-pool-table-header-${col.key}`}>{col.label}</span>
            </Cell>
          )
        })}
      </div>

      <div
        style={{
          height: `${totalSize}px`,
          width: '100%',
          position: 'relative',
        }}
      >
        {disableVirtualization ? (
          filtered.map((p, idx) => {
            const k = rowKey(p)
            const drafted = isPlayerDrafted(p)
            const queued = Boolean(isPlayerQueued?.(p))
            return (
              <MemoSleeperRow
                key={p.id ?? k}
                player={p}
                rank={idx + 1}
                layout={layout}
                statByKey={statByKey}
                selected={selectedKey === k}
                drafted={drafted}
                queued={queued}
                canDraft={canDraft}
                canNominate={canNominate}
                useAiAdp={useAiAdp}
                draftSport={draftSport}
                isCompareAnchor={compareKey === k}
                rowHeight={rowHeight}
                minWidth={minWidth}
                onSelect={() => onPlayerSelect(p)}
                onCompareTap={() => onCompareTap(p)}
                onAddToQueue={() => onAddToQueue(p)}
                onDraftRequest={() => onDraftRequest(p)}
                onNominateRequest={onNominateRequest ? () => 
onNominateRequest(p) : undefined}
                testIdBase={`sleeper-pool-row-${idx}`}
              />
            )
          })
        ) : (
          items.map((virtualRow) => {
            const p = filtered[virtualRow.index]
            if (!p) return null
            const k = rowKey(p)
            const drafted = isPlayerDrafted(p)
            const queued = Boolean(isPlayerQueued?.(p))
            return (
              <div
                key={p.id ?? k}
                style={{
                  position: 'absolute',
                  top: 0,
                  left: 0,
                  width: '100%',
                  transform: `translateY(${virtualRow.start}px)`,
                }}
                data-index={virtualRow.index}
              >
                <MemoSleeperRow
                  player={p}
                  rank={virtualRow.index + 1}
                  layout={layout}
                  statByKey={statByKey}
                  selected={selectedKey === k}
                  drafted={drafted}
                  queued={queued}
                  canDraft={canDraft}
                  canNominate={canNominate}
                  useAiAdp={useAiAdp}
                  draftSport={draftSport}
                  isCompareAnchor={compareKey === k}
                  rowHeight={rowHeight}
                  minWidth={minWidth}
                  onSelect={() => onPlayerSelect(p)}
                  onCompareTap={() => onCompareTap(p)}
                  onAddToQueue={() => onAddToQueue(p)}
                  onDraftRequest={() => onDraftRequest(p)}
                  onNominateRequest={onNominateRequest ? () => 
onNominateRequest(p) : undefined}
                  testIdBase={`sleeper-pool-row-${virtualRow.index}`}
                />
              </div>
            )
          })
        )}
      </div>
    </div>
  )
}
"

[36m [2mΓ¥»[22m 
__tests__/draft/d5-allfantasy-adp-integration.test.ts:[2m171:17[22m[39m
    [90m169|[39m
    [90m170|[39m   it('low-sample tooltip phrasing tells the user the value 
will firm uΓÇª
    [90m171|[39m     
[34mexpect[39m(src)[33m.[39m[34mtoMatch[39m([36m/Low sample ΓÇö value 
will firm up/[39m)
    [90m   |[39m                 [31m^[39m
    [90m172|[39m   })
    [90m173|[39m

[31m[2mΓÄ»ΓÄ»ΓÄ»ΓÄ»ΓÄ»ΓÄ»ΓÄ»ΓÄ»ΓÄ»ΓÄ»ΓÄ»ΓÄ»ΓÄ»ΓÄ»ΓÄ»ΓÄ»ΓÄ»ΓÄ»ΓÄ»ΓÄ»ΓÄ»ΓÄ»ΓÄ»[
8/24]ΓÄ»[22m[39m

[41m[1m FAIL [22m[49m __tests__/draft/d5-proper-feature-flag.test.ts[2m > 
[22mD.5-proper ΓÇö DraftRoomPageClient gates legacy lookup behind the 
flag[2m > [22mlegacy `lookupAiAdpMatch` is bypassed when the flag is on
[31m[1mAssertionError[22m: expected 1 to be greater than or equal to 2[39m
[36m [2mΓ¥»[22m 
__tests__/draft/d5-proper-feature-flag.test.ts:[2m137:28[22m[39m
    [90m135|[39m     // Both override sites must require `!useAllFantasyAdp` 
before conΓÇª
    [90m136|[39m     const matches = 
src.match(/draftUISettings\?\.aiAdpEnabled && !useΓÇª
    [90m137|[39m     [34mexpect[39m(matches[33m.[39mlength)[33m.[39m[3
4mtoBeGreaterThanOrEqual[39m([34m2[39m)
    [90m   |[39m                            [31m^[39m
    [90m138|[39m   })
    [90m139|[39m

[31m[2mΓÄ»ΓÄ»ΓÄ»ΓÄ»ΓÄ»ΓÄ»ΓÄ»ΓÄ»ΓÄ»ΓÄ»ΓÄ»ΓÄ»ΓÄ»ΓÄ»ΓÄ»ΓÄ»ΓÄ»ΓÄ»ΓÄ»ΓÄ»ΓÄ»ΓÄ»ΓÄ»[
9/24]ΓÄ»[22m[39m

[41m[1m FAIL [22m[49m __tests__/draft/d5-proper-feature-flag.test.ts[2m > 
[22mD.5-proper ΓÇö DraftRoomPageClient gates legacy lookup behind the 
flag[2m > [22museMemo deps include `useAllFantasyAdp` so the row mapping 
re-runs when toggled
[31m[1mAssertionError[22m: expected '\'use client\'\r\n\r\nimport { 
useStaΓÇª' to match /aiAdpLookupMaps, draftUISettings\?\.aΓÇª/[39m

[32m- Expected:[39m
/aiAdpLookupMaps, draftUISettings\?\.aiAdpEnabled, useAllFantasyAdp/

[31m+ Received:[39m
"'use client'

import { useState, useCallback, useEffect, useRef, useMemo } from 'react'
import {
  isAllFantasyAdpEnabled,
  resolveAllFantasyAdpDraftMode,
  buildAllFantasyAdpUrl,
} from '@/lib/adp/allFantasyAdpFlag'
import { useSession } from 'next-auth/react'
import Link from 'next/link'
import dynamic from 'next/dynamic'
import { DraftRoomShell, type MobileDraftTab } from 
'@/components/app/draft-room/DraftRoomShell'
import { DraftTopBar } from '@/components/app/draft-room/DraftTopBar'
import { DraftRoomSettingsModal } from 
'@/components/app/draft-room/DraftRoomSettingsModal'
import { DraftBoard } from '@/components/app/draft-room/DraftBoard'
import { DraftTeamStrip, type DraftTeamStripTeamMeta } from 
'@/components/app/draft-room/DraftTeamStrip'
import { PickTradeHistoryModal } from 
'@/components/app/draft-room/PickTradeHistoryModal'
import { useEntitlements } from '@/hooks/useEntitlements'
import { useTokenBalance } from '@/hooks/useTokenBalance'
import { SportAwareDraftRoom } from 
'@/components/app/draft-room/SportAwareDraftRoom'
import { QueuePanel } from '@/components/app/draft-room/QueuePanel'
import { DraftIntelQueuePanel } from 
'@/components/app/draft-room/DraftIntelQueuePanel'
import { DraftChatPanel, type DraftChatMessage } from 
'@/components/app/draft-room/DraftChatPanel'
import { DraftChatDock } from '@/components/app/draft-room/DraftChatDock'
import { DraftHelperPanel } from '@/components/app/draft-room/DraftHelperPanel'
import { DraftHelperFloatingBubble } from 
'@/components/app/draft-room/DraftHelperFloatingBubble'
import { DraftHelperFloatingWindow } from 
'@/components/app/draft-room/DraftHelperFloatingWindow'
import { DraftHelperCopilot } from 
'@/components/app/draft-room/DraftHelperCopilot'
import { DraftHelperIntelligence } from 
'@/components/app/draft-room/DraftHelperIntelligence'
import { calculateDraftHelperBadgeCount, hasDraftHelperContent } from 
'@/lib/draft-helper/calculateBadgeCount'
import { useDraftHelperFloatingState } from 
'@/hooks/useDraftHelperFloatingState'
import { DraftTeamPanel } from '@/components/app/draft-room/DraftTeamPanel'
import { WarRoomPopup } from '@/components/app/draft-room/WarRoomPopup'
import { DraftRightDockTabs } from 
'@/components/app/draft-room/DraftRightDockTabs'
import {
  ResultsRosterPanel,
  type ResultsRosterPanelTeam,
  type ResultsRosterPanelPick,
} from '@/components/app/draft-room/ResultsRosterPanel'
import { DraftRosterStrip } from '@/components/app/draft-room/DraftRosterStrip'
import { DraftRoundOneAnnouncementOverlay } from 
'@/components/app/draft-room/DraftRoundOneAnnouncementOverlay'
import type { PlayerEntry } from '@/components/app/draft-room/PlayerPanel'
import type { RoundOneAnnouncementQueueItem } from 
'@/lib/draft-room/resolvePickAnnouncementAssets'
import { resolvePickAnnouncementAssets } from 
'@/lib/draft-room/resolvePickAnnouncementAssets'
import type { DraftWarRoomSnapshot } from '@/components/draft/ai/DraftWarRoom'
import { LiveDraftStatusColumn } from 
'@/components/draft/live/LiveDraftStatusColumn'

const DraftPickTradePanel = dynamic(() => 
import('@/components/app/draft-room/DraftPickTradePanel'), { ssr: false })
const CommissionerControlCenterModal = dynamic(
  () => import('@/components/app/draft-room/CommissionerControlCenterModal'),
  { ssr: false }
)
const PostDraftView = dynamic(() => 
import('@/components/app/draft-room/PostDraftView'), { ssr: false })
const AuctionSpotlightPanel = dynamic(() => 
import('@/components/app/draft-room/AuctionSpotlightPanel'), { ssr: false })
const KeeperPanel = dynamic(() => 
import('@/components/app/draft-room/KeeperPanel'), { ssr: false })
const PreDraftWizard = dynamic(
  () => import('@/components/commissioner/PreDraftWizard').then((m) => 
m.PreDraftWizard),
  { ssr: false },
)
import type { DraftSessionSnapshot, QueueEntry } from 
'@/lib/live-draft-engine/types'
import {
  buildDraftRoomCoreState,
  resolveEffectiveCurrentPick,
  isPickCommitAllowed,
  isPickCommitAllowedByName,
} from '@/lib/live-draft-engine'
import { getUpcomingPickOwners } from 
'@/lib/live-draft-engine/DraftOrderService'
import type { DraftIntelState, DraftIntelQueueEntry } from 
'@/lib/draft-intelligence'
import type { DraftUISettings } from 
'@/lib/draft-defaults/DraftUISettingsResolver'
import { normalizeDraftQueueSizeLimit, trimDraftQueue } from 
'@/lib/draft-defaults/DraftQueueLimitResolver'
import type { NormalizedDraftEntry } from '@/lib/draft-sports-models/types'
import {
  buildAiAdpLookupMaps,
  expandAiAdpKeysForLookup,
  lookupAiAdpMatch,
} from '@/lib/draft-room/ai-adp-lookup'
import { buildDraftSummaryForAI, buildLiveDraftBrainPayload, canAddToQueue, 
getDefaultRosterSlotsForSport } from '@/lib/draft-room'
import { computeTeamNeeds, detectByeWeekClusters } from 
'@/lib/draft-room/teamNeeds'
import type { LiveDraftBrainEnvelope } from '@/lib/live-draft-brain/schemas'
import { IdpDraftExplainerCard } from '@/components/idp/IdpDraftExplainerCard'
import { confirmTokenSpend } from '@/lib/tokens/client-confirm'
import { DRAFT_ROOM } from '@/lib/analytics/eventNames'
import { sendProductAnalyticsBeacon } from '@/lib/analytics/client'
import { computePicksUntilViewerTurn } from 
'@/lib/draft-room/computePicksUntilViewer'
import { mergeDraftSessionSnapshot } from 
'@/lib/draft-room/mergeDraftSessionSnapshot'
import { CommissionerPickEditorPanel, type CommissionerPickEditorPlayerOption 
} from '@/components/app/draft-room/CommissionerPickEditorPanel'
import { CommissionerAuditLogList } from 
'@/components/app/draft-room/CommissionerAuditLogList'
import { PreDraftSlotSetupCard } from 
'@/components/app/draft-room/PreDraftSlotSetupCard'
import {
  DRAFT_PICK_RACE_RETRY,
  DRAFT_PICK_STALE_OVERALL,
} from '@/lib/live-draft-engine/pickAuthorityCodes'
import { isDraftPickRowEmptyFromSnapshot } from 
'@/lib/live-draft-engine/draftPickEmpty'
import { draftRoomPickTrace, draftRoomWarn } from 
'@/lib/draft-room/draftRoomDevLog'
import { buildDraftRoomPageDerivedState } from 
'@/lib/draft-room/buildDraftRoomPageDerivedState'
import { getDraftPickActionState, normalizeDraftRosterId } from 
'@/lib/draft-room/draftPickEligibility'
import { mapNormalizedDraftEntryToPlayerEntry } from 
'@/lib/player-data/adapters/draftRoomPlayerAdapter'
import {
  getDraftRoomDisplayExperienceBadge,
  getDraftRoomDisplayHeadshot,
  getDraftRoomDisplayInjury,
} from '@/lib/player-data/adapters/draftRoomDisplayFields'
import { logNormalizedPlayerDataDiagnostics } from 
'@/lib/player-data/providerFallbackDiagnostics'
import { LEAGUE_DRAFT_ROOM_REVALIDATE } from 
'@/lib/draft-room/emitLeagueDraftRoomRevalidate'
import { filterPlayersAvailableForDraftAi } from 
'@/lib/draft-room/availableForDraftAi'
import { buildDraftRoomClientDiagnostics } from 
'@/lib/draft-room/player-pool-audit'
import type { DraftCopilotInsight } from '@/lib/draft-room/draft-copilot-types'
import { detectSnakeBackToBackSoon, computeRedraftStarterHints } from 
'@/lib/draft-room/redraftPlanningHints'
import { RedraftPlanningRibbon } from 
'@/components/app/draft-room/RedraftPlanningRibbon'
import {
  buildAssistantFeedByPlayerName,
  getAssistantFeedForPlayer,
} from '@/lib/draft-room/assistantFeedLookup'
import {
  buildDraftChatPlayerContextFromDisplay,
  type DraftChatPlayerContext,
} from '@/lib/draft-room/draft-chat-player-context'
import type { DraftAssistantRoomContext } from 
'@/components/app/draft-room/PlayerDetailModal'

/** User-visible copy after a successful commissioner POST to 
`/draft/controls`. */
function commissionerActionSuccessCopy(action: string): string {
  switch (String(action).toLowerCase()) {
    case 'start':
      return 'Draft started ΓÇö live picks are now enabled.'
    case 'pause':
      return 'Draft paused ΓÇö pick clock frozen for everyone.'
    case 'resume':
      return 'Draft resumed ΓÇö pick clock restored.'
    case 'reset_timer':
      return 'Pick timer reset to full time for the current pick.'
    case 'undo_pick':
      return 'Last pick was removed from the board.'
    case 'set_timer_seconds':
      return 'Pick clock length updated.'
    case 'force_autopick':
      return 'Auto-pick executed for the on-clock team.'
    case 'skip_pick':
      return 'Current pick was skipped.'
    case 'complete':
      return 'Draft marked complete.'
    default:
      return 'Commissioner action completed.'
  }
}

type CommissionerControlApiResult =
  | ({ ok: true } & Record<string, unknown>)
  | { ok: false; error: string; cancelled?: boolean }

export type DraftRoomPageClientProps = {
  /** Draft session id from URL (`/draft/[draftId]/snake`) ΓÇö used for 
telemetry / deep links only. */
  draftId?: string
  leagueId: string
  leagueName: string
  /** League avatar/logo. Surfaced in draft-room chrome (top bar). */
  leagueLogoUrl?: string | null
  sport: string
  isDynasty?: boolean
  isCommissioner: boolean
  /** When IDP league, pass 'IDP' for position filters and roster template. */
  formatType?: string
  /** Premium chrome for live snake redraft route. */
  presentationVariant?: 'default' | 'redraft_snake'
}

type DraftRoomChromeTeam = {
  id: string
  externalId?: string | null
  teamName: string
  ownerName: string
  avatarUrl?: string | null
  role?: string | null
  claimedByUserId?: string | null
  isCommissioner?: boolean
  isCoCommissioner?: boolean
}

function normalizeManagerKey(value: string | null | undefined): string {
  return String(value ?? '').trim().toLowerCase()
}

/** Match `pickCommitFlow` / pool filters ΓÇö session pick names are compared 
case-insensitively. */
function normalizeDraftedPlayerName(name: string | null | undefined): string {
  return String(name ?? '').trim().toLowerCase()
}

function resolveInviteLink(payload: { inviteLink?: string | null; inviteCode?: 
string | null } | null | undefined): string | null {
  const direct = typeof payload?.inviteLink === 'string' ? 
payload.inviteLink.trim() : ''
  if (direct) return direct
  const inviteCode = typeof payload?.inviteCode === 'string' ? 
payload.inviteCode.trim() : ''
  if (!inviteCode || typeof window === 'undefined') return null
  return 
`${window.location.origin}/join?code=${encodeURIComponent(inviteCode)}`
}

function resolveManagerChromeTeam(
  manager: { rosterId: string; displayName: string },
  teams: DraftRoomChromeTeam[],
): DraftRoomChromeTeam | null {
  const rosterId = manager.rosterId.trim()
  const displayName = normalizeManagerKey(manager.displayName)
  return (
    teams.find((team) => team.id === rosterId) ??
    teams.find((team) => String(team.externalId ?? '').trim() === rosterId) ??
    teams.find((team) => normalizeManagerKey(team.teamName) === displayName) ??
    teams.find((team) => normalizeManagerKey(team.ownerName) === displayName) 
??
    null
  )
}

const POLL_MS = 8000
const POLL_MS_BACKGROUND = 30000
/** Require several consecutive lightweight poll failures before treating the 
room as degraded (avoids top-bar flicker). */
const SESSION_POLL_FAILS_FOR_DEGRADED = 5
/** Brief delay before showing the badge so transient blips do not flash 
\"Sync issue\". */
const CONNECTION_DEGRADED_SHOW_DELAY_MS = 1600
const AI_ADP_POLL_SKIP_MS = 30 * 60 * 1000
const QUEUE_POLL_EVERY_N_TICKS = 2
const SETTINGS_POLL_EVERY_N_TICKS = 3
const CHAT_POLL_EVERY_N_TICKS = 2
const POOL_POLL_EVERY_N_TICKS = 3
const DRAFT_ROOM_LOCAL_PREFS_KEY_PREFIX = 'af:draft-room-prefs:'

function mergeDraftChatWire(
  prev: DraftChatMessage[],
  incoming: DraftChatMessage[],
): DraftChatMessage[] {
  const map = new Map<string, DraftChatMessage>()
  for (const m of prev) map.set(m.id, m)
  for (const m of incoming) map.set(m.id, m)
  return Array.from(map.values()).sort(
    (a, b) => new Date(a.at).getTime() - new Date(b.at).getTime(),
  )
}

export function DraftRoomPageClient({
  draftId,
  leagueId,
  leagueName,
  leagueLogoUrl,
  sport,
  isDynasty = false,
  isCommissioner,
  formatType,
  presentationVariant = 'default',
}: DraftRoomPageClientProps) {
  type CenterDockTab = 'queue' | 'chat' | 'ai' | 'commish'
  const { data: authSession } = useSession()
  const viewerAppUserId = (authSession?.user as { id?: string } | 
undefined)?.id ?? null
  const [session, setSession] = useState<DraftSessionSnapshot | null>(null)
  const sessionRef = useRef<DraftSessionSnapshot | null>(null)
  useEffect(() => {
    sessionRef.current = session
  }, [session])
  const [queue, setQueue] = useState<QueueEntry[]>([])
  const [draftIntel, setDraftIntel] = useState<DraftIntelState | null>(null)
  const [draftIntelLoading, setDraftIntelLoading] = useState(true)
  const [chatMessages, setChatMessages] = useState<DraftChatMessage[]>([])
  const [chatSyncActive, setChatSyncActive] = useState(false)
  const [loading, setLoading] = useState(true)
  /** Set when GET draft/session returns 401/403 so we don't show the 
misleading \"no draft session\" copy. */
  const [draftSessionAccess, setDraftSessionAccess] = useState<\"ok\" | 
\"unauthorized\" | \"forbidden\" | null>(null)
  /** True only after repeated failed draft session polls ΓÇö not routine 
background sync (avoids top-bar flicker). */
  const [connectionDegraded, setConnectionDegraded] = useState(false)
  /**
   * Pre-draft validation wizard. Opened in-place when `handleStartDraft` runs
   * the validation route and the report comes back with `canStartDraft: 
false`.
   * Renders as an overlay above the existing DraftRoomShell ΓÇö never replaces
   * the shell, never navigates, never redirects. The unified-state contract
   * locked by `__tests__/nfl-redraft-snake-draft-board-state.test.ts` (Commit
   * E) is preserved.
   */
  const [showPreDraftValidationWizard, setShowPreDraftValidationWizard] = 
useState(false)
  /**
   * Slice J: in-place recovery state for `DRAFT_SESSION_MISMATCH` 409
   * responses from the session route. When the server tells the client its
   * view of the draft session is stale, we DO NOT navigate (no
   * `router.push`, `router.replace`, or `window.location.replace`) ΓÇö that
   * would violate the unified-state contract locked by Commit E. Instead we
   * flip this banner on, schedule a single in-place refetch via
   * `fetchSession`, and clear the flag once the next response is 2xx.
   * After 3 consecutive 409s the banner exposes an inline \"Try again\" button
   * so the user can retry without leaving the room.
   */
  const [sessionMismatchRecovering, setSessionMismatchRecovering] = 
useState(false)
  const sessionMismatchRetryTimerRef = useRef<number | null>(null)
  const sessionMismatchAttemptsRef = useRef(0)
  const pollSessionFailStreakRef = useRef(0)
  /** Browser timers are numeric IDs; avoids NodeJS.Timeout vs DOM mismatch in 
`tsc`. */
  const connectionDegradedTimerRef = useRef<number | null>(null)
  /**
   * Canonical draft state from the last successful `/draft/session` response.
   * Stored in a ref (not state) ΓÇö never drives renders, only used for 
dev-mode
   * divergence logging and future migration comparisons.
   */
  const canonicalDraftStateRef = useRef<{
    status: string
    currentPickNumber: number | null
    picksMade: number
    currentTeamId: string | null
    timerEndAt: string | null
  } | null>(null)
  const [commissionerLoading, setCommissionerLoading] = useState(false)
  /** Slice C.1: while a commissioner control or settings PATCH is in flight, 
the periodic
   * live-sync poll must not overwrite our optimistic patch with the server's 
pre-action
   * snapshot. Polling continues for queue/chat freshness ΓÇö only the 
session/settings merges
   * are skipped while the ref is > 0. */
  const controlActionInflightRef = useRef(0)
  const [governanceBanner, setGovernanceBanner] = useState<{
    variant: 'success' | 'error' | 'info'
    message: string
  } | null>(null)
  const governanceSuccessTimeoutRef = useRef<ReturnType<typeof setTimeout> | 
null>(null)
  const [pickSubmitting, setPickSubmitting] = useState(false)
  const [draftUISettings, setDraftUISettings] = useState<DraftUISettings | 
null>(null)
  const [skipPickAllowed, setSkipPickAllowed] = useState(false)
  const [orphanAiStatus, setOrphanAiStatus] = useState<{
    orphanRosterIds: string[]
    recentActions: Array<{ action: string; createdAt: string; reason: string | 
null; rosterId?: string }>
  } | null>(null)
  const [commissionerAiDraft, setCommissionerAiDraft] = useState<{
    assignedAiTeams: Array<{ teamId: string; teamName: string; aiStyle: 
string; tradeAggression: string; active: boolean }>
    tradeRules: {
      allowOutbound: boolean
      allowInbound: boolean
      blockAiToAi: boolean
      proposalCooldownSeconds: number
      maxProposalsPerRound: number
      acceptConfidenceMin: number
    }
  } | null>(null)
  /** Prisma AI opponent assignments ΓÇö draft roster ids (see 
`/api/league/ai-opponents/summary`). */
  const [aiOpponentRosterIds, setAiOpponentRosterIds] = useState<string[]>([])
  /** Draft roster id ΓåÆ AI archetype label for manager strip badges. */
  const [aiArchetypeByRoster, setAiArchetypeByRoster] = 
useState<Record<string, string>>({})
  const [orphanAiProviderAvailableState, setOrphanAiProviderAvailableState] = 
useState<boolean>(true)
  const [draftQueueSizeLimit, setDraftQueueSizeLimit] = 
useState<number>(normalizeDraftQueueSizeLimit(null))
  const [leagueAiAdp, setLeagueAiAdp] = useState<{
    enabled: boolean
    entries: Array<{ playerName: string; position: string; team: string | 
null; adp: number; sampleSize: number; lowSample?: boolean }>
    totalDrafts: number
    computedAt: string | null
    stale?: boolean
    ageHours?: number | null
    message?: string | null
  } | null>(null)
  const aiAdpLookupMaps = useMemo(
    () => buildAiAdpLookupMaps(leagueAiAdp?.entries ?? null),
    [leagueAiAdp?.entries],
  )
  /**
   * D.5-proper ΓÇö feature flag + dev-only draft-mode toggle for AllFantasy 
AI ADP.
   *
   * When `NEXT_PUBLIC_USE_ALLFANTASY_ADP=true`, the draft room hits the new
   * `/api/.../ai-adp?source=allfantasy&draftMode=<mode>` endpoint and bypasses
   * the legacy `lookupAiAdpMatch` client overlay so the resolver-provided
   * `e.aiAdp` value is the single source of truth for the AI ADP column.
   *
   * `?adpMode=test` (URL) or `NEXT_PUBLIC_ALLFANTASY_ADP_DRAFT_MODE=test` 
(env)
   * lets dev surface seeded harness data without polluting production.
   */
  const useAllFantasyAdp = useMemo(() => isAllFantasyAdpEnabled(), [])
  const allFantasyAdpDraftMode = useMemo(() => {
    const sp =
      typeof window !== 'undefined' && window.location
        ? new URLSearchParams(window.location.search)
        : null
    return resolveAllFantasyAdpDraftMode({ searchParams: sp })
  }, [])
  const [autoPickFromQueue, setAutoPickFromQueue] = useState(false)
  const [awayMode, setAwayMode] = useState(false)
  const [aiQueueReorderEnabled, setAiQueueReorderEnabled] = useState(true)
  const [draftAiExplanationEnabled, setDraftAiExplanationEnabled] = 
useState(false)
  const [mobileTab, setMobileTabState] = useState<MobileDraftTab>('board')
  const [centerDockTab, setCenterDockTab] = useState<CenterDockTab>('queue')
  const [commissionerEditOverall, setCommissionerEditOverall] = 
useState<number | null>(null)
  const [commissionerEditModalOpen, setCommissionerEditModalOpen] = 
useState(false)
  const openCommissionerPickEditor = useCallback((overall: number) => {
    if (!Number.isFinite(overall) || overall < 1) return
    setCommissionerEditOverall(Math.floor(overall))
    setCenterDockTab('commish')
    setCommissionerEditModalOpen(true)
  }, [])
  const floatingHelperState = useDraftHelperFloatingState()
  const setMobileTab = useCallback((tab: MobileDraftTab) => {
    sendProductAnalyticsBeacon(DRAFT_ROOM.MOBILE_TAB, { tab, leagueId })
    setMobileTabState(tab)
  }, [leagueId])
  const [aiReorderLoading, setAiReorderLoading] = useState(false)
  const [aiReorderExplanation, setAiReorderExplanation] = useState<string | 
null>(null)
  const [aiReorderExecutionMode, setAiReorderExecutionMode] = useState<string 
| null>(null)
  const [showBroadcastModal, setShowBroadcastModal] = useState(false)
  const [commissionerLeagues, setCommissionerLeagues] = useState<Array<{ id: 
string; name: string | null }>>([])
  const [broadcastMessage, setBroadcastMessage] = useState('')
  const [broadcastSelectedIds, setBroadcastSelectedIds] = 
useState<Set<string>>(new Set())
  const [broadcastSending, setBroadcastSending] = useState(false)
  const [recommendationResult, setRecommendationResult] = useState<{
    recommendation: { player: { name: string; position: string; team?: string 
| null; adp?: number | null }; reason: string; confidence: number } | null
    alternatives: Array<{ player: { name: string; position: string; team?: 
string | null }; reason: string; confidence: number }>
    reachWarning: string | null
    valueWarning: string | null
    scarcityInsight: string | null
    stackInsight: string | null
    correlationInsight: string | null
    formatInsight: string | null
    byeNote: string | null
    explanation: string
    evidence: string[]
    caveats: string[]
    uncertainty: string | null
    execution?: { mode?: string; lane?: string } | null
  } | null>(null)
  const [recommendationLoading, setRecommendationLoading] = useState(false)
  const [recommendationError, setRecommendationError] = useState<string | 
null>(null)
  const recommendationRequestKeyRef = useRef('')
  const warRoomDebounceRef = useRef<ReturnType<typeof setTimeout> | null>(null)
  const warRoomCacheRef = useRef<Map<string, DraftWarRoomSnapshot>>(new Map())
  const [warRoomData, setWarRoomData] = useState<DraftWarRoomSnapshot | 
null>(null)
  const [warRoomLoading, setWarRoomLoading] = useState(false)
  const [warRoomError, setWarRoomError] = useState<string | null>(null)
  const [liveBrainEnvelope, setLiveBrainEnvelope] = 
useState<LiveDraftBrainEnvelope | null>(null)
  const [runAiPickLoading, setRunAiPickLoading] = useState(false)
  const [resyncLoading, setResyncLoading] = useState(false)
  const [showCommissionerModal, setShowCommissionerModal] = useState(false)
  const [draftRoomSettingsOpen, setDraftRoomSettingsOpen] = useState(false)
  const [showTradePanel, setShowTradePanel] = useState(false)
  const [tradePanelGeneration, setTradePanelGeneration] = useState(0)
  const [tradeInitialDraft, setTradeInitialDraft] = useState<{
    giveRound?: number
    receiveRound?: number
    receiverRosterId?: string
  } | null>(null)
  const [pendingTradesCount, setPendingTradesCount] = useState(0)
  const [roundOneAnnouncementQueue, setRoundOneAnnouncementQueue] = 
useState<RoundOneAnnouncementQueueItem[]>([])
  const roundOneSeenPickIdsRef = useRef(new Set<string>())
  const roundOneBootstrapRef = useRef(false)
  const [pickError, setPickError] = useState<string | null>(null)
  const [draftPool, setDraftPool] = useState<{ entries: 
NormalizedDraftEntry[]; sport: string; devyConfig?: { enabled: boolean; 
devyRounds: number[] }; c2cConfig?: { enabled: boolean; collegeRounds: 
number[] }; isIdp?: boolean } | null>(null)
  const [draftAssistantContext, setDraftAssistantContext] = useState<{
    sport: string
    headlines: Array<{
      id: string
      title: string
      playerName?: string | null
      team?: string | null
      publishedAt?: string | null
      source?: string | null
    }>
    injuries: Array<{
      playerName: string
      team?: string | null
      status?: string | null
      note?: string | null
      reportedAt?: string | null
      source?: string | null
    }>
    sportsFeed: {
      available: boolean
      updatedAt?: string | null
      sourceKeys?: string[]
      digest?: string | null
    }
  } | null>(null)
  const [leagueTeams, setLeagueTeams] = useState<DraftRoomChromeTeam[]>([])
  const [rosterConfig, setRosterConfig] = useState<{
    starterSlots: Record<string, number>
    benchSlots: number
    taxiSlots: number
    devySlots: number
    orderedSlotLabels?: string[]
  } | null>(null)
  const [inviteLink, setInviteLink] = useState<string | null>(null)
  const [claimableRosterIds, setClaimableRosterIds] = useState<string[]>([])
  const [tradeHistoryOpen, setTradeHistoryOpen] = useState(false)
  const [tradeHistoryFocus, setTradeHistoryFocus] = useState<{
    round: number
    originalRosterId: string
  } | null>(null)
  const entitlements = useEntitlements()
  const tokenBalance = useTokenBalance()
  const hasAiSubscription =
    entitlements.hasPro || entitlements.hasSupreme || 
entitlements.hasCommissioner || entitlements.hasAllAccess
  /**
   * Token-balance fallback: free-tier users who've bought AF token packs still
   * get to use AI features, spending one token per request. Gate is true when
   * EITHER a qualifying subscription is active OR balance > 0.
   */
  const hasAiAccess = hasAiSubscription || tokenBalance.balance > 0
  const resolvedOrphanAiProviderAvailable =
    (session as { orphanAiProviderAvailable?: boolean } | 
null)?.orphanAiProviderAvailable ??
    orphanAiProviderAvailableState ??
    true
  const [claimSlotLoadingRosterId, setClaimSlotLoadingRosterId] = 
useState<string | null>(null)
  const [auctionNominateLoading, setAuctionNominateLoading] = useState(false)
  const [auctionBidLoading, setAuctionBidLoading] = useState(false)
  const [auctionResolveLoading, setAuctionResolveLoading] = useState(false)
  const [autopickExpiredLoading, setAutopickExpiredLoading] = useState(false)
  const [helperSelectedPlayer, setHelperSelectedPlayer] = useState<{ name: 
string; position: string; team?: string | null } | null>(null)

  const localPrefsKey = `${DRAFT_ROOM_LOCAL_PREFS_KEY_PREFIX}${leagueId}`

  /** Draft room uses normalized pool from fetchDraftPool only; skip 
useLeagueSectionData to avoid duplicate /api/mock-draft/adp. */
  const draftData = null as { entries?: PlayerEntry[] } | null
  const poolLoading = loading && draftPool === null
  const effectiveDraftSport = draftPool?.sport ?? sport

  const draftedNames = useMemo(
    () =>
      new Set(
        (session?.picks ?? [])
          .map((p) => normalizeDraftedPlayerName(p.playerName))
          .filter(Boolean),
      ),
    [session?.picks],
  )
  const draftedPlayerIds = useMemo(() => {
    const s = new Set<string>()
    for (const p of session?.picks ?? []) {
      if (p.playerId) s.add(String(p.playerId).trim())
    }
    return s
  }, [session?.picks])
  /** Single source for on-clock team, overall, and timer anchor ΓÇö derived 
only from `session`. */
  const draftCore = useMemo(
    () => (session ? buildDraftRoomCoreState(session) : null),
    [session],
  )
  /** On-clock pick ΓÇö uses resolver when session.currentPick is briefly null 
(poll/reconnect races). */
  const currentPick = useMemo(
    () => (session ? resolveEffectiveCurrentPick(session) : null),
    [session],
  )
  const tradeDraftStateFingerprint = useMemo(() => {
    if (!session) return ''
    const traded =
      Array.isArray(session.tradedPicks) && session.tradedPicks.length > 0 ? 
session.tradedPicks.length : 0
    const onClock =
      currentPick?.overall != null && Number.isFinite(currentPick.overall)
        ? `-o${currentPick.overall}`
        : ''
    return `${session.version}-${session.picks.length}-${traded}-${session.upda
tedAt}${onClock}`
  }, [session, currentPick])
  /** Fallback when Chimmy SSE has not emitted (no roster yet) or intel is 
idle ΓÇö drives RedraftPlanningRibbon. */
  const ribbonPicksUntilUser = useMemo(() => {
    if (draftIntel?.picksUntilUser != null) return draftIntel.picksUntilUser
    if (!session || (session.status !== 'in_progress' && session.status !== 
'paused')) return null
    const rid = (session as DraftSessionSnapshot & { currentUserRosterId?: 
string }).currentUserRosterId
    return computePicksUntilViewerTurn(session as DraftSessionSnapshot, rid ?? 
null)
  }, [draftIntel?.picksUntilUser, session])
  const players: PlayerEntry[] = useMemo(() => {
    const rawEntries = Array.isArray(draftPool?.entries)
      ? draftPool.entries
      : Array.isArray((draftData as any)?.entries)
        ? (draftData as any).entries
        : []
    const useNormalizedPool = Array.isArray(draftPool?.entries) && 
draftPool.entries.length > 0
    return useNormalizedPool
      ? (rawEntries as NormalizedDraftEntry[]).map((e) =>
          mapNormalizedDraftEntryToPlayerEntry(e, {
            draftUISettings,
            useAllFantasyAdp,
            aiAdpLookupMaps,
            soccerLeagueAugment: null,
            includeUnifiedProduct: true,
            includeProviderFallbackDiagnostics: false,
          }),
        )
      : rawEntries.map((e: any) => {
          const name = e.name ?? e.playerName ?? ''
          const position = e.position ?? ''
          const team = e.team ?? null
          // D.5-proper ΓÇö see note above; flag bypasses legacy lookup.
          const ai = draftUISettings?.aiAdpEnabled && !useAllFantasyAdp
            ? lookupAiAdpMatch(aiAdpLookupMaps, name, position, team)
            : null
          const yeRaw = e.yearsExp ?? e.years_exp
          const yearsExp =
            yeRaw != null && Number.isFinite(Number(yeRaw)) ? Number(yeRaw) : 
null
          const isRookieComputed =
            e.isRookie === true ? true : yearsExp === 0 ? true : undefined
          return {
            id: e.id ?? e.playerId ?? name,
            name,
            position,
            team,
            adp: e.adp ?? e.rank ?? null,
            byeWeek: e.byeWeek ?? null,
            aiAdp: useAllFantasyAdp
              ? (e.aiAdp ?? null)
              : draftUISettings?.aiAdpEnabled && ai
                ? ai.adp
                : (e.aiAdp ?? null),
            aiAdpSampleSize: useAllFantasyAdp ? e.aiAdpSampleSize : 
ai?.sampleSize,
            aiAdpLowSample: useAllFantasyAdp ? e.aiAdpLowSample : 
ai?.lowSample,
            yearsExp,
            isRookie: isRookieComputed,
          }
        })
  }, [
    draftPool,
    draftData,
    aiAdpLookupMaps,
    draftUISettings?.aiAdpEnabled,
    useAllFantasyAdp,
  ])

  const poolPlayerById = useMemo(() => {
    const m: Record<string, PlayerEntry> = {}
    for (const p of players) {
      const pid = String(p.playerId ?? p.display?.playerId ?? p.id ?? 
'').trim()
      if (pid) m[pid] = p
    }
    return m
  }, [players])

  const playerAuditFingerprintRef = useRef('')
  useEffect(() => {
    if (process.env.NEXT_PUBLIC_DRAFT_PLAYER_AUDIT !== 'true') return
    if (players.length === 0) return

    const diagnostics = buildDraftRoomClientDiagnostics(
      players.map((player) => ({
        id: player.playerId ?? player.id ?? null,
        name: player.name,
        position: player.position,
        team: player.team,
        imageUrl: player.display?.assets?.headshotUrl ?? null,
      })),
    )

    if (!diagnostics.hasIssues) return

    const fingerprint = JSON.stringify({
      totalPlayers: diagnostics.totalPlayers,
      duplicatePlayerIds: diagnostics.duplicatePlayerIds,
      duplicateNormalizedNames: diagnostics.duplicateNormalizedNames,
      missingImages: diagnostics.missingImages,
      malformedNameExamples: diagnostics.malformedNameExamples,
      missingTeamOrPosition: diagnostics.missingTeamOrPosition,
    })
    if (playerAuditFingerprintRef.current === fingerprint) return

    playerAuditFingerprintRef.current = fingerprint
    console.warn('[draft-room/player-audit]', {
      leagueId,
      diagnostics,
    })
  }, [leagueId, players])

  const commissionerPickEditorPlayers: CommissionerPickEditorPlayerOption[] = 
useMemo(() => {
    const filledPicks = (session?.picks ?? []).filter(
      (p) =>
        !isDraftPickRowEmptyFromSnapshot({
          playerName: p.playerName,
          position: p.position,
          pickMetadata: (p as { pickMetadata?: unknown }).pickMetadata,
          pickEditorEmpty: p.pickEditorEmpty,
        }),
    )
    const draftedNameSet = new Set(filledPicks.map((p) => 
p.playerName.trim().toLowerCase()).filter(Boolean))
    const draftedIdSet = new Set(
      filledPicks.map((p) => String(p.playerId ?? '').trim()).filter(Boolean),
    )
    return players
      .filter((p) => {
        if (!p.name || !p.position) return false
        const pid = String(p.playerId ?? p.id ?? '').trim()
        if (pid && draftedIdSet.has(pid)) return false
        return !draftedNameSet.has(p.name.trim().toLowerCase())
      })
      .slice(0, 500)
      .map((p) => ({
        id: p.playerId ?? p.id ?? p.name,
        name: p.name,
        position: p.position,
        team: p.team ?? null,
        byeWeek: p.byeWeek ?? null,
        imageUrl: p.display?.assets?.headshotUrl ?? null,
      }))
  }, [players, session?.picks])

  useEffect(() => {
    roundOneSeenPickIdsRef.current.clear()
    roundOneBootstrapRef.current = false
    setRoundOneAnnouncementQueue([])
  }, [leagueId])

  const dismissRoundOneAnnouncement = useCallback(() => {
    setRoundOneAnnouncementQueue((q) => q.slice(1))
  }, [])

  useEffect(() => {
    if (!session?.picks || session.status !== 'in_progress') return

    const picks = session.picks ?? []
    if (!roundOneBootstrapRef.current) {
      for (const p of picks) roundOneSeenPickIdsRef.current.add(p.id)
      roundOneBootstrapRef.current = true
      return
    }

    const rsRoom = presentationVariant === 'redraft_snake' && !isDynasty
    const visualsOn = draftUISettings?.roundOnePickAnnouncementEnabled !== 
false

    for (const p of picks) {
      if (roundOneSeenPickIdsRef.current.has(p.id)) continue
      roundOneSeenPickIdsRef.current.add(p.id)
      if (!rsRoom || !visualsOn || p.round !== 1) continue

      const assets = resolvePickAnnouncementAssets(p, players)
      setRoundOneAnnouncementQueue((prev) =>
        [...prev, { id: p.id, pick: p, ...assets }].slice(-4),
      )
    }
  }, [
    session?.picks,
    session?.status,
    session?.version,
    players,
    presentationVariant,
    isDynasty,
    draftUISettings?.roundOnePickAnnouncementEnabled,
  ])

  const assistantFeedByName = useMemo(
    () =>
      buildAssistantFeedByPlayerName(draftAssistantContext?.headlines ?? [], 
draftAssistantContext?.injuries ?? []),
    [draftAssistantContext],
  )

  const assistantFeedBriefForRecommend = useMemo(() => {
    const ctx = draftAssistantContext
    if (!ctx) return ''
    const chunks: string[] = []
    for (const h of ctx.headlines.slice(0, 5)) {
      const t = typeof h.title === 'string' ? h.title.trim() : ''
      if (!t) continue
      chunks.push(h.playerName ? `${h.playerName}: ${t}` : t)
    }
    for (const inj of ctx.injuries.slice(0, 5)) {
      const bits = [inj.playerName, inj.team, inj.status, inj.note].filter(
        (x): x is string => typeof x === 'string' && x.trim().length > 0,
      )
      if (bits.length) chunks.push(bits.join(' '))
    }
    const digest = ctx.sportsFeed?.digest?.trim()
    if (digest) chunks.push(digest)
    return chunks.join(' | ').slice(0, 600)
  }, [draftAssistantContext])

  const resolvePlayerFromPool = useCallback(
    (name: string, position: string) =>
      players.find(
        (p) =>
          p.name.trim().toLowerCase() === name.trim().toLowerCase() &&
          p.position.trim().toLowerCase() === position.trim().toLowerCase(),
      ) ?? null,
    [players],
  )

  /** AI layers must never surface players who are already drafted or missing 
from the live pool. */
  const isAiRecommendationPlayerAvailable = useCallback(
    (name: string, position: string): boolean => {
      const resolved = resolvePlayerFromPool(name, position)
      if (!resolved) return false
      if (
        !isPickCommitAllowedByName({
          canDraft: true,
          playerName: resolved.name,
          draftedNames,
        })
      ) {
        return false
      }
      const pidRaw = resolved.display?.playerId ?? resolved.id ?? null
      const pid =
        pidRaw != null &&
        String(pidRaw).trim() !== '' &&
        !String(pidRaw).startsWith('name:')
          ? String(pidRaw).trim()
          : null
      if (
        pid &&
        !isPickCommitAllowed({
          canDraft: true,
          playerId: pid,
          draftedPlayerIds,
        })
      ) {
        return false
      }
      return true
    },
    [resolvePlayerFromPool, draftedNames, draftedPlayerIds],
  )

  const getAssistantRoomContext = useCallback(
    (player: PlayerEntry): DraftAssistantRoomContext | null => {
      const snap = getAssistantFeedForPlayer(assistantFeedByName, player.name)
      const digestRaw = draftAssistantContext?.sportsFeed?.digest?.trim()
      const digestPreview =
        digestRaw && digestRaw.length > 280 ? `${digestRaw.slice(0, 277)}ΓÇª` 
: digestRaw ?? null
      const headline = snap?.headlineTitle?.trim() || null
      const injuryLine =
        snap?.injuryStatus || snap?.injuryNote
          ? [snap.injuryStatus, snap.injuryNote].filter(Boolean).join(' ┬╖ ')
          : null
      if (!headline && !injuryLine && !digestPreview) return null
      return { headline, injuryLine, digestPreview }
    },
    [assistantFeedByName, draftAssistantContext?.sportsFeed?.digest],
  )

  const currentUserRosterId = (session as any)?.currentUserRosterId as string 
| undefined
  const rosterConfigBlocked = Boolean(session?.rosterConfigurationIncomplete)

  const commissionerOfflinePick = Boolean(draftUISettings?.executionMode === 
'offline' && isCommissioner)
  const overnightBlocksUserPicks = Boolean(
    session?.status === 'in_progress' &&
      session.timer?.pauseReason === 'overnight_window' &&
      draftUISettings?.allowPicksDuringOvernightPause !== true,
  )
  const pickActionState = useMemo(
    () =>
      getDraftPickActionState({
        session,
        draftCore,
        currentPick,
        currentUserRosterId,
        overnightBlocksUserPicks,
        pickSubmitting,
        commissionerOfflinePick,
      }),
    [
      session,
      draftCore,
      currentPick,
      currentUserRosterId,
      overnightBlocksUserPicks,
      pickSubmitting,
      commissionerOfflinePick,
    ],
  )
  const isCurrentUserOnClock = pickActionState.viewerOnClock
  const snakeCanDraftRaw = pickActionState.snakeCanDraftRaw

  const isAuctionDraft = session?.draftType === 'auction'
  const auctionNom = session?.auction
  const auctionNominator = 
auctionNom?.nominationOrder?.[auctionNom?.auctionState?.nominationOrderIndex 
?? 0]
  const isMyTurnToNominateDraft = Boolean(
    isAuctionDraft && currentUserRosterId != null && 
auctionNominator?.rosterId === currentUserRosterId,
  )
  const auctionCanBidRaw = Boolean(
    isAuctionDraft &&
      session?.status === 'in_progress' &&
      Boolean(currentUserRosterId) &&
      auctionNom?.auctionState?.currentNomination != null,
  )

  const draftRoomState = useMemo(
    () =>
      buildDraftRoomPageDerivedState({
        session,
        draftCore,
        currentPick,
        players,
        draftedNames,
        draftedPlayerIds,
        isCommissioner,
        rosterConfigurationIncomplete: rosterConfigBlocked,
        rosterConfigurationMessage: session?.rosterConfigurationMessage ?? 
null,
        snakeCanDraft: snakeCanDraftRaw,
        auctionCanNominate: isMyTurnToNominateDraft,
        auctionCanBid: auctionCanBidRaw,
      }),
    [
      session,
      draftCore,
      currentPick,
      players,
      draftedNames,
      draftedPlayerIds,
      isCommissioner,
      rosterConfigBlocked,
      session?.rosterConfigurationMessage,
      snakeCanDraftRaw,
      isMyTurnToNominateDraft,
      auctionCanBidRaw,
    ],
  )

  const canDraft = draftRoomState.canDraft

  useEffect(() => {
    if (process.env.NODE_ENV === 'production') return
    if (!session || !currentPick) return
    const clockRid = normalizeDraftRosterId(currentPick.rosterId)
    const viewerRid = normalizeDraftRosterId(currentUserRosterId)
    const rosterIdsAlign = clockRid.length > 0 && viewerRid.length > 0 && 
clockRid === viewerRid
    if (!rosterIdsAlign || session.status !== 'in_progress') return
    if (rosterConfigBlocked) return
    if (pickActionState.canPick && canDraft) return
    console.warn('[draft-room] pick eligibility diagnostic (dev)', {
      topBarOnClockRosterId: pickActionState.topBarOnClockRosterId,
      viewerRosterId: pickActionState.viewerRosterId,
      rawViewerRosterId: currentUserRosterId ?? null,
      viewerOnClock: pickActionState.viewerOnClock,
      denialReason: pickActionState.denialReason,
      canDraft,
      currentOverall: pickActionState.currentOverall,
      draftCoreCurrentTeam: draftCore?.currentTeamId ?? null,
      draftCoreCurrentOverall: draftCore?.currentOverall ?? null,
      pickSubmitting,
      overnightBlocksUserPicks,
      sessionStatus: session.status,
      timerStatus: session.timer?.status,
      timerPauseReason: session.timer?.pauseReason ?? null,
      commissionerOfflinePick,
    })
  }, [
    session,
    currentPick,
    currentUserRosterId,
    pickActionState,
    canDraft,
    draftCore?.currentTeamId,
    draftCore?.currentOverall,
    pickSubmitting,
    overnightBlocksUserPicks,
    rosterConfigBlocked,
    commissionerOfflinePick,
  ])

  useEffect(() => {
    if (!session) return
    draftRoomPickTrace({
      event: 'draft-gate',
      sessionStatus: session.status,
      sessionCurrentPickOverall: session.currentPick?.overall ?? null,
      effectivePickOverall: currentPick?.overall ?? null,
      draftStarted: draftCore?.draftStarted,
      currentOverall: draftCore?.currentOverall,
      currentUserRosterId,
      currentTeamId: draftCore?.currentTeamId,
      slotOrderLen: session.slotOrder?.length ?? 0,
      rounds: session.rounds,
      teamCount: session.teamCount,
      isCurrentUserOnClock,
      canDraft,
      pickSubmitting,
      timerMode: draftRoomState.timerMode,
      timerStatus: session.timer?.status,
      timerEndAt: session.timer?.timerEndAt ?? session.timerEndAt ?? null,
      sessionVersion: session.version,
      updatedAt: session.updatedAt,
    })
  }, [
    session,
    currentPick?.overall,
    draftCore?.draftStarted,
    draftCore?.currentOverall,
    draftCore?.currentTeamId,
    currentUserRosterId,
    isCurrentUserOnClock,
    canDraft,
    draftRoomState.timerMode,
    pickSubmitting,
  ])

  const fetchDraftPool = useCallback(async () => {
    if (!leagueId) return
    const endpoint = `/api/leagues/${encodeURIComponent(leagueId)}/draft/pool`
    const startedAt = typeof performance !== 'undefined' ? performance.now() : 
Date.now()
    try {
      const res = await fetch(endpoint, { cache: 'no-store' })
      const elapsedMs = Math.round((typeof performance !== 'undefined' ? 
performance.now() : Date.now()) - startedAt)
      const data = await res.json().catch(() => ({}))
      if (process.env.NODE_ENV !== 'production') {
        const rowCount = Array.isArray(data?.entries) ? data.entries.length : 0
        const source = typeof data?.meta?.source === 'string' ? 
data.meta.source : null
        console.info('[draft-room] draft pool loaded', {
          endpoint,
          leagueId,
          rowCount,
          elapsedMs,
          source,
          cacheHit: source === 'db-cache',
        })
      }
      if (res.ok && Array.isArray(data.entries)) {
        const poolPayload = data as {
          entries: NormalizedDraftEntry[]
          sport?: string
          devyConfig?: { enabled: boolean; devyRounds: number[] }
          c2cConfig?: { enabled: boolean; collegeRounds: number[] }
          isIdp?: boolean
          normalizedPlayerDataDiagnostics?: import('@/lib/player-data/providerF
allbackDiagnostics').ProviderFallbackDiagnostics[]
        }
        const { normalizedPlayerDataDiagnostics, ...rest } = poolPayload
        logNormalizedPlayerDataDiagnostics('draft-room', 
normalizedPlayerDataDiagnostics, {
          limit: 10,
          enabled: process.env.NODE_ENV !== 'production',
        })
        setDraftPool({
          entries: rest.entries,
          sport: rest.sport ?? sport,
          devyConfig: rest.devyConfig,
          c2cConfig: rest.c2cConfig,
          isIdp: rest.isIdp,
        })
      } else {
        setDraftPool(null)
      }
    } catch {
      if (process.env.NODE_ENV !== 'production') {
        const elapsedMs = Math.round((typeof performance !== 'undefined' ? 
performance.now() : Date.now()) - startedAt)
        console.warn('[draft-room] draft pool load failed', {
          endpoint,
          leagueId,
          elapsedMs,
        })
      }
      setDraftPool(null)
    }
  }, [leagueId, sport])

  const fetchRosterConfig = useCallback(async () => {
    if (!leagueId) return
    try {
      const res = await 
fetch(`/api/leagues/${encodeURIComponent(leagueId)}/roster-config`, {
        cache: 'no-store',
      })
      if (!res.ok) return
      const data = await res.json().catch(() => null)
      if (!data || typeof data !== 'object') return
      const starterSlots =
        data.starterSlots && typeof data.starterSlots === 'object'
          ? (data.starterSlots as Record<string, number>)
          : {}
      const ordered =
        Array.isArray(data.orderedSlotLabels) &&
        data.orderedSlotLabels.every((x: unknown) => typeof x === 'string')
          ? (data.orderedSlotLabels as string[])
          : undefined
      setRosterConfig({
        starterSlots,
        benchSlots: typeof data.benchSlots === 'number' ? data.benchSlots : 0,
        taxiSlots: typeof data.taxiSlots === 'number' ? data.taxiSlots : 0,
        devySlots: typeof data.devySlots === 'number' ? data.devySlots : 0,
        ...(ordered && ordered.length > 0 ? { orderedSlotLabels: ordered } : 
{}),
      })
    } catch {
      /* keep null ΓåÆ strip falls back */
    }
  }, [leagueId])

  useEffect(() => {
    void fetchRosterConfig()
  }, [fetchRosterConfig])

  const [idpRosterSummary, setIdpRosterSummary] = useState<{ starterSlots: 
Record<string, number>; benchSlots: number } | null>(null)
  const [idpScoringPreset, setIdpScoringPreset] = useState<string>('balanced')
  const [idpPositionMode, setIdpPositionMode] = useState<string>('standard')
  const effectiveRosterSlots = useMemo(() => {
    if (formatType === 'IDP' && idpRosterSummary) {
      const slots: string[] = []
      for (const [slotName, count] of 
Object.entries(idpRosterSummary.starterSlots)) {
        for (let i = 0; i < count; i += 1) slots.push(slotName)
      }
      for (let i = 0; i < (idpRosterSummary.benchSlots ?? 0); i += 1) {
        slots.push('BENCH')
      }
      return slots
    }

    const labels = rosterConfig?.orderedSlotLabels
    if (Array.isArray(labels) && labels.length > 0) return labels

    /** Last resort when `/roster-config` failed ΓÇö matches 
`getRosterSlotLabelsForLeagueDraft` server fallback (sport defaults). */
    return getDefaultRosterSlotsForSport(effectiveDraftSport)
  }, [effectiveDraftSport, formatType, idpRosterSummary, 
rosterConfig?.orderedSlotLabels])
  const isSuperflexFormat = useMemo(() => {
    const normalizedSlots = effectiveRosterSlots.map((slot) => String(slot || 
'').toUpperCase())
    return (
      normalizedSlots.includes('SUPER_FLEX') ||
      normalizedSlots.includes('SUPERFLEX') ||
      normalizedSlots.includes('OP') ||
      normalizedSlots.filter((slot) => slot === 'QB').length >= 2
    )
  }, [effectiveRosterSlots])

  const warRoomBrainInput = useMemo(() => {
    if (!session) return null
    const aiAdpByKey =
      draftUISettings?.aiAdpEnabled && leagueAiAdp?.entries?.length
        ? expandAiAdpKeysForLookup(leagueAiAdp.entries)
        : {}
    return buildLiveDraftBrainPayload({
      session,
      effectiveDraftSport,
      isDynasty,
      formatType,
      isIdpLeague: Boolean(draftPool?.isIdp),
      isSuperflexFormat,
      isTePremium: effectiveRosterSlots.some((s) => 
/TE\\+|PREM|PREMIUM|TE\\s*PREM/i.test(String(s))),
      leagueSiteDraftCount: leagueAiAdp?.totalDrafts,
      currentUserRosterId,
      players,
      draftedNames,
      effectiveRosterSlots,
      aiAdpByKey: Object.keys(aiAdpByKey).length ? aiAdpByKey : undefined,
    })
  }, [
    session,
    effectiveDraftSport,
    isDynasty,
    formatType,
    draftPool?.isIdp,
    isSuperflexFormat,
    effectiveRosterSlots,
    leagueAiAdp?.entries,
    leagueAiAdp?.totalDrafts,
    draftUISettings?.aiAdpEnabled,
    currentUserRosterId,
    players,
    draftedNames,
  ])

  const fetchDraftSettings = useCallback(async () => {
    try {
      const res = await 
fetch(`/api/leagues/${encodeURIComponent(leagueId)}/draft/settings`, { cache: 
'no-store' })
      const data = await res.json().catch(() => ({}))
      if (res.ok) {
        // Don't clobber an optimistic toggle while a PATCH is still in flight.
        if (data.draftUISettings && controlActionInflightRef.current === 0) 
setDraftUISettings(data.draftUISettings)
        if (typeof data.orphanAiProviderAvailable === 'boolean') {
          setOrphanAiProviderAvailableState(data.orphanAiProviderAvailable)
        }
        setSkipPickAllowed(String(data?.config?.autopick_behavior ?? 
'').toLowerCase() === 'skip')
        if (data.orphanStatus && typeof data.orphanStatus === 'object') {
          setOrphanAiStatus(data.orphanStatus)
        } else {
          setOrphanAiStatus(null)
        }
        if (data.commissionerAiDraft && typeof data.commissionerAiDraft === 
'object') {
          setCommissionerAiDraft(data.commissionerAiDraft)
        } else {
          setCommissionerAiDraft(null)
        }
        // Phase 3b ΓÇö perf: ai-opponents/summary takes ~70s on cold load
        // (calls AI provider). DON'T await it ΓÇö fire-and-forget and let the
        // panel re-render when it lands. Initialize to empty so consumers
        // don't see undefined.
        setAiOpponentRosterIds([])
        setAiArchetypeByRoster({})
        void (async () => {
          try {
            const aiSum = await fetch(`/api/league/ai-opponents/summary?leagueI
d=${encodeURIComponent(leagueId)}`, {
              cache: 'no-store',
              credentials: 'include',
            })
            const sumJson = await aiSum.json().catch(() => ({}))
            if (aiSum.ok && Array.isArray(sumJson.aiManagedDraftRosterIds)) {
              
setAiOpponentRosterIds(sumJson.aiManagedDraftRosterIds.filter((x: unknown) => 
typeof x === 'string'))
            }
            const arch: Record<string, string> = {}
            if (aiSum.ok && Array.isArray(sumJson.assignments)) {
              for (const a of sumJson.assignments as { draftRosterId?: string 
| null; archetypeLabel?: string | null }[]) {
                if (a.draftRosterId && typeof a.archetypeLabel === 'string' && 
a.archetypeLabel.trim()) {
                  arch[a.draftRosterId] = a.archetypeLabel.trim()
                }
              }
              setAiArchetypeByRoster(arch)
            }
          } catch {
            /* keep empty defaults ΓÇö no panic on AI failure */
          }
        })()
        setDraftQueueSizeLimit(normalizeDraftQueueSizeLimit(data?.config?.queue
_size_limit))
        setIdpRosterSummary(data.idpRosterSummary ?? null)
      }
    } catch {
      setDraftUISettings(null)
      setSkipPickAllowed(false)
      setOrphanAiStatus(null)
      setCommissionerAiDraft(null)
      setAiOpponentRosterIds([])
      setAiArchetypeByRoster({})
      setDraftQueueSizeLimit(normalizeDraftQueueSizeLimit(null))
      setIdpRosterSummary(null)
    }
  }, [leagueId])

  const fetchDraftAssistantContext = useCallback(async () => {
    if (!leagueId) return
    try {
      const res = await 
fetch(`/api/leagues/${encodeURIComponent(leagueId)}/draft/assistant-context`, {
        cache: 'no-store',
      })
      const data = await res.json().catch(() => ({}))
      if (res.ok) {
        setDraftAssistantContext({
          sport: typeof data.sport === 'string' ? data.sport : sport,
          headlines: Array.isArray(data.headlines) ? data.headlines : [],
          injuries: Array.isArray(data.injuries) ? data.injuries : [],
          sportsFeed: data.sportsFeed && typeof data.sportsFeed === 'object'
            ? {
                available: Boolean(data.sportsFeed.available),
                updatedAt: typeof data.sportsFeed.updatedAt === 'string' ? 
data.sportsFeed.updatedAt : null,
                sourceKeys: Array.isArray(data.sportsFeed.sourceKeys)
                  ? data.sportsFeed.sourceKeys.filter((value: unknown): value 
is string => typeof value === 'string')
                  : [],
                digest: typeof data.sportsFeed.digest === 'string' ? 
data.sportsFeed.digest : null,
              }
            : {
                available: false,
                updatedAt: null,
                sourceKeys: [],
                digest: null,
              },
        })
      }
    } catch {
      setDraftAssistantContext(null)
    }
  }, [leagueId, sport])

  const fetchDraftChromeData = useCallback(async () => {
    try {
      const [settingsRes, privacyRes] = await Promise.all([
        fetch(`/api/league/settings?leagueId=${encodeURIComponent(leagueId)}`, 
{ cache: 'no-store' }),
        fetch(`/api/leagues/${encodeURIComponent(leagueId)}/privacy`, { cache: 
'no-store' }),
      ])

      const settingsJson = await settingsRes.json().catch(() => ({}))
      const privacyJson = await privacyRes.json().catch(() => ({}))

      if (settingsRes.ok && Array.isArray(settingsJson?.league?.teams)) {
        setLeagueTeams(settingsJson.league.teams as DraftRoomChromeTeam[])
      } else {
        setLeagueTeams([])
      }

      if (privacyRes.ok) {
        setInviteLink(resolveInviteLink(privacyJson))
      } else {
        setInviteLink(null)
      }
    } catch {
      setLeagueTeams([])
      setInviteLink(null)
    }
  }, [leagueId])

  const fetchClaimableRosters = useCallback(async () => {
    if (!leagueId) return
    try {
      const res = await 
fetch(`/api/leagues/${encodeURIComponent(leagueId)}/claim-roster`, { cache: 
'no-store' })
      const data = await res.json().catch(() => ({}))
      if (!res.ok || data.alreadyClaimed) {
        setClaimableRosterIds([])
        return
      }
      const rows = Array.isArray(data.rosters) ? data.rosters : []
      setClaimableRosterIds(
        rows
          .map((r: { rosterId?: string }) => (typeof r?.rosterId === 'string' 
? r.rosterId : ''))
          .filter(Boolean),
      )
    } catch {
      setClaimableRosterIds([])
    }
  }, [leagueId])

  useEffect(() => {
    if (!session?.id) return
    if (currentUserRosterId) {
      setClaimableRosterIds([])
      return
    }
    void fetchClaimableRosters()
  }, [session?.id, currentUserRosterId, fetchClaimableRosters])

  useEffect(() => {
    if (typeof window === 'undefined' || !leagueId) return
    try {
      const raw = window.localStorage.getItem(localPrefsKey)
      if (!raw) return
      const parsed = JSON.parse(raw) as {
        autoPickFromQueue?: boolean
        awayMode?: boolean
        aiQueueReorderEnabled?: boolean
        draftAiExplanationEnabled?: boolean
      }
      if (typeof parsed.autoPickFromQueue === 'boolean') 
setAutoPickFromQueue(parsed.autoPickFromQueue)
      if (typeof parsed.awayMode === 'boolean') setAwayMode(parsed.awayMode)
      if (typeof parsed.aiQueueReorderEnabled === 'boolean') {
        setAiQueueReorderEnabled(parsed.aiQueueReorderEnabled)
      }
      if (typeof parsed.draftAiExplanationEnabled === 'boolean') {
        setDraftAiExplanationEnabled(parsed.draftAiExplanationEnabled)
      }
    } catch {
      // Ignore malformed local preferences.
    }
  }, [leagueId, localPrefsKey])

  useEffect(() => {
    if (typeof window === 'undefined' || !leagueId) return
    try {
      window.localStorage.setItem(
        localPrefsKey,
        JSON.stringify({ autoPickFromQueue, awayMode, aiQueueReorderEnabled, 
draftAiExplanationEnabled })
      )
    } catch {
      // Ignore storage failures.
    }
  }, [leagueId, localPrefsKey, autoPickFromQueue, awayMode, 
aiQueueReorderEnabled, draftAiExplanationEnabled])

  const fetchLeagueAiAdp = useCallback(async () => {
    if (!draftUISettings?.aiAdpEnabled) {
      setLeagueAiAdp(null)
      return
    }
    try {
      // D.5-proper ΓÇö when the feature flag is on, hit the AllFantasy 
snapshot path.
      // When off, keep the legacy URL so existing production traffic is 
unchanged.
      const url = useAllFantasyAdp
        ? buildAllFantasyAdpUrl(leagueId, { draftMode: allFantasyAdpDraftMode 
})
        : `/api/leagues/${encodeURIComponent(leagueId)}/ai-adp`
      const res = await fetch(url, { cache: 'no-store' })
      const data = await res.json().catch(() => ({}))
      if (res.ok) {
        setLeagueAiAdp({
          enabled: data.enabled ?? false,
          entries: Array.isArray(data.entries) ? data.entries : [],
          totalDrafts: data.totalDrafts ?? 0,
          computedAt: data.computedAt ?? null,
          stale: data.stale ?? false,
          ageHours: data.ageHours ?? null,
          message: data.message ?? null,
        })
      } else {
        setLeagueAiAdp({
          enabled: true,
          entries: [],
          totalDrafts: 0,
          computedAt: null,
          stale: true,
          ageHours: null,
          message: 'Not enough AllFantasy draft data yet',
        })
      }
    } catch {
      setLeagueAiAdp(
        draftUISettings?.aiAdpEnabled
          ? {
              enabled: true,
              entries: [],
              totalDrafts: 0,
              computedAt: null,
              stale: true,
              ageHours: null,
              message: 'Not enough AllFantasy draft data yet',
            }
          : null,
      )
    }
  }, [leagueId, draftUISettings?.aiAdpEnabled, useAllFantasyAdp, 
allFantasyAdpDraftMode])

  const fetchSession = useCallback(async (): Promise<boolean> => {
    const hadSessionBeforeRequest = Boolean(sessionRef.current)
    try {
      const res = await 
fetch(`/api/leagues/${encodeURIComponent(leagueId)}/draft/session`, { cache: 
'no-store' })
      const data = await res.json().catch(() => ({}))
      if (res.status === 401) {
        setDraftSessionAccess(\"unauthorized\")
        setSession(null)
        return false
      }
      if (res.status === 403) {
        setDraftSessionAccess(\"forbidden\")
        setSession(null)
        return false
      }
      // Slice J ΓÇö 409 / DRAFT_SESSION_MISMATCH: the server has detected the
      // client is reading a stale or non-canonical draft session for this
      // league. Recover IN-PLACE: keep the same DraftRoomShell + DraftBoard
      // mounted, show an inline banner, and schedule a single refetch.
      // Never `router.push` / `router.replace` / `window.location` here ΓÇö
      // navigation breaks the unified-state contract locked by Commit E.
      if (res.status === 409 && (data as { code?: unknown })?.code === 
'DRAFT_SESSION_MISMATCH') {
        setSessionMismatchRecovering(true)
        sessionMismatchAttemptsRef.current += 1
        if (sessionMismatchRetryTimerRef.current && typeof window !== 
'undefined') {
          window.clearTimeout(sessionMismatchRetryTimerRef.current)
        }
        // Cap at 3 retries ΓÇö past that, the banner exposes an inline retry
        // button instead of looping forever.
        if (sessionMismatchAttemptsRef.current <= 3 && typeof window !== 
'undefined') {
          sessionMismatchRetryTimerRef.current = window.setTimeout(() => {
            sessionMismatchRetryTimerRef.current = null
            void fetchSession()
          }, 800)
        }
        return false
      }
      if (res.ok && data.session) {
        setDraftSessionAccess(\"ok\")
        // Recovered (idempotent ΓÇö safe even if no prior mismatch was 
observed).
        setSessionMismatchRecovering(false)
        sessionMismatchAttemptsRef.current = 0
        setSession((prev) => mergeDraftSessionSnapshot(prev, data.session as 
DraftSessionSnapshot))
        // Store canonical state from the response for dev-mode divergence 
logging.
        if (data.canonicalDraftState && typeof data.canonicalDraftState === 
'object') {
          const c = data.canonicalDraftState as {
            status?: unknown
            currentPickNumber?: unknown
            picksMade?: unknown
            currentTeamId?: unknown
            timerEndAt?: unknown
          }
          canonicalDraftStateRef.current = {
            status: typeof c.status === 'string' ? c.status : '',
            currentPickNumber: typeof c.currentPickNumber === 'number' ? 
c.currentPickNumber : null,
            picksMade: typeof c.picksMade === 'number' ? c.picksMade : 0,
            currentTeamId: typeof c.currentTeamId === 'string' ? 
c.currentTeamId : null,
            timerEndAt: typeof c.timerEndAt === 'string' ? c.timerEndAt : null,
          }
          if (process.env.NODE_ENV !== 'production' && 
data.canonicalDraftStateParity) {
            const parity = data.canonicalDraftStateParity as {
              statusMatches?: boolean
              currentPickMatches?: boolean
              picksMadeMatches?: boolean
            }
            if (parity.statusMatches === false || parity.currentPickMatches 
=== false || parity.picksMadeMatches === false) {
              console.warn('[draft-room/canonical-parity] client-visible 
drift', {
                leagueId,
                parity,
                canonical: canonicalDraftStateRef.current,
              })
            }
          }
        }
        return true
      }
      if (res.ok) {
        setDraftSessionAccess(\"ok\")
        if (!hadSessionBeforeRequest) {
          setSession(null)
        }
        return true
      }
      setDraftSessionAccess(null)
      if (!hadSessionBeforeRequest) {
        setSession(null)
      }
      return hadSessionBeforeRequest
    } catch {
      setDraftSessionAccess(null)
      if (!hadSessionBeforeRequest) {
        setSession(null)
      }
      return hadSessionBeforeRequest
    }
  }, [leagueId])

  useEffect(() => {
    if (typeof window === 'undefined' || !leagueId) return
    const handler = (ev: Event) => {
      const d = (ev as CustomEvent<{ leagueId?: string }>).detail
      if (d?.leagueId !== leagueId) return
      void fetchRosterConfig()
      void fetchSession()
      void fetchDraftPool()
    }
    window.addEventListener(LEAGUE_DRAFT_ROOM_REVALIDATE, handler as 
EventListener)
    return () => window.removeEventListener(LEAGUE_DRAFT_ROOM_REVALIDATE, 
handler as EventListener)
  }, [leagueId, fetchDraftPool, fetchRosterConfig, fetchSession])

  /**
   * Combined poll: authoritative session when changed (`since` vs row 
`updatedAt`) + optional queue + chat.
   * Does not bump `updatedAt` when unchanged (avoids merge churn). Returns 
whether the HTTP round-trip succeeded.
   */
  const fetchLiveSync = useCallback(
    async (opts: { since?: string; includeQueue: boolean; includeChat: boolean 
}): Promise<boolean> => {
      try {
        const sp = new URLSearchParams()
        if (opts.since) sp.set('since', opts.since)
        if (!opts.includeQueue) sp.set('queue', '0')
        if (!opts.includeChat) sp.set('chat', '0')
        const res = await fetch(
          `/api/leagues/${encodeURIComponent(leagueId)}/draft/live-sync?${sp.to
String()}`,
          { cache: 'no-store' },
        )
        const data = await res.json().catch(() => ({}))
        if (!res.ok) return false

        if (data.session && controlActionInflightRef.current === 0) {
          setSession((prev) => mergeDraftSessionSnapshot(prev, data.session as 
DraftSessionSnapshot))
        }

        if (opts.includeQueue && Array.isArray(data.queue)) {
          const next = data.queue as QueueEntry[]
          setQueue((prev) => (JSON.stringify(prev) === JSON.stringify(next) ? 
prev : next))
        }

        if (opts.includeChat && Array.isArray(data.messages)) {
          const incoming = data.messages as DraftChatMessage[]
          setChatMessages((prev) => {
            const merged = mergeDraftChatWire(prev, incoming)
            return JSON.stringify(prev) === JSON.stringify(merged) ? prev : 
merged
          })
          if (typeof data.syncActive === 'boolean') 
setChatSyncActive(data.syncActive)
        }

        return true
      } catch {
        return false
      }
    },
    [leagueId],
  )

  const fetchQueue = useCallback(async () => {
    try {
      const res = await 
fetch(`/api/leagues/${encodeURIComponent(leagueId)}/draft/queue`, { cache: 
'no-store' })
      const data = await res.json().catch(() => ({}))
      if (res.ok && Array.isArray(data.queue)) {
        const next = data.queue as QueueEntry[]
        setQueue((prev) => (JSON.stringify(prev) === JSON.stringify(next) ? 
prev : next))
      }
    } catch {
      setQueue([])
    }
  }, [leagueId])

  const fetchChat = useCallback(async () => {
    if (!leagueId) return
    try {
      const res = await 
fetch(`/api/leagues/${encodeURIComponent(leagueId)}/draft/chat`, { cache: 
'no-store' })
      const data = await res.json().catch(() => ({}))
      if (res.ok && Array.isArray(data.messages)) {
        const incoming = data.messages as DraftChatMessage[]
        setChatMessages((prev) => {
          const merged = mergeDraftChatWire(prev, incoming)
          return JSON.stringify(prev) === JSON.stringify(merged) ? prev : 
merged
        })
        setChatSyncActive(Boolean(data.syncActive))
      }
    } catch {
      /* Keep last good messages ΓÇö blanking chat on a flaky network reads 
like data loss */
      setChatSyncActive(false)
    }
  }, [leagueId])

  const handleChatReconnect = useCallback(() => {
    setChatSendError(null)
    fetchSession()
    fetchQueue()
    fetchDraftSettings()
    fetchDraftAssistantContext()
    fetchChat()
  }, [fetchSession, fetchQueue, fetchDraftSettings, 
fetchDraftAssistantContext, fetchChat])

  /**
   * Toggle a chat reaction via the shared reactions route. Optimistic update
   * mutates local state immediately (add or remove by emoji+userId) so the UI
   * feels snappy; the next `fetchChat()` reconciles the authoritative counts
   * from the server. Falls through silently on failure ΓÇö the reconcile fetch
   * restores the correct state.
   */
  const handleReactChat = useCallback(
    async (messageId: string, emoji: string) => {
      if (!viewerAppUserId) return
      let didAdd = true
      setChatMessages((prev) =>
        prev.map((m) => {
          if (m.id !== messageId) return m
          const reactions = Array.isArray((m as { reactions?: unknown 
}).reactions)
            ? ([...((m as { reactions: Array<{ emoji: string; count: number; 
userIds: string[] }> }).reactions)])
            : []
          const idx = reactions.findIndex((r) => r.emoji === emoji)
          if (idx >= 0) {
            const entry = reactions[idx]!
            if (entry.userIds.includes(viewerAppUserId)) {
              const userIds = entry.userIds.filter((id) => id !== 
viewerAppUserId)
              didAdd = false
              if (userIds.length === 0) reactions.splice(idx, 1)
              else reactions[idx] = { ...entry, userIds, count: userIds.length 
}
            } else {
              const userIds = [...entry.userIds, viewerAppUserId]
              reactions[idx] = { ...entry, userIds, count: userIds.length }
            }
          } else {
            reactions.push({ emoji, count: 1, userIds: [viewerAppUserId] })
          }
          return { ...m, reactions }
        }),
      )
      try {
        const roomId = `league:${leagueId}`
        await fetch(
          `/api/shared/chat/threads/${encodeURIComponent(roomId)}/messages/${en
codeURIComponent(messageId)}/reactions`,
          {
            method: didAdd ? 'POST' : 'DELETE',
            headers: { 'Content-Type': 'application/json' },
            body: JSON.stringify({ emoji }),
          },
        )
      } catch {
        /* reconcile on next fetch */
      } finally {
        fetchChat()
      }
    },
    [viewerAppUserId, leagueId, fetchChat],
  )

  const [chatSending, setChatSending] = useState(false)
  const [chatSendError, setChatSendError] = useState<string | null>(null)
  const [pickSuccessFlash, setPickSuccessFlash] = useState<string | null>(null)

  const handleSendChat = useCallback(
    async (text: string) => {
      if (!text.trim() || chatSending) return
      setChatSending(true)
      try {
        const res = await 
fetch(`/api/leagues/${encodeURIComponent(leagueId)}/draft/chat`, {
          method: 'POST',
          headers: { 'Content-Type': 'application/json' },
          body: JSON.stringify({ text: text.trim() }),
        })
        const data = await res.json().catch(() => ({}))
        if (res.ok && data.message) {
          setChatSendError(null)
          sendProductAnalyticsBeacon(DRAFT_ROOM.CHAT_SEND, {
            leagueId,
            len: text.trim().length,
            leagueSync: typeof data.syncActive === 'boolean' ? data.syncActive 
: undefined,
          })
          setChatMessages((prev) => {
            const msg = data.message as (typeof prev)[0]
            if (prev.some((m) => m.id === msg.id)) return prev
            return [...prev, msg].sort((a, b) => new Date(a.at).getTime() - 
new Date(b.at).getTime())
          })
          if (typeof data.syncActive === 'boolean') {
            setChatSyncActive(data.syncActive)
          }
        } else {
          setChatSendError(typeof data?.error === 'string' ? data.error : 
'Message could not be sent. Try again.')
        }
      } catch (err) {
        draftRoomWarn('chat-send', err)
        setChatSendError('Could not send message. Check your connection and 
try again.')
      } finally {
        setChatSending(false)
      }
    },
    [leagueId, chatSending],
  )

  const fetchCommissionerLeagues = useCallback(async () => {
    try {
      const res = await fetch('/api/commissioner/leagues', { cache: 'no-store' 
})
      const data = await res.json().catch(() => ({}))
      if (res.ok && Array.isArray(data.leagues)) 
setCommissionerLeagues(data.leagues)
    } catch {
      setCommissionerLeagues([])
    }
  }, [])

  const handleBroadcastOpen = useCallback(() => {
    setShowBroadcastModal(true)
    setBroadcastSelectedIds(new Set([leagueId]))
    setBroadcastMessage('')
    fetchCommissionerLeagues()
  }, [leagueId, fetchCommissionerLeagues])

  const handleBroadcastSubmit = useCallback(async () => {
    if (broadcastSelectedIds.size === 0 || !broadcastMessage.trim() || 
broadcastSending) return
    setBroadcastSending(true)
    try {
      const res = await fetch('/api/commissioner/broadcast', {
        method: 'POST',
        headers: { 'Content-Type': 'application/json' },
        body: JSON.stringify({
          leagueIds: Array.from(broadcastSelectedIds),
          message: broadcastMessage.trim(),
        }),
      })
      const data = await res.json().catch(() => ({}))
      if (res.ok && data.ok) {
        setShowBroadcastModal(false)
        setBroadcastMessage('')
        if (broadcastSelectedIds.has(leagueId)) fetchChat()
      }
    } finally {
      setBroadcastSending(false)
    }
  }, [broadcastSelectedIds, broadcastMessage, broadcastSending, leagueId, 
fetchChat])

  const fetchRecommendation = useCallback(async () => {
    if (!session || !currentPick || !session.teamCount) return
    const myRoster = session.picks?.filter((p) => p.rosterId === 
currentUserRosterId).map((p) => ({
      position: p.position,
      team: p.team ?? null,
      byeWeek: p.byeWeek ?? null,
    })) ?? []
    const availablePool = filterPlayersAvailableForDraftAi(players, 
draftedNames, draftedPlayerIds)
    const available = availablePool.map((p) => ({
      name: p.name,
      position: p.position,
      team: p.team ?? null,
      adp: draftUISettings?.aiAdpEnabled && p.aiAdp != null ? p.aiAdp : p.adp,
      byeWeek: p.byeWeek ?? null,
    }))
    if (available.length === 0) {
      setLiveBrainEnvelope(null)
      setRecommendationResult({
        recommendation: null,
        alternatives: [],
        reachWarning: null,
        valueWarning: null,
        scarcityInsight: null,
        stackInsight: null,
        correlationInsight: null,
        formatInsight: null,
        byeNote: null,
        explanation: '',
        evidence: [],
        caveats: ['No available players.'],
        uncertainty: 'High uncertainty: no available players in pool.',
      })
      return
    }
    setRecommendationLoading(true)
    setRecommendationError(null)
    let brainPromise: Promise<LiveDraftBrainEnvelope | null> = 
Promise.resolve(null)
    try {
      const aiAdpByKey =
        draftUISettings?.aiAdpEnabled && leagueAiAdp?.entries?.length
          ? expandAiAdpKeysForLookup(leagueAiAdp.entries)
          : {}
      brainPromise = (async (): Promise<LiveDraftBrainEnvelope | null> => {
        try {
          if (!session) return null
          const payload = buildLiveDraftBrainPayload({
            session,
            effectiveDraftSport,
            isDynasty,
            formatType,
            isIdpLeague: Boolean(draftPool?.isIdp),
            isSuperflexFormat,
            isTePremium: effectiveRosterSlots.some((s) => 
/TE\\+|PREM|PREMIUM|TE\\s*PREM/i.test(String(s))),
            leagueSiteDraftCount: leagueAiAdp?.totalDrafts,
            currentUserRosterId,
            players,
            draftedNames,
            effectiveRosterSlots,
            aiAdpByKey: Object.keys(aiAdpByKey).length ? aiAdpByKey : 
undefined,
          })
          if (!payload) return null
          const res = await fetch('/api/draft/live-brain', {
            method: 'POST',
            headers: { 'Content-Type': 'application/json' },
            body: JSON.stringify({ leagueId, ...payload }),
          })
          const data = await res.json().catch(() => ({}))
          if (res.ok && data.ok && data.envelope) return data.envelope as 
LiveDraftBrainEnvelope
        } catch {
          /* non-fatal */
        }
        return null
      })()
      const requestRecommendation = async (confirmTokenSpendForFallback: 
boolean) => {
        const res = await fetch('/api/draft/recommend', {
          method: 'POST',
          headers: { 'Content-Type': 'application/json' },
          body: JSON.stringify({
            available,
            teamRoster: myRoster,
            rosterSlots: effectiveRosterSlots,
            round: currentPick.round,
            pick: currentPick.slot,
            totalTeams: session.teamCount,
            sport: effectiveDraftSport,
            isDynasty,
            isSF: isSuperflexFormat,
            mode: 'needs',
            includeAIExplanation: draftAiExplanationEnabled,
            leagueId,
            leagueName,
            confirmTokenSpend: confirmTokenSpendForFallback,
            aiAdpByKey: Object.keys(aiAdpByKey).length ? aiAdpByKey : 
undefined,
            ...(assistantFeedBriefForRecommend.trim()
              ? { assistantFeedBrief: assistantFeedBriefForRecommend }
              : {}),
          }),
        })
        const data = await res.json().catch(() => ({}))
        return { res, data }
      }

      let { res, data } = await requestRecommendation(false)
      if (
        !res.ok &&
        data?.code === 'token_confirmation_required' &&
        typeof data?.preview?.ruleCode === 'string'
      ) {
        const confirmation = await confirmTokenSpend(data.preview.ruleCode)
        if (!confirmation.confirmed) {
          setLiveBrainEnvelope(await brainPromise)
          setRecommendationError('Token confirmation cancelled. Draft AI 
explanation was not unlocked.')
          return
        }
        ;({ res, data } = await requestRecommendation(true))
      }

      setLiveBrainEnvelope(await brainPromise)
      if (res.ok && data.ok) {
        let recommendation = data.recommendation ?? null
        let alternatives = Array.isArray(data.alternatives) ? 
data.alternatives : []
        const caveatsBase = Array.isArray(data.caveats) ? [...data.caveats] : 
[]

        if (
          recommendation &&
          !isAiRecommendationPlayerAvailable(recommendation.player.name, 
recommendation.player.position)
        ) {
          caveatsBase.push('Copilot pick is no longer available on the board 
ΓÇö opponent may have just drafted them.')
          recommendation = null
        }
        alternatives = alternatives.filter((alt: { player?: { name?: string; 
position?: string } }) =>
          alt?.player?.name && alt?.player?.position
            ? isAiRecommendationPlayerAvailable(alt.player.name, 
alt.player.position)
            : false,
        )

        setRecommendationResult({
          recommendation,
          alternatives,
          reachWarning: data.reachWarning ?? null,
          valueWarning: data.valueWarning ?? null,
          scarcityInsight: data.scarcityInsight ?? null,
          stackInsight: data.stackInsight ?? null,
          correlationInsight: data.correlationInsight ?? null,
          formatInsight: data.formatInsight ?? null,
          byeNote: data.byeNote ?? null,
          explanation: data.explanation ?? '',
          evidence: Array.isArray(data.evidence) ? data.evidence : [],
          caveats: caveatsBase,
          uncertainty: data.uncertainty ?? null,
          execution: data.execution ?? null,
        })
      } else {
        setRecommendationError(data.error || 'Failed to get recommendation')
      }
    } catch (e: any) {
      setRecommendationError(e?.message || 'Request failed')
      try {
        setLiveBrainEnvelope(await brainPromise)
      } catch {
        setLiveBrainEnvelope(null)
      }
    } finally {
      setRecommendationLoading(false)
    }
  }, [
    currentPick,
    session?.teamCount,
    session?.picks,
    session,
    draftPool,
    draftData,
    draftUISettings?.aiAdpEnabled,
    leagueAiAdp,
    effectiveDraftSport,
    effectiveRosterSlots,
    isSuperflexFormat,
    isDynasty,
    draftAiExplanationEnabled,
    currentUserRosterId,
    leagueId,
    players,
    draftedNames,
    formatType,
    draftedPlayerIds,
    assistantFeedBriefForRecommend,
    leagueName,
    resolvePlayerFromPool,
    isAiRecommendationPlayerAvailable,
  ])

  /** Off-the-clock: clear pick-specific AI so we never show another team's 
on-clock plan as yours. */
  useEffect(() => {
    if (!session || !currentUserRosterId || !currentPick) return
    if (currentPick.rosterId === currentUserRosterId) return
    setRecommendationResult({
      recommendation: null,
      alternatives: [],
      reachWarning: null,
      valueWarning: null,
      scarcityInsight: null,
      stackInsight: null,
      correlationInsight: null,
      formatInsight: null,
      byeNote: null,
      explanation: '',
      evidence: [],
      caveats: [],
      uncertainty: null,
      execution: null,
    })
    setRecommendationError(null)
    recommendationRequestKeyRef.current = ''
  }, [currentPick?.rosterId, currentUserRosterId, session])

  useEffect(() => {
    if (!session?.teamCount || !currentPick || players.length === 0) return
    if (!currentUserRosterId || currentPick.rosterId !== currentUserRosterId) {
      recommendationRequestKeyRef.current = ''
      return
    }
    const recommendationKey = [
      currentPick.overall ?? 0,
      currentPick.rosterId ?? '',
      session.picks?.length ?? 0,
      players.length,
      draftedPlayerIds.size,
      draftUISettings?.aiAdpEnabled ? 'ai' : 'deterministic',
      draftAiExplanationEnabled ? 'ai-explain-on' : 'ai-explain-off',
      leagueAiAdp?.computedAt ?? 'no-ai-adp',
    ].join('|')
    if (recommendationRequestKeyRef.current === recommendationKey) return
    recommendationRequestKeyRef.current = recommendationKey
    fetchRecommendation()
  }, [
    currentPick?.overall,
    currentPick?.rosterId,
    session?.picks?.length,
    session?.teamCount,
    players.length,
    draftedPlayerIds.size,
    draftUISettings?.aiAdpEnabled,
    draftAiExplanationEnabled,
    leagueAiAdp?.computedAt,
    fetchRecommendation,
    currentUserRosterId,
  ])

  /** Drop copilot picks/alts that were taken while AI was in flight or before 
the next refresh. */
  useEffect(() => {
    setRecommendationResult((prev) => {
      if (!prev) return prev
      let recommendation = prev.recommendation
      if (recommendation) {
        const rp = recommendation.player
        if (!isAiRecommendationPlayerAvailable(rp.name, rp.position)) {
          recommendationRequestKeyRef.current = ''
          recommendation = null
        }
      }
      const filteredAlts = (prev.alternatives ?? []).filter((a) =>
        isAiRecommendationPlayerAvailable(a.player.name, a.player.position),
      )
      const caveats =
        recommendation !== prev.recommendation && prev.recommendation
          ? [...(prev.caveats ?? []), 'Recommended player is off the board ΓÇö 
sync refreshed.'].slice(0, 14)
          : prev.caveats ?? []
      if (
        recommendation === prev.recommendation &&
        filteredAlts.length === (prev.alternatives ?? []).length
      ) {
        return prev
      }
      return { ...prev, recommendation, alternatives: filteredAlts, caveats }
    })
  }, [isAiRecommendationPlayerAvailable])

  useEffect(() => {
    if (!leagueId) return
    let cancelled = false

    const bootstrapDraftRoom = async () => {
      setLoading(true)

      const canAccessDraftRoom = await fetchSession()
      if (cancelled) return

      // Show expired-session / forbidden states as soon as the authoritative
      // draft-session check resolves instead of waiting on slower ancillary
      // draft endpoints that may also 401/403.
      if (!canAccessDraftRoom) {
        setLoading(false)
        return
      }

      // Phase 3b ΓÇö perf: render the draft room as soon as the CRITICAL 
fetches
      // resolve. The two AI-bound fetches (`assistant-context` ~68s, the
      // `ai-opponents/summary` nested inside `fetchDraftSettings` ~70s) used 
to
      // be in this Promise.allSettled, holding the loading spinner up for over
      // a minute on cold load. They're now fire-and-forget ΓÇö panels that 
need
      // them branch on `null` until the data arrives, then re-render.
      await Promise.allSettled([
        fetchQueue(),
        fetchDraftSettings(),
        fetchDraftChromeData(),
        fetchChat(),
        fetchDraftPool(),
      ])

      if (!cancelled) {
        setLoading(false)
      }

      // Deferred ΓÇö let panels populate after the room is interactive.
      void fetchDraftAssistantContext()
    }

    void bootstrapDraftRoom()

    return () => {
      cancelled = true
    }
  }, [leagueId, fetchSession, fetchQueue, fetchDraftSettings, 
fetchDraftChromeData, fetchChat, fetchDraftPool, fetchDraftAssistantContext])

  useEffect(() => {
    if (!leagueId || !draftUISettings?.aiAdpEnabled) return
    fetchLeagueAiAdp()
  }, [leagueId, draftUISettings?.aiAdpEnabled, fetchLeagueAiAdp])

  useEffect(() => {
    if (!leagueId || !currentUserRosterId) return
    setDraftIntelLoading(true)
    const stream = new EventSource(
      `/api/draft/intel/stream?leagueId=${encodeURIComponent(leagueId)}`
    )

    const handleStateEvent = (event: MessageEvent<string>) => {
      try {
        const next = JSON.parse(event.data) as DraftIntelState
        setDraftIntel(next)
      } catch {
        // Ignore malformed SSE payloads.
      } finally {
        setDraftIntelLoading(false)
      }
    }

    stream.addEventListener('snapshot', handleStateEvent as EventListener)
    stream.addEventListener('queue_update', handleStateEvent as EventListener)
    stream.addEventListener('on_clock', handleStateEvent as EventListener)
    stream.addEventListener('recap', handleStateEvent as EventListener)
    stream.onerror = () => {
      setDraftIntelLoading(false)
      draftRoomWarn('intel-sse-disconnect', { leagueId })
      void fetchSession()
    }

    return () => {
      stream.close()
    }
  }, [leagueId, currentUserRosterId, fetchSession])

  const [pollInterval, setPollInterval] = useState(POLL_MS)
  const refetchOnceRef = useRef<(() => void) | null>(null)
  const pollTickRef = useRef(0)
  const pollInFlightRef = useRef(false)
  /** Prevents double POST before React state catches up with rapid Draft 
clicks. */
  const pickInflightRef = useRef(false)
  useEffect(() => {
    if (!leagueId) return
    const run = async () => {
      if (pollInFlightRef.current) return
      pollInFlightRef.current = true
      const tick = pollTickRef.current + 1
      pollTickRef.current = tick
      try {
        const since = sessionRef.current?.updatedAt
        const onClockForCurrentUser = Boolean(
          sessionRef.current?.currentPick?.rosterId &&
          currentUserRosterId &&
          sessionRef.current.currentPick.rosterId === currentUserRosterId
        )
        const shouldRefreshQueue = (tick % QUEUE_POLL_EVERY_N_TICKS) === 0 || 
onClockForCurrentUser
        const shouldRefreshSettings = (tick % SETTINGS_POLL_EVERY_N_TICKS) === 
0 || showCommissionerModal
        const shouldRefreshChat = chatSyncActive || (tick % 
CHAT_POLL_EVERY_N_TICKS) === 0
        const shouldRefreshPool = (tick % POOL_POLL_EVERY_N_TICKS) === 0

        const sessionPollOk = await fetchLiveSync({
          since,
          includeQueue: shouldRefreshQueue,
          includeChat: shouldRefreshChat,
        })

        const secondary: Promise<unknown>[] = []
        if (shouldRefreshSettings) secondary.push(fetchDraftSettings())
        if (shouldRefreshSettings) secondary.push(fetchDraftAssistantContext())
        if (shouldRefreshPool) secondary.push(fetchDraftPool())

        const aiAdpComputedAt = leagueAiAdp?.computedAt ? new 
Date(leagueAiAdp.computedAt).getTime() : 0
        const skipAiAdp = draftUISettings?.aiAdpEnabled && aiAdpComputedAt && 
Date.now() - aiAdpComputedAt < AI_ADP_POLL_SKIP_MS
        if (draftUISettings?.aiAdpEnabled && !skipAiAdp) 
secondary.push(fetchLeagueAiAdp())
        await Promise.all(secondary)

        /** Authoritative session sync failed: streak + delay before showing 
badge (healthy polls stay quiet). */
        if (!sessionPollOk) {
          pollSessionFailStreakRef.current += 1
          if (pollSessionFailStreakRef.current >= 
SESSION_POLL_FAILS_FOR_DEGRADED && connectionDegradedTimerRef.current == null) 
{
            connectionDegradedTimerRef.current = window.setTimeout(() => {
              connectionDegradedTimerRef.current = null
              setConnectionDegraded(true)
            }, CONNECTION_DEGRADED_SHOW_DELAY_MS)
          }
        } else {
          pollSessionFailStreakRef.current = 0
          if (connectionDegradedTimerRef.current != null) {
            clearTimeout(connectionDegradedTimerRef.current)
            connectionDegradedTimerRef.current = null
          }
          setConnectionDegraded(false)
        }
      } finally {
        pollInFlightRef.current = false
      }
    }
    refetchOnceRef.current = () => { void run() }
  }, [
    leagueId,
    fetchLiveSync,
    fetchDraftSettings,
    fetchDraftAssistantContext,
    fetchDraftPool,
    fetchLeagueAiAdp,
    draftUISettings?.aiAdpEnabled,
    leagueAiAdp?.computedAt,
    showCommissionerModal,
    chatSyncActive,
    currentUserRosterId,
  ])

  useEffect(() => {
    if (typeof document === 'undefined') return
    const compute = () => {
      const hidden = document.hidden
      if (hidden) {
        setPollInterval(POLL_MS_BACKGROUND)
        return
      }
      refetchOnceRef.current?.()
      const active = session?.status === 'in_progress'
      const ts = session?.timer?.status
      if (active && (ts === 'running' || ts === 'expired')) {
        setPollInterval(2000)
      } else {
        setPollInterval(POLL_MS)
      }
    }
    compute()
    document.addEventListener('visibilitychange', compute)
    return () => document.removeEventListener('visibilitychange', compute)
  }, [session?.status, session?.timer?.status])

  /** Full session GET when tab becomes visible ΓÇö complements 
`/draft/live-sync` polling. */
  useEffect(() => {
    if (typeof document === 'undefined') return
    const onVisibility = () => {
      if (document.hidden) return
      void fetchSession().then((ok) => {
        if (ok) {
          pollSessionFailStreakRef.current = 0
          if (connectionDegradedTimerRef.current != null) {
            clearTimeout(connectionDegradedTimerRef.current)
            connectionDegradedTimerRef.current = null
          }
          setConnectionDegraded(false)
        }
      })
      refetchOnceRef.current?.()
    }
    document.addEventListener('visibilitychange', onVisibility)
    return () => document.removeEventListener('visibilitychange', onVisibility)
  }, [fetchSession])

  useEffect(() => {
    if (!leagueId) return
    const id = setInterval(() => {
      refetchOnceRef.current?.()
    }, pollInterval)
    return () => clearInterval(id)
  }, [leagueId, pollInterval])

  // ΓöÇΓöÇ Supabase realtime: draft-room presence ΓöÇΓöÇΓöÇΓöÇΓöÇΓöÇΓöÇΓöÇΓöÇΓ
öÇΓöÇΓöÇΓöÇΓöÇΓöÇΓöÇΓöÇΓöÇΓöÇΓöÇΓöÇΓöÇΓöÇΓöÇΓöÇΓöÇΓöÇΓöÇΓöÇΓöÇΓöÇΓöÇ
  // Presence tracking removed (Supabase removed). Online count is always 0.
  const onlineCount = 0

  useEffect(() => {
    return () => {
      if (governanceSuccessTimeoutRef.current) 
clearTimeout(governanceSuccessTimeoutRef.current)
      if (connectionDegradedTimerRef.current) 
clearTimeout(connectionDegradedTimerRef.current)
    }
  }, [])

  useEffect(() => {
    if (governanceBanner?.variant !== 'success') return
    if (governanceSuccessTimeoutRef.current) 
clearTimeout(governanceSuccessTimeoutRef.current)
    governanceSuccessTimeoutRef.current = setTimeout(() => {
      setGovernanceBanner(null)
      governanceSuccessTimeoutRef.current = null
    }, 7000)
    return () => {
      if (governanceSuccessTimeoutRef.current) 
clearTimeout(governanceSuccessTimeoutRef.current)
    }
  }, [governanceBanner])

  const handleCommissionerAction = useCallback(
    async (action: string, payload?: Record<string, unknown>): 
Promise<CommissionerControlApiResult> => {
      setCommissionerLoading(true)
      controlActionInflightRef.current += 1
      /** Slice C.1: snapshot the current session so we can roll back on API 
failure, then
       * apply an optimistic patch so the UI freezes/resumes/resets instantly 
while the
       * /draft/controls POST is still in flight. The in-flight ref keeps the 
2s live-sync
       * poll from clobbering this patch with the server's pre-action 
snapshot. */
      let priorSession: DraftSessionSnapshot | null = null
      setSession((prev) => {
        priorSession = prev
        if (!prev) return prev
        const liveRemaining =
          prev.timer?.status === 'running' && typeof prev.timer.timerEndAt === 
'string'
            ? Math.max(0, Math.ceil((new Date(prev.timer.timerEndAt).getTime() 
- Date.now()) / 1000))
            : prev.timer?.remainingSeconds ?? prev.pausedRemainingSeconds ?? 
prev.timerSeconds ?? null
        if (action === 'pause') {
          return {
            ...prev,
            status: 'paused',
            pausedRemainingSeconds: liveRemaining,
            timerEndAt: null,
            timer: prev.timer
              ? { ...prev.timer, status: 'paused', remainingSeconds: 
liveRemaining, pauseReason: 'commissioner' }
              : prev.timer,
          } as DraftSessionSnapshot
        }
        if (action === 'resume') {
          const sec = prev.pausedRemainingSeconds ?? liveRemaining ?? 
prev.timerSeconds ?? null
          const endAt = sec != null && sec > 0 ? new Date(Date.now() + sec * 
1000).toISOString() : null
          return {
            ...prev,
            status: 'in_progress',
            pausedRemainingSeconds: null,
            timerEndAt: endAt,
            timer: prev.timer
              ? { ...prev.timer, status: 'running', remainingSeconds: sec, 
timerEndAt: endAt, pauseReason: null }
              : prev.timer,
          } as DraftSessionSnapshot
        }
        if (action === 'reset_timer') {
          const sec = prev.timerSeconds ?? liveRemaining ?? null
          if (prev.status === 'in_progress' && sec != null && sec > 0) {
            const endAt = new Date(Date.now() + sec * 1000).toISOString()
            return {
              ...prev,
              timerEndAt: endAt,
              pausedRemainingSeconds: null,
              timer: prev.timer
                ? { ...prev.timer, status: 'running', remainingSeconds: sec, 
timerEndAt: endAt, pauseReason: null }
                : prev.timer,
            } as DraftSessionSnapshot
          }
          if (prev.status === 'paused' && sec != null) {
            return {
              ...prev,
              pausedRemainingSeconds: sec,
              timer: prev.timer ? { ...prev.timer, status: 'paused', 
remainingSeconds: sec } : prev.timer,
            } as DraftSessionSnapshot
          }
        }
        return prev
      })
      try {
        const res = await 
fetch(`/api/leagues/${encodeURIComponent(leagueId)}/draft/controls`, {
          method: 'POST',
          headers: { 'Content-Type': 'application/json' },
          body: JSON.stringify({ action, ...payload }),
        })
        const data = (await res.json().catch(() => ({}))) as Record<string, 
unknown>
        const errMsg =
          typeof data.error === 'string'
            ? data.error
            : typeof (data as { message?: unknown }).message === 'string'
              ? String((data as { message: string }).message)
              : null

        if (!res.ok) {
          const msg = errMsg || `Commissioner action failed (${res.status}).`
          setGovernanceBanner({ variant: 'error', message: msg })
          if (priorSession) setSession(priorSession)
          return { ok: false, error: msg }
        }

        let usedSessionFallback = false
        if (data.session) {
          setSession((prev) => mergeDraftSessionSnapshot(prev, data.session as 
DraftSessionSnapshot))
        } else {
          usedSessionFallback = true
          await fetchSession()
          void fetchDraftSettings()
          void fetchChat()
          void fetchDraftPool()
        }

        void fetchQueue()
        if (action === 'undo_pick') {
          void fetchChat()
          void fetchDraftPool()
          void fetchDraftAssistantContext()
        }
        if (action === 'pause' || action === 'resume' || (action === 'start' 
&& !usedSessionFallback)) {
          void fetchDraftPool()
        }
        if (action === 'set_timer_seconds') void fetchDraftSettings()

        const successMsg = commissionerActionSuccessCopy(action)
        setGovernanceBanner({ variant: 'success', message: successMsg })

        return { ok: true, ...data }
      } catch {
        const msg = 'Network error ΓÇö try your commissioner action again.'
        setGovernanceBanner({ variant: 'error', message: msg })
        if (priorSession) setSession(priorSession)
        return { ok: false, error: msg }
      } finally {
        setCommissionerLoading(false)
        controlActionInflightRef.current = Math.max(0, 
controlActionInflightRef.current - 1)
      }
    },
    [
      leagueId,
      fetchSession,
      fetchQueue,
      fetchChat,
      fetchDraftPool,
      fetchDraftAssistantContext,
      fetchDraftSettings,
    ],
  )

  const handleCommissionerUndoPick = useCallback(() => {
    if (
      typeof window !== 'undefined' &&
      !window.confirm(
        'Undo the last drafted pick for everyone in this league? Traded-pick 
swaps may need a manual double-check.',
      )
    ) {
      return Promise.resolve({ ok: false as const, error: 'Cancelled.', 
cancelled: true })
    }
    return handleCommissionerAction('undo_pick')
  }, [handleCommissionerAction])

  const handleCommissionerResetTimer = useCallback(() => {
    if (typeof window !== 'undefined' && !window.confirm('Reset the pick clock 
to full time for the current pick?')) {
      return Promise.resolve({ ok: false as const, error: 'Cancelled.', 
cancelled: true })
    }
    return handleCommissionerAction('reset_timer')
  }, [handleCommissionerAction])

  const fetchPendingTradesCount = useCallback(async () => {
    if (!leagueId || !currentUserRosterId) return
    try {
      const res = await 
fetch(`/api/leagues/${encodeURIComponent(leagueId)}/draft/trade-proposals`, { 
cache: 'no-store' })
      const data = await res.json().catch(() => ({}))
      if (res.ok && Array.isArray(data.proposals)) {
        const pending = data.proposals.filter((p: any) => p.status === 
'pending' && p.receiverRosterId === currentUserRosterId)
        setPendingTradesCount(pending.length)
      }
    } catch {
      setPendingTradesCount(0)
    }
  }, [leagueId, currentUserRosterId])

  useEffect(() => {
    if (session?.status === 'in_progress' && currentUserRosterId) 
fetchPendingTradesCount()
  }, [session?.status, currentUserRosterId, fetchPendingTradesCount])

  /**
   * Slice F: pre-flight pre-draft validation. When `draftId` is set and the
   * validation route returns `canStartDraft: false`, the wizard overlay
   * opens above the same shell. Failed validation never moves the user.
   *
   * Slice A ΓÇö lifecycle: start updates `session` in place via 
`/draft/controls`
   * (no router navigation; same `DraftBoard` mount).
   */
  const handleStartDraft = useCallback(async () => {
    try {
      setPickError(null)
      // Pre-flight validation. Never blocks the start path on transient
      // failures (network error / 5xx) ΓÇö fails open to the existing
      // commissioner-action path so a flaky route can't strand the draft.
      if (draftId) {
        try {
          const validationRes = await fetch(
            `/api/leagues/${encodeURIComponent(leagueId)}/draft/${encodeURIComp
onent(draftId)}/validate-pre-draft`,
            { credentials: 'include' },
          )
          if (validationRes.ok) {
            const validationReport = (await validationRes.json().catch(() => 
null)) as {
              canStartDraft?: boolean
            } | null
            if (validation...

[36m [2mΓ¥»[22m 
__tests__/draft/d5-proper-feature-flag.test.ts:[2m150:17[22m[39m
    [90m148|[39m
    [90m149|[39m   it('useMemo deps include `useAllFantasyAdp` so the row 
mapping re-ruΓÇª
    [90m150|[39m     expect(src).toMatch(/aiAdpLookupMaps, 
draftUISettings\?\.aiAdpEnabΓÇª
    [90m   |[39m                 [31m^[39m
    [90m151|[39m   })
    [90m152|[39m

[31m[2mΓÄ»ΓÄ»ΓÄ»ΓÄ»ΓÄ»ΓÄ»ΓÄ»ΓÄ»ΓÄ»ΓÄ»ΓÄ»ΓÄ»ΓÄ»ΓÄ»ΓÄ»ΓÄ»ΓÄ»ΓÄ»ΓÄ»ΓÄ»ΓÄ»ΓÄ»[10/
24]ΓÄ»[22m[39m

[41m[1m FAIL [22m[49m __tests__/draft/d6-1-right-dock-tabs.test.ts[2m > 
[22mD.6.1 ΓÇö DraftRoomPageClient wires the tabbed dock (replaces 3-col)[2m 
> [22mWar Room popup is still rendered as a SIBLING (not a tab inside the 
dock)
[31m[1mAssertionError[22m: expected '\'use client\'\r\n\r\nimport { 
useStaΓÇª' to match /<WarRoomPopup hasNewIntel=\{warRoomHaΓÇª/[39m

[32m- Expected:[39m
/<WarRoomPopup hasNewIntel=\{warRoomHasNewIntel\}/

[31m+ Received:[39m
"'use client'

import { useState, useCallback, useEffect, useRef, useMemo } from 'react'
import {
  isAllFantasyAdpEnabled,
  resolveAllFantasyAdpDraftMode,
  buildAllFantasyAdpUrl,
} from '@/lib/adp/allFantasyAdpFlag'
import { useSession } from 'next-auth/react'
import Link from 'next/link'
import dynamic from 'next/dynamic'
import { DraftRoomShell, type MobileDraftTab } from 
'@/components/app/draft-room/DraftRoomShell'
import { DraftTopBar } from '@/components/app/draft-room/DraftTopBar'
import { DraftRoomSettingsModal } from 
'@/components/app/draft-room/DraftRoomSettingsModal'
import { DraftBoard } from '@/components/app/draft-room/DraftBoard'
import { DraftTeamStrip, type DraftTeamStripTeamMeta } from 
'@/components/app/draft-room/DraftTeamStrip'
import { PickTradeHistoryModal } from 
'@/components/app/draft-room/PickTradeHistoryModal'
import { useEntitlements } from '@/hooks/useEntitlements'
import { useTokenBalance } from '@/hooks/useTokenBalance'
import { SportAwareDraftRoom } from 
'@/components/app/draft-room/SportAwareDraftRoom'
import { QueuePanel } from '@/components/app/draft-room/QueuePanel'
import { DraftIntelQueuePanel } from 
'@/components/app/draft-room/DraftIntelQueuePanel'
import { DraftChatPanel, type DraftChatMessage } from 
'@/components/app/draft-room/DraftChatPanel'
import { DraftChatDock } from '@/components/app/draft-room/DraftChatDock'
import { DraftHelperPanel } from '@/components/app/draft-room/DraftHelperPanel'
import { DraftHelperFloatingBubble } from 
'@/components/app/draft-room/DraftHelperFloatingBubble'
import { DraftHelperFloatingWindow } from 
'@/components/app/draft-room/DraftHelperFloatingWindow'
import { DraftHelperCopilot } from 
'@/components/app/draft-room/DraftHelperCopilot'
import { DraftHelperIntelligence } from 
'@/components/app/draft-room/DraftHelperIntelligence'
import { calculateDraftHelperBadgeCount, hasDraftHelperContent } from 
'@/lib/draft-helper/calculateBadgeCount'
import { useDraftHelperFloatingState } from 
'@/hooks/useDraftHelperFloatingState'
import { DraftTeamPanel } from '@/components/app/draft-room/DraftTeamPanel'
import { WarRoomPopup } from '@/components/app/draft-room/WarRoomPopup'
import { DraftRightDockTabs } from 
'@/components/app/draft-room/DraftRightDockTabs'
import {
  ResultsRosterPanel,
  type ResultsRosterPanelTeam,
  type ResultsRosterPanelPick,
} from '@/components/app/draft-room/ResultsRosterPanel'
import { DraftRosterStrip } from '@/components/app/draft-room/DraftRosterStrip'
import { DraftRoundOneAnnouncementOverlay } from 
'@/components/app/draft-room/DraftRoundOneAnnouncementOverlay'
import type { PlayerEntry } from '@/components/app/draft-room/PlayerPanel'
import type { RoundOneAnnouncementQueueItem } from 
'@/lib/draft-room/resolvePickAnnouncementAssets'
import { resolvePickAnnouncementAssets } from 
'@/lib/draft-room/resolvePickAnnouncementAssets'
import type { DraftWarRoomSnapshot } from '@/components/draft/ai/DraftWarRoom'
import { LiveDraftStatusColumn } from 
'@/components/draft/live/LiveDraftStatusColumn'

const DraftPickTradePanel = dynamic(() => 
import('@/components/app/draft-room/DraftPickTradePanel'), { ssr: false })
const CommissionerControlCenterModal = dynamic(
  () => import('@/components/app/draft-room/CommissionerControlCenterModal'),
  { ssr: false }
)
const PostDraftView = dynamic(() => 
import('@/components/app/draft-room/PostDraftView'), { ssr: false })
const AuctionSpotlightPanel = dynamic(() => 
import('@/components/app/draft-room/AuctionSpotlightPanel'), { ssr: false })
const KeeperPanel = dynamic(() => 
import('@/components/app/draft-room/KeeperPanel'), { ssr: false })
const PreDraftWizard = dynamic(
  () => import('@/components/commissioner/PreDraftWizard').then((m) => 
m.PreDraftWizard),
  { ssr: false },
)
import type { DraftSessionSnapshot, QueueEntry } from 
'@/lib/live-draft-engine/types'
import {
  buildDraftRoomCoreState,
  resolveEffectiveCurrentPick,
  isPickCommitAllowed,
  isPickCommitAllowedByName,
} from '@/lib/live-draft-engine'
import { getUpcomingPickOwners } from 
'@/lib/live-draft-engine/DraftOrderService'
import type { DraftIntelState, DraftIntelQueueEntry } from 
'@/lib/draft-intelligence'
import type { DraftUISettings } from 
'@/lib/draft-defaults/DraftUISettingsResolver'
import { normalizeDraftQueueSizeLimit, trimDraftQueue } from 
'@/lib/draft-defaults/DraftQueueLimitResolver'
import type { NormalizedDraftEntry } from '@/lib/draft-sports-models/types'
import {
  buildAiAdpLookupMaps,
  expandAiAdpKeysForLookup,
  lookupAiAdpMatch,
} from '@/lib/draft-room/ai-adp-lookup'
import { buildDraftSummaryForAI, buildLiveDraftBrainPayload, canAddToQueue, 
getDefaultRosterSlotsForSport } from '@/lib/draft-room'
import { computeTeamNeeds, detectByeWeekClusters } from 
'@/lib/draft-room/teamNeeds'
import type { LiveDraftBrainEnvelope } from '@/lib/live-draft-brain/schemas'
import { IdpDraftExplainerCard } from '@/components/idp/IdpDraftExplainerCard'
import { confirmTokenSpend } from '@/lib/tokens/client-confirm'
import { DRAFT_ROOM } from '@/lib/analytics/eventNames'
import { sendProductAnalyticsBeacon } from '@/lib/analytics/client'
import { computePicksUntilViewerTurn } from 
'@/lib/draft-room/computePicksUntilViewer'
import { mergeDraftSessionSnapshot } from 
'@/lib/draft-room/mergeDraftSessionSnapshot'
import { CommissionerPickEditorPanel, type CommissionerPickEditorPlayerOption 
} from '@/components/app/draft-room/CommissionerPickEditorPanel'
import { CommissionerAuditLogList } from 
'@/components/app/draft-room/CommissionerAuditLogList'
import { PreDraftSlotSetupCard } from 
'@/components/app/draft-room/PreDraftSlotSetupCard'
import {
  DRAFT_PICK_RACE_RETRY,
  DRAFT_PICK_STALE_OVERALL,
} from '@/lib/live-draft-engine/pickAuthorityCodes'
import { isDraftPickRowEmptyFromSnapshot } from 
'@/lib/live-draft-engine/draftPickEmpty'
import { draftRoomPickTrace, draftRoomWarn } from 
'@/lib/draft-room/draftRoomDevLog'
import { buildDraftRoomPageDerivedState } from 
'@/lib/draft-room/buildDraftRoomPageDerivedState'
import { getDraftPickActionState, normalizeDraftRosterId } from 
'@/lib/draft-room/draftPickEligibility'
import { mapNormalizedDraftEntryToPlayerEntry } from 
'@/lib/player-data/adapters/draftRoomPlayerAdapter'
import {
  getDraftRoomDisplayExperienceBadge,
  getDraftRoomDisplayHeadshot,
  getDraftRoomDisplayInjury,
} from '@/lib/player-data/adapters/draftRoomDisplayFields'
import { logNormalizedPlayerDataDiagnostics } from 
'@/lib/player-data/providerFallbackDiagnostics'
import { LEAGUE_DRAFT_ROOM_REVALIDATE } from 
'@/lib/draft-room/emitLeagueDraftRoomRevalidate'
import { filterPlayersAvailableForDraftAi } from 
'@/lib/draft-room/availableForDraftAi'
import { buildDraftRoomClientDiagnostics } from 
'@/lib/draft-room/player-pool-audit'
import type { DraftCopilotInsight } from '@/lib/draft-room/draft-copilot-types'
import { detectSnakeBackToBackSoon, computeRedraftStarterHints } from 
'@/lib/draft-room/redraftPlanningHints'
import { RedraftPlanningRibbon } from 
'@/components/app/draft-room/RedraftPlanningRibbon'
import {
  buildAssistantFeedByPlayerName,
  getAssistantFeedForPlayer,
} from '@/lib/draft-room/assistantFeedLookup'
import {
  buildDraftChatPlayerContextFromDisplay,
  type DraftChatPlayerContext,
} from '@/lib/draft-room/draft-chat-player-context'
import type { DraftAssistantRoomContext } from 
'@/components/app/draft-room/PlayerDetailModal'

/** User-visible copy after a successful commissioner POST to 
`/draft/controls`. */
function commissionerActionSuccessCopy(action: string): string {
  switch (String(action).toLowerCase()) {
    case 'start':
      return 'Draft started ΓÇö live picks are now enabled.'
    case 'pause':
      return 'Draft paused ΓÇö pick clock frozen for everyone.'
    case 'resume':
      return 'Draft resumed ΓÇö pick clock restored.'
    case 'reset_timer':
      return 'Pick timer reset to full time for the current pick.'
    case 'undo_pick':
      return 'Last pick was removed from the board.'
    case 'set_timer_seconds':
      return 'Pick clock length updated.'
    case 'force_autopick':
      return 'Auto-pick executed for the on-clock team.'
    case 'skip_pick':
      return 'Current pick was skipped.'
    case 'complete':
      return 'Draft marked complete.'
    default:
      return 'Commissioner action completed.'
  }
}

type CommissionerControlApiResult =
  | ({ ok: true } & Record<string, unknown>)
  | { ok: false; error: string; cancelled?: boolean }

export type DraftRoomPageClientProps = {
  /** Draft session id from URL (`/draft/[draftId]/snake`) ΓÇö used for 
telemetry / deep links only. */
  draftId?: string
  leagueId: string
  leagueName: string
  /** League avatar/logo. Surfaced in draft-room chrome (top bar). */
  leagueLogoUrl?: string | null
  sport: string
  isDynasty?: boolean
  isCommissioner: boolean
  /** When IDP league, pass 'IDP' for position filters and roster template. */
  formatType?: string
  /** Premium chrome for live snake redraft route. */
  presentationVariant?: 'default' | 'redraft_snake'
}

type DraftRoomChromeTeam = {
  id: string
  externalId?: string | null
  teamName: string
  ownerName: string
  avatarUrl?: string | null
  role?: string | null
  claimedByUserId?: string | null
  isCommissioner?: boolean
  isCoCommissioner?: boolean
}

function normalizeManagerKey(value: string | null | undefined): string {
  return String(value ?? '').trim().toLowerCase()
}

/** Match `pickCommitFlow` / pool filters ΓÇö session pick names are compared 
case-insensitively. */
function normalizeDraftedPlayerName(name: string | null | undefined): string {
  return String(name ?? '').trim().toLowerCase()
}

function resolveInviteLink(payload: { inviteLink?: string | null; inviteCode?: 
string | null } | null | undefined): string | null {
  const direct = typeof payload?.inviteLink === 'string' ? 
payload.inviteLink.trim() : ''
  if (direct) return direct
  const inviteCode = typeof payload?.inviteCode === 'string' ? 
payload.inviteCode.trim() : ''
  if (!inviteCode || typeof window === 'undefined') return null
  return 
`${window.location.origin}/join?code=${encodeURIComponent(inviteCode)}`
}

function resolveManagerChromeTeam(
  manager: { rosterId: string; displayName: string },
  teams: DraftRoomChromeTeam[],
): DraftRoomChromeTeam | null {
  const rosterId = manager.rosterId.trim()
  const displayName = normalizeManagerKey(manager.displayName)
  return (
    teams.find((team) => team.id === rosterId) ??
    teams.find((team) => String(team.externalId ?? '').trim() === rosterId) ??
    teams.find((team) => normalizeManagerKey(team.teamName) === displayName) ??
    teams.find((team) => normalizeManagerKey(team.ownerName) === displayName) 
??
    null
  )
}

const POLL_MS = 8000
const POLL_MS_BACKGROUND = 30000
/** Require several consecutive lightweight poll failures before treating the 
room as degraded (avoids top-bar flicker). */
const SESSION_POLL_FAILS_FOR_DEGRADED = 5
/** Brief delay before showing the badge so transient blips do not flash 
\"Sync issue\". */
const CONNECTION_DEGRADED_SHOW_DELAY_MS = 1600
const AI_ADP_POLL_SKIP_MS = 30 * 60 * 1000
const QUEUE_POLL_EVERY_N_TICKS = 2
const SETTINGS_POLL_EVERY_N_TICKS = 3
const CHAT_POLL_EVERY_N_TICKS = 2
const POOL_POLL_EVERY_N_TICKS = 3
const DRAFT_ROOM_LOCAL_PREFS_KEY_PREFIX = 'af:draft-room-prefs:'

function mergeDraftChatWire(
  prev: DraftChatMessage[],
  incoming: DraftChatMessage[],
): DraftChatMessage[] {
  const map = new Map<string, DraftChatMessage>()
  for (const m of prev) map.set(m.id, m)
  for (const m of incoming) map.set(m.id, m)
  return Array.from(map.values()).sort(
    (a, b) => new Date(a.at).getTime() - new Date(b.at).getTime(),
  )
}

export function DraftRoomPageClient({
  draftId,
  leagueId,
  leagueName,
  leagueLogoUrl,
  sport,
  isDynasty = false,
  isCommissioner,
  formatType,
  presentationVariant = 'default',
}: DraftRoomPageClientProps) {
  type CenterDockTab = 'queue' | 'chat' | 'ai' | 'commish'
  const { data: authSession } = useSession()
  const viewerAppUserId = (authSession?.user as { id?: string } | 
undefined)?.id ?? null
  const [session, setSession] = useState<DraftSessionSnapshot | null>(null)
  const sessionRef = useRef<DraftSessionSnapshot | null>(null)
  useEffect(() => {
    sessionRef.current = session
  }, [session])
  const [queue, setQueue] = useState<QueueEntry[]>([])
  const [draftIntel, setDraftIntel] = useState<DraftIntelState | null>(null)
  const [draftIntelLoading, setDraftIntelLoading] = useState(true)
  const [chatMessages, setChatMessages] = useState<DraftChatMessage[]>([])
  const [chatSyncActive, setChatSyncActive] = useState(false)
  const [loading, setLoading] = useState(true)
  /** Set when GET draft/session returns 401/403 so we don't show the 
misleading \"no draft session\" copy. */
  const [draftSessionAccess, setDraftSessionAccess] = useState<\"ok\" | 
\"unauthorized\" | \"forbidden\" | null>(null)
  /** True only after repeated failed draft session polls ΓÇö not routine 
background sync (avoids top-bar flicker). */
  const [connectionDegraded, setConnectionDegraded] = useState(false)
  /**
   * Pre-draft validation wizard. Opened in-place when `handleStartDraft` runs
   * the validation route and the report comes back with `canStartDraft: 
false`.
   * Renders as an overlay above the existing DraftRoomShell ΓÇö never replaces
   * the shell, never navigates, never redirects. The unified-state contract
   * locked by `__tests__/nfl-redraft-snake-draft-board-state.test.ts` (Commit
   * E) is preserved.
   */
  const [showPreDraftValidationWizard, setShowPreDraftValidationWizard] = 
useState(false)
  /**
   * Slice J: in-place recovery state for `DRAFT_SESSION_MISMATCH` 409
   * responses from the session route. When the server tells the client its
   * view of the draft session is stale, we DO NOT navigate (no
   * `router.push`, `router.replace`, or `window.location.replace`) ΓÇö that
   * would violate the unified-state contract locked by Commit E. Instead we
   * flip this banner on, schedule a single in-place refetch via
   * `fetchSession`, and clear the flag once the next response is 2xx.
   * After 3 consecutive 409s the banner exposes an inline \"Try again\" button
   * so the user can retry without leaving the room.
   */
  const [sessionMismatchRecovering, setSessionMismatchRecovering] = 
useState(false)
  const sessionMismatchRetryTimerRef = useRef<number | null>(null)
  const sessionMismatchAttemptsRef = useRef(0)
  const pollSessionFailStreakRef = useRef(0)
  /** Browser timers are numeric IDs; avoids NodeJS.Timeout vs DOM mismatch in 
`tsc`. */
  const connectionDegradedTimerRef = useRef<number | null>(null)
  /**
   * Canonical draft state from the last successful `/draft/session` response.
   * Stored in a ref (not state) ΓÇö never drives renders, only used for 
dev-mode
   * divergence logging and future migration comparisons.
   */
  const canonicalDraftStateRef = useRef<{
    status: string
    currentPickNumber: number | null
    picksMade: number
    currentTeamId: string | null
    timerEndAt: string | null
  } | null>(null)
  const [commissionerLoading, setCommissionerLoading] = useState(false)
  /** Slice C.1: while a commissioner control or settings PATCH is in flight, 
the periodic
   * live-sync poll must not overwrite our optimistic patch with the server's 
pre-action
   * snapshot. Polling continues for queue/chat freshness ΓÇö only the 
session/settings merges
   * are skipped while the ref is > 0. */
  const controlActionInflightRef = useRef(0)
  const [governanceBanner, setGovernanceBanner] = useState<{
    variant: 'success' | 'error' | 'info'
    message: string
  } | null>(null)
  const governanceSuccessTimeoutRef = useRef<ReturnType<typeof setTimeout> | 
null>(null)
  const [pickSubmitting, setPickSubmitting] = useState(false)
  const [draftUISettings, setDraftUISettings] = useState<DraftUISettings | 
null>(null)
  const [skipPickAllowed, setSkipPickAllowed] = useState(false)
  const [orphanAiStatus, setOrphanAiStatus] = useState<{
    orphanRosterIds: string[]
    recentActions: Array<{ action: string; createdAt: string; reason: string | 
null; rosterId?: string }>
  } | null>(null)
  const [commissionerAiDraft, setCommissionerAiDraft] = useState<{
    assignedAiTeams: Array<{ teamId: string; teamName: string; aiStyle: 
string; tradeAggression: string; active: boolean }>
    tradeRules: {
      allowOutbound: boolean
      allowInbound: boolean
      blockAiToAi: boolean
      proposalCooldownSeconds: number
      maxProposalsPerRound: number
      acceptConfidenceMin: number
    }
  } | null>(null)
  /** Prisma AI opponent assignments ΓÇö draft roster ids (see 
`/api/league/ai-opponents/summary`). */
  const [aiOpponentRosterIds, setAiOpponentRosterIds] = useState<string[]>([])
  /** Draft roster id ΓåÆ AI archetype label for manager strip badges. */
  const [aiArchetypeByRoster, setAiArchetypeByRoster] = 
useState<Record<string, string>>({})
  const [orphanAiProviderAvailableState, setOrphanAiProviderAvailableState] = 
useState<boolean>(true)
  const [draftQueueSizeLimit, setDraftQueueSizeLimit] = 
useState<number>(normalizeDraftQueueSizeLimit(null))
  const [leagueAiAdp, setLeagueAiAdp] = useState<{
    enabled: boolean
    entries: Array<{ playerName: string; position: string; team: string | 
null; adp: number; sampleSize: number; lowSample?: boolean }>
    totalDrafts: number
    computedAt: string | null
    stale?: boolean
    ageHours?: number | null
    message?: string | null
  } | null>(null)
  const aiAdpLookupMaps = useMemo(
    () => buildAiAdpLookupMaps(leagueAiAdp?.entries ?? null),
    [leagueAiAdp?.entries],
  )
  /**
   * D.5-proper ΓÇö feature flag + dev-only draft-mode toggle for AllFantasy 
AI ADP.
   *
   * When `NEXT_PUBLIC_USE_ALLFANTASY_ADP=true`, the draft room hits the new
   * `/api/.../ai-adp?source=allfantasy&draftMode=<mode>` endpoint and bypasses
   * the legacy `lookupAiAdpMatch` client overlay so the resolver-provided
   * `e.aiAdp` value is the single source of truth for the AI ADP column.
   *
   * `?adpMode=test` (URL) or `NEXT_PUBLIC_ALLFANTASY_ADP_DRAFT_MODE=test` 
(env)
   * lets dev surface seeded harness data without polluting production.
   */
  const useAllFantasyAdp = useMemo(() => isAllFantasyAdpEnabled(), [])
  const allFantasyAdpDraftMode = useMemo(() => {
    const sp =
      typeof window !== 'undefined' && window.location
        ? new URLSearchParams(window.location.search)
        : null
    return resolveAllFantasyAdpDraftMode({ searchParams: sp })
  }, [])
  const [autoPickFromQueue, setAutoPickFromQueue] = useState(false)
  const [awayMode, setAwayMode] = useState(false)
  const [aiQueueReorderEnabled, setAiQueueReorderEnabled] = useState(true)
  const [draftAiExplanationEnabled, setDraftAiExplanationEnabled] = 
useState(false)
  const [mobileTab, setMobileTabState] = useState<MobileDraftTab>('board')
  const [centerDockTab, setCenterDockTab] = useState<CenterDockTab>('queue')
  const [commissionerEditOverall, setCommissionerEditOverall] = 
useState<number | null>(null)
  const [commissionerEditModalOpen, setCommissionerEditModalOpen] = 
useState(false)
  const openCommissionerPickEditor = useCallback((overall: number) => {
    if (!Number.isFinite(overall) || overall < 1) return
    setCommissionerEditOverall(Math.floor(overall))
    setCenterDockTab('commish')
    setCommissionerEditModalOpen(true)
  }, [])
  const floatingHelperState = useDraftHelperFloatingState()
  const setMobileTab = useCallback((tab: MobileDraftTab) => {
    sendProductAnalyticsBeacon(DRAFT_ROOM.MOBILE_TAB, { tab, leagueId })
    setMobileTabState(tab)
  }, [leagueId])
  const [aiReorderLoading, setAiReorderLoading] = useState(false)
  const [aiReorderExplanation, setAiReorderExplanation] = useState<string | 
null>(null)
  const [aiReorderExecutionMode, setAiReorderExecutionMode] = useState<string 
| null>(null)
  const [showBroadcastModal, setShowBroadcastModal] = useState(false)
  const [commissionerLeagues, setCommissionerLeagues] = useState<Array<{ id: 
string; name: string | null }>>([])
  const [broadcastMessage, setBroadcastMessage] = useState('')
  const [broadcastSelectedIds, setBroadcastSelectedIds] = 
useState<Set<string>>(new Set())
  const [broadcastSending, setBroadcastSending] = useState(false)
  const [recommendationResult, setRecommendationResult] = useState<{
    recommendation: { player: { name: string; position: string; team?: string 
| null; adp?: number | null }; reason: string; confidence: number } | null
    alternatives: Array<{ player: { name: string; position: string; team?: 
string | null }; reason: string; confidence: number }>
    reachWarning: string | null
    valueWarning: string | null
    scarcityInsight: string | null
    stackInsight: string | null
    correlationInsight: string | null
    formatInsight: string | null
    byeNote: string | null
    explanation: string
    evidence: string[]
    caveats: string[]
    uncertainty: string | null
    execution?: { mode?: string; lane?: string } | null
  } | null>(null)
  const [recommendationLoading, setRecommendationLoading] = useState(false)
  const [recommendationError, setRecommendationError] = useState<string | 
null>(null)
  const recommendationRequestKeyRef = useRef('')
  const warRoomDebounceRef = useRef<ReturnType<typeof setTimeout> | null>(null)
  const warRoomCacheRef = useRef<Map<string, DraftWarRoomSnapshot>>(new Map())
  const [warRoomData, setWarRoomData] = useState<DraftWarRoomSnapshot | 
null>(null)
  const [warRoomLoading, setWarRoomLoading] = useState(false)
  const [warRoomError, setWarRoomError] = useState<string | null>(null)
  const [liveBrainEnvelope, setLiveBrainEnvelope] = 
useState<LiveDraftBrainEnvelope | null>(null)
  const [runAiPickLoading, setRunAiPickLoading] = useState(false)
  const [resyncLoading, setResyncLoading] = useState(false)
  const [showCommissionerModal, setShowCommissionerModal] = useState(false)
  const [draftRoomSettingsOpen, setDraftRoomSettingsOpen] = useState(false)
  const [showTradePanel, setShowTradePanel] = useState(false)
  const [tradePanelGeneration, setTradePanelGeneration] = useState(0)
  const [tradeInitialDraft, setTradeInitialDraft] = useState<{
    giveRound?: number
    receiveRound?: number
    receiverRosterId?: string
  } | null>(null)
  const [pendingTradesCount, setPendingTradesCount] = useState(0)
  const [roundOneAnnouncementQueue, setRoundOneAnnouncementQueue] = 
useState<RoundOneAnnouncementQueueItem[]>([])
  const roundOneSeenPickIdsRef = useRef(new Set<string>())
  const roundOneBootstrapRef = useRef(false)
  const [pickError, setPickError] = useState<string | null>(null)
  const [draftPool, setDraftPool] = useState<{ entries: 
NormalizedDraftEntry[]; sport: string; devyConfig?: { enabled: boolean; 
devyRounds: number[] }; c2cConfig?: { enabled: boolean; collegeRounds: 
number[] }; isIdp?: boolean } | null>(null)
  const [draftAssistantContext, setDraftAssistantContext] = useState<{
    sport: string
    headlines: Array<{
      id: string
      title: string
      playerName?: string | null
      team?: string | null
      publishedAt?: string | null
      source?: string | null
    }>
    injuries: Array<{
      playerName: string
      team?: string | null
      status?: string | null
      note?: string | null
      reportedAt?: string | null
      source?: string | null
    }>
    sportsFeed: {
      available: boolean
      updatedAt?: string | null
      sourceKeys?: string[]
      digest?: string | null
    }
  } | null>(null)
  const [leagueTeams, setLeagueTeams] = useState<DraftRoomChromeTeam[]>([])
  const [rosterConfig, setRosterConfig] = useState<{
    starterSlots: Record<string, number>
    benchSlots: number
    taxiSlots: number
    devySlots: number
    orderedSlotLabels?: string[]
  } | null>(null)
  const [inviteLink, setInviteLink] = useState<string | null>(null)
  const [claimableRosterIds, setClaimableRosterIds] = useState<string[]>([])
  const [tradeHistoryOpen, setTradeHistoryOpen] = useState(false)
  const [tradeHistoryFocus, setTradeHistoryFocus] = useState<{
    round: number
    originalRosterId: string
  } | null>(null)
  const entitlements = useEntitlements()
  const tokenBalance = useTokenBalance()
  const hasAiSubscription =
    entitlements.hasPro || entitlements.hasSupreme || 
entitlements.hasCommissioner || entitlements.hasAllAccess
  /**
   * Token-balance fallback: free-tier users who've bought AF token packs still
   * get to use AI features, spending one token per request. Gate is true when
   * EITHER a qualifying subscription is active OR balance > 0.
   */
  const hasAiAccess = hasAiSubscription || tokenBalance.balance > 0
  const resolvedOrphanAiProviderAvailable =
    (session as { orphanAiProviderAvailable?: boolean } | 
null)?.orphanAiProviderAvailable ??
    orphanAiProviderAvailableState ??
    true
  const [claimSlotLoadingRosterId, setClaimSlotLoadingRosterId] = 
useState<string | null>(null)
  const [auctionNominateLoading, setAuctionNominateLoading] = useState(false)
  const [auctionBidLoading, setAuctionBidLoading] = useState(false)
  const [auctionResolveLoading, setAuctionResolveLoading] = useState(false)
  const [autopickExpiredLoading, setAutopickExpiredLoading] = useState(false)
  const [helperSelectedPlayer, setHelperSelectedPlayer] = useState<{ name: 
string; position: string; team?: string | null } | null>(null)

  const localPrefsKey = `${DRAFT_ROOM_LOCAL_PREFS_KEY_PREFIX}${leagueId}`

  /** Draft room uses normalized pool from fetchDraftPool only; skip 
useLeagueSectionData to avoid duplicate /api/mock-draft/adp. */
  const draftData = null as { entries?: PlayerEntry[] } | null
  const poolLoading = loading && draftPool === null
  const effectiveDraftSport = draftPool?.sport ?? sport

  const draftedNames = useMemo(
    () =>
      new Set(
        (session?.picks ?? [])
          .map((p) => normalizeDraftedPlayerName(p.playerName))
          .filter(Boolean),
      ),
    [session?.picks],
  )
  const draftedPlayerIds = useMemo(() => {
    const s = new Set<string>()
    for (const p of session?.picks ?? []) {
      if (p.playerId) s.add(String(p.playerId).trim())
    }
    return s
  }, [session?.picks])
  /** Single source for on-clock team, overall, and timer anchor ΓÇö derived 
only from `session`. */
  const draftCore = useMemo(
    () => (session ? buildDraftRoomCoreState(session) : null),
    [session],
  )
  /** On-clock pick ΓÇö uses resolver when session.currentPick is briefly null 
(poll/reconnect races). */
  const currentPick = useMemo(
    () => (session ? resolveEffectiveCurrentPick(session) : null),
    [session],
  )
  const tradeDraftStateFingerprint = useMemo(() => {
    if (!session) return ''
    const traded =
      Array.isArray(session.tradedPicks) && session.tradedPicks.length > 0 ? 
session.tradedPicks.length : 0
    const onClock =
      currentPick?.overall != null && Number.isFinite(currentPick.overall)
        ? `-o${currentPick.overall}`
        : ''
    return `${session.version}-${session.picks.length}-${traded}-${session.upda
tedAt}${onClock}`
  }, [session, currentPick])
  /** Fallback when Chimmy SSE has not emitted (no roster yet) or intel is 
idle ΓÇö drives RedraftPlanningRibbon. */
  const ribbonPicksUntilUser = useMemo(() => {
    if (draftIntel?.picksUntilUser != null) return draftIntel.picksUntilUser
    if (!session || (session.status !== 'in_progress' && session.status !== 
'paused')) return null
    const rid = (session as DraftSessionSnapshot & { currentUserRosterId?: 
string }).currentUserRosterId
    return computePicksUntilViewerTurn(session as DraftSessionSnapshot, rid ?? 
null)
  }, [draftIntel?.picksUntilUser, session])
  const players: PlayerEntry[] = useMemo(() => {
    const rawEntries = Array.isArray(draftPool?.entries)
      ? draftPool.entries
      : Array.isArray((draftData as any)?.entries)
        ? (draftData as any).entries
        : []
    const useNormalizedPool = Array.isArray(draftPool?.entries) && 
draftPool.entries.length > 0
    return useNormalizedPool
      ? (rawEntries as NormalizedDraftEntry[]).map((e) =>
          mapNormalizedDraftEntryToPlayerEntry(e, {
            draftUISettings,
            useAllFantasyAdp,
            aiAdpLookupMaps,
            soccerLeagueAugment: null,
            includeUnifiedProduct: true,
            includeProviderFallbackDiagnostics: false,
          }),
        )
      : rawEntries.map((e: any) => {
          const name = e.name ?? e.playerName ?? ''
          const position = e.position ?? ''
          const team = e.team ?? null
          // D.5-proper ΓÇö see note above; flag bypasses legacy lookup.
          const ai = draftUISettings?.aiAdpEnabled && !useAllFantasyAdp
            ? lookupAiAdpMatch(aiAdpLookupMaps, name, position, team)
            : null
          const yeRaw = e.yearsExp ?? e.years_exp
          const yearsExp =
            yeRaw != null && Number.isFinite(Number(yeRaw)) ? Number(yeRaw) : 
null
          const isRookieComputed =
            e.isRookie === true ? true : yearsExp === 0 ? true : undefined
          return {
            id: e.id ?? e.playerId ?? name,
            name,
            position,
            team,
            adp: e.adp ?? e.rank ?? null,
            byeWeek: e.byeWeek ?? null,
            aiAdp: useAllFantasyAdp
              ? (e.aiAdp ?? null)
              : draftUISettings?.aiAdpEnabled && ai
                ? ai.adp
                : (e.aiAdp ?? null),
            aiAdpSampleSize: useAllFantasyAdp ? e.aiAdpSampleSize : 
ai?.sampleSize,
            aiAdpLowSample: useAllFantasyAdp ? e.aiAdpLowSample : 
ai?.lowSample,
            yearsExp,
            isRookie: isRookieComputed,
          }
        })
  }, [
    draftPool,
    draftData,
    aiAdpLookupMaps,
    draftUISettings?.aiAdpEnabled,
    useAllFantasyAdp,
  ])

  const poolPlayerById = useMemo(() => {
    const m: Record<string, PlayerEntry> = {}
    for (const p of players) {
      const pid = String(p.playerId ?? p.display?.playerId ?? p.id ?? 
'').trim()
      if (pid) m[pid] = p
    }
    return m
  }, [players])

  const playerAuditFingerprintRef = useRef('')
  useEffect(() => {
    if (process.env.NEXT_PUBLIC_DRAFT_PLAYER_AUDIT !== 'true') return
    if (players.length === 0) return

    const diagnostics = buildDraftRoomClientDiagnostics(
      players.map((player) => ({
        id: player.playerId ?? player.id ?? null,
        name: player.name,
        position: player.position,
        team: player.team,
        imageUrl: player.display?.assets?.headshotUrl ?? null,
      })),
    )

    if (!diagnostics.hasIssues) return

    const fingerprint = JSON.stringify({
      totalPlayers: diagnostics.totalPlayers,
      duplicatePlayerIds: diagnostics.duplicatePlayerIds,
      duplicateNormalizedNames: diagnostics.duplicateNormalizedNames,
      missingImages: diagnostics.missingImages,
      malformedNameExamples: diagnostics.malformedNameExamples,
      missingTeamOrPosition: diagnostics.missingTeamOrPosition,
    })
    if (playerAuditFingerprintRef.current === fingerprint) return

    playerAuditFingerprintRef.current = fingerprint
    console.warn('[draft-room/player-audit]', {
      leagueId,
      diagnostics,
    })
  }, [leagueId, players])

  const commissionerPickEditorPlayers: CommissionerPickEditorPlayerOption[] = 
useMemo(() => {
    const filledPicks = (session?.picks ?? []).filter(
      (p) =>
        !isDraftPickRowEmptyFromSnapshot({
          playerName: p.playerName,
          position: p.position,
          pickMetadata: (p as { pickMetadata?: unknown }).pickMetadata,
          pickEditorEmpty: p.pickEditorEmpty,
        }),
    )
    const draftedNameSet = new Set(filledPicks.map((p) => 
p.playerName.trim().toLowerCase()).filter(Boolean))
    const draftedIdSet = new Set(
      filledPicks.map((p) => String(p.playerId ?? '').trim()).filter(Boolean),
    )
    return players
      .filter((p) => {
        if (!p.name || !p.position) return false
        const pid = String(p.playerId ?? p.id ?? '').trim()
        if (pid && draftedIdSet.has(pid)) return false
        return !draftedNameSet.has(p.name.trim().toLowerCase())
      })
      .slice(0, 500)
      .map((p) => ({
        id: p.playerId ?? p.id ?? p.name,
        name: p.name,
        position: p.position,
        team: p.team ?? null,
        byeWeek: p.byeWeek ?? null,
        imageUrl: p.display?.assets?.headshotUrl ?? null,
      }))
  }, [players, session?.picks])

  useEffect(() => {
    roundOneSeenPickIdsRef.current.clear()
    roundOneBootstrapRef.current = false
    setRoundOneAnnouncementQueue([])
  }, [leagueId])

  const dismissRoundOneAnnouncement = useCallback(() => {
    setRoundOneAnnouncementQueue((q) => q.slice(1))
  }, [])

  useEffect(() => {
    if (!session?.picks || session.status !== 'in_progress') return

    const picks = session.picks ?? []
    if (!roundOneBootstrapRef.current) {
      for (const p of picks) roundOneSeenPickIdsRef.current.add(p.id)
      roundOneBootstrapRef.current = true
      return
    }

    const rsRoom = presentationVariant === 'redraft_snake' && !isDynasty
    const visualsOn = draftUISettings?.roundOnePickAnnouncementEnabled !== 
false

    for (const p of picks) {
      if (roundOneSeenPickIdsRef.current.has(p.id)) continue
      roundOneSeenPickIdsRef.current.add(p.id)
      if (!rsRoom || !visualsOn || p.round !== 1) continue

      const assets = resolvePickAnnouncementAssets(p, players)
      setRoundOneAnnouncementQueue((prev) =>
        [...prev, { id: p.id, pick: p, ...assets }].slice(-4),
      )
    }
  }, [
    session?.picks,
    session?.status,
    session?.version,
    players,
    presentationVariant,
    isDynasty,
    draftUISettings?.roundOnePickAnnouncementEnabled,
  ])

  const assistantFeedByName = useMemo(
    () =>
      buildAssistantFeedByPlayerName(draftAssistantContext?.headlines ?? [], 
draftAssistantContext?.injuries ?? []),
    [draftAssistantContext],
  )

  const assistantFeedBriefForRecommend = useMemo(() => {
    const ctx = draftAssistantContext
    if (!ctx) return ''
    const chunks: string[] = []
    for (const h of ctx.headlines.slice(0, 5)) {
      const t = typeof h.title === 'string' ? h.title.trim() : ''
      if (!t) continue
      chunks.push(h.playerName ? `${h.playerName}: ${t}` : t)
    }
    for (const inj of ctx.injuries.slice(0, 5)) {
      const bits = [inj.playerName, inj.team, inj.status, inj.note].filter(
        (x): x is string => typeof x === 'string' && x.trim().length > 0,
      )
      if (bits.length) chunks.push(bits.join(' '))
    }
    const digest = ctx.sportsFeed?.digest?.trim()
    if (digest) chunks.push(digest)
    return chunks.join(' | ').slice(0, 600)
  }, [draftAssistantContext])

  const resolvePlayerFromPool = useCallback(
    (name: string, position: string) =>
      players.find(
        (p) =>
          p.name.trim().toLowerCase() === name.trim().toLowerCase() &&
          p.position.trim().toLowerCase() === position.trim().toLowerCase(),
      ) ?? null,
    [players],
  )

  /** AI layers must never surface players who are already drafted or missing 
from the live pool. */
  const isAiRecommendationPlayerAvailable = useCallback(
    (name: string, position: string): boolean => {
      const resolved = resolvePlayerFromPool(name, position)
      if (!resolved) return false
      if (
        !isPickCommitAllowedByName({
          canDraft: true,
          playerName: resolved.name,
          draftedNames,
        })
      ) {
        return false
      }
      const pidRaw = resolved.display?.playerId ?? resolved.id ?? null
      const pid =
        pidRaw != null &&
        String(pidRaw).trim() !== '' &&
        !String(pidRaw).startsWith('name:')
          ? String(pidRaw).trim()
          : null
      if (
        pid &&
        !isPickCommitAllowed({
          canDraft: true,
          playerId: pid,
          draftedPlayerIds,
        })
      ) {
        return false
      }
      return true
    },
    [resolvePlayerFromPool, draftedNames, draftedPlayerIds],
  )

  const getAssistantRoomContext = useCallback(
    (player: PlayerEntry): DraftAssistantRoomContext | null => {
      const snap = getAssistantFeedForPlayer(assistantFeedByName, player.name)
      const digestRaw = draftAssistantContext?.sportsFeed?.digest?.trim()
      const digestPreview =
        digestRaw && digestRaw.length > 280 ? `${digestRaw.slice(0, 277)}ΓÇª` 
: digestRaw ?? null
      const headline = snap?.headlineTitle?.trim() || null
      const injuryLine =
        snap?.injuryStatus || snap?.injuryNote
          ? [snap.injuryStatus, snap.injuryNote].filter(Boolean).join(' ┬╖ ')
          : null
      if (!headline && !injuryLine && !digestPreview) return null
      return { headline, injuryLine, digestPreview }
    },
    [assistantFeedByName, draftAssistantContext?.sportsFeed?.digest],
  )

  const currentUserRosterId = (session as any)?.currentUserRosterId as string 
| undefined
  const rosterConfigBlocked = Boolean(session?.rosterConfigurationIncomplete)

  const commissionerOfflinePick = Boolean(draftUISettings?.executionMode === 
'offline' && isCommissioner)
  const overnightBlocksUserPicks = Boolean(
    session?.status === 'in_progress' &&
      session.timer?.pauseReason === 'overnight_window' &&
      draftUISettings?.allowPicksDuringOvernightPause !== true,
  )
  const pickActionState = useMemo(
    () =>
      getDraftPickActionState({
        session,
        draftCore,
        currentPick,
        currentUserRosterId,
        overnightBlocksUserPicks,
        pickSubmitting,
        commissionerOfflinePick,
      }),
    [
      session,
      draftCore,
      currentPick,
      currentUserRosterId,
      overnightBlocksUserPicks,
      pickSubmitting,
      commissionerOfflinePick,
    ],
  )
  const isCurrentUserOnClock = pickActionState.viewerOnClock
  const snakeCanDraftRaw = pickActionState.snakeCanDraftRaw

  const isAuctionDraft = session?.draftType === 'auction'
  const auctionNom = session?.auction
  const auctionNominator = 
auctionNom?.nominationOrder?.[auctionNom?.auctionState?.nominationOrderIndex 
?? 0]
  const isMyTurnToNominateDraft = Boolean(
    isAuctionDraft && currentUserRosterId != null && 
auctionNominator?.rosterId === currentUserRosterId,
  )
  const auctionCanBidRaw = Boolean(
    isAuctionDraft &&
      session?.status === 'in_progress' &&
      Boolean(currentUserRosterId) &&
      auctionNom?.auctionState?.currentNomination != null,
  )

  const draftRoomState = useMemo(
    () =>
      buildDraftRoomPageDerivedState({
        session,
        draftCore,
        currentPick,
        players,
        draftedNames,
        draftedPlayerIds,
        isCommissioner,
        rosterConfigurationIncomplete: rosterConfigBlocked,
        rosterConfigurationMessage: session?.rosterConfigurationMessage ?? 
null,
        snakeCanDraft: snakeCanDraftRaw,
        auctionCanNominate: isMyTurnToNominateDraft,
        auctionCanBid: auctionCanBidRaw,
      }),
    [
      session,
      draftCore,
      currentPick,
      players,
      draftedNames,
      draftedPlayerIds,
      isCommissioner,
      rosterConfigBlocked,
      session?.rosterConfigurationMessage,
      snakeCanDraftRaw,
      isMyTurnToNominateDraft,
      auctionCanBidRaw,
    ],
  )

  const canDraft = draftRoomState.canDraft

  useEffect(() => {
    if (process.env.NODE_ENV === 'production') return
    if (!session || !currentPick) return
    const clockRid = normalizeDraftRosterId(currentPick.rosterId)
    const viewerRid = normalizeDraftRosterId(currentUserRosterId)
    const rosterIdsAlign = clockRid.length > 0 && viewerRid.length > 0 && 
clockRid === viewerRid
    if (!rosterIdsAlign || session.status !== 'in_progress') return
    if (rosterConfigBlocked) return
    if (pickActionState.canPick && canDraft) return
    console.warn('[draft-room] pick eligibility diagnostic (dev)', {
      topBarOnClockRosterId: pickActionState.topBarOnClockRosterId,
      viewerRosterId: pickActionState.viewerRosterId,
      rawViewerRosterId: currentUserRosterId ?? null,
      viewerOnClock: pickActionState.viewerOnClock,
      denialReason: pickActionState.denialReason,
      canDraft,
      currentOverall: pickActionState.currentOverall,
      draftCoreCurrentTeam: draftCore?.currentTeamId ?? null,
      draftCoreCurrentOverall: draftCore?.currentOverall ?? null,
      pickSubmitting,
      overnightBlocksUserPicks,
      sessionStatus: session.status,
      timerStatus: session.timer?.status,
      timerPauseReason: session.timer?.pauseReason ?? null,
      commissionerOfflinePick,
    })
  }, [
    session,
    currentPick,
    currentUserRosterId,
    pickActionState,
    canDraft,
    draftCore?.currentTeamId,
    draftCore?.currentOverall,
    pickSubmitting,
    overnightBlocksUserPicks,
    rosterConfigBlocked,
    commissionerOfflinePick,
  ])

  useEffect(() => {
    if (!session) return
    draftRoomPickTrace({
      event: 'draft-gate',
      sessionStatus: session.status,
      sessionCurrentPickOverall: session.currentPick?.overall ?? null,
      effectivePickOverall: currentPick?.overall ?? null,
      draftStarted: draftCore?.draftStarted,
      currentOverall: draftCore?.currentOverall,
      currentUserRosterId,
      currentTeamId: draftCore?.currentTeamId,
      slotOrderLen: session.slotOrder?.length ?? 0,
      rounds: session.rounds,
      teamCount: session.teamCount,
      isCurrentUserOnClock,
      canDraft,
      pickSubmitting,
      timerMode: draftRoomState.timerMode,
      timerStatus: session.timer?.status,
      timerEndAt: session.timer?.timerEndAt ?? session.timerEndAt ?? null,
      sessionVersion: session.version,
      updatedAt: session.updatedAt,
    })
  }, [
    session,
    currentPick?.overall,
    draftCore?.draftStarted,
    draftCore?.currentOverall,
    draftCore?.currentTeamId,
    currentUserRosterId,
    isCurrentUserOnClock,
    canDraft,
    draftRoomState.timerMode,
    pickSubmitting,
  ])

  const fetchDraftPool = useCallback(async () => {
    if (!leagueId) return
    const endpoint = `/api/leagues/${encodeURIComponent(leagueId)}/draft/pool`
    const startedAt = typeof performance !== 'undefined' ? performance.now() : 
Date.now()
    try {
      const res = await fetch(endpoint, { cache: 'no-store' })
      const elapsedMs = Math.round((typeof performance !== 'undefined' ? 
performance.now() : Date.now()) - startedAt)
      const data = await res.json().catch(() => ({}))
      if (process.env.NODE_ENV !== 'production') {
        const rowCount = Array.isArray(data?.entries) ? data.entries.length : 0
        const source = typeof data?.meta?.source === 'string' ? 
data.meta.source : null
        console.info('[draft-room] draft pool loaded', {
          endpoint,
          leagueId,
          rowCount,
          elapsedMs,
          source,
          cacheHit: source === 'db-cache',
        })
      }
      if (res.ok && Array.isArray(data.entries)) {
        const poolPayload = data as {
          entries: NormalizedDraftEntry[]
          sport?: string
          devyConfig?: { enabled: boolean; devyRounds: number[] }
          c2cConfig?: { enabled: boolean; collegeRounds: number[] }
          isIdp?: boolean
          normalizedPlayerDataDiagnostics?: import('@/lib/player-data/providerF
allbackDiagnostics').ProviderFallbackDiagnostics[]
        }
        const { normalizedPlayerDataDiagnostics, ...rest } = poolPayload
        logNormalizedPlayerDataDiagnostics('draft-room', 
normalizedPlayerDataDiagnostics, {
          limit: 10,
          enabled: process.env.NODE_ENV !== 'production',
        })
        setDraftPool({
          entries: rest.entries,
          sport: rest.sport ?? sport,
          devyConfig: rest.devyConfig,
          c2cConfig: rest.c2cConfig,
          isIdp: rest.isIdp,
        })
      } else {
        setDraftPool(null)
      }
    } catch {
      if (process.env.NODE_ENV !== 'production') {
        const elapsedMs = Math.round((typeof performance !== 'undefined' ? 
performance.now() : Date.now()) - startedAt)
        console.warn('[draft-room] draft pool load failed', {
          endpoint,
          leagueId,
          elapsedMs,
        })
      }
      setDraftPool(null)
    }
  }, [leagueId, sport])

  const fetchRosterConfig = useCallback(async () => {
    if (!leagueId) return
    try {
      const res = await 
fetch(`/api/leagues/${encodeURIComponent(leagueId)}/roster-config`, {
        cache: 'no-store',
      })
      if (!res.ok) return
      const data = await res.json().catch(() => null)
      if (!data || typeof data !== 'object') return
      const starterSlots =
        data.starterSlots && typeof data.starterSlots === 'object'
          ? (data.starterSlots as Record<string, number>)
          : {}
      const ordered =
        Array.isArray(data.orderedSlotLabels) &&
        data.orderedSlotLabels.every((x: unknown) => typeof x === 'string')
          ? (data.orderedSlotLabels as string[])
          : undefined
      setRosterConfig({
        starterSlots,
        benchSlots: typeof data.benchSlots === 'number' ? data.benchSlots : 0,
        taxiSlots: typeof data.taxiSlots === 'number' ? data.taxiSlots : 0,
        devySlots: typeof data.devySlots === 'number' ? data.devySlots : 0,
        ...(ordered && ordered.length > 0 ? { orderedSlotLabels: ordered } : 
{}),
      })
    } catch {
      /* keep null ΓåÆ strip falls back */
    }
  }, [leagueId])

  useEffect(() => {
    void fetchRosterConfig()
  }, [fetchRosterConfig])

  const [idpRosterSummary, setIdpRosterSummary] = useState<{ starterSlots: 
Record<string, number>; benchSlots: number } | null>(null)
  const [idpScoringPreset, setIdpScoringPreset] = useState<string>('balanced')
  const [idpPositionMode, setIdpPositionMode] = useState<string>('standard')
  const effectiveRosterSlots = useMemo(() => {
    if (formatType === 'IDP' && idpRosterSummary) {
      const slots: string[] = []
      for (const [slotName, count] of 
Object.entries(idpRosterSummary.starterSlots)) {
        for (let i = 0; i < count; i += 1) slots.push(slotName)
      }
      for (let i = 0; i < (idpRosterSummary.benchSlots ?? 0); i += 1) {
        slots.push('BENCH')
      }
      return slots
    }

    const labels = rosterConfig?.orderedSlotLabels
    if (Array.isArray(labels) && labels.length > 0) return labels

    /** Last resort when `/roster-config` failed ΓÇö matches 
`getRosterSlotLabelsForLeagueDraft` server fallback (sport defaults). */
    return getDefaultRosterSlotsForSport(effectiveDraftSport)
  }, [effectiveDraftSport, formatType, idpRosterSummary, 
rosterConfig?.orderedSlotLabels])
  const isSuperflexFormat = useMemo(() => {
    const normalizedSlots = effectiveRosterSlots.map((slot) => String(slot || 
'').toUpperCase())
    return (
      normalizedSlots.includes('SUPER_FLEX') ||
      normalizedSlots.includes('SUPERFLEX') ||
      normalizedSlots.includes('OP') ||
      normalizedSlots.filter((slot) => slot === 'QB').length >= 2
    )
  }, [effectiveRosterSlots])

  const warRoomBrainInput = useMemo(() => {
    if (!session) return null
    const aiAdpByKey =
      draftUISettings?.aiAdpEnabled && leagueAiAdp?.entries?.length
        ? expandAiAdpKeysForLookup(leagueAiAdp.entries)
        : {}
    return buildLiveDraftBrainPayload({
      session,
      effectiveDraftSport,
      isDynasty,
      formatType,
      isIdpLeague: Boolean(draftPool?.isIdp),
      isSuperflexFormat,
      isTePremium: effectiveRosterSlots.some((s) => 
/TE\\+|PREM|PREMIUM|TE\\s*PREM/i.test(String(s))),
      leagueSiteDraftCount: leagueAiAdp?.totalDrafts,
      currentUserRosterId,
      players,
      draftedNames,
      effectiveRosterSlots,
      aiAdpByKey: Object.keys(aiAdpByKey).length ? aiAdpByKey : undefined,
    })
  }, [
    session,
    effectiveDraftSport,
    isDynasty,
    formatType,
    draftPool?.isIdp,
    isSuperflexFormat,
    effectiveRosterSlots,
    leagueAiAdp?.entries,
    leagueAiAdp?.totalDrafts,
    draftUISettings?.aiAdpEnabled,
    currentUserRosterId,
    players,
    draftedNames,
  ])

  const fetchDraftSettings = useCallback(async () => {
    try {
      const res = await 
fetch(`/api/leagues/${encodeURIComponent(leagueId)}/draft/settings`, { cache: 
'no-store' })
      const data = await res.json().catch(() => ({}))
      if (res.ok) {
        // Don't clobber an optimistic toggle while a PATCH is still in flight.
        if (data.draftUISettings && controlActionInflightRef.current === 0) 
setDraftUISettings(data.draftUISettings)
        if (typeof data.orphanAiProviderAvailable === 'boolean') {
          setOrphanAiProviderAvailableState(data.orphanAiProviderAvailable)
        }
        setSkipPickAllowed(String(data?.config?.autopick_behavior ?? 
'').toLowerCase() === 'skip')
        if (data.orphanStatus && typeof data.orphanStatus === 'object') {
          setOrphanAiStatus(data.orphanStatus)
        } else {
          setOrphanAiStatus(null)
        }
        if (data.commissionerAiDraft && typeof data.commissionerAiDraft === 
'object') {
          setCommissionerAiDraft(data.commissionerAiDraft)
        } else {
          setCommissionerAiDraft(null)
        }
        // Phase 3b ΓÇö perf: ai-opponents/summary takes ~70s on cold load
        // (calls AI provider). DON'T await it ΓÇö fire-and-forget and let the
        // panel re-render when it lands. Initialize to empty so consumers
        // don't see undefined.
        setAiOpponentRosterIds([])
        setAiArchetypeByRoster({})
        void (async () => {
          try {
            const aiSum = await fetch(`/api/league/ai-opponents/summary?leagueI
d=${encodeURIComponent(leagueId)}`, {
              cache: 'no-store',
              credentials: 'include',
            })
            const sumJson = await aiSum.json().catch(() => ({}))
            if (aiSum.ok && Array.isArray(sumJson.aiManagedDraftRosterIds)) {
              
setAiOpponentRosterIds(sumJson.aiManagedDraftRosterIds.filter((x: unknown) => 
typeof x === 'string'))
            }
            const arch: Record<string, string> = {}
            if (aiSum.ok && Array.isArray(sumJson.assignments)) {
              for (const a of sumJson.assignments as { draftRosterId?: string 
| null; archetypeLabel?: string | null }[]) {
                if (a.draftRosterId && typeof a.archetypeLabel === 'string' && 
a.archetypeLabel.trim()) {
                  arch[a.draftRosterId] = a.archetypeLabel.trim()
                }
              }
              setAiArchetypeByRoster(arch)
            }
          } catch {
            /* keep empty defaults ΓÇö no panic on AI failure */
          }
        })()
        setDraftQueueSizeLimit(normalizeDraftQueueSizeLimit(data?.config?.queue
_size_limit))
        setIdpRosterSummary(data.idpRosterSummary ?? null)
      }
    } catch {
      setDraftUISettings(null)
      setSkipPickAllowed(false)
      setOrphanAiStatus(null)
      setCommissionerAiDraft(null)
      setAiOpponentRosterIds([])
      setAiArchetypeByRoster({})
      setDraftQueueSizeLimit(normalizeDraftQueueSizeLimit(null))
      setIdpRosterSummary(null)
    }
  }, [leagueId])

  const fetchDraftAssistantContext = useCallback(async () => {
    if (!leagueId) return
    try {
      const res = await 
fetch(`/api/leagues/${encodeURIComponent(leagueId)}/draft/assistant-context`, {
        cache: 'no-store',
      })
      const data = await res.json().catch(() => ({}))
      if (res.ok) {
        setDraftAssistantContext({
          sport: typeof data.sport === 'string' ? data.sport : sport,
          headlines: Array.isArray(data.headlines) ? data.headlines : [],
          injuries: Array.isArray(data.injuries) ? data.injuries : [],
          sportsFeed: data.sportsFeed && typeof data.sportsFeed === 'object'
            ? {
                available: Boolean(data.sportsFeed.available),
                updatedAt: typeof data.sportsFeed.updatedAt === 'string' ? 
data.sportsFeed.updatedAt : null,
                sourceKeys: Array.isArray(data.sportsFeed.sourceKeys)
                  ? data.sportsFeed.sourceKeys.filter((value: unknown): value 
is string => typeof value === 'string')
                  : [],
                digest: typeof data.sportsFeed.digest === 'string' ? 
data.sportsFeed.digest : null,
              }
            : {
                available: false,
                updatedAt: null,
                sourceKeys: [],
                digest: null,
              },
        })
      }
    } catch {
      setDraftAssistantContext(null)
    }
  }, [leagueId, sport])

  const fetchDraftChromeData = useCallback(async () => {
    try {
      const [settingsRes, privacyRes] = await Promise.all([
        fetch(`/api/league/settings?leagueId=${encodeURIComponent(leagueId)}`, 
{ cache: 'no-store' }),
        fetch(`/api/leagues/${encodeURIComponent(leagueId)}/privacy`, { cache: 
'no-store' }),
      ])

      const settingsJson = await settingsRes.json().catch(() => ({}))
      const privacyJson = await privacyRes.json().catch(() => ({}))

      if (settingsRes.ok && Array.isArray(settingsJson?.league?.teams)) {
        setLeagueTeams(settingsJson.league.teams as DraftRoomChromeTeam[])
      } else {
        setLeagueTeams([])
      }

      if (privacyRes.ok) {
        setInviteLink(resolveInviteLink(privacyJson))
      } else {
        setInviteLink(null)
      }
    } catch {
      setLeagueTeams([])
      setInviteLink(null)
    }
  }, [leagueId])

  const fetchClaimableRosters = useCallback(async () => {
    if (!leagueId) return
    try {
      const res = await 
fetch(`/api/leagues/${encodeURIComponent(leagueId)}/claim-roster`, { cache: 
'no-store' })
      const data = await res.json().catch(() => ({}))
      if (!res.ok || data.alreadyClaimed) {
        setClaimableRosterIds([])
        return
      }
      const rows = Array.isArray(data.rosters) ? data.rosters : []
      setClaimableRosterIds(
        rows
          .map((r: { rosterId?: string }) => (typeof r?.rosterId === 'string' 
? r.rosterId : ''))
          .filter(Boolean),
      )
    } catch {
      setClaimableRosterIds([])
    }
  }, [leagueId])

  useEffect(() => {
    if (!session?.id) return
    if (currentUserRosterId) {
      setClaimableRosterIds([])
      return
    }
    void fetchClaimableRosters()
  }, [session?.id, currentUserRosterId, fetchClaimableRosters])

  useEffect(() => {
    if (typeof window === 'undefined' || !leagueId) return
    try {
      const raw = window.localStorage.getItem(localPrefsKey)
      if (!raw) return
      const parsed = JSON.parse(raw) as {
        autoPickFromQueue?: boolean
        awayMode?: boolean
        aiQueueReorderEnabled?: boolean
        draftAiExplanationEnabled?: boolean
      }
      if (typeof parsed.autoPickFromQueue === 'boolean') 
setAutoPickFromQueue(parsed.autoPickFromQueue)
      if (typeof parsed.awayMode === 'boolean') setAwayMode(parsed.awayMode)
      if (typeof parsed.aiQueueReorderEnabled === 'boolean') {
        setAiQueueReorderEnabled(parsed.aiQueueReorderEnabled)
      }
      if (typeof parsed.draftAiExplanationEnabled === 'boolean') {
        setDraftAiExplanationEnabled(parsed.draftAiExplanationEnabled)
      }
    } catch {
      // Ignore malformed local preferences.
    }
  }, [leagueId, localPrefsKey])

  useEffect(() => {
    if (typeof window === 'undefined' || !leagueId) return
    try {
      window.localStorage.setItem(
        localPrefsKey,
        JSON.stringify({ autoPickFromQueue, awayMode, aiQueueReorderEnabled, 
draftAiExplanationEnabled })
      )
    } catch {
      // Ignore storage failures.
    }
  }, [leagueId, localPrefsKey, autoPickFromQueue, awayMode, 
aiQueueReorderEnabled, draftAiExplanationEnabled])

  const fetchLeagueAiAdp = useCallback(async () => {
    if (!draftUISettings?.aiAdpEnabled) {
      setLeagueAiAdp(null)
      return
    }
    try {
      // D.5-proper ΓÇö when the feature flag is on, hit the AllFantasy 
snapshot path.
      // When off, keep the legacy URL so existing production traffic is 
unchanged.
      const url = useAllFantasyAdp
        ? buildAllFantasyAdpUrl(leagueId, { draftMode: allFantasyAdpDraftMode 
})
        : `/api/leagues/${encodeURIComponent(leagueId)}/ai-adp`
      const res = await fetch(url, { cache: 'no-store' })
      const data = await res.json().catch(() => ({}))
      if (res.ok) {
        setLeagueAiAdp({
          enabled: data.enabled ?? false,
          entries: Array.isArray(data.entries) ? data.entries : [],
          totalDrafts: data.totalDrafts ?? 0,
          computedAt: data.computedAt ?? null,
          stale: data.stale ?? false,
          ageHours: data.ageHours ?? null,
          message: data.message ?? null,
        })
      } else {
        setLeagueAiAdp({
          enabled: true,
          entries: [],
          totalDrafts: 0,
          computedAt: null,
          stale: true,
          ageHours: null,
          message: 'Not enough AllFantasy draft data yet',
        })
      }
    } catch {
      setLeagueAiAdp(
        draftUISettings?.aiAdpEnabled
          ? {
              enabled: true,
              entries: [],
              totalDrafts: 0,
              computedAt: null,
              stale: true,
              ageHours: null,
              message: 'Not enough AllFantasy draft data yet',
            }
          : null,
      )
    }
  }, [leagueId, draftUISettings?.aiAdpEnabled, useAllFantasyAdp, 
allFantasyAdpDraftMode])

  const fetchSession = useCallback(async (): Promise<boolean> => {
    const hadSessionBeforeRequest = Boolean(sessionRef.current)
    try {
      const res = await 
fetch(`/api/leagues/${encodeURIComponent(leagueId)}/draft/session`, { cache: 
'no-store' })
      const data = await res.json().catch(() => ({}))
      if (res.status === 401) {
        setDraftSessionAccess(\"unauthorized\")
        setSession(null)
        return false
      }
      if (res.status === 403) {
        setDraftSessionAccess(\"forbidden\")
        setSession(null)
        return false
      }
      // Slice J ΓÇö 409 / DRAFT_SESSION_MISMATCH: the server has detected the
      // client is reading a stale or non-canonical draft session for this
      // league. Recover IN-PLACE: keep the same DraftRoomShell + DraftBoard
      // mounted, show an inline banner, and schedule a single refetch.
      // Never `router.push` / `router.replace` / `window.location` here ΓÇö
      // navigation breaks the unified-state contract locked by Commit E.
      if (res.status === 409 && (data as { code?: unknown })?.code === 
'DRAFT_SESSION_MISMATCH') {
        setSessionMismatchRecovering(true)
        sessionMismatchAttemptsRef.current += 1
        if (sessionMismatchRetryTimerRef.current && typeof window !== 
'undefined') {
          window.clearTimeout(sessionMismatchRetryTimerRef.current)
        }
        // Cap at 3 retries ΓÇö past that, the banner exposes an inline retry
        // button instead of looping forever.
        if (sessionMismatchAttemptsRef.current <= 3 && typeof window !== 
'undefined') {
          sessionMismatchRetryTimerRef.current = window.setTimeout(() => {
            sessionMismatchRetryTimerRef.current = null
            void fetchSession()
          }, 800)
        }
        return false
      }
      if (res.ok && data.session) {
        setDraftSessionAccess(\"ok\")
        // Recovered (idempotent ΓÇö safe even if no prior mismatch was 
observed).
        setSessionMismatchRecovering(false)
        sessionMismatchAttemptsRef.current = 0
        setSession((prev) => mergeDraftSessionSnapshot(prev, data.session as 
DraftSessionSnapshot))
        // Store canonical state from the response for dev-mode divergence 
logging.
        if (data.canonicalDraftState && typeof data.canonicalDraftState === 
'object') {
          const c = data.canonicalDraftState as {
            status?: unknown
            currentPickNumber?: unknown
            picksMade?: unknown
            currentTeamId?: unknown
            timerEndAt?: unknown
          }
          canonicalDraftStateRef.current = {
            status: typeof c.status === 'string' ? c.status : '',
            currentPickNumber: typeof c.currentPickNumber === 'number' ? 
c.currentPickNumber : null,
            picksMade: typeof c.picksMade === 'number' ? c.picksMade : 0,
            currentTeamId: typeof c.currentTeamId === 'string' ? 
c.currentTeamId : null,
            timerEndAt: typeof c.timerEndAt === 'string' ? c.timerEndAt : null,
          }
          if (process.env.NODE_ENV !== 'production' && 
data.canonicalDraftStateParity) {
            const parity = data.canonicalDraftStateParity as {
              statusMatches?: boolean
              currentPickMatches?: boolean
              picksMadeMatches?: boolean
            }
            if (parity.statusMatches === false || parity.currentPickMatches 
=== false || parity.picksMadeMatches === false) {
              console.warn('[draft-room/canonical-parity] client-visible 
drift', {
                leagueId,
                parity,
                canonical: canonicalDraftStateRef.current,
              })
            }
          }
        }
        return true
      }
      if (res.ok) {
        setDraftSessionAccess(\"ok\")
        if (!hadSessionBeforeRequest) {
          setSession(null)
        }
        return true
      }
      setDraftSessionAccess(null)
      if (!hadSessionBeforeRequest) {
        setSession(null)
      }
      return hadSessionBeforeRequest
    } catch {
      setDraftSessionAccess(null)
      if (!hadSessionBeforeRequest) {
        setSession(null)
      }
      return hadSessionBeforeRequest
    }
  }, [leagueId])

  useEffect(() => {
    if (typeof window === 'undefined' || !leagueId) return
    const handler = (ev: Event) => {
      const d = (ev as CustomEvent<{ leagueId?: string }>).detail
      if (d?.leagueId !== leagueId) return
      void fetchRosterConfig()
      void fetchSession()
      void fetchDraftPool()
    }
    window.addEventListener(LEAGUE_DRAFT_ROOM_REVALIDATE, handler as 
EventListener)
    return () => window.removeEventListener(LEAGUE_DRAFT_ROOM_REVALIDATE, 
handler as EventListener)
  }, [leagueId, fetchDraftPool, fetchRosterConfig, fetchSession])

  /**
   * Combined poll: authoritative session when changed (`since` vs row 
`updatedAt`) + optional queue + chat.
   * Does not bump `updatedAt` when unchanged (avoids merge churn). Returns 
whether the HTTP round-trip succeeded.
   */
  const fetchLiveSync = useCallback(
    async (opts: { since?: string; includeQueue: boolean; includeChat: boolean 
}): Promise<boolean> => {
      try {
        const sp = new URLSearchParams()
        if (opts.since) sp.set('since', opts.since)
        if (!opts.includeQueue) sp.set('queue', '0')
        if (!opts.includeChat) sp.set('chat', '0')
        const res = await fetch(
          `/api/leagues/${encodeURIComponent(leagueId)}/draft/live-sync?${sp.to
String()}`,
          { cache: 'no-store' },
        )
        const data = await res.json().catch(() => ({}))
        if (!res.ok) return false

        if (data.session && controlActionInflightRef.current === 0) {
          setSession((prev) => mergeDraftSessionSnapshot(prev, data.session as 
DraftSessionSnapshot))
        }

        if (opts.includeQueue && Array.isArray(data.queue)) {
          const next = data.queue as QueueEntry[]
          setQueue((prev) => (JSON.stringify(prev) === JSON.stringify(next) ? 
prev : next))
        }

        if (opts.includeChat && Array.isArray(data.messages)) {
          const incoming = data.messages as DraftChatMessage[]
          setChatMessages((prev) => {
            const merged = mergeDraftChatWire(prev, incoming)
            return JSON.stringify(prev) === JSON.stringify(merged) ? prev : 
merged
          })
          if (typeof data.syncActive === 'boolean') 
setChatSyncActive(data.syncActive)
        }

        return true
      } catch {
        return false
      }
    },
    [leagueId],
  )

  const fetchQueue = useCallback(async () => {
    try {
      const res = await 
fetch(`/api/leagues/${encodeURIComponent(leagueId)}/draft/queue`, { cache: 
'no-store' })
      const data = await res.json().catch(() => ({}))
      if (res.ok && Array.isArray(data.queue)) {
        const next = data.queue as QueueEntry[]
        setQueue((prev) => (JSON.stringify(prev) === JSON.stringify(next) ? 
prev : next))
      }
    } catch {
      setQueue([])
    }
  }, [leagueId])

  const fetchChat = useCallback(async () => {
    if (!leagueId) return
    try {
      const res = await 
fetch(`/api/leagues/${encodeURIComponent(leagueId)}/draft/chat`, { cache: 
'no-store' })
      const data = await res.json().catch(() => ({}))
      if (res.ok && Array.isArray(data.messages)) {
        const incoming = data.messages as DraftChatMessage[]
        setChatMessages((prev) => {
          const merged = mergeDraftChatWire(prev, incoming)
          return JSON.stringify(prev) === JSON.stringify(merged) ? prev : 
merged
        })
        setChatSyncActive(Boolean(data.syncActive))
      }
    } catch {
      /* Keep last good messages ΓÇö blanking chat on a flaky network reads 
like data loss */
      setChatSyncActive(false)
    }
  }, [leagueId])

  const handleChatReconnect = useCallback(() => {
    setChatSendError(null)
    fetchSession()
    fetchQueue()
    fetchDraftSettings()
    fetchDraftAssistantContext()
    fetchChat()
  }, [fetchSession, fetchQueue, fetchDraftSettings, 
fetchDraftAssistantContext, fetchChat])

  /**
   * Toggle a chat reaction via the shared reactions route. Optimistic update
   * mutates local state immediately (add or remove by emoji+userId) so the UI
   * feels snappy; the next `fetchChat()` reconciles the authoritative counts
   * from the server. Falls through silently on failure ΓÇö the reconcile fetch
   * restores the correct state.
   */
  const handleReactChat = useCallback(
    async (messageId: string, emoji: string) => {
      if (!viewerAppUserId) return
      let didAdd = true
      setChatMessages((prev) =>
        prev.map((m) => {
          if (m.id !== messageId) return m
          const reactions = Array.isArray((m as { reactions?: unknown 
}).reactions)
            ? ([...((m as { reactions: Array<{ emoji: string; count: number; 
userIds: string[] }> }).reactions)])
            : []
          const idx = reactions.findIndex((r) => r.emoji === emoji)
          if (idx >= 0) {
            const entry = reactions[idx]!
            if (entry.userIds.includes(viewerAppUserId)) {
              const userIds = entry.userIds.filter((id) => id !== 
viewerAppUserId)
              didAdd = false
              if (userIds.length === 0) reactions.splice(idx, 1)
              else reactions[idx] = { ...entry, userIds, count: userIds.length 
}
            } else {
              const userIds = [...entry.userIds, viewerAppUserId]
              reactions[idx] = { ...entry, userIds, count: userIds.length }
            }
          } else {
            reactions.push({ emoji, count: 1, userIds: [viewerAppUserId] })
          }
          return { ...m, reactions }
        }),
      )
      try {
        const roomId = `league:${leagueId}`
        await fetch(
          `/api/shared/chat/threads/${encodeURIComponent(roomId)}/messages/${en
codeURIComponent(messageId)}/reactions`,
          {
            method: didAdd ? 'POST' : 'DELETE',
            headers: { 'Content-Type': 'application/json' },
            body: JSON.stringify({ emoji }),
          },
        )
      } catch {
        /* reconcile on next fetch */
      } finally {
        fetchChat()
      }
    },
    [viewerAppUserId, leagueId, fetchChat],
  )

  const [chatSending, setChatSending] = useState(false)
  const [chatSendError, setChatSendError] = useState<string | null>(null)
  const [pickSuccessFlash, setPickSuccessFlash] = useState<string | null>(null)

  const handleSendChat = useCallback(
    async (text: string) => {
      if (!text.trim() || chatSending) return
      setChatSending(true)
      try {
        const res = await 
fetch(`/api/leagues/${encodeURIComponent(leagueId)}/draft/chat`, {
          method: 'POST',
          headers: { 'Content-Type': 'application/json' },
          body: JSON.stringify({ text: text.trim() }),
        })
        const data = await res.json().catch(() => ({}))
        if (res.ok && data.message) {
          setChatSendError(null)
          sendProductAnalyticsBeacon(DRAFT_ROOM.CHAT_SEND, {
            leagueId,
            len: text.trim().length,
            leagueSync: typeof data.syncActive === 'boolean' ? data.syncActive 
: undefined,
          })
          setChatMessages((prev) => {
            const msg = data.message as (typeof prev)[0]
            if (prev.some((m) => m.id === msg.id)) return prev
            return [...prev, msg].sort((a, b) => new Date(a.at).getTime() - 
new Date(b.at).getTime())
          })
          if (typeof data.syncActive === 'boolean') {
            setChatSyncActive(data.syncActive)
          }
        } else {
          setChatSendError(typeof data?.error === 'string' ? data.error : 
'Message could not be sent. Try again.')
        }
      } catch (err) {
        draftRoomWarn('chat-send', err)
        setChatSendError('Could not send message. Check your connection and 
try again.')
      } finally {
        setChatSending(false)
      }
    },
    [leagueId, chatSending],
  )

  const fetchCommissionerLeagues = useCallback(async () => {
    try {
      const res = await fetch('/api/commissioner/leagues', { cache: 'no-store' 
})
      const data = await res.json().catch(() => ({}))
      if (res.ok && Array.isArray(data.leagues)) 
setCommissionerLeagues(data.leagues)
    } catch {
      setCommissionerLeagues([])
    }
  }, [])

  const handleBroadcastOpen = useCallback(() => {
    setShowBroadcastModal(true)
    setBroadcastSelectedIds(new Set([leagueId]))
    setBroadcastMessage('')
    fetchCommissionerLeagues()
  }, [leagueId, fetchCommissionerLeagues])

  const handleBroadcastSubmit = useCallback(async () => {
    if (broadcastSelectedIds.size === 0 || !broadcastMessage.trim() || 
broadcastSending) return
    setBroadcastSending(true)
    try {
      const res = await fetch('/api/commissioner/broadcast', {
        method: 'POST',
        headers: { 'Content-Type': 'application/json' },
        body: JSON.stringify({
          leagueIds: Array.from(broadcastSelectedIds),
          message: broadcastMessage.trim(),
        }),
      })
      const data = await res.json().catch(() => ({}))
      if (res.ok && data.ok) {
        setShowBroadcastModal(false)
        setBroadcastMessage('')
        if (broadcastSelectedIds.has(leagueId)) fetchChat()
      }
    } finally {
      setBroadcastSending(false)
    }
  }, [broadcastSelectedIds, broadcastMessage, broadcastSending, leagueId, 
fetchChat])

  const fetchRecommendation = useCallback(async () => {
    if (!session || !currentPick || !session.teamCount) return
    const myRoster = session.picks?.filter((p) => p.rosterId === 
currentUserRosterId).map((p) => ({
      position: p.position,
      team: p.team ?? null,
      byeWeek: p.byeWeek ?? null,
    })) ?? []
    const availablePool = filterPlayersAvailableForDraftAi(players, 
draftedNames, draftedPlayerIds)
    const available = availablePool.map((p) => ({
      name: p.name,
      position: p.position,
      team: p.team ?? null,
      adp: draftUISettings?.aiAdpEnabled && p.aiAdp != null ? p.aiAdp : p.adp,
      byeWeek: p.byeWeek ?? null,
    }))
    if (available.length === 0) {
      setLiveBrainEnvelope(null)
      setRecommendationResult({
        recommendation: null,
        alternatives: [],
        reachWarning: null,
        valueWarning: null,
        scarcityInsight: null,
        stackInsight: null,
        correlationInsight: null,
        formatInsight: null,
        byeNote: null,
        explanation: '',
        evidence: [],
        caveats: ['No available players.'],
        uncertainty: 'High uncertainty: no available players in pool.',
      })
      return
    }
    setRecommendationLoading(true)
    setRecommendationError(null)
    let brainPromise: Promise<LiveDraftBrainEnvelope | null> = 
Promise.resolve(null)
    try {
      const aiAdpByKey =
        draftUISettings?.aiAdpEnabled && leagueAiAdp?.entries?.length
          ? expandAiAdpKeysForLookup(leagueAiAdp.entries)
          : {}
      brainPromise = (async (): Promise<LiveDraftBrainEnvelope | null> => {
        try {
          if (!session) return null
          const payload = buildLiveDraftBrainPayload({
            session,
            effectiveDraftSport,
            isDynasty,
            formatType,
            isIdpLeague: Boolean(draftPool?.isIdp),
            isSuperflexFormat,
            isTePremium: effectiveRosterSlots.some((s) => 
/TE\\+|PREM|PREMIUM|TE\\s*PREM/i.test(String(s))),
            leagueSiteDraftCount: leagueAiAdp?.totalDrafts,
            currentUserRosterId,
            players,
            draftedNames,
            effectiveRosterSlots,
            aiAdpByKey: Object.keys(aiAdpByKey).length ? aiAdpByKey : 
undefined,
          })
          if (!payload) return null
          const res = await fetch('/api/draft/live-brain', {
            method: 'POST',
            headers: { 'Content-Type': 'application/json' },
            body: JSON.stringify({ leagueId, ...payload }),
          })
          const data = await res.json().catch(() => ({}))
          if (res.ok && data.ok && data.envelope) return data.envelope as 
LiveDraftBrainEnvelope
        } catch {
          /* non-fatal */
        }
        return null
      })()
      const requestRecommendation = async (confirmTokenSpendForFallback: 
boolean) => {
        const res = await fetch('/api/draft/recommend', {
          method: 'POST',
          headers: { 'Content-Type': 'application/json' },
          body: JSON.stringify({
            available,
            teamRoster: myRoster,
            rosterSlots: effectiveRosterSlots,
            round: currentPick.round,
            pick: currentPick.slot,
            totalTeams: session.teamCount,
            sport: effectiveDraftSport,
            isDynasty,
            isSF: isSuperflexFormat,
            mode: 'needs',
            includeAIExplanation: draftAiExplanationEnabled,
            leagueId,
            leagueName,
            confirmTokenSpend: confirmTokenSpendForFallback,
            aiAdpByKey: Object.keys(aiAdpByKey).length ? aiAdpByKey : 
undefined,
            ...(assistantFeedBriefForRecommend.trim()
              ? { assistantFeedBrief: assistantFeedBriefForRecommend }
              : {}),
          }),
        })
        const data = await res.json().catch(() => ({}))
        return { res, data }
      }

      let { res, data } = await requestRecommendation(false)
      if (
        !res.ok &&
        data?.code === 'token_confirmation_required' &&
        typeof data?.preview?.ruleCode === 'string'
      ) {
        const confirmation = await confirmTokenSpend(data.preview.ruleCode)
        if (!confirmation.confirmed) {
          setLiveBrainEnvelope(await brainPromise)
          setRecommendationError('Token confirmation cancelled. Draft AI 
explanation was not unlocked.')
          return
        }
        ;({ res, data } = await requestRecommendation(true))
      }

      setLiveBrainEnvelope(await brainPromise)
      if (res.ok && data.ok) {
        let recommendation = data.recommendation ?? null
        let alternatives = Array.isArray(data.alternatives) ? 
data.alternatives : []
        const caveatsBase = Array.isArray(data.caveats) ? [...data.caveats] : 
[]

        if (
          recommendation &&
          !isAiRecommendationPlayerAvailable(recommendation.player.name, 
recommendation.player.position)
        ) {
          caveatsBase.push('Copilot pick is no longer available on the board 
ΓÇö opponent may have just drafted them.')
          recommendation = null
        }
        alternatives = alternatives.filter((alt: { player?: { name?: string; 
position?: string } }) =>
          alt?.player?.name && alt?.player?.position
            ? isAiRecommendationPlayerAvailable(alt.player.name, 
alt.player.position)
            : false,
        )

        setRecommendationResult({
          recommendation,
          alternatives,
          reachWarning: data.reachWarning ?? null,
          valueWarning: data.valueWarning ?? null,
          scarcityInsight: data.scarcityInsight ?? null,
          stackInsight: data.stackInsight ?? null,
          correlationInsight: data.correlationInsight ?? null,
          formatInsight: data.formatInsight ?? null,
          byeNote: data.byeNote ?? null,
          explanation: data.explanation ?? '',
          evidence: Array.isArray(data.evidence) ? data.evidence : [],
          caveats: caveatsBase,
          uncertainty: data.uncertainty ?? null,
          execution: data.execution ?? null,
        })
      } else {
        setRecommendationError(data.error || 'Failed to get recommendation')
      }
    } catch (e: any) {
      setRecommendationError(e?.message || 'Request failed')
      try {
        setLiveBrainEnvelope(await brainPromise)
      } catch {
        setLiveBrainEnvelope(null)
      }
    } finally {
      setRecommendationLoading(false)
    }
  }, [
    currentPick,
    session?.teamCount,
    session?.picks,
    session,
    draftPool,
    draftData,
    draftUISettings?.aiAdpEnabled,
    leagueAiAdp,
    effectiveDraftSport,
    effectiveRosterSlots,
    isSuperflexFormat,
    isDynasty,
    draftAiExplanationEnabled,
    currentUserRosterId,
    leagueId,
    players,
    draftedNames,
    formatType,
    draftedPlayerIds,
    assistantFeedBriefForRecommend,
    leagueName,
    resolvePlayerFromPool,
    isAiRecommendationPlayerAvailable,
  ])

  /** Off-the-clock: clear pick-specific AI so we never show another team's 
on-clock plan as yours. */
  useEffect(() => {
    if (!session || !currentUserRosterId || !currentPick) return
    if (currentPick.rosterId === currentUserRosterId) return
    setRecommendationResult({
      recommendation: null,
      alternatives: [],
      reachWarning: null,
      valueWarning: null,
      scarcityInsight: null,
      stackInsight: null,
      correlationInsight: null,
      formatInsight: null,
      byeNote: null,
      explanation: '',
      evidence: [],
      caveats: [],
      uncertainty: null,
      execution: null,
    })
    setRecommendationError(null)
    recommendationRequestKeyRef.current = ''
  }, [currentPick?.rosterId, currentUserRosterId, session])

  useEffect(() => {
    if (!session?.teamCount || !currentPick || players.length === 0) return
    if (!currentUserRosterId || currentPick.rosterId !== currentUserRosterId) {
      recommendationRequestKeyRef.current = ''
      return
    }
    const recommendationKey = [
      currentPick.overall ?? 0,
      currentPick.rosterId ?? '',
      session.picks?.length ?? 0,
      players.length,
      draftedPlayerIds.size,
      draftUISettings?.aiAdpEnabled ? 'ai' : 'deterministic',
      draftAiExplanationEnabled ? 'ai-explain-on' : 'ai-explain-off',
      leagueAiAdp?.computedAt ?? 'no-ai-adp',
    ].join('|')
    if (recommendationRequestKeyRef.current === recommendationKey) return
    recommendationRequestKeyRef.current = recommendationKey
    fetchRecommendation()
  }, [
    currentPick?.overall,
    currentPick?.rosterId,
    session?.picks?.length,
    session?.teamCount,
    players.length,
    draftedPlayerIds.size,
    draftUISettings?.aiAdpEnabled,
    draftAiExplanationEnabled,
    leagueAiAdp?.computedAt,
    fetchRecommendation,
    currentUserRosterId,
  ])

  /** Drop copilot picks/alts that were taken while AI was in flight or before 
the next refresh. */
  useEffect(() => {
    setRecommendationResult((prev) => {
      if (!prev) return prev
      let recommendation = prev.recommendation
      if (recommendation) {
        const rp = recommendation.player
        if (!isAiRecommendationPlayerAvailable(rp.name, rp.position)) {
          recommendationRequestKeyRef.current = ''
          recommendation = null
        }
      }
      const filteredAlts = (prev.alternatives ?? []).filter((a) =>
        isAiRecommendationPlayerAvailable(a.player.name, a.player.position),
      )
      const caveats =
        recommendation !== prev.recommendation && prev.recommendation
          ? [...(prev.caveats ?? []), 'Recommended player is off the board ΓÇö 
sync refreshed.'].slice(0, 14)
          : prev.caveats ?? []
      if (
        recommendation === prev.recommendation &&
        filteredAlts.length === (prev.alternatives ?? []).length
      ) {
        return prev
      }
      return { ...prev, recommendation, alternatives: filteredAlts, caveats }
    })
  }, [isAiRecommendationPlayerAvailable])

  useEffect(() => {
    if (!leagueId) return
    let cancelled = false

    const bootstrapDraftRoom = async () => {
      setLoading(true)

      const canAccessDraftRoom = await fetchSession()
      if (cancelled) return

      // Show expired-session / forbidden states as soon as the authoritative
      // draft-session check resolves instead of waiting on slower ancillary
      // draft endpoints that may also 401/403.
      if (!canAccessDraftRoom) {
        setLoading(false)
        return
      }

      // Phase 3b ΓÇö perf: render the draft room as soon as the CRITICAL 
fetches
      // resolve. The two AI-bound fetches (`assistant-context` ~68s, the
      // `ai-opponents/summary` nested inside `fetchDraftSettings` ~70s) used 
to
      // be in this Promise.allSettled, holding the loading spinner up for over
      // a minute on cold load. They're now fire-and-forget ΓÇö panels that 
need
      // them branch on `null` until the data arrives, then re-render.
      await Promise.allSettled([
        fetchQueue(),
        fetchDraftSettings(),
        fetchDraftChromeData(),
        fetchChat(),
        fetchDraftPool(),
      ])

      if (!cancelled) {
        setLoading(false)
      }

      // Deferred ΓÇö let panels populate after the room is interactive.
      void fetchDraftAssistantContext()
    }

    void bootstrapDraftRoom()

    return () => {
      cancelled = true
    }
  }, [leagueId, fetchSession, fetchQueue, fetchDraftSettings, 
fetchDraftChromeData, fetchChat, fetchDraftPool, fetchDraftAssistantContext])

  useEffect(() => {
    if (!leagueId || !draftUISettings?.aiAdpEnabled) return
    fetchLeagueAiAdp()
  }, [leagueId, draftUISettings?.aiAdpEnabled, fetchLeagueAiAdp])

  useEffect(() => {
    if (!leagueId || !currentUserRosterId) return
    setDraftIntelLoading(true)
    const stream = new EventSource(
      `/api/draft/intel/stream?leagueId=${encodeURIComponent(leagueId)}`
    )

    const handleStateEvent = (event: MessageEvent<string>) => {
      try {
        const next = JSON.parse(event.data) as DraftIntelState
        setDraftIntel(next)
      } catch {
        // Ignore malformed SSE payloads.
      } finally {
        setDraftIntelLoading(false)
      }
    }

    stream.addEventListener('snapshot', handleStateEvent as EventListener)
    stream.addEventListener('queue_update', handleStateEvent as EventListener)
    stream.addEventListener('on_clock', handleStateEvent as EventListener)
    stream.addEventListener('recap', handleStateEvent as EventListener)
    stream.onerror = () => {
      setDraftIntelLoading(false)
      draftRoomWarn('intel-sse-disconnect', { leagueId })
      void fetchSession()
    }

    return () => {
      stream.close()
    }
  }, [leagueId, currentUserRosterId, fetchSession])

  const [pollInterval, setPollInterval] = useState(POLL_MS)
  const refetchOnceRef = useRef<(() => void) | null>(null)
  const pollTickRef = useRef(0)
  const pollInFlightRef = useRef(false)
  /** Prevents double POST before React state catches up with rapid Draft 
clicks. */
  const pickInflightRef = useRef(false)
  useEffect(() => {
    if (!leagueId) return
    const run = async () => {
      if (pollInFlightRef.current) return
      pollInFlightRef.current = true
      const tick = pollTickRef.current + 1
      pollTickRef.current = tick
      try {
        const since = sessionRef.current?.updatedAt
        const onClockForCurrentUser = Boolean(
          sessionRef.current?.currentPick?.rosterId &&
          currentUserRosterId &&
          sessionRef.current.currentPick.rosterId === currentUserRosterId
        )
        const shouldRefreshQueue = (tick % QUEUE_POLL_EVERY_N_TICKS) === 0 || 
onClockForCurrentUser
        const shouldRefreshSettings = (tick % SETTINGS_POLL_EVERY_N_TICKS) === 
0 || showCommissionerModal
        const shouldRefreshChat = chatSyncActive || (tick % 
CHAT_POLL_EVERY_N_TICKS) === 0
        const shouldRefreshPool = (tick % POOL_POLL_EVERY_N_TICKS) === 0

        const sessionPollOk = await fetchLiveSync({
          since,
          includeQueue: shouldRefreshQueue,
          includeChat: shouldRefreshChat,
        })

        const secondary: Promise<unknown>[] = []
        if (shouldRefreshSettings) secondary.push(fetchDraftSettings())
        if (shouldRefreshSettings) secondary.push(fetchDraftAssistantContext())
        if (shouldRefreshPool) secondary.push(fetchDraftPool())

        const aiAdpComputedAt = leagueAiAdp?.computedAt ? new 
Date(leagueAiAdp.computedAt).getTime() : 0
        const skipAiAdp = draftUISettings?.aiAdpEnabled && aiAdpComputedAt && 
Date.now() - aiAdpComputedAt < AI_ADP_POLL_SKIP_MS
        if (draftUISettings?.aiAdpEnabled && !skipAiAdp) 
secondary.push(fetchLeagueAiAdp())
        await Promise.all(secondary)

        /** Authoritative session sync failed: streak + delay before showing 
badge (healthy polls stay quiet). */
        if (!sessionPollOk) {
          pollSessionFailStreakRef.current += 1
          if (pollSessionFailStreakRef.current >= 
SESSION_POLL_FAILS_FOR_DEGRADED && connectionDegradedTimerRef.current == null) 
{
            connectionDegradedTimerRef.current = window.setTimeout(() => {
              connectionDegradedTimerRef.current = null
              setConnectionDegraded(true)
            }, CONNECTION_DEGRADED_SHOW_DELAY_MS)
          }
        } else {
          pollSessionFailStreakRef.current = 0
          if (connectionDegradedTimerRef.current != null) {
            clearTimeout(connectionDegradedTimerRef.current)
            connectionDegradedTimerRef.current = null
          }
          setConnectionDegraded(false)
        }
      } finally {
        pollInFlightRef.current = false
      }
    }
    refetchOnceRef.current = () => { void run() }
  }, [
    leagueId,
    fetchLiveSync,
    fetchDraftSettings,
    fetchDraftAssistantContext,
    fetchDraftPool,
    fetchLeagueAiAdp,
    draftUISettings?.aiAdpEnabled,
    leagueAiAdp?.computedAt,
    showCommissionerModal,
    chatSyncActive,
    currentUserRosterId,
  ])

  useEffect(() => {
    if (typeof document === 'undefined') return
    const compute = () => {
      const hidden = document.hidden
      if (hidden) {
        setPollInterval(POLL_MS_BACKGROUND)
        return
      }
      refetchOnceRef.current?.()
      const active = session?.status === 'in_progress'
      const ts = session?.timer?.status
      if (active && (ts === 'running' || ts === 'expired')) {
        setPollInterval(2000)
      } else {
        setPollInterval(POLL_MS)
      }
    }
    compute()
    document.addEventListener('visibilitychange', compute)
    return () => document.removeEventListener('visibilitychange', compute)
  }, [session?.status, session?.timer?.status])

  /** Full session GET when tab becomes visible ΓÇö complements 
`/draft/live-sync` polling. */
  useEffect(() => {
    if (typeof document === 'undefined') return
    const onVisibility = () => {
      if (document.hidden) return
      void fetchSession().then((ok) => {
        if (ok) {
          pollSessionFailStreakRef.current = 0
          if (connectionDegradedTimerRef.current != null) {
            clearTimeout(connectionDegradedTimerRef.current)
            connectionDegradedTimerRef.current = null
          }
          setConnectionDegraded(false)
        }
      })
      refetchOnceRef.current?.()
    }
    document.addEventListener('visibilitychange', onVisibility)
    return () => document.removeEventListener('visibilitychange', onVisibility)
  }, [fetchSession])

  useEffect(() => {
    if (!leagueId) return
    const id = setInterval(() => {
      refetchOnceRef.current?.()
    }, pollInterval)
    return () => clearInterval(id)
  }, [leagueId, pollInterval])

  // ΓöÇΓöÇ Supabase realtime: draft-room presence ΓöÇΓöÇΓöÇΓöÇΓöÇΓöÇΓöÇΓöÇΓöÇΓ
öÇΓöÇΓöÇΓöÇΓöÇΓöÇΓöÇΓöÇΓöÇΓöÇΓöÇΓöÇΓöÇΓöÇΓöÇΓöÇΓöÇΓöÇΓöÇΓöÇΓöÇΓöÇΓöÇ
  // Presence tracking removed (Supabase removed). Online count is always 0.
  const onlineCount = 0

  useEffect(() => {
    return () => {
      if (governanceSuccessTimeoutRef.current) 
clearTimeout(governanceSuccessTimeoutRef.current)
      if (connectionDegradedTimerRef.current) 
clearTimeout(connectionDegradedTimerRef.current)
    }
  }, [])

  useEffect(() => {
    if (governanceBanner?.variant !== 'success') return
    if (governanceSuccessTimeoutRef.current) 
clearTimeout(governanceSuccessTimeoutRef.current)
    governanceSuccessTimeoutRef.current = setTimeout(() => {
      setGovernanceBanner(null)
      governanceSuccessTimeoutRef.current = null
    }, 7000)
    return () => {
      if (governanceSuccessTimeoutRef.current) 
clearTimeout(governanceSuccessTimeoutRef.current)
    }
  }, [governanceBanner])

  const handleCommissionerAction = useCallback(
    async (action: string, payload?: Record<string, unknown>): 
Promise<CommissionerControlApiResult> => {
      setCommissionerLoading(true)
      controlActionInflightRef.current += 1
      /** Slice C.1: snapshot the current session so we can roll back on API 
failure, then
       * apply an optimistic patch so the UI freezes/resumes/resets instantly 
while the
       * /draft/controls POST is still in flight. The in-flight ref keeps the 
2s live-sync
       * poll from clobbering this patch with the server's pre-action 
snapshot. */
      let priorSession: DraftSessionSnapshot | null = null
      setSession((prev) => {
        priorSession = prev
        if (!prev) return prev
        const liveRemaining =
          prev.timer?.status === 'running' && typeof prev.timer.timerEndAt === 
'string'
            ? Math.max(0, Math.ceil((new Date(prev.timer.timerEndAt).getTime() 
- Date.now()) / 1000))
            : prev.timer?.remainingSeconds ?? prev.pausedRemainingSeconds ?? 
prev.timerSeconds ?? null
        if (action === 'pause') {
          return {
            ...prev,
            status: 'paused',
            pausedRemainingSeconds: liveRemaining,
            timerEndAt: null,
            timer: prev.timer
              ? { ...prev.timer, status: 'paused', remainingSeconds: 
liveRemaining, pauseReason: 'commissioner' }
              : prev.timer,
          } as DraftSessionSnapshot
        }
        if (action === 'resume') {
          const sec = prev.pausedRemainingSeconds ?? liveRemaining ?? 
prev.timerSeconds ?? null
          const endAt = sec != null && sec > 0 ? new Date(Date.now() + sec * 
1000).toISOString() : null
          return {
            ...prev,
            status: 'in_progress',
            pausedRemainingSeconds: null,
            timerEndAt: endAt,
            timer: prev.timer
              ? { ...prev.timer, status: 'running', remainingSeconds: sec, 
timerEndAt: endAt, pauseReason: null }
              : prev.timer,
          } as DraftSessionSnapshot
        }
        if (action === 'reset_timer') {
          const sec = prev.timerSeconds ?? liveRemaining ?? null
          if (prev.status === 'in_progress' && sec != null && sec > 0) {
            const endAt = new Date(Date.now() + sec * 1000).toISOString()
            return {
              ...prev,
              timerEndAt: endAt,
              pausedRemainingSeconds: null,
              timer: prev.timer
                ? { ...prev.timer, status: 'running', remainingSeconds: sec, 
timerEndAt: endAt, pauseReason: null }
                : prev.timer,
            } as DraftSessionSnapshot
          }
          if (prev.status === 'paused' && sec != null) {
            return {
              ...prev,
              pausedRemainingSeconds: sec,
              timer: prev.timer ? { ...prev.timer, status: 'paused', 
remainingSeconds: sec } : prev.timer,
            } as DraftSessionSnapshot
          }
        }
        return prev
      })
      try {
        const res = await 
fetch(`/api/leagues/${encodeURIComponent(leagueId)}/draft/controls`, {
          method: 'POST',
          headers: { 'Content-Type': 'application/json' },
          body: JSON.stringify({ action, ...payload }),
        })
        const data = (await res.json().catch(() => ({}))) as Record<string, 
unknown>
        const errMsg =
          typeof data.error === 'string'
            ? data.error
            : typeof (data as { message?: unknown }).message === 'string'
              ? String((data as { message: string }).message)
              : null

        if (!res.ok) {
          const msg = errMsg || `Commissioner action failed (${res.status}).`
          setGovernanceBanner({ variant: 'error', message: msg })
          if (priorSession) setSession(priorSession)
          return { ok: false, error: msg }
        }

        let usedSessionFallback = false
        if (data.session) {
          setSession((prev) => mergeDraftSessionSnapshot(prev, data.session as 
DraftSessionSnapshot))
        } else {
          usedSessionFallback = true
          await fetchSession()
          void fetchDraftSettings()
          void fetchChat()
          void fetchDraftPool()
        }

        void fetchQueue()
        if (action === 'undo_pick') {
          void fetchChat()
          void fetchDraftPool()
          void fetchDraftAssistantContext()
        }
        if (action === 'pause' || action === 'resume' || (action === 'start' 
&& !usedSessionFallback)) {
          void fetchDraftPool()
        }
        if (action === 'set_timer_seconds') void fetchDraftSettings()

        const successMsg = commissionerActionSuccessCopy(action)
        setGovernanceBanner({ variant: 'success', message: successMsg })

        return { ok: true, ...data }
      } catch {
        const msg = 'Network error ΓÇö try your commissioner action again.'
        setGovernanceBanner({ variant: 'error', message: msg })
        if (priorSession) setSession(priorSession)
        return { ok: false, error: msg }
      } finally {
        setCommissionerLoading(false)
        controlActionInflightRef.current = Math.max(0, 
controlActionInflightRef.current - 1)
      }
    },
    [
      leagueId,
      fetchSession,
      fetchQueue,
      fetchChat,
      fetchDraftPool,
      fetchDraftAssistantContext,
      fetchDraftSettings,
    ],
  )

  const handleCommissionerUndoPick = useCallback(() => {
    if (
      typeof window !== 'undefined' &&
      !window.confirm(
        'Undo the last drafted pick for everyone in this league? Traded-pick 
swaps may need a manual double-check.',
      )
    ) {
      return Promise.resolve({ ok: false as const, error: 'Cancelled.', 
cancelled: true })
    }
    return handleCommissionerAction('undo_pick')
  }, [handleCommissionerAction])

  const handleCommissionerResetTimer = useCallback(() => {
    if (typeof window !== 'undefined' && !window.confirm('Reset the pick clock 
to full time for the current pick?')) {
      return Promise.resolve({ ok: false as const, error: 'Cancelled.', 
cancelled: true })
    }
    return handleCommissionerAction('reset_timer')
  }, [handleCommissionerAction])

  const fetchPendingTradesCount = useCallback(async () => {
    if (!leagueId || !currentUserRosterId) return
    try {
      const res = await 
fetch(`/api/leagues/${encodeURIComponent(leagueId)}/draft/trade-proposals`, { 
cache: 'no-store' })
      const data = await res.json().catch(() => ({}))
      if (res.ok && Array.isArray(data.proposals)) {
        const pending = data.proposals.filter((p: any) => p.status === 
'pending' && p.receiverRosterId === currentUserRosterId)
        setPendingTradesCount(pending.length)
      }
    } catch {
      setPendingTradesCount(0)
    }
  }, [leagueId, currentUserRosterId])

  useEffect(() => {
    if (session?.status === 'in_progress' && currentUserRosterId) 
fetchPendingTradesCount()
  }, [session?.status, currentUserRosterId, fetchPendingTradesCount])

  /**
   * Slice F: pre-flight pre-draft validation. When `draftId` is set and the
   * validation route returns `canStartDraft: false`, the wizard overlay
   * opens above the same shell. Failed validation never moves the user.
   *
   * Slice A ΓÇö lifecycle: start updates `session` in place via 
`/draft/controls`
   * (no router navigation; same `DraftBoard` mount).
   */
  const handleStartDraft = useCallback(async () => {
    try {
      setPickError(null)
      // Pre-flight validation. Never blocks the start path on transient
      // failures (network error / 5xx) ΓÇö fails open to the existing
      // commissioner-action path so a flaky route can't strand the draft.
      if (draftId) {
        try {
          const validationRes = await fetch(
            `/api/leagues/${encodeURIComponent(leagueId)}/draft/${encodeURIComp
onent(draftId)}/validate-pre-draft`,
            { credentials: 'include' },
          )
          if (validationRes.ok) {
            const validationReport = (await validationRes.json().catch(() => 
null)) as {
              canStartDraft?: boolean
            } | null
            if (validation...

[36m [2mΓ¥»[22m 
__tests__/draft/d6-1-right-dock-tabs.test.ts:[2m109:17[22m[39m
    [90m107|[39m
    [90m108|[39m   it('War Room popup is still rendered as a SIBLING (not a 
tab inside ΓÇª
    [90m109|[39m     expect(src).toMatch(/<WarRoomPopup 
hasNewIntel=\{warRoomHasNewInteΓÇª
    [90m   |[39m                 [31m^[39m
    [90m110|[39m     // The popup must NOT live inside DraftRightDockTabs 
ΓÇö assert by oΓÇª
    [90m111|[39m     [35mconst[39m dockIdx [33m=[39m 
src[33m.[39m[34mindexOf[39m([32m'<DraftRightDockTabs'[39m)

[31m[2mΓÄ»ΓÄ»ΓÄ»ΓÄ»ΓÄ»ΓÄ»ΓÄ»ΓÄ»ΓÄ»ΓÄ»ΓÄ»ΓÄ»ΓÄ»ΓÄ»ΓÄ»ΓÄ»ΓÄ»ΓÄ»ΓÄ»ΓÄ»ΓÄ»ΓÄ»[11/
24]ΓÄ»[22m[39m

[41m[1m FAIL [22m[49m __tests__/draft/d6-1-right-dock-tabs.test.ts[2m > 
[22mD.6.1 ΓÇö Player pool filter bar redesign[2m > [22mFLEX pill includes 
RB/WR/TE candidates; IDP FLEX includes DL/LB/DB
[31m[1mAssertionError[22m: expected '\'use client\'\r\n\r\nimport React, 
{ΓÇª' to match /'FLEX'\) return pos === 'RB' \|\| posΓÇª/[39m

[32m- Expected:[39m
/'FLEX'\) return pos === 'RB' \|\| pos === 'WR' \|\| pos === 'TE'/

[31m+ Received:[39m
"'use client'

import React, { useCallback, useEffect, useState, useMemo, useRef } from 
'react'
import { useVirtualizer } from '@tanstack/react-virtual'
import { Search, User, Plus, GitCompare, LayoutGrid, Rows3, X } from 
'lucide-react'
import { usePlayerComparisonUIOptional } from 
'@/components/player-comparison-ui'
import { useLanguage } from '@/components/i18n/LanguageProviderClient'
import { applyDraftFilters, DRAFT_ROOM_I18N_KEYS, getPickConfirmationLabel, 
getPositionFilterOptionsForSport } from '@/lib/draft-room'
import { DraftPlayerCard } from './DraftPlayerCard'
import { SleeperPoolTable } from './SleeperPoolTable'
import {
  applyPoolSort,
  nextSortState,
  sortKeyForColumn,
  type PoolSortKey,
  type PoolSortState,
} from './SleeperPoolSort'
// NflDraftPoolStatsGroupHeader import removed in Slice D.1.5 Path B; re-add 
when D.2 ships the
// Sleeper-style table mode and rows actually align to those columns.
import { PlayerDetailModal, type DraftAssistantRoomContext } from 
'./PlayerDetailModal'
import type { PlayerDisplayModel } from '@/lib/draft-sports-models/types'
import type { UnifiedPlayerProductView } from 
'@/lib/player-data/unifiedPlayerProductView'
import { normalizePlayer } from '@/lib/players/normalizePlayer'
import { DRAFT_ROOM } from '@/lib/analytics/eventNames'
import { sendProductAnalyticsBeacon } from '@/lib/analytics/client'
import type { DraftCopilotInsight } from '@/lib/draft-room/draft-copilot-types'
import type { NflDraftProjectionSplits } from 
'@/lib/draft/analytics/nfl-draft-pool-projection-splits'
import { isRookieEligibleForFilter, isVetEligibleForFilter } from 
'@/lib/draft-room/rookieFilterPredicate'
import { sleeperPoolStatOptionsFromPositionFilter } from 
'@/lib/draft-room/sleeperPoolTableLayout'
import { getDraftRoomRookieDataState, type DraftRoomRookiePlayerLike } from 
'@/lib/draft-room/draftPlayerRookie'
import { buildRookieSignalDiagnostics } from 
'@/lib/draft-room/draftRoomRookieDiagnostics'
import {
  getDraftRoomPositionGroupCounts,
  poolPlayerMatchesPositionPill,
} from '@/lib/draft-room/draftPoolPositionGroups'
import {
  logDraftPoolAdpDiagnosticsIfNeeded,
  logDraftPoolPositionDiagnosticsIfNeeded,
} from '@/lib/draft-room/draftPoolDiagnostics'
import { formatAiAdpUnavailableBanner } from 
'@/lib/draft-room/adpReadinessCopy'
import { getDraftRoomDisplayHeadshot, getDraftRoomDisplayInjury } from 
'@/lib/player-data/adapters/draftRoomDisplayFields'

const PLAYER_ROW_ESTIMATE_HEIGHT = 76
/** Redraft rows use slightly taller estimate (chips + stats). */
const PLAYER_ROW_ESTIMATE_HEIGHT_REDRAFT = 104
const DRAFT_WATCHLIST_STORAGE_KEY = 'af:draft-room-watchlist-v1'

/** Align with draft room session: drafted name set is normalized lowercase. */
function isPlayerNameDrafted(name: string, draftedNames: Set<string>): boolean 
{
  return draftedNames.has(name.trim().toLowerCase())
}

/** Prefer stable player IDs when pool rows carry them ΓÇö avoids ambiguity + 
matches pick API guards. */
function isPlayerDraftedEntry(
  p: PlayerEntry,
  draftedNames: Set<string>,
  draftedPlayerIds?: ReadonlySet<string> | null,
): boolean {
  const ids = draftedPlayerIds
  if (ids && ids.size > 0) {
    const pid =
      (p.display?.playerId != null ? String(p.display.playerId).trim() : '') ||
      (p.id != null ? String(p.id).trim() : '')
    if (pid && ids.has(pid)) return true
  }
  return isPlayerNameDrafted(p.name, draftedNames)
}

export type PlayerEntry = {
  id?: string
  /** Stable sport / provider id when the pool row carries it (may mirror 
`display.playerId`). */
  playerId?: string | null
  name: string
  position: string
  team: string | null
  adp?: number | null
  byeWeek?: number | null
  aiAdp?: number | null
  aiAdpSampleSize?: number
  aiAdpLowSample?: boolean
  /** Normalized display model for player image, team logo, stats */
  display?: PlayerDisplayModel | null
  /** Devy: true when from college/devy pool */
  isDevy?: boolean
  /** Devy: school (e.g. \"Ohio State\") */
  school?: string | null
  classYearLabel?: string | null
  draftGrade?: string | null
  projectedLandingSpot?: string | null
  /** Devy: promoted to NFL */
  graduatedToNFL?: boolean
  /** C2C: 'college' | 'pro' for Campus-to-Canton */
  poolType?: 'college' | 'pro'
  nflDraftProjectionSplits?: NflDraftProjectionSplits | null
  /** D.7 ΓÇö NFL years of pro experience (Sleeper). 0 = rookie, 
null/undefined = unknown. */
  yearsExp?: number | null
  /** D.7 ΓÇö derived rookie flag (true when yearsExp === 0 or upstream marked 
as rookie). */
  isRookie?: boolean
  /** Provider-prioritized unified layer for fallback image/injury/source 
metadata */
  unifiedProductView?: UnifiedPlayerProductView | null
}

export type PlayerPanelProps = {
  players: PlayerEntry[]
  draftedNames: Set<string>
  /** Draft session pick playerIds ΓÇö disables rows by id when available 
(reduces name-only ambiguity). */
  draftedPlayerIds?: ReadonlySet<string>
  sport: string
  /** When user is on clock, show Draft button */
  canDraft: boolean
  onAddToQueue: (player: PlayerEntry) => void
  onMakePick: (player: PlayerEntry) => void
  /** Show current user's drafted roster (roster view) */
  currentRoster?: Array<{ playerName: string; position: string; team: string | 
null }>
  useAiAdp?: boolean
  onUseAiAdpChange?: (value: boolean) => void
  loading?: boolean
  /** When true, AI ADP is enabled but no data (show message, keep sort 
controls working) */
  aiAdpUnavailable?: boolean
  /** Optional message when AI ADP is enabled but unavailable */
  aiAdpUnavailableMessage?: string | null
  /** When true, AI ADP snapshot is older than freshness window */
  aiAdpStaleWarning?: boolean
  /** When true, segment or entries have low sample size (show warning) */
  aiAdpLowSampleWarning?: boolean
  /** Auction: when true, show Nominate as primary action (instead of Draft) */
  canNominate?: boolean
  /** Auction: called when user clicks Nominate for a player */
  onNominate?: (player: PlayerEntry) => void
  /** Devy: when enabled, show Pro/Devy filter and devy round hint */
  devyConfig?: { enabled: boolean; devyRounds: number[] }
  /** C2C: when enabled, show College/Pro filter and college/pro round hint */
  c2cConfig?: { enabled: boolean; collegeRounds: number[] }
  /** Current draft round (for devy/C2C round hints) */
  currentRound?: number
  /** When 'IDP', position filter includes Offense, DL, LB, DB, DE, DT, CB, S, 
IDP FLEX */
  formatType?: string
  /** Optional external selection target (e.g. from helper recommendation 
click). */
  selectedPlayerTarget?: { name: string; position: string; team?: string | 
null } | null
  /** League context for premium comparison (coach lens when API supports it). 
*/
  leagueId?: string
  /** War Room AI row hints keyed by `name|position` (lowercase). */
  aiRowBadges?: Record<string, 'ai_pick' | 'value' | 'risky'>
  presentationVariant?: 'default' | 'redraft_snake'
  /** D.2 ΓÇö explicit pool layout opt-out. Defaults to 'auto' which picks
   * Sleeper-style table for NFL redraft/snake on desktop and falls back to
   * the existing card layout everywhere else. Pass 'card' to force the legacy
   * card layout (useful for non-NFL sports or modal/detail contexts that reuse
   * PlayerPanel internals). */
  poolLayout?: 'auto' | 'card' | 'sleeper_table'
  /** Redraft live room: player detail ΓÇ£copilotΓÇ¥ copy from recommendations 
+ War Room. */
  getDraftCopilotInsight?: (player: PlayerEntry) => DraftCopilotInsight | null
  /** Headline / injury / digest strip from assistant-context for the selected 
player. */
  getAssistantRoomContext?: (player: PlayerEntry) => DraftAssistantRoomContext 
| null
  /** Mark rows that match the user's draft queue (best-effort name + 
position). */
  isPlayerQueued?: (player: PlayerEntry) => boolean
  /** Calendar season for rookie-class inference (NFL/NCAAF draft year match). 
Defaults internally if omitted. */
  draftSeasonYear?: number
}

/** D.3 ΓÇö re-exposed from SleeperPoolSort. Kept as `SortKey` for legacy call 
sites. */
type SortKey = PoolSortKey

function PlayerListVirtualized({
  filtered,
  draftedNames,
  draftedPlayerIds,
  presentationVariant,
  selectedPlayer,
  isPlayerQueued,
  canDraft,
  canNominate,
  useAiAdp,
  onDraftRequest,
  onAddToQueue,
  onNominateRequest,
  onPlayerSelect,
  scrollRef,
  compareAnchor,
  onCompareTap,
  draftSport,
  aiRowBadges,
}: {
  filtered: PlayerEntry[]
  draftedNames: Set<string>
  draftedPlayerIds?: ReadonlySet<string> | null
  presentationVariant?: 'default' | 'redraft_snake'
  selectedPlayer: PlayerEntry | null
  isPlayerQueued?: (player: PlayerEntry) => boolean
  canDraft: boolean
  canNominate: boolean
  useAiAdp: boolean
  draftSport: string
  onDraftRequest: (player: PlayerEntry) => void
  onAddToQueue: (player: PlayerEntry) => void
  onNominateRequest?: (player: PlayerEntry) => void
  onPlayerSelect: (player: PlayerEntry) => void
  scrollRef: React.RefObject<HTMLDivElement | null>
  compareAnchor: PlayerEntry | null
  onCompareTap: (player: PlayerEntry) => void
  aiRowBadges?: Record<string, 'ai_pick' | 'value' | 'risky'>
}) {
  const rs = presentationVariant === 'redraft_snake'
  const rowKey = (p: PlayerEntry) =>
    `${p.name.trim().toLowerCase()}|${p.position.trim().toLowerCase()}|${String
(p.team ?? '').trim().toLowerCase()}`
  const selectedKey = selectedPlayer ? rowKey(selectedPlayer) : null

  const virtualizer = useVirtualizer({
    count: filtered.length,
    getScrollElement: () => scrollRef.current,
    estimateSize: () => (rs ? PLAYER_ROW_ESTIMATE_HEIGHT_REDRAFT : 
PLAYER_ROW_ESTIMATE_HEIGHT),
    overscan: rs ? 8 : 5,
  })

  const items = virtualizer.getVirtualItems()

  return (
    <div
      style={{
        height: `${virtualizer.getTotalSize()}px`,
        width: '100%',
        position: 'relative',
      }}
    >
      {items.map((virtualRow) => {
        const p = filtered[virtualRow.index]
        const sel = selectedKey != null && rowKey(p) === selectedKey
        return (
          <div
            key={p.id ?? rowKey(p)}
            ref={virtualizer.measureElement}
            style={{
              position: 'absolute',
              top: 0,
              left: 0,
              width: '100%',
              transform: `translateY(${virtualRow.start}px)`,
            }}
            data-index={virtualRow.index}
          >
            <DraftPlayerCard
              display={p.display ?? null}
              unifiedProductView={p.unifiedProductView ?? null}
              name={p.name}
              position={p.position}
              team={p.team}
              adp={useAiAdp ? p.aiAdp : p.adp}
              adpMetricLabel={useAiAdp ? 'AI ADP' : 'ADP'}
              byeWeek={p.byeWeek}
              draftSport={draftSport}
              presentationVariant={presentationVariant}
              isSelected={sel}
              isQueued={Boolean(isPlayerQueued?.(p))}
              aiWarRoomBadge={aiRowBadges?.[`${p.name.trim().toLowerCase()}|${p
.position.trim().toLowerCase()}`] ?? null}
              isDrafted={isPlayerDraftedEntry(p, draftedNames, 
draftedPlayerIds)}
              variant=\"row\"
              isDevy={p.isDevy}
              school={p.school}
              classYearLabel={p.classYearLabel}
              draftGrade={p.draftGrade}
              projectedLandingSpot={p.projectedLandingSpot}
              graduatedToNFL={p.graduatedToNFL}
              poolType={p.poolType}
              isRookie={p.isRookie ?? false}
              nflDraftProjectionSplits={p.nflDraftProjectionSplits ?? null}
              testId={`draft-player-card-${virtualRow.index}`}
              onSelect={() => onPlayerSelect(p)}
              compareAction={
                <button
                  type=\"button\"
                  onClick={() => onCompareTap(p)}
                  data-testid={`draft-compare-player-${virtualRow.index}`}
                  className={`inline-flex min-h-[44px] min-w-[44px] 
touch-manipulation items-center justify-center rounded-lg border px-2 
transition duration-150 focus-visible:outline-none focus-visible:ring-2 
focus-visible:ring-amber-400/45 active:scale-95 sm:min-w-0 sm:px-2 ${
                    compareAnchor?.name === p.name
                      ? 'border-amber-400/60 bg-gradient-to-br 
from-amber-500/20 to-amber-600/10 text-amber-100 
shadow-[0_0_18px_rgba(251,191,36,0.15)]'
                      : 'border-white/15 bg-black/25 text-white/75 
hover:border-white/28 hover:bg-white/12'
                  }`}
                  aria-label={
                    compareAnchor?.name === p.name
                      ? 'Clear compare selection'
                      : 'Select player for head-to-head compare'
                  }
                  title=\"Compare: pick a second player\"
                >
                  <GitCompare className=\"h-4 w-4\" />
                </button>
              }
              primaryAction={
                canNominate && onNominateRequest ? (
                  <button
                    type=\"button\"
                    onClick={() => onNominateRequest(p)}
                    data-testid={`draft-nominate-player-${virtualRow.index}`}
                    className=\"inline-flex min-h-[44px] min-w-[44px] 
touch-manipulation items-center justify-center rounded-lg border 
border-amber-400/45 bg-gradient-to-br from-amber-500/18 to-amber-600/8 px-3 
py-2 text-xs font-semibold text-amber-100 
shadow-[0_4px_20px_rgba(245,158,11,0.15)] transition duration-150 
hover:brightness-110 focus-visible:outline-none focus-visible:ring-2 
focus-visible:ring-amber-300/50 active:scale-95 sm:min-w-0 sm:px-2 sm:py-1\"
                  >
                    Nominate
                  </button>
                ) : (
                  <button
                    type=\"button\"
                    disabled={!canDraft || isPlayerDraftedEntry(p, 
draftedNames, draftedPlayerIds)}
                    title={
                      isPlayerDraftedEntry(p, draftedNames, draftedPlayerIds)
                        ? 'Player already drafted'
                        : !canDraft
                          ? 'Not your turn'
                          : 'Draft this player'
                    }
                    onClick={() => {
                      if (!canDraft || isPlayerDraftedEntry(p, draftedNames, 
draftedPlayerIds)) return
                      onDraftRequest(p)
                    }}
                    data-testid={`draft-player-button-${virtualRow.index}`}
                    className={`inline-flex min-h-[44px] min-w-[44px] 
touch-manipulation items-center justify-center rounded-lg border px-3 py-2 
text-xs font-semibold transition duration-150 focus-visible:outline-none 
focus-visible:ring-2 focus-visible:ring-cyan-400/45 active:scale-95 sm:min-w-0 
sm:px-2 sm:py-1 ${
                      isPlayerDraftedEntry(p, draftedNames, draftedPlayerIds)
                        ? 'cursor-not-allowed border-white/10 bg-white/[0.04] 
text-white/30'
                        : !canDraft
                          ? 'cursor-not-allowed border-white/10 bg-black/30 
text-white/32'
                          : 'border-cyan-400/45 bg-gradient-to-br 
from-cyan-500/22 to-violet-600/15 text-cyan-50 
shadow-[0_4px_22px_rgba(34,211,238,0.2)] hover:brightness-110 
hover:shadow-[0_6px_28px_rgba(34,211,238,0.28)]'
                    }`}
                  >
                    {isPlayerDraftedEntry(p, draftedNames, draftedPlayerIds) ? 
'Drafted' : 'Draft'}
                  </button>
                )
              }
              secondaryAction={
                <button
                  type=\"button\"
                  onClick={() => onAddToQueue(p)}
                  data-testid={`draft-queue-add-${virtualRow.index}`}
                  className=\"inline-flex min-h-[44px] min-w-[44px] 
touch-manipulation items-center justify-center rounded-lg border 
border-white/16 bg-black/25 text-white/75 transition duration-150 
hover:border-cyan-400/25 hover:bg-white/10 focus-visible:outline-none 
focus-visible:ring-2 focus-visible:ring-cyan-400/40 active:scale-95\"
                  aria-label={`Add ${p.name} to queue`}
                >
                  <Plus className=\"h-4 w-4\" />
                </button>
              }
            />
          </div>
        )
      })}
    </div>
  )
}

function PlayerPanelInner({
  players,
  draftedNames,
  draftedPlayerIds,
  sport,
  canDraft,
  onAddToQueue,
  onMakePick,
  currentRoster = [],
  useAiAdp = false,
  onUseAiAdpChange,
  loading = false,
  aiAdpUnavailable = false,
  aiAdpUnavailableMessage = null,
  aiAdpStaleWarning = false,
  aiAdpLowSampleWarning = false,
  canNominate = false,
  onNominate,
  devyConfig,
  c2cConfig,
  currentRound,
  formatType,
  selectedPlayerTarget = null,
  leagueId,
  aiRowBadges,
  presentationVariant = 'default',
  poolLayout = 'auto',
  getDraftCopilotInsight,
  getAssistantRoomContext,
  isPlayerQueued,
  draftSeasonYear,
}: PlayerPanelProps) {
  const rs = presentationVariant === 'redraft_snake'
  const draftedIdsForRows = draftedPlayerIds?.size ? draftedPlayerIds : 
undefined
  const { t } = useLanguage()
  const compareUi = usePlayerComparisonUIOptional()
  const [compareAnchor, setCompareAnchor] = useState<PlayerEntry | null>(null)
  const [searchQuery, setSearchQuery] = useState('')
  /** User-facing view-mode override; null defers to the auto rule below. */
  const [viewModeOverride, setViewModeOverride] = useState<'sleeper_table' | 
'card' | null>(null)
  const [positionFilter, setPositionFilter] = useState('All')
  const [teamFilter, setTeamFilter] = useState('All')
  const [poolFilter, setPoolFilter] = useState<'All' | 'Pro' | 'Devy' | 
'College'>('All')
  const [sortBy, setSortBy] = useState<SortKey>('adp')
  /** D.3 ΓÇö sort direction. Toolbar buttons + table headers both flip this 
when re-clicked. */
  const [sortDirection, setSortDirection] = useState<'asc' | 'desc'>('asc')
  const [showRosterView, setShowRosterView] = useState(false)
  const [selectedPlayer, setSelectedPlayer] = useState<PlayerEntry | 
null>(null)
  const [pendingNomination, setPendingNomination] = useState<PlayerEntry | 
null>(null)
  const [watchlistOnly, setWatchlistOnly] = useState(false)
  const [rookiesOnly, setRookiesOnly] = useState(false)
  /** Commit N ΓÇö companion to `rookiesOnly`. Mutually exclusive with 
rookies-only;
   *  toggling one turns the other off so the user can't accidentally produce 
an
   *  empty intersection. */
  const [vetsOnly, setVetsOnly] = useState(false)
  const [hideDrafted, setHideDrafted] = useState(true)
  const [watchlistKeys, setWatchlistKeys] = useState<Set<string>>(new Set())
  const isDevyRound = Boolean(devyConfig?.enabled && !c2cConfig?.enabled && 
currentRound != null && devyConfig.devyRounds?.includes(currentRound))
  const isCollegeRound = Boolean(c2cConfig?.enabled && currentRound != null && 
c2cConfig.collegeRounds?.includes(currentRound))
  const isProRound = Boolean(c2cConfig?.enabled && currentRound != null && 
!c2cConfig.collegeRounds?.includes(currentRound))
  const showPoolFilter = Boolean(devyConfig?.enabled || c2cConfig?.enabled)

  const positionOptions = useMemo(
    () => getPositionFilterOptionsForSport(sport, formatType),
    [sport, formatType],
  )

  /**
   * D.6.1 ΓÇö pill counts. Shows `<drafted>/<available>` per position so the 
user can
   * see at a glance \"I've drafted 0 RBs out of 88 available\". `drafted` 
comes from
   * the viewer's currentRoster prop; `available` is the count of pool players 
that
   * still match this position filter (excluding already-drafted players).
   *
   * For \"All\", `available` is the full undrafted pool.
   */
  const positionPillCounts = useMemo(() => {
    const draftedByPos: Record<string, number> = {}
    for (const r of currentRoster ?? []) {
      const k = String(r.position ?? '').trim().toUpperCase()
      if (!k) continue
      draftedByPos[k] = (draftedByPos[k] ?? 0) + 1
    }
    const available = (filterValue: string): number => {
      const v = filterValue.trim().toUpperCase()
      if (v === 'ALL') {
        return players.filter(
          (p) => !isPlayerDraftedEntry(p, draftedNames, draftedPlayerIds),
        ).length
      }
      return players.filter((p) => {
        if (isPlayerDraftedEntry(p, draftedNames, draftedPlayerIds)) return 
false
        return poolPlayerMatchesPositionPill(p.position, filterValue, {
          sport,
          formatType,
        })
      }).length
    }
    return positionOptions.map((opt) => {
      const k = String(opt.value).trim().toUpperCase()
      // Same alias group as the available-count above: DEF/DST/D/ST
      // pillside drafted total should sum across all defense rows.
      const draftedCount =
        k === 'K'
          ? (draftedByPos.K ?? 0) + (draftedByPos.PK ?? 0)
          : k === 'DEF' || k === 'DST' || k === 'D/ST'
            ? (draftedByPos.DEF ?? 0) + (draftedByPos.DST ?? 0) + 
(draftedByPos['D/ST'] ?? 0)
            : (draftedByPos[k] ?? 0)
      return {
        value: opt.value,
        label: opt.label,
        drafted: draftedCount,
        available: available(String(opt.value)),
      }
    })
  }, [positionOptions, players, currentRoster, draftedNames, draftedPlayerIds, 
sport, formatType])

  const rookieFilterContext = useMemo(
    () => ({
      sport,
      seasonYear: draftSeasonYear,
      devyEnabled: devyConfig?.enabled,
      c2cEnabled: c2cConfig?.enabled,
    }),
    [sport, draftSeasonYear, devyConfig?.enabled, c2cConfig?.enabled],
  )

  const rookieDataState = useMemo(
    () => getDraftRoomRookieDataState(players, rookieFilterContext),
    [players, rookieFilterContext],
  )

  const hasSecondaryPoolFilters = useMemo(
    () =>
      searchQuery.trim().length > 0 ||
      positionFilter !== 'All' ||
      teamFilter !== 'All' ||
      poolFilter !== 'All' ||
      watchlistOnly ||
      vetsOnly ||
      !hideDrafted,
    [searchQuery, positionFilter, teamFilter, poolFilter, watchlistOnly, 
vetsOnly, hideDrafted],
  )

  useEffect(() => {
    if (players.length === 0) return
    const undrafted = players.filter((p) => !isPlayerDraftedEntry(p, 
draftedNames, draftedPlayerIds))
    const counts = getDraftRoomPositionGroupCounts(undrafted, { sport, 
formatType })
    logDraftPoolPositionDiagnosticsIfNeeded({
      sport,
      leagueId: leagueId ?? null,
      totalPlayers: undrafted.length,
      counts,
      samplePositions: undrafted.slice(0, 40).map((p) => String(p.position ?? 
'')),
    })
    let sys = 0
    let ai = 0
    let neither = 0
    for (const p of undrafted) {
      const hasS = p.adp != null && Number.isFinite(Number(p.adp))
      const hasA = p.aiAdp != null && Number.isFinite(Number(p.aiAdp))
      if (hasS) sys += 1
      if (hasA) ai += 1
      if (!hasS && !hasA) neither += 1
    }
    logDraftPoolAdpDiagnosticsIfNeeded({
      sport,
      leagueId: leagueId ?? null,
      withSystemAdp: sys,
      withAiAdp: ai,
      withNeither: neither,
    })
  }, [players, draftedNames, draftedPlayerIds, sport, formatType, leagueId])

  const teamOptions = useMemo(() => {
    const teams = new Set(players.map((p) => p.team).filter(Boolean) as 
string[])
    return ['All', ...Array.from(teams).sort()]
  }, [players])

  /** Aligns pool sort + Sleeper table columns with the active position pill 
(IDP / MLB SP / NHL G). */
  const sleeperStatOpts = useMemo(
    () => sleeperPoolStatOptionsFromPositionFilter(sport, positionFilter),
    [sport, positionFilter],
  )

  const scrollRef = useRef<HTMLDivElement>(null)
  const searchInputRef = useRef<HTMLInputElement>(null)

  const watchKeyFor = useCallback((p: PlayerEntry) => {
    return [String(p.id ?? '').trim(), p.name.trim().toLowerCase(), 
p.position.trim().toLowerCase(), String(p.team ?? 
'').trim().toLowerCase()].join('|')
  }, [])

  const selectedNormalized = useMemo(
    () => (selectedPlayer ? normalizePlayer(selectedPlayer) : null),
    [selectedPlayer],
  )

  useEffect(() => {
    if (typeof window === 'undefined') return
    try {
      const raw = window.localStorage.getItem(DRAFT_WATCHLIST_STORAGE_KEY)
      if (!raw) return
      const parsed = JSON.parse(raw) as string[]
      if (Array.isArray(parsed)) {
        setWatchlistKeys(new Set(parsed.filter((v) => typeof v === 'string' && 
v.length > 0)))
      }
    } catch {
      // ignore malformed storage
    }
  }, [])

  useEffect(() => {
    if (typeof window === 'undefined') return
    try {
      window.localStorage.setItem(DRAFT_WATCHLIST_STORAGE_KEY, 
JSON.stringify(Array.from(watchlistKeys)))
    } catch {
      // ignore storage failure
    }
  }, [watchlistKeys])

  const filtered = useMemo(() => {
    let list = hideDrafted
      ? players.filter((p) => !isPlayerDraftedEntry(p, draftedNames, 
draftedIdsForRows))
      : [...players]
    if (watchlistOnly) {
      list = list.filter((p) => watchlistKeys.has(watchKeyFor(p)))
    }
    if (rookiesOnly) {
      list = list.filter((p) => isRookieEligibleForFilter(p, 
rookieFilterContext))
    }
    // Commit N ΓÇö Vets Only filter. Predicate is evidence-required (not a
    // simple negation of rookie) so rows with missing metadata don't get
    // accidentally counted as vets.
    if (vetsOnly) {
      list = list.filter((p) => isVetEligibleForFilter(p))
    }
    if (teamFilter !== 'All') {
      list = list.filter((p) => p.team === teamFilter)
    }
    if (c2cConfig?.enabled && poolFilter !== 'All') {
      if (poolFilter === 'College') list = list.filter((p) => p.poolType === 
'college' || (p.isDevy === true && p.poolType !== 'pro'))
      else if (poolFilter === 'Pro') list = list.filter((p) => p.poolType === 
'pro' || (p.isDevy !== true && p.poolType !== 'college'))
    } else if (devyConfig?.enabled && poolFilter !== 'All') {
      if (poolFilter === 'Devy') list = list.filter((p) => p.isDevy === true)
      else if (poolFilter === 'Pro') list = list.filter((p) => p.isDevy !== 
true)
    }
    const asDraftPlayers = list.map((p) => ({
      name: p.name,
      position: p.position,
      team: p.team,
      adp: p.adp ?? undefined,
    }))
    const filteredDraft = applyDraftFilters(asDraftPlayers, {
      searchQuery,
      positionFilter,
      draftedNames,
      showDrafted: !hideDrafted,
    })
    const searchLower = searchQuery.trim().toLowerCase()
    list = list.filter((p) => {
      const inResolved = filteredDraft.some((d) => d.name === p.name && 
d.position === p.position)
      const schoolMatch = Boolean(searchLower && (p.school ?? 
'').toLowerCase().includes(searchLower))
      const landingSpotMatch = Boolean(searchLower && (p.projectedLandingSpot 
?? '').toLowerCase().includes(searchLower))
      return inResolved || schoolMatch || landingSpotMatch
    })
    /** D.3 ΓÇö single sort path covers both toolbar 
(adp/aiAdp/projected/name) and table-header
     * sorts (bye/pts/avg + rushing/receiving/passing splits). Nulls always 
sort last; tiebreak is ADP asc then name asc. */
    list = applyPoolSort<PlayerEntry>(list, { key: sortBy, direction: 
sortDirection }, sport, sleeperStatOpts)
    return list
  }, [
    players,
    draftedNames,
    draftedIdsForRows,
    hideDrafted,
    watchlistOnly,
    rookiesOnly,
    vetsOnly,
    watchlistKeys,
    watchKeyFor,
    searchQuery,
    positionFilter,
    teamFilter,
    poolFilter,
    devyConfig?.enabled,
    c2cConfig?.enabled,
    sortBy,
    sortDirection,
    useAiAdp,
    sport,
    sleeperStatOpts,
    rookieFilterContext,
  ])

  useEffect(() => {
    if (process.env.NODE_ENV === 'production') return
    if (!rookiesOnly) return
    if (filtered.length > 0) return
    if (players.length === 0) return
    const seasonYear = rookieFilterContext.seasonYear ?? new 
Date().getUTCFullYear()
    console.info(
      '[draft-room] rookies-only empty ΓÇö signal diagnostics',
      buildRookieSignalDiagnostics(players as DraftRoomRookiePlayerLike[], 
sport, seasonYear),
    )
  }, [rookiesOnly, filtered.length, players, sport, rookieFilterContext])

  const selectedIsWatchlisted = selectedPlayer ? 
watchlistKeys.has(watchKeyFor(selectedPlayer)) : false

  useEffect(() => {
    if (!showPoolFilter || currentRound == null) return
    if (c2cConfig?.enabled) {
      setPoolFilter(isCollegeRound ? 'College' : 'Pro')
      return
    }
    if (devyConfig?.enabled) {
      setPoolFilter(isDevyRound ? 'Devy' : 'Pro')
    }
  }, [showPoolFilter, currentRound, c2cConfig?.enabled, devyConfig?.enabled, 
isCollegeRound, isDevyRound])

  useEffect(() => {
    if (!selectedPlayerTarget?.name) return
    const match = players.find(
      (p) =>
        p.name.toLowerCase() === selectedPlayerTarget.name.toLowerCase() &&
        p.position.toLowerCase() === (selectedPlayerTarget.position || 
'').toLowerCase()
    )
    if (!match) return
    setShowRosterView(false)
    setSelectedPlayer(match)
    setSearchQuery(match.name)
  }, [selectedPlayerTarget?.name, selectedPlayerTarget?.position, players])

  /** D.3 ΓÇö single sort change entry point used by both the legacy toolbar 
buttons
   * and the new SleeperPoolTable header buttons. Same key ΓåÆ flip direction; 
new
   * key ΓåÆ switch to that key's default direction. */
  const handleSortChange = useCallback(
    (requestedKey: SortKey) => {
      const next = nextSortState({ key: sortBy, direction: sortDirection }, 
requestedKey)
      setSortBy(next.key)
      setSortDirection(next.direction)
    },
    [sortBy, sortDirection],
  )

  /** D.3 ΓÇö adapter used by SleeperPoolTable header buttons. The table emits 
column keys
   * ('rk', 'player', 'avg', 'pa_int' ΓÇª); we resolve them through 
`sortKeyForColumn`. */
  const handleColumnHeaderSort = useCallback(
    (columnKey: string) => {
      const sortKey = sortKeyForColumn(columnKey, sport)
      if (!sortKey) return
      handleSortChange(sortKey)
    },
    [handleSortChange, sport],
  )

  const onCompareTap = useCallback(
    (p: PlayerEntry) => {
      if (!compareAnchor) {
        setCompareAnchor(p)
        return
      }
      if (compareAnchor.name === p.name) {
        setCompareAnchor(null)
        return
      }
      const payload = {
        playerA: compareAnchor.name,
        playerB: p.name,
        sport,
        leagueId: leagueId ?? null,
        source: 'draft' as const,
      }
      if (compareUi) {
        compareUi.openComparison(payload)
      } else if (typeof window !== 'undefined') {
        const q = new URLSearchParams({
          playerA: payload.playerA,
          playerB: payload.playerB,
          sport: payload.sport,
        })
        if (leagueId) q.set('leagueId', leagueId)
        window.location.href = `/player-compare?${q.toString()}`
      }
      setCompareAnchor(null)
    },
    [compareAnchor, compareUi, leagueId, sport]
  )

  useEffect(() => {
    if (typeof window === 'undefined') return
    const onFocusSearch = () => {
      searchInputRef.current?.focus()
      searchInputRef.current?.select()
    }
    window.addEventListener('af:draft-player-search-focus', onFocusSearch)
    return () => window.removeEventListener('af:draft-player-search-focus', 
onFocusSearch)
  }, [])

  useEffect(() => {
    if (!leagueId) return
    const q = searchQuery.trim()
    if (q.length < 2) return
    const id = window.setTimeout(() => {
      sendProductAnalyticsBeacon(DRAFT_ROOM.SEARCH, { leagueId, len: q.length 
})
    }, 750)
    return () => window.clearTimeout(id)
  }, [searchQuery, leagueId])

  useEffect(() => {
    if (!selectedPlayer) return
    if (isPlayerDraftedEntry(selectedPlayer, draftedNames, draftedIdsForRows)) 
{
      setSelectedPlayer(null)
    }
  }, [draftedNames, draftedIdsForRows, selectedPlayer])

  const clearAllFilters = useCallback(() => {
    setSearchQuery('')
    setPositionFilter('All')
    setTeamFilter('All')
    setPoolFilter('All')
    setWatchlistOnly(false)
    setRookiesOnly(false)
    setVetsOnly(false)
    setHideDrafted(true)
  }, [])

  /**
   * Commit N ΓÇö mutual exclusion between rookies-only and vets-only. Toggling
   * one off when the other is being turned on prevents the empty
   * intersection (a player can't be both a rookie and a vet).
   */
  const toggleRookiesOnly = useCallback(() => {
    setRookiesOnly((v) => {
      const next = !v
      if (next) setVetsOnly(false)
      return next
    })
  }, [])

  const toggleVetsOnly = useCallback(() => {
    setVetsOnly((v) => {
      const next = !v
      if (next) setRookiesOnly(false)
      return next
    })
  }, [])

  return (
    <section
      className={
        rs
          ? 'relative flex h-full min-h-0 max-h-full flex-1 flex-col 
overflow-hidden rounded-2xl border border-cyan-500/20 
bg-[linear-gradient(168deg,rgba(12,24,44,0.95)_0%,rgba(5,10,20,0.98)_100%)] sha
dow-[0_20px_64px_rgba(0,0,0,0.5),0_0_0_1px_rgba(34,211,238,0.05),inset_0_1px_0_
rgba(255,255,255,0.05)]'
          : 'relative flex min-h-0 flex-1 flex-col overflow-hidden rounded-2xl 
border border-white/[0.09] bg-gradient-to-b from-[#070f22] via-[#060d1e] 
to-[#050a14] shadow-[0_16px_48px_rgba(0,0,0,0.4)]'
      }
      data-testid=\"draft-player-panel\"
    >
      <div
        className={`pointer-events-none absolute inset-x-0 top-0 h-px 
bg-gradient-to-r ${rs ? 'via-cyan-400/30' : 'via-violet-400/15'} 
from-transparent to-transparent`}
        aria-hidden
      />
      <div
        className={`sticky top-0 z-20 shrink-0 border-b 
shadow-[0_12px_40px_rgba(0,0,0,0.5)] backdrop-blur-xl ${rs ? 
'border-cyan-500/12 bg-[rgba(6,14,28,0.97)]' : 'border-white/[0.08] 
bg-[#060d1e]/92'}`}
      >
        <div className={`flex flex-wrap items-center gap-1.5 border-b 
border-white/[0.06] p-2 ${rs ? 'gap-y-1.5' : ''}`}>
          <div
            className={`flex min-h-[44px] flex-1 items-center gap-2 rounded-xl 
border px-3 py-2 shadow-inner touch-manipulation transition duration-150 
focus-within:border-cyan-400/40 focus-within:ring-2 
focus-within:ring-cyan-400/20 ${
              rs
                ? 'min-w-[160px] border-cyan-400/25 bg-[#070f1c]/95 ring-1 
ring-cyan-500/10'
                : 'border-white/14 bg-[#0a1228]/95'
            }`}
          >
            <Search className={`h-4 w-4 shrink-0 ${rs ? 'text-cyan-300/70' : 
'text-white/50'}`} />
            <input
              ref={searchInputRef}
              type=\"text\"
              value={searchQuery}
              onChange={(e) => setSearchQuery(e.target.value)}
              placeholder={rs ? 'Search name, team, schoolΓÇª' : 'Search 
players...'}
              className=\"min-w-0 flex-1 bg-transparent text-sm text-white 
placeholder:text-white/40 focus:outline-none\"
              aria-label=\"Search players\"
              data-testid=\"draft-player-search-input\"
            />
          </div>
          {/* D.6.1 ΓÇö position pills replacing the legacy <select>. Each 
pill shows the
              available pool count for that position; the active pill is 
highlighted with
              the cyanΓåÆviolet gradient that matches the rest of the 
Sleeper-style chrome.
              The legacy `data-testid=\"draft-position-filter\"` lives on the 
wrapper so e2e
              selectors that expect to find it still resolve. */}
          <div
            role=\"radiogroup\"
            aria-label=\"Position filter\"
            data-testid=\"draft-position-filter\"
            className=\"flex min-h-[44px] flex-wrap items-center gap-1\"
          >
            {positionPillCounts.map((opt) => {
              const isActive = positionFilter === opt.value
              return (
                <button
                  key={opt.value}
                  type=\"button\"
                  role=\"radio\"
                  aria-checked={isActive}
                  data-testid={`draft-position-pill-${String(opt.value).toLower
Case().replace(/\\s+/g, '-')}`}
                  data-active={isActive ? 'true' : 'false'}
                  onClick={() => {
                    if (leagueId) 
sendProductAnalyticsBeacon(DRAFT_ROOM.FILTER_POSITION, { leagueId, value: 
opt.value })
                    setPositionFilter(opt.value)
                  }}
                  className={`inline-flex h-8 items-center gap-1 rounded-full 
border px-2.5 text-[11px] font-semibold uppercase tracking-wider transition 
focus-visible:outline-none focus-visible:ring-2 focus-visible:ring-cyan-400/40 
${
                    isActive
                      ? 'border-cyan-400/45 bg-gradient-to-r from-cyan-500/22 
to-violet-600/18 text-cyan-50 shadow-[0_0_14px_rgba(34,211,238,0.18)]'
                      : 'border-white/15 bg-black/20 text-white/65 
hover:border-white/28 hover:text-white/90'
                  }`}
                >
                  <span>{opt.label}</span>
                  <span
                    className={`text-[9px] font-medium tabular-nums ${
                      isActive ? 'text-cyan-100/85' : 'text-white/45'
                    }`}
                  >
                    {opt.drafted}/{opt.available}
                  </span>
                </button>
              )
            })}
          </div>
          <select
            value={teamFilter}
            onChange={(e) => {
              const v = e.target.value
              if (leagueId) sendProductAnalyticsBeacon(DRAFT_ROOM.FILTER_TEAM, 
{ leagueId, value: v })
              setTeamFilter(v)
            }}
            className={`min-h-[44px] rounded-xl border px-3 py-2 text-sm 
text-white shadow-sm touch-manipulation transition duration-150 
focus-visible:outline-none focus-visible:ring-2 focus-visible:ring-cyan-400/40 
${
              rs ? 'border-cyan-400/28 bg-[#081424]/95' : 'border-white/14 
bg-[#0a1228]/95'
            }`}
            aria-label=\"Team filter\"
            data-testid=\"draft-team-filter\"
          >
            {teamOptions.slice(0, 32).map((t) => (
              <option key={t} value={t}>
                {t}
              </option>
            ))}
          </select>
          {/* View-mode toggle: Table (dense) Γåö Cards. Computes the same 
`useTable`
              rule the body uses; clicking flips the override. Null override 
defers
              to the auto rule (NFL ΓåÆ table, others ΓåÆ cards). */}
          <div
            role=\"radiogroup\"
            aria-label=\"Player pool view mode\"
            data-testid=\"draft-pool-view-mode\"
            className=\"ml-auto inline-flex items-center gap-1 rounded-xl 
border border-white/14 bg-[#0a1228]/95 p-0.5\"
          >
            <button
              type=\"button\"
              role=\"radio\"
              aria-checked={viewModeOverride === 'sleeper_table' || 
(viewModeOverride === null && (poolLayout === 'sleeper_table' || (poolLayout 
=== 'auto' && sport === 'NFL')))}
              onClick={() => setViewModeOverride('sleeper_table')}
              data-testid=\"draft-pool-view-table\"
              title=\"Table view\"
              className={`inline-flex h-9 w-9 items-center justify-center 
rounded-lg transition ${
                viewModeOverride === 'sleeper_table' || (viewModeOverride === 
null && (poolLayout === 'sleeper_table' || (poolLayout === 'auto' && sport === 
'NFL')))
                  ? 'bg-cyan-500/20 text-cyan-100 
shadow-[0_0_10px_rgba(34,211,238,0.18)]'
                  : 'text-white/55 hover:bg-white/[0.06] hover:text-white/85'
              }`}
            >
              <Rows3 className=\"h-4 w-4\" aria-hidden />
            </button>
            <button
              type=\"button\"
              role=\"radio\"
              aria-checked={viewModeOverride === 'card' || (viewModeOverride 
=== null && poolLayout !== 'sleeper_table' && !(poolLayout === 'auto' && sport 
=== 'NFL'))}
              onClick={() => setViewModeOverride('card')}
              data-testid=\"draft-pool-view-cards\"
              title=\"Card view\"
              className={`inline-flex h-9 w-9 items-center justify-center 
rounded-lg transition ${
                viewModeOverride === 'card' || (viewModeOverride === null && 
poolLayout !== 'sleeper_table' && !(poolLayout === 'auto' && sport === 'NFL'))
                  ? 'bg-cyan-500/20 text-cyan-100 
shadow-[0_0_10px_rgba(34,211,238,0.18)]'
                  : 'text-white/55 hover:bg-white/[0.06] hover:text-white/85'
              }`}
            >
              <LayoutGrid className=\"h-4 w-4\" aria-hidden />
            </button>
          </div>
          {showPoolFilter && (
            <select
              value={poolFilter}
              onChange={(e) => {
                const v = e.target.value as 'All' | 'Pro' | 'Devy' | 'College'
                if (leagueId) 
sendProductAnalyticsBeacon(DRAFT_ROOM.POOL_FILTER, { leagueId, value: v })
                setPoolFilter(v)
              }}
              className=\"min-h-[44px] rounded-xl border border-white/14 
bg-[#0a1228]/95 px-3 py-2 text-sm text-white shadow-sm touch-manipulation 
transition duration-150 focus-visible:outline-none focus-visible:ring-2 
focus-visible:ring-cyan-400/40\"
              aria-label=\"Pool filter\"
              data-testid=\"draft-pool-filter\"
            >
              <option value=\"All\">All</option>
              {c2cConfig?.enabled ? (
                <>
                  <option value=\"College\">College</option>
                  <option value=\"Pro\">Pro</option>
                </>
              ) : (
                <>
                  <option value=\"Pro\">Pro</option>
                  <option value=\"Devy\">Devy</option>
                </>
              )}
            </select>
          )}
        </div>
        {isCollegeRound && (
          <div className=\"border-b border-violet-400/20 bg-violet-500/10 px-2 
py-1 text-[10px] text-violet-100\">
            College round (C2C) ΓÇö select a college-eligible player.
          </div>
        )}
        {isProRound && (
          <div className=\"border-b border-cyan-400/20 bg-cyan-500/8 px-2 py-1 
text-[10px] text-cyan-100\">
            Pro round (C2C) ΓÇö select an NFL player.
          </div>
        )}
        {isDevyRound && (
          <div className=\"border-b border-amber-400/20 bg-amber-500/10 px-2 
py-1 text-[10px] text-amber-100\">
            Devy round ΓÇö select a college/devy-eligible player.
          </div>
        )}
        <div
          className={`flex flex-wrap items-center gap-1.5 border-b 
border-white/[0.06] px-2 py-2 sm:px-3 ${rs ? 'bg-[#050c18]/95' : 
'bg-black/10'}`}
        >
          {/* G.1 ΓÇö Sort buttons (ADP / AI ADP / Proj / Name) removed.
              They duplicated the SleeperPoolTable's clickable column headers, 
which
              are the canonical sort UI. The \"Use AI ADP\" toggle, AI-ADP 
warnings,
              and the \"My roster / Pool\" view-toggle remain in this row 
because they
              don't belong on the table header. */}
          {useAiAdp && (
            <span className=\"rounded border border-cyan-300/25 bg-cyan-500/10 
px-1.5 py-0.5 text-[10px] text-cyan-100\" title=\"Player order uses AI ADP\">
              AI ADP
            </span>
          )}
          {onUseAiAdpChange && (
            <label className=\"min-h-[44px] flex cursor-pointer items-center 
gap-2 rounded-lg px-2 py-2 text-[10px] text-white/70 hover:bg-white/5 
touch-manipulation transition\">
              <input
                type=\"checkbox\"
                checked={useAiAdp}
                onChange={(e) => {
                  if (leagueId) {
                    sendProductAnalyticsBeacon(DRAFT_ROOM.AI_ADP_SORT, { 
leagueId, enabled: e.target.checked })
                  }
                  onUseAiAdpChange(e.target.checked)
                }}
                className=\"rounded border-white/20 w-4 h-4 shrink-0\"
                aria-label=\"Use AI ADP for sort order\"
              />
              Use AI ADP
            </label>
          )}
          {aiAdpUnavailable && (
            <span
              className=\"text-[10px] text-amber-400/90\"
              data-testid=\"draft-ai-adp-unavailable-banner\"
              title={formatAiAdpUnavailableBanner(aiAdpUnavailableMessage) ?? 
undefined}
            >
              {formatAiAdpUnavailableBanner(aiAdpUnavailableMessage)}
            </span>
          )}
          {useAiAdp && aiAdpStaleWarning && !aiAdpUnavailable && (
            <span className=\"text-[10px] text-amber-300/90\" title=\"AI ADP 
is stale and will refresh after the daily job\">
              Stale snapshot
            </span>
          )}
          {useAiAdp && aiAdpLowSampleWarning && !aiAdpUnavailable && (
            <span className=\"text-[10px] text-amber-400/90\" title=\"Some ADP 
values based on few drafts\">
              Low sample
            </span>
          )}
          <button
            type=\"button\"
            onClick={() => setShowRosterView((v) => !v)}
            data-testid=\"draft-toggle-roster-view\"
            className=\"ml-auto min-h-[40px] flex items-center gap-1.5 
rounded-lg px-3 py-2 text-xs text-white/70 hover:bg-white/10 
touch-manipulation focus-visible:outline-none focus-visible:ring-2 
focus-visible:ring-cyan-400/40 transition\"
          >
            <User className=\"h-3.5 w-3.5\" />
            {showRosterView ? 'Pool' : 'My roster'}
          </button>
        </div>
        <div
          className={`flex flex-wrap items-center justify-between gap-2 
border-b px-2 py-1.5 text-[10px] ${rs ? 'border-cyan-500/10 bg-black/20 
text-white/60' : 'border-white/8 text-white/55'}`}
        >
          <span className={rs ? 'tabular-nums' : undefined}>
            <span className=\"font-semibold 
text-white/85\">{filtered.length}</span> shown
            {hideDrafted ? <span className=\"text-white/45\"> ┬╖ drafted 
hidden</span> : null}
          </span>
          <div className=\"flex flex-wrap items-center gap-1.5\">
            <button
              type=\"button\"
              data-testid=\"draft-filter-watchlist-only\"
              onClick={() => setWatchlistOnly((v) => !v)}
              className={`rounded border px-2 py-1 transition 
focus-visible:outline-none focus-visible:ring-2 focus-visible:ring-cyan-400/40 
${watchlistOnly ? 'border-cyan-300/35 bg-cyan-500/12 text-cyan-100' : 
'border-white/15 bg-black/20 text-white/65 hover:bg-white/10'}`}
            >
              Watchlist
            </button>
            <button
              type=\"button\"
              data-testid=\"draft-filter-hide-drafted\"
              onClick={() => setHideDrafted((v) => !v)}
              className={`rounded border px-2 py-1 transition 
focus-visible:outline-none focus-visible:ring-2 focus-visible:ring-cyan-400/40 
${hideDrafted ? 'border-cyan-300/35 bg-cyan-500/12 text-cyan-100' : 
'border-white/15 bg-black/20 text-white/65 hover:bg-white/10'}`}
            >
              Hide drafted
            </button>
            {/* D.7 ΓÇö Rookies Only filter. NFL redraft uses Sleeper 
`years_exp === 0`
                via the resolved draft pool; devy/C2C leagues additionally 
include
                isDevy / classYearLabel rows. When no rookie metadata is 
available
                for the pool, the empty state surfaces \"Rookie data 
unavailable\". */}
            <button
              type=\"button\"
              data-testid=\"draft-filter-rookies-only\"
              onClick={toggleRookiesOnly}
              aria-pressed={rookiesOnly}
              className={`rounded border px-2 py-1 transition 
focus-visible:outline-none focus-visible:ring-2 
focus-visible:ring-violet-400/40 ${rookiesOnly ? 'border-violet-300/40 
bg-violet-500/14 text-violet-100' : 'border-white/15 bg-black/20 text-white/65 
hover:bg-white/10'}`}
            >
              Rookies only
            </button>
            {/* Commit N ΓÇö Vets Only companion filter. Evidence-required 
predicate
                (yearsExp ΓëÑ 1 or graduated devy); mutually exclusive with
                rookies-only via toggleVetsOnly. */}
            <button
              type=\"button\"
              data-testid=\"draft-filter-vets-only\"
              onClick={toggleVetsOnly}
              aria-pressed={vetsOnly}
              className={`rounded border px-2 py-1 transition 
focus-visible:outline-none focus-visible:ring-2 focus-visible:ring-cyan-400/40 
${vetsOnly ? 'border-cyan-300/40 bg-cyan-500/14 text-cyan-100' : 
'border-white/15 bg-black/20 text-white/65 hover:bg-white/10'}`}
            >
              Vets only
            </button>
          </div>
          <button
            type=\"button\"
            data-testid=\"draft-clear-filters\"
            onClick={clearAllFilters}
            className=\"rounded border border-white/15 bg-black/20 px-2 py-1 
text-white/65 transition hover:bg-white/10 focus-visible:outline-none 
focus-visible:ring-2 focus-visible:ring-cyan-400/40\"
          >
            Clear filters
          </button>
        </div>
      </div>
      {compareAnchor && (
        <div
          className=\"flex flex-wrap items-center justify-between gap-2 
border-b border-amber-400/25 bg-amber-500/10 px-2.5 py-2 text-[11px] 
text-amber-100\"
          data-testid=\"draft-compare-anchor-hint\"
        >
          <span>
            Compare: <span className=\"font-semibold 
text-white\">{compareAnchor.name}</span> ΓÇö tap another player, or tap again 
to cancel.
          </span>
          <button
            type=\"button\"
            onClick={() => setCompareAnchor(null)}
            className=\"shrink-0 rounded border border-amber-400/35 
bg-black/20 px-2 py-1 text-[10px] text-amber-50 hover:bg-black/35 transition\"
          >
            <X className=\"h-3 w-3\" />
          </button>
        </div>
      )}
      {selectedPlayer && (
        <PlayerDetailModal
          open={true}
          onClose={() => setSelectedPlayer(null)}
          normalized={selectedNormalized}
          player={{
            id: (() => {
              const candidates = [selectedPlayer.id, 
selectedPlayer.display?.playerId]
              for (const c of candidates) {
                if (c == null || String(c).trim() === '') continue
                const s = String(c)
                // Synthetic fallback ids break Sleeper headshots and game 
logs; omit so APIs use name/team.
                if (s.startsWith('name:')) continue
                return s
              }
              return null
            })(),
            name: selectedPlayer.name,
            position: selectedPlayer.position ?? null,
            team: selectedPlayer.team ?? null,
            byeWeek: selectedPlayer.byeWeek ?? null,
            adp: useAiAdp ? (selectedPlayer.aiAdp ?? null) : 
(selectedPlayer.adp ?? null),
            headshotUrl:
              getDraftRoomDisplayHeadshot(selectedPlayer) ??
              selectedNormalized?.imageUrl ??
              selectedPlayer.display?.assets?.headshotUrl ??
              null,
            teamLogoUrl: selectedNormalized?.teamLogoUrl ?? 
selectedPlayer.display?.assets?.teamLogoUrl ?? null,
            status: getDraftRoomDisplayInjury(selectedPlayer) ?? 
selectedPlayer.display?.metadata?.injuryStatus ?? null,
            college: selectedPlayer.school ?? 
selectedPlayer.display?.metadata?.collegeOrPipeline ?? null,
            age: selectedPlayer.display?.metadata?.age ?? null,
            heightIn: null,
            weightLbs: null,
            // Commit N ΓÇö pass the resolved Sleeper years_exp through so the
            // detail modal can render rookie/vet status accurately. Was
            // hardcoded to `null`, which silently dropped rookie metadata
            // for every player on the board.
            yearsExp:
              typeof selectedPlayer.yearsExp === 'number' && 
Number.isFinite(selectedPlayer.yearsExp)
                ? selectedPlayer.yearsExp
                : null,
            jersey: null,
          }}
          sport={sport}
          canDraft={canDraft && !isPlayerDraftedEntry(selectedPlayer, 
draftedNames, draftedIdsForRows)}
          onMakePick={() => {
            onMakePick(selectedPlayer)
            setSelectedPlayer(null)
          }}
          onAddToQueue={() => {
            onAddToQueue(selectedPlayer)
            setSelectedPlayer(null)
          }}
          isWatchlisted={selectedIsWatchlisted}
          onToggleWatchlist={() => {
            const key = watchKeyFor(selectedPlayer)
            setWatchlistKeys((prev) => {
              const next = new Set(prev)
              if (next.has(key)) next.delete(key)
              else next.add(key)
              return next
            })
          }}
          draftCopilot={getDraftCopilotInsight ? 
getDraftCopilotInsight(selectedPlayer) : null}
          assistantRoomContext={
            rs && getAssistantRoomContext ? 
getAssistantRoomContext(selectedPlayer) : null
          }
          presentationVariant={rs ? 'redraft_snake' : 'default'}
          adpDisplayLabel={useAiAdp ? 'AI ADP' : 'ADP'}
          draftUnavailableReason={
            selectedPlayer && isPlayerDraftedEntry(selectedPlayer, 
draftedNames, draftedIdsForRows)
              ? 'already_drafted'
              : selectedPlayer && !canDraft
                ? 'not_your_pick'
                : null
          }
          nflDraftProjectionSplits={
            sport === 'NFL' ? (selectedPlayer.nflDraftProjectionSplits ?? 
null) : null
          }
        />
      )}
      <div
        ref={scrollRef}
        data-testid=\"draft-player-list-scroll\"
        className={`min-h-0 flex-1 overscroll-contain p-2 pb-4 sm:p-3 ${
          rs
            ? `max-h-[min(68vh,620px)] sm:max-h-[min(70vh,660px)] 
lg:max-h-[min(74vh,760px)] overflow-y-scroll 
bg-[linear-gradient(180deg,rgba(8,18,32,0.55),rgba(4,9,17,0.96))] 
[scrollbar-gutter:stable] 
[scrollbar-color:rgba(56,189,248,0.45)_rgba(15,23,42,0.55)] 
[scrollbar-width:thin] [&::-webkit-scrollbar]:w-2 
[&::-webkit-scrollbar-track]:rounded-full 
[&::-webkit-scrollbar-track]:bg-slate-950/80 
[&::-webkit-scrollbar-thumb]:rounded-full 
[&::-webkit-scrollbar-thumb]:bg-cyan-500/40 
[&::-webkit-scrollbar-thumb:hover]:bg-cyan-400/55`
            : 'overflow-auto bg-[#050a14]/40'
        }`}
      >
        {rs && !selectedPlayer && !showRosterView && !loading && 
filtered.length > 0 ? (
          <div className=\"mb-2 rounded-lg border border-cyan-500/20 
bg-gradient-to-r from-cyan-500/[0.07] to-transparent px-3 py-2 text-[10px] 
leading-snug text-cyan-100/85\">
            Select a player for projections, news, queue, compare, and draft 
actions.
          </div>
        ) : null}
        {loading ? (
          <div className=\"space-y-2 py-1\" aria-busy=\"true\" 
aria-label={t(DRAFT_ROOM_I18N_KEYS.playerPoolLoading)}>
            <p 
className=\"sr-only\">{t(DRAFT_ROOM_I18N_KEYS.playerPoolLoading)}</p>
            {Array.from({ length: 8 }).map((_, i) => (
              <div
                key={i}
                className=\"flex animate-pulse items-center gap-2 rounded-lg 
border border-white/10 bg-[#0a1228]/90 px-2 py-2\"
              >
                <div className=\"h-7 w-7 shrink-0 rounded-full bg-white/10\" />
                <div className=\"min-w-0 flex-1 space-y-2\">
                  <div className=\"h-2.5 w-24 rounded bg-white/10\" />
                  <div className=\"h-2 w-40 max-w-full rounded 
bg-white/[0.07]\" />
                </div>
                <div className=\"h-8 w-16 shrink-0 rounded-md 
bg-white/[0.06]\" />
              </div>
            ))}
          </div>
        ) : showRosterView ? (
          <ul className=\"space-y-1\">
            {currentRoster.length === 0 ? (
              <li className=\"text-[10px] 
text-white/50\">{t('draftRoom.playerPanel.noPicksYet')}</li>
            ) : (
              currentRoster.map((p, i) => (
                <li
                  key={`${p.playerName}-${i}`}
                  className=\"flex items-center justify-between gap-2 
rounded-lg border border-white/10 bg-[#0a1228] px-2 py-1.5 text-[11px] 
hover:border-white/20 transition\"
                >
                  <span className=\"font-medium 
text-white\">{p.playerName}</span>
                  <span className=\"text-white/55\">{p.position}{p.team ? ` ┬╖ 
${p.team}` : ''}</span>
                </li>
              ))
            )}
          </ul>
        ) : filtered.length === 0 ? (
          <div className=\"flex flex-col items-center justify-center gap-3 
px-4 py-14 text-center\">
            {players.length === 0 ? (
              <>
                <p
                  className=\"text-sm font-medium text-white/75\"
                  data-testid=\"draft-pool-empty-unloaded\"
                >
                  No players loaded for this pool.
                </p>
                <p className=\"max-w-xs text-xs text-white/45\">
                  Wait for the pool to finish loading, or refresh the draft 
room if this persists.
                </p>
              </>
            ) : rookiesOnly && !hasSecondaryPoolFilters && 
rookieDataState.reason === 'no_rookie_metadata' ? (
              <>
                <p
                  className=\"text-sm font-medium text-white/75\"
                  data-testid=\"draft-rookie-metadata-missing\"
                >
                  Rookie metadata is not available for this pool yet.
                </p>
                <p className=\"max-w-xs text-xs text-white/45\">
                  We could not read rookie signals (experience, flags, or 
draft year) on these rows. Toggle Rookies Only off to see the full list.
                </p>
                <button
                  type=\"button\"
                  onClick={() => setRookiesOnly(false)}
                  data-testid=\"draft-rookie-data-unavailable-clear\"
                  className=\"rounded-full border border-violet-400/35 
bg-violet-500/12 px-4 py-2 text-xs font-medium text-violet-100 transition 
hover:bg-violet-500/20 focus-visible:outline-none focus-visible:ring-2 
focus-visible:ring-violet-400/45\"
                >
                  Turn off Rookies Only
                </button>
              </>
            ) : rookiesOnly && !hasSecondaryPoolFilters && 
rookieDataState.reason === 'no_rookies_for_context' ? (
              <>
                <p
                  className=\"text-sm font-medium text-white/75\"
                  data-testid=\"draft-rookie-none-for-context\"
                >
                  No rookies found for this draft context.
                </p>
                <p className=\"max-w-xs text-xs text-white/45\">
                  The pool has rookie signals, but no players matched as 
rookies for this sport/season. Toggle Rookies Only off to see everyone.
                </p>
                <button
                  type=\"button\"
                  onClick={() => setRookiesOnly(false)}
                  data-testid=\"draft-rookie-none-for-context-clear\"
                  className=\"rounded-full border border-violet-400/35 
bg-violet-500/12 px-4 py-2 text-xs font-medium text-violet-100 transition 
hover:bg-violet-500/20 focus-visible:outline-none focus-visible:ring-2 
focus-visible:ring-violet-400/45\"
                >
                  Turn off Rookies Only
                </button>
              </>
            ) : (
              <>
                <p className=\"text-sm font-medium text-white/75\">No players 
match your filters</p>
                <p className=\"max-w-xs text-xs text-white/45\">Widen search, 
reset position or team, or clear filters to see the pool again.</p>
                <button
                  type=\"button\"
                  onClick={clearAllFilters}
                  data-testid=\"draft-empty-clear-filters\"
                  className=\"rounded-full border border-cyan-400/35 
bg-cyan-500/12 px-4 py-2 text-xs font-medium text-cyan-100 transition 
hover:bg-cyan-500/20 focus-visible:outline-none focus-visible:ring-2 
focus-visible:ring-cyan-400/45\"
                >
                  Clear filters
                </button>
              </>
            )}
          </div>
        ) : (
          (() => {
            /**
             * D.2 ΓÇö choose between Sleeper-style dense table and legacy 
card layout.
             *
             * Auto rule: NFL pools render the table; everything else stays on 
cards.
             * E.2.7 makes this safe ΓÇö `nflDraftProjectionSplits` now 
hydrates with
             * real PPG / passing / rushing / receiving values, so the table's 
stat
             * columns aren't full of em-dashes.
             *
             * The horizontal-scroll container honors small viewports ΓÇö on 
mobile,
             * the table scrolls sideways rather than squishing column widths.
             */
            const useTable =
              viewModeOverride === 'sleeper_table' ||
              (viewModeOverride === null &&
                (poolLayout === 'sleeper_table' ||
                  (poolLayout === 'auto' && sport === 'NFL')))

            if (!useTable) {
              return (
                <PlayerListVirtualized
                  filtered={filtered}
                  draftedNames={draftedNames}
                  draftedPlayerIds={draftedIdsForRows}
                  presentationVariant={presentationVariant}
                  selectedPlayer={selectedPlayer}
                  isPlayerQueued={isPlayerQueued}
                  canDraft={canDraft}
                  canNominate={canNominate}
                  useAiAdp={useAiAdp}
                  draftSport={sport}
                  onDraftRequest={onMakePick}
                  onAddToQueue={onAddToQueue}
                  onNominateRequest={(player) => setPendingNomination(player)}
                  onPlayerSelect={setSelectedPlayer}
                  scrollRef={scrollRef}
                  compareAnchor={compareAnchor}
                  onCompareTap={onCompareTap}
                  aiRowBadges={aiRowBadges}
                />
              )
            }

            return (
              <div className=\"overflow-x-auto\" 
data-testid=\"sleeper-pool-table-scroll\">
                <SleeperPoolTable
                  filtered={filtered}
                  draftedNames={draftedNames}
                  draftedPlayerIds={draftedIdsForRows ?? null}
                  selectedPlayer={selectedPlayer}
                  isPlayerQueued={isPlayerQueued}
                  isPlayerDrafted={(player) =>
                    isPlayerDraftedEntry(player, draftedNames, 
draftedIdsForRows)
                  }
                  canDraft={canDraft}
                  canNominate={canNominate}
                  useAiAdp={useAiAdp}
                  draftSport={sport}
                  statColumnOptions={sleeperStatOpts}
                  onDraftRequest={onMakePick}
                  onAddToQueue={onAddToQueue}
                  onNominateRequest={(player) => setPendingNomination(player)}
                  onPlayerSelect={setSelectedPlayer}
                  scrollRef={scrollRef}
                  compareAnchor={compareAnchor}
                  onCompareTap={onCompareTap}
                  sortState={{ key: sortBy, direction: sortDirection }}
                  onSortChange={handleColumnHeaderSort}
                />
              </div>
            )
          })()
        )}
      </div>
      {pendingNomination && (
        <div className=\"border-t border-white/8 bg-[#050c1d] p-2.5 
space-y-2\" data-testid=\"draft-pick-confirmation\">
          <p className=\"text-xs text-white/80\">
            Confirm nomination:
            <span className=\"ml-1 font-medium text-cyan-200\">
              {getPickConfirmationLabel(pendingNomination.name, 
pendingNomination.position, pendingNomination.team)}
            </span>
          </p>
          <div className=\"flex items-center gap-2\">
            <button
              type=\"button\"
              data-testid=\"draft-confirm-pick-button\"
              onClick={() => {
                onNominate?.(pendingNomination)
                setPendingNomination(null)
              }}
              className=\"rounded border border-cyan-300/35 bg-cyan-500/12 
px-3 py-1.5 text-xs text-cyan-100 hover:bg-cyan-500/20 transition\"
            >
              Confirm
            </button>
            <button
              type=\"button\"
              data-testid=\"draft-cancel-pick-button\"
              onClick={() => setPendingNomination(null)}
              className=\"rounded border border-white/15 bg-black/20 px-3 
py-1.5 text-xs text-white/70 hover:bg-white/10 transition\"
            >
              Cancel
            </button>
          </div>
        </div>
      )}
    </section>
  )
}

export const PlayerPanel = React.memo(PlayerPanelInner)
"

[36m [2mΓ¥»[22m 
__tests__/draft/d6-1-right-dock-tabs.test.ts:[2m154:17[22m[39m
    [90m152|[39m
    [90m153|[39m   it('FLEX pill includes RB/WR/TE candidates; IDP FLEX 
includes DL/LB/ΓÇª
    [90m154|[39m     expect(src).toMatch(/'FLEX'\) return pos === 'RB' \|\| 
pos === 'WRΓÇª
    [90m   |[39m                 [31m^[39m
    [90m155|[39m     expect(src).toMatch(/'IDP FLEX'\) return pos === 'DL' 
\|\| pos ===ΓÇª
    [90m156|[39m   })

[31m[2mΓÄ»ΓÄ»ΓÄ»ΓÄ»ΓÄ»ΓÄ»ΓÄ»ΓÄ»ΓÄ»ΓÄ»ΓÄ»ΓÄ»ΓÄ»ΓÄ»ΓÄ»ΓÄ»ΓÄ»ΓÄ»ΓÄ»ΓÄ»ΓÄ»ΓÄ»[12/
24]ΓÄ»[22m[39m

[41m[1m FAIL [22m[49m 
__tests__/draft/d6-2-board-proportions-and-clock.test.ts[2m > [22mD.6.2 ΓÇö 
board zone proportions + dock collapse toggle (DraftRoomShell)[2m > 
[22mexpanded board zone caps at 52vh (was 42vh) so the board has more 
vertical room
[31m[1mAssertionError[22m: expected '\'use client\'\r\n\r\nimport { type 
RΓÇª' to match /max-h-\[min\(52vh,640px\)\]/[39m

[32m- Expected:[39m
/max-h-\[min\(52vh,640px\)\]/

[31m+ Received:[39m
"'use client'

import { type ReactNode, useCallback, useEffect, useState } from 'react'
import { ChevronDown, ChevronUp, LayoutGrid, MessageCircle, ListOrdered, User, 
Sparkles, Users, Shield } from 'lucide-react'
import { useLanguage } from '@/components/i18n/LanguageProviderClient'
import { cn } from '@/lib/utils'

const BOTTOM_DOCK_PREF_KEY = 'af:draft-premium-bottom-dock-expanded'

export type MobileDraftTab = 'board' | 'players' | 'queue' | 'helper' | 
'roster' | 'keepers' | 'chat'

export type DraftRoomShellProps = {
  /** Premium ambient gradient for `/draft/[id]/snake` redraft room. */
  surfaceVariant?: 'default' | 'redraft_snake'
  topBar: ReactNode
  managerStrip: ReactNode
  auctionStrip?: ReactNode
  draftBoard: ReactNode
  playerPanel: ReactNode
  queuePanel: ReactNode
  chatPanel: ReactNode
  helperPanel?: ReactNode
  rosterPanel?: ReactNode
  keeperPanel?: ReactNode
  mobileStickyBar?: ReactNode
  mobileTab: MobileDraftTab
  onMobileTabChange: (tab: MobileDraftTab) => void
  /**
   * Premium layout: top board, left team, center column (often pool + 
auxiliary tabs).
   * Optional bottom dock when `bottomBar` is provided.
   */
  layout?: 'classic' | 'premium'
  /** Left column ΓÇö your team / AI badges (desktop premium) */
  teamPanel?: ReactNode
  /** Center column ΓÇö usually player pool + queue stacked */
  centerColumn?: ReactNode
  /** Bottom dock ΓÇö optional secondary strip below the main zones (desktop 
premium). */
  bottomBar?: ReactNode
}

const MOBILE_TAB_I18N: Record<MobileDraftTab, string> = {
  board: 'draftRoom.shell.mobile.board',
  players: 'draftRoom.shell.mobile.players',
  queue: 'draftRoom.shell.mobile.queue',
  helper: 'draftRoom.shell.mobile.ai',
  roster: 'draftRoom.shell.mobile.roster',
  keepers: 'draftRoom.shell.mobile.keepers',
  chat: 'draftRoom.shell.mobile.chat',
}

const MOBILE_TABS = [
  { id: 'board' as const, icon: LayoutGrid },
  { id: 'players' as const, icon: User },
  { id: 'chat' as const, icon: MessageCircle },
  { id: 'queue' as const, icon: ListOrdered },
  { id: 'helper' as const, icon: Sparkles },
  { id: 'roster' as const, icon: Users },
  { id: 'keepers' as const, icon: Shield },
]

export function DraftRoomShell({
  surfaceVariant = 'default',
  topBar,
  managerStrip,
  draftBoard,
  playerPanel,
  queuePanel,
  chatPanel,
  helperPanel,
  rosterPanel,
  keeperPanel,
  mobileStickyBar,
  auctionStrip,
  mobileTab,
  onMobileTabChange,
  layout = 'classic',
  teamPanel,
  centerColumn,
  bottomBar,
}: DraftRoomShellProps) {
  const { t } = useLanguage()
  const [bottomDockExpanded, setBottomDockExpanded] = useState(true)

  useEffect(() => {
    try {
      const v = window.localStorage.getItem(BOTTOM_DOCK_PREF_KEY)
      if (v === '0') setBottomDockExpanded(false)
    } catch {
      /* ignore */
    }
  }, [])

  const persistBottomDock = useCallback((expanded: boolean) => {
    setBottomDockExpanded(expanded)
    try {
      window.localStorage.setItem(BOTTOM_DOCK_PREF_KEY, expanded ? '1' : '0')
    } catch {
      /* ignore */
    }
  }, [])

  const visibleTabs = MOBILE_TABS.filter(
    (tab) =>
      (tab.id !== 'helper' || helperPanel) &&
      (tab.id !== 'roster' || rosterPanel) &&
      (tab.id !== 'keepers' || keeperPanel)
  )
  const primaryMobileTabs = visibleTabs.filter((tab) => tab.id === 'board' || 
tab.id === 'players' || tab.id === 'chat')
  const secondaryMobileTabs = visibleTabs.filter((tab) => tab.id !== 'board' 
&& tab.id !== 'players' && tab.id !== 'chat')

  /**
   * D.6 ΓÇö when `layout='premium'` is set, we render the premium grid even if
   * `teamPanel` is null. The previous behavior required `teamPanel` to be
   * truthy, which was fine while the War Room lived in the left aside; D.6
   * moves the War Room into a floating popup, so the left aside collapses
   * and the centerColumn takes the full width.
   */
  const premiumDesktop = layout === 'premium' && Boolean(centerColumn)
  const centerMain = centerColumn ?? (
    <>
      <div className=\"min-h-0 flex-[3] overflow-hidden\">{playerPanel}</div>
      <div className=\"min-h-[200px] flex-[2] overflow-auto border-t 
border-white/8 md:min-h-[220px]\">{queuePanel}</div>
    </>
  )

  const surfaceClass =
    surfaceVariant === 'redraft_snake'
      ? 'flex h-full min-h-[100dvh] flex-col bg-gradient-to-b from-[#0d1530] 
via-[#0b1224] to-[#070b18] text-white 
shadow-[inset_0_1px_0_rgba(125,211,252,0.06)]'
      : 'flex h-full min-h-[100dvh] flex-col bg-[#0b1020] text-white'

  return (
    <div className={surfaceClass} data-testid=\"draft-room-shell\">
      {topBar}
      {managerStrip}

      {/* Desktop ΓÇö premium 4-zone + bottom dock */}
      {premiumDesktop ? (
        <>
          {/*
            Both desktop layout branches use the same `draft-desktop-layout`
            testid so e2e tests (draft-room, auction, c2c, devy, 
cpu-ai-drafter,
            draft-asset-pipeline, draft-import) can scope 
`.getByTestId('draft-board')`
            inside it regardless of which variant the parent picks. The premium
            variant is picked when layout=\"premium\" plus teamPanel and 
centerColumn
            are provided ΓÇö otherwise we fall through to the legacy 2-row 
layout below.
          */}
          <div className=\"hidden min-h-0 flex-1 flex-col overflow-hidden 
md:flex\" data-testid=\"draft-desktop-layout\">
          {auctionStrip && (
            <div className=\"shrink-0 border-b border-white/8 
bg-[#060d1f]\">{auctionStrip}</div>
          )}
          {/* D.6.2 ΓÇö board zone grows when the bottom dock is collapsed.
              Expanded:  ~52vh cap so dock has ~48vh; matches Sleeper 
proportions.
              Collapsed: flex-1 ΓÇö board fills the entire screen below the 
top bar. */}
          <div
            className={cn(
              'min-h-[240px] overflow-auto overscroll-contain 
[overflow-anchor:none] border-b',
              bottomDockExpanded ? 'flex-1 basis-0' : 'flex-1',
              surfaceVariant === 'redraft_snake'
                ? 'border-cyan-500/15 
bg-[linear-gradient(180deg,rgba(8,18,36,0.98),rgba(4,9,17,0.99))] 
shadow-[inset_0_-1px_0_rgba(34,211,238,0.06)]'
                : 'border-white/8 bg-[#050c1d]',
            )}
            data-testid=\"draft-premium-board-zone\"
            data-dock-expanded={bottomDockExpanded ? 'true' : 'false'}
          >
            {draftBoard}
          </div>
          {/* D.6.2 ΓÇö collapse arrow toggle between the board and the dock.
              Two stacked chevrons that flip direction based on state. Click 
ΓåÆ toggle. */}
          <div className=\"relative shrink-0\">
            <button
              type=\"button\"
              onClick={() => persistBottomDock(!bottomDockExpanded)}
              data-testid=\"draft-dock-collapse-toggle\"
              data-expanded={bottomDockExpanded ? 'true' : 'false'}
              aria-expanded={bottomDockExpanded}
              aria-label={bottomDockExpanded ? 'Collapse bottom dock' : 
'Expand bottom dock'}
              title={bottomDockExpanded ? 'Collapse bottom dock' : 'Expand 
bottom dock'}
              className=\"absolute left-1/2 top-0 z-20 inline-flex h-8 w-12 
-translate-x-1/2 -translate-y-1/2 flex-col items-center justify-center 
rounded-full border border-white/15 bg-[#0a1228] text-white/85 
shadow-[0_8px_22px_rgba(0,0,0,0.45)] transition hover:border-cyan-400/35 
hover:text-cyan-100 focus-visible:outline-none focus-visible:ring-2 
focus-visible:ring-cyan-400/40\"
            >
              <ChevronUp className={cn('h-3 w-3', bottomDockExpanded ? 
'opacity-90' : 'opacity-30')} />
              <ChevronDown className={cn('h-3 w-3 -mt-0.5', bottomDockExpanded 
? 'opacity-30' : 'opacity-90')} />
            </button>
          </div>
          <div
            className={cn(
              'flex min-h-[240px] overflow-hidden',
              bottomDockExpanded ? 'flex-1 basis-0' : 'hidden',
            )}
            data-testid=\"draft-premium-main-zones\"
            data-dock-expanded={bottomDockExpanded ? 'true' : 'false'}
          >
            {teamPanel ? (
              <aside
                data-testid=\"draft-premium-team-aside\"
                className={`w-[min(280px,22vw)] shrink-0 overflow-y-auto 
border-r bg-[#050c1d] ${
                  surfaceVariant === 'redraft_snake' ? 'border-cyan-500/10 
shadow-[inset_-1px_0_0_rgba(34,211,238,0.05)]' : 'border-white/8'
                }`}
              >
                {teamPanel}
              </aside>
            ) : null}
            <div
              className={`flex min-w-0 flex-1 flex-col overflow-hidden 
border-r bg-[#060d1e] ${
                surfaceVariant === 'redraft_snake' ? 'border-cyan-500/10' : 
'border-white/8'
              }`}
            >
              {centerMain}
            </div>
          </div>
          {bottomBar ? (
            <div className=\"relative shrink-0 border-t border-white/10 
bg-[#040915]\" data-testid=\"draft-premium-bottom-dock-wrap\">
              <div className=\"pointer-events-none absolute left-1/2 top-0 
z-20 -translate-x-1/2 -translate-y-1/2\">
                <button
                  type=\"button\"
                  onClick={() => persistBottomDock(!bottomDockExpanded)}
                  className=\"pointer-events-auto inline-flex h-8 w-8 
items-center justify-center rounded-full border border-white/15 bg-[#0a1228] 
text-white/80 shadow-lg shadow-black/40 transition hover:bg-white/10 
hover:text-white\"
                  aria-expanded={bottomDockExpanded}
                  aria-controls=\"draft-premium-bottom-dock\"
                  data-testid=\"draft-bottom-dock-toggle\"
                  title={bottomDockExpanded ? 
t('draftRoom.shell.hideBottomDock') : t('draftRoom.shell.showBottomDock')}
                >
                  {bottomDockExpanded ? <ChevronDown className=\"h-4 w-4\" /> 
: <ChevronUp className=\"h-4 w-4\" />}
                </button>
              </div>
              <div
                id=\"draft-premium-bottom-dock\"
                className={cn(
                  'flex w-full overflow-hidden transition-[max-height] 
duration-200 ease-out',
                  bottomDockExpanded ? 'max-h-[min(220px,30vh)]' : 'max-h-0',
                )}
                data-testid=\"draft-premium-bottom-dock\"
              >
                <div
                  className={cn(
                    'flex w-full min-h-0 overflow-hidden',
                    bottomDockExpanded ? 'h-[min(220px,30vh)] min-h-[140px]' : 
'h-0 min-h-0',
                  )}
                >
                  {bottomBar}
                </div>
              </div>
              {!bottomDockExpanded ? (
                <button
                  type=\"button\"
                  onClick={() => persistBottomDock(true)}
                  className=\"flex w-full items-center justify-center gap-2 
border-t border-white/8 bg-[#050c1d] py-2 text-[11px] font-medium 
text-cyan-100/90 hover:bg-white/5\"
                  data-testid=\"draft-bottom-dock-restore\"
                >
                  <ChevronUp className=\"h-3.5 w-3.5\" />
                  {t('draftRoom.shell.restoreBottomDock')}
                </button>
              ) : null}
            </div>
          ) : null}
        </div>
        </>
      ) : (
        <div className=\"hidden min-h-0 flex-1 flex-col overflow-hidden 
md:flex\" data-testid=\"draft-desktop-layout\">
          {auctionStrip && <div className=\"shrink-0 border-b border-white/8 
bg-[#060d1f]\">{auctionStrip}</div>}
          <div className=\"min-h-[200px] flex-[2] overflow-auto 
overscroll-contain [overflow-anchor:none] border-b border-white/8 
bg-[#050c1d]\">
            {draftBoard}
          </div>
          <div className=\"flex min-h-0 flex-1 overflow-hidden border-b 
border-white/8\">
            <div className=\"min-w-0 flex-[3] overflow-hidden border-r 
border-white/8\">{playerPanel}</div>
            <div className=\"min-w-0 flex-[2] 
overflow-hidden\">{queuePanel}</div>
          </div>
          <div className=\"min-h-0 w-full min-h-[min(28vh,360px)] flex-[1.5] 
overflow-hidden border-t border-white/8\">
            {chatPanel}
          </div>
        </div>
      )}

      {/* Mobile */}
      <div className=\"flex min-h-0 flex-1 flex-col overflow-hidden 
md:hidden\" data-testid=\"draft-mobile-layout\">
        {/*
          F.2 ΓÇö mobile pane uses `overflow-y-auto` (NOT `overflow-auto`) so 
wide
          children like the Sleeper player table and the snake draft board 
can't
          bleed horizontal scroll out to the whole page. Each individual wide
          panel wraps its own children in `overflow-x-auto` containers below.
        */}
        <div className=\"min-h-0 min-w-0 flex-1 overflow-y-auto 
overscroll-contain\">
          {mobileStickyBar && (
            <div className=\"sticky top-0 z-10 shrink-0 border-b 
border-white/10 bg-[#040915]/95 backdrop-blur-sm\">
              {mobileStickyBar}
            </div>
          )}
          {auctionStrip && mobileTab === 'board' && (
            <div className=\"shrink-0 border-b border-white/10 
bg-[#050c1d]\">{auctionStrip}</div>
          )}
          <div
            key={mobileTab}
            className=\"min-h-[220px] min-w-0 p-3 pb-16 text-sm 
transition-opacity duration-150 sm:p-3.5 sm:pb-16\"
            data-testid=\"draft-mobile-content\"
            data-active-tab={mobileTab}
          >
            {/* F.2 ΓÇö Board and Players are the only tabs whose internal 
content
                exceeds typical mobile widths (snake grid + 18-column table).
                Wrapping them in their own `overflow-x-auto min-w-0` container
                keeps the horizontal scroll INSIDE the tab pane. */}
            {mobileTab === 'board' && (
              <div
                className=\"min-w-0 overflow-x-auto overscroll-x-contain\"
                data-testid=\"draft-mobile-board-scroll\"
              >
                {draftBoard}
              </div>
            )}
            {mobileTab === 'players' && (
              <div
                className=\"min-w-0 overflow-x-auto overscroll-x-contain\"
                data-testid=\"draft-mobile-players-scroll\"
              >
                {playerPanel}
              </div>
            )}
            {mobileTab === 'queue' && queuePanel}
            {mobileTab === 'chat' && chatPanel}
            {helperPanel && mobileTab === 'helper' && helperPanel}
            {rosterPanel && mobileTab === 'roster' && rosterPanel}
            {keeperPanel && mobileTab === 'keepers' && keeperPanel}
          </div>
        </div>
        {secondaryMobileTabs.length > 0 ? (
          <div className=\"safe-area-bottom border-t border-white/10 
bg-[#060d1f]/95 px-2 py-1.5\">
            <div className=\"flex items-center gap-1 overflow-x-auto pb-0.5\">
              {secondaryMobileTabs.map(({ id, icon: Icon }) => {
                const label = t(MOBILE_TAB_I18N[id])
                return (
                  <button
                    key={id}
                    type=\"button\"
                    onClick={() => onMobileTabChange(id)}
                    data-testid={`draft-mobile-tab-${id}`}
                    className={`inline-flex min-h-[36px] shrink-0 
touch-manipulation items-center gap-1.5 rounded-full border px-2.5 text-[10px] 
font-medium transition active:scale-[0.98] ${
                      mobileTab === id
                        ? 'border-cyan-400/45 bg-cyan-500/15 text-cyan-100'
                        : 'border-white/15 bg-black/20 text-white/70'
                    }`}
                    aria-pressed={mobileTab === id}
                    aria-label={label}
                  >
                    <Icon className=\"h-3.5 w-3.5 shrink-0\" aria-hidden />
                    <span>{label}</span>
                  </button>
                )
              })}
            </div>
          </div>
        ) : null}
        <nav
          className=\"safe-area-bottom flex shrink-0 border-t 
border-cyan-400/20 bg-[#070f21]/95\"
          aria-label={t('draftRoom.shell.aria.draftSections')}
        >
          {primaryMobileTabs.map(({ id, icon: Icon }) => {
            const label = t(MOBILE_TAB_I18N[id])
            return (
              <button
                key={id}
                type=\"button\"
                onClick={() => onMobileTabChange(id)}
                data-testid={`draft-mobile-tab-${id}`}
                className={`flex min-h-[48px] flex-1 touch-manipulation 
flex-col items-center justify-center gap-0.5 py-2 text-[11px] 
active:scale-[0.98] ${
                  mobileTab === id
                    ? 'bg-cyan-500/12 text-cyan-100 
shadow-[inset_0_1px_0_rgba(34,211,238,0.2)]'
                    : 'text-white/65 hover:text-white/85'
                }`}
                aria-pressed={mobileTab === id}
                aria-label={label}
              >
                <Icon className=\"h-5 w-5 shrink-0\" aria-hidden />
                <span>{label}</span>
              </button>
            )
          })}
        </nav>
      </div>
    </div>
  )
}
"

[36m [2mΓ¥»[22m 
__tests__/draft/d6-2-board-proportions-and-clock.test.ts:[2m25:17[22m[39m
    [90m 23|[39m
    [90m 24|[39m   it('expanded board zone caps at 52vh (was 42vh) so the 
board has morΓÇª
    [90m 25|[39m     [34mexpect[39m(src)[33m.[39m[34mtoMatch[39m([36m/
max-h-\[min\(52vh,640px\)\]/[39m)
    [90m   |[39m                 [31m^[39m
    [90m 26|[39m   })
    [90m 27|[39m

[31m[2mΓÄ»ΓÄ»ΓÄ»ΓÄ»ΓÄ»ΓÄ»ΓÄ»ΓÄ»ΓÄ»ΓÄ»ΓÄ»ΓÄ»ΓÄ»ΓÄ»ΓÄ»ΓÄ»ΓÄ»ΓÄ»ΓÄ»ΓÄ»ΓÄ»ΓÄ»[13/
24]ΓÄ»[22m[39m

[41m[1m FAIL [22m[49m 
__tests__/draft/d6-2-board-proportions-and-clock.test.ts[2m > [22mD.6.2 ΓÇö 
board zone proportions + dock collapse toggle (DraftRoomShell)[2m > 
[22mcollapsed board zone uses flex-1 + max-h-[unset] so it fills the screen 
when dock hides
[31m[1mAssertionError[22m: expected '\'use client\'\r\n\r\nimport { type 
RΓÇª' to match /bottomDockExpanded \? 'max-h-\[min\(5ΓÇª/[39m

[32m- Expected:[39m
/bottomDockExpanded \? 'max-h-\[min\(52vh,640px\)\]' : 'min-h-0 
max-h-\[unset\] flex-1'/

[31m+ Received:[39m
"'use client'

import { type ReactNode, useCallback, useEffect, useState } from 'react'
import { ChevronDown, ChevronUp, LayoutGrid, MessageCircle, ListOrdered, User, 
Sparkles, Users, Shield } from 'lucide-react'
import { useLanguage } from '@/components/i18n/LanguageProviderClient'
import { cn } from '@/lib/utils'

const BOTTOM_DOCK_PREF_KEY = 'af:draft-premium-bottom-dock-expanded'

export type MobileDraftTab = 'board' | 'players' | 'queue' | 'helper' | 
'roster' | 'keepers' | 'chat'

export type DraftRoomShellProps = {
  /** Premium ambient gradient for `/draft/[id]/snake` redraft room. */
  surfaceVariant?: 'default' | 'redraft_snake'
  topBar: ReactNode
  managerStrip: ReactNode
  auctionStrip?: ReactNode
  draftBoard: ReactNode
  playerPanel: ReactNode
  queuePanel: ReactNode
  chatPanel: ReactNode
  helperPanel?: ReactNode
  rosterPanel?: ReactNode
  keeperPanel?: ReactNode
  mobileStickyBar?: ReactNode
  mobileTab: MobileDraftTab
  onMobileTabChange: (tab: MobileDraftTab) => void
  /**
   * Premium layout: top board, left team, center column (often pool + 
auxiliary tabs).
   * Optional bottom dock when `bottomBar` is provided.
   */
  layout?: 'classic' | 'premium'
  /** Left column ΓÇö your team / AI badges (desktop premium) */
  teamPanel?: ReactNode
  /** Center column ΓÇö usually player pool + queue stacked */
  centerColumn?: ReactNode
  /** Bottom dock ΓÇö optional secondary strip below the main zones (desktop 
premium). */
  bottomBar?: ReactNode
}

const MOBILE_TAB_I18N: Record<MobileDraftTab, string> = {
  board: 'draftRoom.shell.mobile.board',
  players: 'draftRoom.shell.mobile.players',
  queue: 'draftRoom.shell.mobile.queue',
  helper: 'draftRoom.shell.mobile.ai',
  roster: 'draftRoom.shell.mobile.roster',
  keepers: 'draftRoom.shell.mobile.keepers',
  chat: 'draftRoom.shell.mobile.chat',
}

const MOBILE_TABS = [
  { id: 'board' as const, icon: LayoutGrid },
  { id: 'players' as const, icon: User },
  { id: 'chat' as const, icon: MessageCircle },
  { id: 'queue' as const, icon: ListOrdered },
  { id: 'helper' as const, icon: Sparkles },
  { id: 'roster' as const, icon: Users },
  { id: 'keepers' as const, icon: Shield },
]

export function DraftRoomShell({
  surfaceVariant = 'default',
  topBar,
  managerStrip,
  draftBoard,
  playerPanel,
  queuePanel,
  chatPanel,
  helperPanel,
  rosterPanel,
  keeperPanel,
  mobileStickyBar,
  auctionStrip,
  mobileTab,
  onMobileTabChange,
  layout = 'classic',
  teamPanel,
  centerColumn,
  bottomBar,
}: DraftRoomShellProps) {
  const { t } = useLanguage()
  const [bottomDockExpanded, setBottomDockExpanded] = useState(true)

  useEffect(() => {
    try {
      const v = window.localStorage.getItem(BOTTOM_DOCK_PREF_KEY)
      if (v === '0') setBottomDockExpanded(false)
    } catch {
      /* ignore */
    }
  }, [])

  const persistBottomDock = useCallback((expanded: boolean) => {
    setBottomDockExpanded(expanded)
    try {
      window.localStorage.setItem(BOTTOM_DOCK_PREF_KEY, expanded ? '1' : '0')
    } catch {
      /* ignore */
    }
  }, [])

  const visibleTabs = MOBILE_TABS.filter(
    (tab) =>
      (tab.id !== 'helper' || helperPanel) &&
      (tab.id !== 'roster' || rosterPanel) &&
      (tab.id !== 'keepers' || keeperPanel)
  )
  const primaryMobileTabs = visibleTabs.filter((tab) => tab.id === 'board' || 
tab.id === 'players' || tab.id === 'chat')
  const secondaryMobileTabs = visibleTabs.filter((tab) => tab.id !== 'board' 
&& tab.id !== 'players' && tab.id !== 'chat')

  /**
   * D.6 ΓÇö when `layout='premium'` is set, we render the premium grid even if
   * `teamPanel` is null. The previous behavior required `teamPanel` to be
   * truthy, which was fine while the War Room lived in the left aside; D.6
   * moves the War Room into a floating popup, so the left aside collapses
   * and the centerColumn takes the full width.
   */
  const premiumDesktop = layout === 'premium' && Boolean(centerColumn)
  const centerMain = centerColumn ?? (
    <>
      <div className=\"min-h-0 flex-[3] overflow-hidden\">{playerPanel}</div>
      <div className=\"min-h-[200px] flex-[2] overflow-auto border-t 
border-white/8 md:min-h-[220px]\">{queuePanel}</div>
    </>
  )

  const surfaceClass =
    surfaceVariant === 'redraft_snake'
      ? 'flex h-full min-h-[100dvh] flex-col bg-gradient-to-b from-[#0d1530] 
via-[#0b1224] to-[#070b18] text-white 
shadow-[inset_0_1px_0_rgba(125,211,252,0.06)]'
      : 'flex h-full min-h-[100dvh] flex-col bg-[#0b1020] text-white'

  return (
    <div className={surfaceClass} data-testid=\"draft-room-shell\">
      {topBar}
      {managerStrip}

      {/* Desktop ΓÇö premium 4-zone + bottom dock */}
      {premiumDesktop ? (
        <>
          {/*
            Both desktop layout branches use the same `draft-desktop-layout`
            testid so e2e tests (draft-room, auction, c2c, devy, 
cpu-ai-drafter,
            draft-asset-pipeline, draft-import) can scope 
`.getByTestId('draft-board')`
            inside it regardless of which variant the parent picks. The premium
            variant is picked when layout=\"premium\" plus teamPanel and 
centerColumn
            are provided ΓÇö otherwise we fall through to the legacy 2-row 
layout below.
          */}
          <div className=\"hidden min-h-0 flex-1 flex-col overflow-hidden 
md:flex\" data-testid=\"draft-desktop-layout\">
          {auctionStrip && (
            <div className=\"shrink-0 border-b border-white/8 
bg-[#060d1f]\">{auctionStrip}</div>
          )}
          {/* D.6.2 ΓÇö board zone grows when the bottom dock is collapsed.
              Expanded:  ~52vh cap so dock has ~48vh; matches Sleeper 
proportions.
              Collapsed: flex-1 ΓÇö board fills the entire screen below the 
top bar. */}
          <div
            className={cn(
              'min-h-[240px] overflow-auto overscroll-contain 
[overflow-anchor:none] border-b',
              bottomDockExpanded ? 'flex-1 basis-0' : 'flex-1',
              surfaceVariant === 'redraft_snake'
                ? 'border-cyan-500/15 
bg-[linear-gradient(180deg,rgba(8,18,36,0.98),rgba(4,9,17,0.99))] 
shadow-[inset_0_-1px_0_rgba(34,211,238,0.06)]'
                : 'border-white/8 bg-[#050c1d]',
            )}
            data-testid=\"draft-premium-board-zone\"
            data-dock-expanded={bottomDockExpanded ? 'true' : 'false'}
          >
            {draftBoard}
          </div>
          {/* D.6.2 ΓÇö collapse arrow toggle between the board and the dock.
              Two stacked chevrons that flip direction based on state. Click 
ΓåÆ toggle. */}
          <div className=\"relative shrink-0\">
            <button
              type=\"button\"
              onClick={() => persistBottomDock(!bottomDockExpanded)}
              data-testid=\"draft-dock-collapse-toggle\"
              data-expanded={bottomDockExpanded ? 'true' : 'false'}
              aria-expanded={bottomDockExpanded}
              aria-label={bottomDockExpanded ? 'Collapse bottom dock' : 
'Expand bottom dock'}
              title={bottomDockExpanded ? 'Collapse bottom dock' : 'Expand 
bottom dock'}
              className=\"absolute left-1/2 top-0 z-20 inline-flex h-8 w-12 
-translate-x-1/2 -translate-y-1/2 flex-col items-center justify-center 
rounded-full border border-white/15 bg-[#0a1228] text-white/85 
shadow-[0_8px_22px_rgba(0,0,0,0.45)] transition hover:border-cyan-400/35 
hover:text-cyan-100 focus-visible:outline-none focus-visible:ring-2 
focus-visible:ring-cyan-400/40\"
            >
              <ChevronUp className={cn('h-3 w-3', bottomDockExpanded ? 
'opacity-90' : 'opacity-30')} />
              <ChevronDown className={cn('h-3 w-3 -mt-0.5', bottomDockExpanded 
? 'opacity-30' : 'opacity-90')} />
            </button>
          </div>
          <div
            className={cn(
              'flex min-h-[240px] overflow-hidden',
              bottomDockExpanded ? 'flex-1 basis-0' : 'hidden',
            )}
            data-testid=\"draft-premium-main-zones\"
            data-dock-expanded={bottomDockExpanded ? 'true' : 'false'}
          >
            {teamPanel ? (
              <aside
                data-testid=\"draft-premium-team-aside\"
                className={`w-[min(280px,22vw)] shrink-0 overflow-y-auto 
border-r bg-[#050c1d] ${
                  surfaceVariant === 'redraft_snake' ? 'border-cyan-500/10 
shadow-[inset_-1px_0_0_rgba(34,211,238,0.05)]' : 'border-white/8'
                }`}
              >
                {teamPanel}
              </aside>
            ) : null}
            <div
              className={`flex min-w-0 flex-1 flex-col overflow-hidden 
border-r bg-[#060d1e] ${
                surfaceVariant === 'redraft_snake' ? 'border-cyan-500/10' : 
'border-white/8'
              }`}
            >
              {centerMain}
            </div>
          </div>
          {bottomBar ? (
            <div className=\"relative shrink-0 border-t border-white/10 
bg-[#040915]\" data-testid=\"draft-premium-bottom-dock-wrap\">
              <div className=\"pointer-events-none absolute left-1/2 top-0 
z-20 -translate-x-1/2 -translate-y-1/2\">
                <button
                  type=\"button\"
                  onClick={() => persistBottomDock(!bottomDockExpanded)}
                  className=\"pointer-events-auto inline-flex h-8 w-8 
items-center justify-center rounded-full border border-white/15 bg-[#0a1228] 
text-white/80 shadow-lg shadow-black/40 transition hover:bg-white/10 
hover:text-white\"
                  aria-expanded={bottomDockExpanded}
                  aria-controls=\"draft-premium-bottom-dock\"
                  data-testid=\"draft-bottom-dock-toggle\"
                  title={bottomDockExpanded ? 
t('draftRoom.shell.hideBottomDock') : t('draftRoom.shell.showBottomDock')}
                >
                  {bottomDockExpanded ? <ChevronDown className=\"h-4 w-4\" /> 
: <ChevronUp className=\"h-4 w-4\" />}
                </button>
              </div>
              <div
                id=\"draft-premium-bottom-dock\"
                className={cn(
                  'flex w-full overflow-hidden transition-[max-height] 
duration-200 ease-out',
                  bottomDockExpanded ? 'max-h-[min(220px,30vh)]' : 'max-h-0',
                )}
                data-testid=\"draft-premium-bottom-dock\"
              >
                <div
                  className={cn(
                    'flex w-full min-h-0 overflow-hidden',
                    bottomDockExpanded ? 'h-[min(220px,30vh)] min-h-[140px]' : 
'h-0 min-h-0',
                  )}
                >
                  {bottomBar}
                </div>
              </div>
              {!bottomDockExpanded ? (
                <button
                  type=\"button\"
                  onClick={() => persistBottomDock(true)}
                  className=\"flex w-full items-center justify-center gap-2 
border-t border-white/8 bg-[#050c1d] py-2 text-[11px] font-medium 
text-cyan-100/90 hover:bg-white/5\"
                  data-testid=\"draft-bottom-dock-restore\"
                >
                  <ChevronUp className=\"h-3.5 w-3.5\" />
                  {t('draftRoom.shell.restoreBottomDock')}
                </button>
              ) : null}
            </div>
          ) : null}
        </div>
        </>
      ) : (
        <div className=\"hidden min-h-0 flex-1 flex-col overflow-hidden 
md:flex\" data-testid=\"draft-desktop-layout\">
          {auctionStrip && <div className=\"shrink-0 border-b border-white/8 
bg-[#060d1f]\">{auctionStrip}</div>}
          <div className=\"min-h-[200px] flex-[2] overflow-auto 
overscroll-contain [overflow-anchor:none] border-b border-white/8 
bg-[#050c1d]\">
            {draftBoard}
          </div>
          <div className=\"flex min-h-0 flex-1 overflow-hidden border-b 
border-white/8\">
            <div className=\"min-w-0 flex-[3] overflow-hidden border-r 
border-white/8\">{playerPanel}</div>
            <div className=\"min-w-0 flex-[2] 
overflow-hidden\">{queuePanel}</div>
          </div>
          <div className=\"min-h-0 w-full min-h-[min(28vh,360px)] flex-[1.5] 
overflow-hidden border-t border-white/8\">
            {chatPanel}
          </div>
        </div>
      )}

      {/* Mobile */}
      <div className=\"flex min-h-0 flex-1 flex-col overflow-hidden 
md:hidden\" data-testid=\"draft-mobile-layout\">
        {/*
          F.2 ΓÇö mobile pane uses `overflow-y-auto` (NOT `overflow-auto`) so 
wide
          children like the Sleeper player table and the snake draft board 
can't
          bleed horizontal scroll out to the whole page. Each individual wide
          panel wraps its own children in `overflow-x-auto` containers below.
        */}
        <div className=\"min-h-0 min-w-0 flex-1 overflow-y-auto 
overscroll-contain\">
          {mobileStickyBar && (
            <div className=\"sticky top-0 z-10 shrink-0 border-b 
border-white/10 bg-[#040915]/95 backdrop-blur-sm\">
              {mobileStickyBar}
            </div>
          )}
          {auctionStrip && mobileTab === 'board' && (
            <div className=\"shrink-0 border-b border-white/10 
bg-[#050c1d]\">{auctionStrip}</div>
          )}
          <div
            key={mobileTab}
            className=\"min-h-[220px] min-w-0 p-3 pb-16 text-sm 
transition-opacity duration-150 sm:p-3.5 sm:pb-16\"
            data-testid=\"draft-mobile-content\"
            data-active-tab={mobileTab}
          >
            {/* F.2 ΓÇö Board and Players are the only tabs whose internal 
content
                exceeds typical mobile widths (snake grid + 18-column table).
                Wrapping them in their own `overflow-x-auto min-w-0` container
                keeps the horizontal scroll INSIDE the tab pane. */}
            {mobileTab === 'board' && (
              <div
                className=\"min-w-0 overflow-x-auto overscroll-x-contain\"
                data-testid=\"draft-mobile-board-scroll\"
              >
                {draftBoard}
              </div>
            )}
            {mobileTab === 'players' && (
              <div
                className=\"min-w-0 overflow-x-auto overscroll-x-contain\"
                data-testid=\"draft-mobile-players-scroll\"
              >
                {playerPanel}
              </div>
            )}
            {mobileTab === 'queue' && queuePanel}
            {mobileTab === 'chat' && chatPanel}
            {helperPanel && mobileTab === 'helper' && helperPanel}
            {rosterPanel && mobileTab === 'roster' && rosterPanel}
            {keeperPanel && mobileTab === 'keepers' && keeperPanel}
          </div>
        </div>
        {secondaryMobileTabs.length > 0 ? (
          <div className=\"safe-area-bottom border-t border-white/10 
bg-[#060d1f]/95 px-2 py-1.5\">
            <div className=\"flex items-center gap-1 overflow-x-auto pb-0.5\">
              {secondaryMobileTabs.map(({ id, icon: Icon }) => {
                const label = t(MOBILE_TAB_I18N[id])
                return (
                  <button
                    key={id}
                    type=\"button\"
                    onClick={() => onMobileTabChange(id)}
                    data-testid={`draft-mobile-tab-${id}`}
                    className={`inline-flex min-h-[36px] shrink-0 
touch-manipulation items-center gap-1.5 rounded-full border px-2.5 text-[10px] 
font-medium transition active:scale-[0.98] ${
                      mobileTab === id
                        ? 'border-cyan-400/45 bg-cyan-500/15 text-cyan-100'
                        : 'border-white/15 bg-black/20 text-white/70'
                    }`}
                    aria-pressed={mobileTab === id}
                    aria-label={label}
                  >
                    <Icon className=\"h-3.5 w-3.5 shrink-0\" aria-hidden />
                    <span>{label}</span>
                  </button>
                )
              })}
            </div>
          </div>
        ) : null}
        <nav
          className=\"safe-area-bottom flex shrink-0 border-t 
border-cyan-400/20 bg-[#070f21]/95\"
          aria-label={t('draftRoom.shell.aria.draftSections')}
        >
          {primaryMobileTabs.map(({ id, icon: Icon }) => {
            const label = t(MOBILE_TAB_I18N[id])
            return (
              <button
                key={id}
                type=\"button\"
                onClick={() => onMobileTabChange(id)}
                data-testid={`draft-mobile-tab-${id}`}
                className={`flex min-h-[48px] flex-1 touch-manipulation 
flex-col items-center justify-center gap-0.5 py-2 text-[11px] 
active:scale-[0.98] ${
                  mobileTab === id
                    ? 'bg-cyan-500/12 text-cyan-100 
shadow-[inset_0_1px_0_rgba(34,211,238,0.2)]'
                    : 'text-white/65 hover:text-white/85'
                }`}
                aria-pressed={mobileTab === id}
                aria-label={label}
              >
                <Icon className=\"h-5 w-5 shrink-0\" aria-hidden />
                <span>{label}</span>
              </button>
            )
          })}
        </nav>
      </div>
    </div>
  )
}
"

[36m [2mΓ¥»[22m 
__tests__/draft/d6-2-board-proportions-and-clock.test.ts:[2m29:17[22m[39m
    [90m 27|[39m
    [90m 28|[39m   it('collapsed board zone uses flex-1 + max-h-[unset] so 
it fills theΓÇª
    [90m 29|[39m     expect(src).toMatch(/bottomDockExpanded \? 
'max-h-\[min\(52vh,640pΓÇª
    [90m   |[39m                 [31m^[39m
    [90m 30|[39m   })
    [90m 31|[39m

[31m[2mΓÄ»ΓÄ»ΓÄ»ΓÄ»ΓÄ»ΓÄ»ΓÄ»ΓÄ»ΓÄ»ΓÄ»ΓÄ»ΓÄ»ΓÄ»ΓÄ»ΓÄ»ΓÄ»ΓÄ»ΓÄ»ΓÄ»ΓÄ»ΓÄ»ΓÄ»[14/
24]ΓÄ»[22m[39m

[41m[1m FAIL [22m[49m 
__tests__/draft/d6-2-board-proportions-and-clock.test.ts[2m > [22mD.6.2 ΓÇö 
board zone proportions + dock collapse toggle (DraftRoomShell)[2m > 
[22mmain-zones container hides entirely when collapsed (so board fills the 
area)
[31m[1mAssertionError[22m: expected '\'use client\'\r\n\r\nimport { type 
RΓÇª' to match /bottomDockExpanded \? 'flex-1' : 'hidΓÇª/[39m

[32m- Expected:[39m
/bottomDockExpanded \? 'flex-1' : 'hidden'/

[31m+ Received:[39m
"'use client'

import { type ReactNode, useCallback, useEffect, useState } from 'react'
import { ChevronDown, ChevronUp, LayoutGrid, MessageCircle, ListOrdered, User, 
Sparkles, Users, Shield } from 'lucide-react'
import { useLanguage } from '@/components/i18n/LanguageProviderClient'
import { cn } from '@/lib/utils'

const BOTTOM_DOCK_PREF_KEY = 'af:draft-premium-bottom-dock-expanded'

export type MobileDraftTab = 'board' | 'players' | 'queue' | 'helper' | 
'roster' | 'keepers' | 'chat'

export type DraftRoomShellProps = {
  /** Premium ambient gradient for `/draft/[id]/snake` redraft room. */
  surfaceVariant?: 'default' | 'redraft_snake'
  topBar: ReactNode
  managerStrip: ReactNode
  auctionStrip?: ReactNode
  draftBoard: ReactNode
  playerPanel: ReactNode
  queuePanel: ReactNode
  chatPanel: ReactNode
  helperPanel?: ReactNode
  rosterPanel?: ReactNode
  keeperPanel?: ReactNode
  mobileStickyBar?: ReactNode
  mobileTab: MobileDraftTab
  onMobileTabChange: (tab: MobileDraftTab) => void
  /**
   * Premium layout: top board, left team, center column (often pool + 
auxiliary tabs).
   * Optional bottom dock when `bottomBar` is provided.
   */
  layout?: 'classic' | 'premium'
  /** Left column ΓÇö your team / AI badges (desktop premium) */
  teamPanel?: ReactNode
  /** Center column ΓÇö usually player pool + queue stacked */
  centerColumn?: ReactNode
  /** Bottom dock ΓÇö optional secondary strip below the main zones (desktop 
premium). */
  bottomBar?: ReactNode
}

const MOBILE_TAB_I18N: Record<MobileDraftTab, string> = {
  board: 'draftRoom.shell.mobile.board',
  players: 'draftRoom.shell.mobile.players',
  queue: 'draftRoom.shell.mobile.queue',
  helper: 'draftRoom.shell.mobile.ai',
  roster: 'draftRoom.shell.mobile.roster',
  keepers: 'draftRoom.shell.mobile.keepers',
  chat: 'draftRoom.shell.mobile.chat',
}

const MOBILE_TABS = [
  { id: 'board' as const, icon: LayoutGrid },
  { id: 'players' as const, icon: User },
  { id: 'chat' as const, icon: MessageCircle },
  { id: 'queue' as const, icon: ListOrdered },
  { id: 'helper' as const, icon: Sparkles },
  { id: 'roster' as const, icon: Users },
  { id: 'keepers' as const, icon: Shield },
]

export function DraftRoomShell({
  surfaceVariant = 'default',
  topBar,
  managerStrip,
  draftBoard,
  playerPanel,
  queuePanel,
  chatPanel,
  helperPanel,
  rosterPanel,
  keeperPanel,
  mobileStickyBar,
  auctionStrip,
  mobileTab,
  onMobileTabChange,
  layout = 'classic',
  teamPanel,
  centerColumn,
  bottomBar,
}: DraftRoomShellProps) {
  const { t } = useLanguage()
  const [bottomDockExpanded, setBottomDockExpanded] = useState(true)

  useEffect(() => {
    try {
      const v = window.localStorage.getItem(BOTTOM_DOCK_PREF_KEY)
      if (v === '0') setBottomDockExpanded(false)
    } catch {
      /* ignore */
    }
  }, [])

  const persistBottomDock = useCallback((expanded: boolean) => {
    setBottomDockExpanded(expanded)
    try {
      window.localStorage.setItem(BOTTOM_DOCK_PREF_KEY, expanded ? '1' : '0')
    } catch {
      /* ignore */
    }
  }, [])

  const visibleTabs = MOBILE_TABS.filter(
    (tab) =>
      (tab.id !== 'helper' || helperPanel) &&
      (tab.id !== 'roster' || rosterPanel) &&
      (tab.id !== 'keepers' || keeperPanel)
  )
  const primaryMobileTabs = visibleTabs.filter((tab) => tab.id === 'board' || 
tab.id === 'players' || tab.id === 'chat')
  const secondaryMobileTabs = visibleTabs.filter((tab) => tab.id !== 'board' 
&& tab.id !== 'players' && tab.id !== 'chat')

  /**
   * D.6 ΓÇö when `layout='premium'` is set, we render the premium grid even if
   * `teamPanel` is null. The previous behavior required `teamPanel` to be
   * truthy, which was fine while the War Room lived in the left aside; D.6
   * moves the War Room into a floating popup, so the left aside collapses
   * and the centerColumn takes the full width.
   */
  const premiumDesktop = layout === 'premium' && Boolean(centerColumn)
  const centerMain = centerColumn ?? (
    <>
      <div className=\"min-h-0 flex-[3] overflow-hidden\">{playerPanel}</div>
      <div className=\"min-h-[200px] flex-[2] overflow-auto border-t 
border-white/8 md:min-h-[220px]\">{queuePanel}</div>
    </>
  )

  const surfaceClass =
    surfaceVariant === 'redraft_snake'
      ? 'flex h-full min-h-[100dvh] flex-col bg-gradient-to-b from-[#0d1530] 
via-[#0b1224] to-[#070b18] text-white 
shadow-[inset_0_1px_0_rgba(125,211,252,0.06)]'
      : 'flex h-full min-h-[100dvh] flex-col bg-[#0b1020] text-white'

  return (
    <div className={surfaceClass} data-testid=\"draft-room-shell\">
      {topBar}
      {managerStrip}

      {/* Desktop ΓÇö premium 4-zone + bottom dock */}
      {premiumDesktop ? (
        <>
          {/*
            Both desktop layout branches use the same `draft-desktop-layout`
            testid so e2e tests (draft-room, auction, c2c, devy, 
cpu-ai-drafter,
            draft-asset-pipeline, draft-import) can scope 
`.getByTestId('draft-board')`
            inside it regardless of which variant the parent picks. The premium
            variant is picked when layout=\"premium\" plus teamPanel and 
centerColumn
            are provided ΓÇö otherwise we fall through to the legacy 2-row 
layout below.
          */}
          <div className=\"hidden min-h-0 flex-1 flex-col overflow-hidden 
md:flex\" data-testid=\"draft-desktop-layout\">
          {auctionStrip && (
            <div className=\"shrink-0 border-b border-white/8 
bg-[#060d1f]\">{auctionStrip}</div>
          )}
          {/* D.6.2 ΓÇö board zone grows when the bottom dock is collapsed.
              Expanded:  ~52vh cap so dock has ~48vh; matches Sleeper 
proportions.
              Collapsed: flex-1 ΓÇö board fills the entire screen below the 
top bar. */}
          <div
            className={cn(
              'min-h-[240px] overflow-auto overscroll-contain 
[overflow-anchor:none] border-b',
              bottomDockExpanded ? 'flex-1 basis-0' : 'flex-1',
              surfaceVariant === 'redraft_snake'
                ? 'border-cyan-500/15 
bg-[linear-gradient(180deg,rgba(8,18,36,0.98),rgba(4,9,17,0.99))] 
shadow-[inset_0_-1px_0_rgba(34,211,238,0.06)]'
                : 'border-white/8 bg-[#050c1d]',
            )}
            data-testid=\"draft-premium-board-zone\"
            data-dock-expanded={bottomDockExpanded ? 'true' : 'false'}
          >
            {draftBoard}
          </div>
          {/* D.6.2 ΓÇö collapse arrow toggle between the board and the dock.
              Two stacked chevrons that flip direction based on state. Click 
ΓåÆ toggle. */}
          <div className=\"relative shrink-0\">
            <button
              type=\"button\"
              onClick={() => persistBottomDock(!bottomDockExpanded)}
              data-testid=\"draft-dock-collapse-toggle\"
              data-expanded={bottomDockExpanded ? 'true' : 'false'}
              aria-expanded={bottomDockExpanded}
              aria-label={bottomDockExpanded ? 'Collapse bottom dock' : 
'Expand bottom dock'}
              title={bottomDockExpanded ? 'Collapse bottom dock' : 'Expand 
bottom dock'}
              className=\"absolute left-1/2 top-0 z-20 inline-flex h-8 w-12 
-translate-x-1/2 -translate-y-1/2 flex-col items-center justify-center 
rounded-full border border-white/15 bg-[#0a1228] text-white/85 
shadow-[0_8px_22px_rgba(0,0,0,0.45)] transition hover:border-cyan-400/35 
hover:text-cyan-100 focus-visible:outline-none focus-visible:ring-2 
focus-visible:ring-cyan-400/40\"
            >
              <ChevronUp className={cn('h-3 w-3', bottomDockExpanded ? 
'opacity-90' : 'opacity-30')} />
              <ChevronDown className={cn('h-3 w-3 -mt-0.5', bottomDockExpanded 
? 'opacity-30' : 'opacity-90')} />
            </button>
          </div>
          <div
            className={cn(
              'flex min-h-[240px] overflow-hidden',
              bottomDockExpanded ? 'flex-1 basis-0' : 'hidden',
            )}
            data-testid=\"draft-premium-main-zones\"
            data-dock-expanded={bottomDockExpanded ? 'true' : 'false'}
          >
            {teamPanel ? (
              <aside
                data-testid=\"draft-premium-team-aside\"
                className={`w-[min(280px,22vw)] shrink-0 overflow-y-auto 
border-r bg-[#050c1d] ${
                  surfaceVariant === 'redraft_snake' ? 'border-cyan-500/10 
shadow-[inset_-1px_0_0_rgba(34,211,238,0.05)]' : 'border-white/8'
                }`}
              >
                {teamPanel}
              </aside>
            ) : null}
            <div
              className={`flex min-w-0 flex-1 flex-col overflow-hidden 
border-r bg-[#060d1e] ${
                surfaceVariant === 'redraft_snake' ? 'border-cyan-500/10' : 
'border-white/8'
              }`}
            >
              {centerMain}
            </div>
          </div>
          {bottomBar ? (
            <div className=\"relative shrink-0 border-t border-white/10 
bg-[#040915]\" data-testid=\"draft-premium-bottom-dock-wrap\">
              <div className=\"pointer-events-none absolute left-1/2 top-0 
z-20 -translate-x-1/2 -translate-y-1/2\">
                <button
                  type=\"button\"
                  onClick={() => persistBottomDock(!bottomDockExpanded)}
                  className=\"pointer-events-auto inline-flex h-8 w-8 
items-center justify-center rounded-full border border-white/15 bg-[#0a1228] 
text-white/80 shadow-lg shadow-black/40 transition hover:bg-white/10 
hover:text-white\"
                  aria-expanded={bottomDockExpanded}
                  aria-controls=\"draft-premium-bottom-dock\"
                  data-testid=\"draft-bottom-dock-toggle\"
                  title={bottomDockExpanded ? 
t('draftRoom.shell.hideBottomDock') : t('draftRoom.shell.showBottomDock')}
                >
                  {bottomDockExpanded ? <ChevronDown className=\"h-4 w-4\" /> 
: <ChevronUp className=\"h-4 w-4\" />}
                </button>
              </div>
              <div
                id=\"draft-premium-bottom-dock\"
                className={cn(
                  'flex w-full overflow-hidden transition-[max-height] 
duration-200 ease-out',
                  bottomDockExpanded ? 'max-h-[min(220px,30vh)]' : 'max-h-0',
                )}
                data-testid=\"draft-premium-bottom-dock\"
              >
                <div
                  className={cn(
                    'flex w-full min-h-0 overflow-hidden',
                    bottomDockExpanded ? 'h-[min(220px,30vh)] min-h-[140px]' : 
'h-0 min-h-0',
                  )}
                >
                  {bottomBar}
                </div>
              </div>
              {!bottomDockExpanded ? (
                <button
                  type=\"button\"
                  onClick={() => persistBottomDock(true)}
                  className=\"flex w-full items-center justify-center gap-2 
border-t border-white/8 bg-[#050c1d] py-2 text-[11px] font-medium 
text-cyan-100/90 hover:bg-white/5\"
                  data-testid=\"draft-bottom-dock-restore\"
                >
                  <ChevronUp className=\"h-3.5 w-3.5\" />
                  {t('draftRoom.shell.restoreBottomDock')}
                </button>
              ) : null}
            </div>
          ) : null}
        </div>
        </>
      ) : (
        <div className=\"hidden min-h-0 flex-1 flex-col overflow-hidden 
md:flex\" data-testid=\"draft-desktop-layout\">
          {auctionStrip && <div className=\"shrink-0 border-b border-white/8 
bg-[#060d1f]\">{auctionStrip}</div>}
          <div className=\"min-h-[200px] flex-[2] overflow-auto 
overscroll-contain [overflow-anchor:none] border-b border-white/8 
bg-[#050c1d]\">
            {draftBoard}
          </div>
          <div className=\"flex min-h-0 flex-1 overflow-hidden border-b 
border-white/8\">
            <div className=\"min-w-0 flex-[3] overflow-hidden border-r 
border-white/8\">{playerPanel}</div>
            <div className=\"min-w-0 flex-[2] 
overflow-hidden\">{queuePanel}</div>
          </div>
          <div className=\"min-h-0 w-full min-h-[min(28vh,360px)] flex-[1.5] 
overflow-hidden border-t border-white/8\">
            {chatPanel}
          </div>
        </div>
      )}

      {/* Mobile */}
      <div className=\"flex min-h-0 flex-1 flex-col overflow-hidden 
md:hidden\" data-testid=\"draft-mobile-layout\">
        {/*
          F.2 ΓÇö mobile pane uses `overflow-y-auto` (NOT `overflow-auto`) so 
wide
          children like the Sleeper player table and the snake draft board 
can't
          bleed horizontal scroll out to the whole page. Each individual wide
          panel wraps its own children in `overflow-x-auto` containers below.
        */}
        <div className=\"min-h-0 min-w-0 flex-1 overflow-y-auto 
overscroll-contain\">
          {mobileStickyBar && (
            <div className=\"sticky top-0 z-10 shrink-0 border-b 
border-white/10 bg-[#040915]/95 backdrop-blur-sm\">
              {mobileStickyBar}
            </div>
          )}
          {auctionStrip && mobileTab === 'board' && (
            <div className=\"shrink-0 border-b border-white/10 
bg-[#050c1d]\">{auctionStrip}</div>
          )}
          <div
            key={mobileTab}
            className=\"min-h-[220px] min-w-0 p-3 pb-16 text-sm 
transition-opacity duration-150 sm:p-3.5 sm:pb-16\"
            data-testid=\"draft-mobile-content\"
            data-active-tab={mobileTab}
          >
            {/* F.2 ΓÇö Board and Players are the only tabs whose internal 
content
                exceeds typical mobile widths (snake grid + 18-column table).
                Wrapping them in their own `overflow-x-auto min-w-0` container
                keeps the horizontal scroll INSIDE the tab pane. */}
            {mobileTab === 'board' && (
              <div
                className=\"min-w-0 overflow-x-auto overscroll-x-contain\"
                data-testid=\"draft-mobile-board-scroll\"
              >
                {draftBoard}
              </div>
            )}
            {mobileTab === 'players' && (
              <div
                className=\"min-w-0 overflow-x-auto overscroll-x-contain\"
                data-testid=\"draft-mobile-players-scroll\"
              >
                {playerPanel}
              </div>
            )}
            {mobileTab === 'queue' && queuePanel}
            {mobileTab === 'chat' && chatPanel}
            {helperPanel && mobileTab === 'helper' && helperPanel}
            {rosterPanel && mobileTab === 'roster' && rosterPanel}
            {keeperPanel && mobileTab === 'keepers' && keeperPanel}
          </div>
        </div>
        {secondaryMobileTabs.length > 0 ? (
          <div className=\"safe-area-bottom border-t border-white/10 
bg-[#060d1f]/95 px-2 py-1.5\">
            <div className=\"flex items-center gap-1 overflow-x-auto pb-0.5\">
              {secondaryMobileTabs.map(({ id, icon: Icon }) => {
                const label = t(MOBILE_TAB_I18N[id])
                return (
                  <button
                    key={id}
                    type=\"button\"
                    onClick={() => onMobileTabChange(id)}
                    data-testid={`draft-mobile-tab-${id}`}
                    className={`inline-flex min-h-[36px] shrink-0 
touch-manipulation items-center gap-1.5 rounded-full border px-2.5 text-[10px] 
font-medium transition active:scale-[0.98] ${
                      mobileTab === id
                        ? 'border-cyan-400/45 bg-cyan-500/15 text-cyan-100'
                        : 'border-white/15 bg-black/20 text-white/70'
                    }`}
                    aria-pressed={mobileTab === id}
                    aria-label={label}
                  >
                    <Icon className=\"h-3.5 w-3.5 shrink-0\" aria-hidden />
                    <span>{label}</span>
                  </button>
                )
              })}
            </div>
          </div>
        ) : null}
        <nav
          className=\"safe-area-bottom flex shrink-0 border-t 
border-cyan-400/20 bg-[#070f21]/95\"
          aria-label={t('draftRoom.shell.aria.draftSections')}
        >
          {primaryMobileTabs.map(({ id, icon: Icon }) => {
            const label = t(MOBILE_TAB_I18N[id])
            return (
              <button
                key={id}
                type=\"button\"
                onClick={() => onMobileTabChange(id)}
                data-testid={`draft-mobile-tab-${id}`}
                className={`flex min-h-[48px] flex-1 touch-manipulation 
flex-col items-center justify-center gap-0.5 py-2 text-[11px] 
active:scale-[0.98] ${
                  mobileTab === id
                    ? 'bg-cyan-500/12 text-cyan-100 
shadow-[inset_0_1px_0_rgba(34,211,238,0.2)]'
                    : 'text-white/65 hover:text-white/85'
                }`}
                aria-pressed={mobileTab === id}
                aria-label={label}
              >
                <Icon className=\"h-5 w-5 shrink-0\" aria-hidden />
                <span>{label}</span>
              </button>
            )
          })}
        </nav>
      </div>
    </div>
  )
}
"

[36m [2mΓ¥»[22m 
__tests__/draft/d6-2-board-proportions-and-clock.test.ts:[2m44:17[22m[39m
    [90m 42|[39m
    [90m 43|[39m   it('main-zones container hides entirely when collapsed 
(so board filΓÇª
    [90m 44|[39m     
[34mexpect[39m(src)[33m.[39m[34mtoMatch[39m([36m/bottomDockExpanded \? 
'flex-1' : 'hidden'/[39m)
    [90m   |[39m                 [31m^[39m
    [90m 45|[39m   })
    [90m 46|[39m

[31m[2mΓÄ»ΓÄ»ΓÄ»ΓÄ»ΓÄ»ΓÄ»ΓÄ»ΓÄ»ΓÄ»ΓÄ»ΓÄ»ΓÄ»ΓÄ»ΓÄ»ΓÄ»ΓÄ»ΓÄ»ΓÄ»ΓÄ»ΓÄ»ΓÄ»ΓÄ»[15/
24]ΓÄ»[22m[39m

[41m[1m FAIL [22m[49m __tests__/draft/d6-bottom-dock-layout.test.ts[2m > 
[22mD.6 ΓÇö WarRoomPopup component[2m > [22mrenders a fixed bottom-right 
trigger button with AF crest
[31m[1mAssertionError[22m: expected '\'use client\'\r\n\r\n/**\r\n * D.6 
ΓÇöΓÇª' to match /fixed bottom-4 right-4/[39m

[32m- Expected:[39m
/fixed bottom-4 right-4/

[31m+ Received:[39m
"'use client'

/**
 * D.6 ΓÇö War Room as a Sleeper-style floating popup (bottom-right) instead of
 * a fixed left column. Replaces the legacy `teamPanel` aside placement.
 *
 * Behavior:
 *   - Closed: renders a small circular button bottom-right with the AF crest +
 *     optional notification badge dot when AI/War Room has fresh 
recommendations.
 *   - Open (desktop): renders a docked panel anchored to the bottom-right 
corner,
 *     ~360px wide ├ù ~520px tall, with the existing DraftTeamPanel content 
inside.
 *   - Open (mobile): renders as a bottom sheet covering the lower 80% of the
 *     viewport so the player table stays visible above.
 *   - Click outside closes; ESC closes; click again on the trigger toggles.
 *
 * Notification badge logic is a pure prop (`hasNewIntel`). The parent decides
 * when to set it (e.g. when an AI recommendation arrives) and clears it on 
open.
 */

import { useEffect, useRef, useState, type ReactNode } from 'react'
import { X } from 'lucide-react'

export interface WarRoomPopupProps {
  /** Content to render inside the popup body ΓÇö typically <DraftTeamPanel /> 
+ recommendations. */
  children: ReactNode
  /** When true, the trigger button shows a pulsing amber dot (Sleeper-style 
notification). */
  hasNewIntel?: boolean
  /** Optional label used by screen readers + tooltip. */
  triggerLabel?: string
  /** When true, the popup mounts open at first paint (used for smoke / e2e). 
*/
  defaultOpen?: boolean
  /** Test id base ΓÇö defaults to 'war-room-popup'. */
  testIdBase?: string
  /**
   * Anchor for the floating trigger + desktop panel so we do not stack on the 
queue rail (right).
   * Defaults to bottom-right (legacy Sleeper-style).
   */
  triggerPosition?: 'bottom-right' | 'bottom-left'
}

const POPUP_OPEN_PREF_KEY = 'af:draft-warroom-popup-open'

export function WarRoomPopup({
  children,
  hasNewIntel = false,
  triggerLabel = 'War Room',
  defaultOpen = false,
  testIdBase = 'war-room-popup',
  triggerPosition = 'bottom-right',
}: WarRoomPopupProps) {
  const [open, setOpen] = useState(defaultOpen)
  const [acknowledgedIntel, setAcknowledgedIntel] = useState(false)
  const panelRef = useRef<HTMLDivElement | null>(null)
  const triggerRef = useRef<HTMLButtonElement | null>(null)

  // Persist open state across reloads.
  useEffect(() => {
    try {
      const v = window.localStorage.getItem(POPUP_OPEN_PREF_KEY)
      if (v === '1') setOpen(true)
    } catch {
      /* ignore */
    }
  }, [])

  useEffect(() => {
    try {
      window.localStorage.setItem(POPUP_OPEN_PREF_KEY, open ? '1' : '0')
    } catch {
      /* ignore */
    }
    if (open) setAcknowledgedIntel(true)
  }, [open])

  // Click-outside closes.
  useEffect(() => {
    if (!open) return
    const onDocClick = (e: MouseEvent) => {
      const target = e.target as Node | null
      if (!target) return
      if (panelRef.current?.contains(target)) return
      if (triggerRef.current?.contains(target)) return
      setOpen(false)
    }
    const onKey = (e: KeyboardEvent) => {
      if (e.key === 'Escape') setOpen(false)
    }
    document.addEventListener('mousedown', onDocClick)
    document.addEventListener('keydown', onKey)
    return () => {
      document.removeEventListener('mousedown', onDocClick)
      document.removeEventListener('keydown', onKey)
    }
  }, [open])

  const showBadge = hasNewIntel && !acknowledgedIntel && !open

  const triggerCorner =
    triggerPosition === 'bottom-left'
      ? 'bottom-4 left-4'
      : 'bottom-4 right-4'
  const panelCorner =
    triggerPosition === 'bottom-left'
      ? 'sm:bottom-20 sm:left-4 sm:right-auto'
      : 'sm:bottom-20 sm:right-4 sm:left-auto'

  return (
    <>
      {/* Trigger button ΓÇö fixed corner. Sized at 56px (touch-friendly). */}
      <button
        ref={triggerRef}
        type=\"button\"
        onClick={() => setOpen((v) => !v)}
        aria-expanded={open}
        aria-label={open ? `Close ${triggerLabel}` : `Open ${triggerLabel}`}
        title={triggerLabel}
        data-testid={`${testIdBase}-trigger`}
        data-trigger-position={triggerPosition}
        data-open={open ? 'true' : 'false'}
        data-has-new-intel={showBadge ? 'true' : 'false'}
        className={`fixed ${triggerCorner} z-[60] inline-flex h-11 w-11 
sm:h-14 sm:w-14 items-center justify-center rounded-full border-2 shadow-2xl 
shadow-black/50 transition active:scale-95 focus-visible:outline-none 
focus-visible:ring-2 focus-visible:ring-cyan-400/60 ${
          open
            ? 'border-cyan-400/55 bg-gradient-to-br from-cyan-500/30 
to-violet-600/25 text-cyan-50'
            : 'border-white/20 
bg-[linear-gradient(150deg,#0a1228_0%,#101a34_100%)] text-white/85 
hover:border-cyan-400/35 hover:text-cyan-100'
        }`}
      >
        {/* AF crest ΓÇö simple wordmark; replace with logo image when assets 
land. */}
        <span className=\"text-[11px] font-extrabold 
tracking-tighter\">AF</span>
        {/* Notification badge ΓÇö pulsing amber dot when fresh intel is 
waiting. */}
        {showBadge ? (
          <span
            aria-hidden
            data-testid={`${testIdBase}-badge`}
            className=\"absolute -right-0.5 -top-0.5 inline-flex h-3.5 w-3.5 
items-center justify-center\"
          >
            <span className=\"absolute inline-flex h-full w-full animate-ping 
rounded-full bg-amber-300/70\" />
            <span className=\"relative inline-flex h-3 w-3 rounded-full 
bg-amber-300 ring-2 ring-[#040915]\" />
          </span>
        ) : null}
      </button>

      {/* Popup panel ΓÇö fixed, anchored bottom-right on desktop; bottom 
sheet on mobile. */}
      {open ? (
        <div
          ref={panelRef}
          role=\"dialog\"
          aria-label={triggerLabel}
          data-testid={testIdBase}
          className={`fixed inset-x-0 bottom-0 z-[55] flex h-[80vh] flex-col 
overflow-hidden border-t border-cyan-400/20 
bg-[linear-gradient(180deg,#0a1228_0%,#060f20_100%)] shadow-2xl 
shadow-black/60 sm:inset-x-auto sm:h-[min(560px,80vh)] 
sm:w-[min(380px,calc(100vw-2rem))] sm:rounded-xl sm:border ${panelCorner}`}
        >
          <header className=\"flex shrink-0 items-center justify-between gap-2 
border-b border-cyan-400/15 
bg-[linear-gradient(90deg,rgba(8,18,40,0.95),rgba(6,14,30,0.92))] px-3 py-2\">
            <div className=\"flex items-center gap-2\">
              <span className=\"inline-flex h-7 w-7 items-center 
justify-center rounded-md border border-cyan-400/35 bg-gradient-to-br 
from-cyan-500/25 to-violet-600/20 text-[10px] font-extrabold text-cyan-50\">
                AF
              </span>
              <div className=\"flex flex-col leading-tight\">
                <span className=\"text-[12px] font-semibold uppercase 
tracking-[0.18em] text-white/90\">
                  {triggerLabel}
                </span>
                <span className=\"text-[9px] font-medium uppercase 
tracking-[0.14em] text-cyan-200/70\">Command Center</span>
              </div>
            </div>
            <button
              type=\"button\"
              onClick={() => setOpen(false)}
              aria-label={`Close ${triggerLabel}`}
              data-testid={`${testIdBase}-close`}
              className=\"inline-flex h-8 w-8 items-center justify-center 
rounded-md border border-white/10 bg-black/30 text-white/70 
hover:border-white/25 hover:text-white\"
            >
              <X className=\"h-4 w-4\" />
            </button>
          </header>
          <div
            data-testid={`${testIdBase}-body`}
            className=\"min-h-0 flex-1 overflow-y-auto\"
          >
            {children}
          </div>
        </div>
      ) : null}
    </>
  )
}
"

[36m [2mΓ¥»[22m 
__tests__/draft/d6-bottom-dock-layout.test.ts:[2m210:17[22m[39m
    [90m208|[39m
    [90m209|[39m   it('renders a fixed bottom-right trigger button with AF 
crest', () =ΓÇª
    [90m210|[39m     
[34mexpect[39m(src)[33m.[39m[34mtoMatch[39m([36m/fixed bottom-4 
right-4/[39m)
    [90m   |[39m                 [31m^[39m
    [90m211|[39m     
[34mexpect[39m(src)[33m.[39m[34mtoMatch[39m([36m/AF/[39m)
    [90m212|[39m     [34mexpect[39m(src)[33m.[39m[34mtoMatch[39m([36m/
data-testid=\{`\$\{testIdBase\}-trigger`\}/[39m)

[31m[2mΓÄ»ΓÄ»ΓÄ»ΓÄ»ΓÄ»ΓÄ»ΓÄ»ΓÄ»ΓÄ»ΓÄ»ΓÄ»ΓÄ»ΓÄ»ΓÄ»ΓÄ»ΓÄ»ΓÄ»ΓÄ»ΓÄ»ΓÄ»ΓÄ»ΓÄ»[16/
24]ΓÄ»[22m[39m

[41m[1m FAIL [22m[49m __tests__/draft/d6-bottom-dock-layout.test.ts[2m > 
[22mD.6 ΓÇö DraftRoomPageClient wires the new layout end-to-end[2m > 
[22mrenders WarRoomPopup as a sibling to DraftRoomShell with the existing 
DraftTeamPanel inside
[31m[1mAssertionError[22m: expected '\'use client\'\r\n\r\nimport { 
useStaΓÇª' to match /<WarRoomPopup hasNewIntel=\{warRoomHaΓÇª/[39m

[32m- Expected:[39m
/<WarRoomPopup hasNewIntel=\{warRoomHasNewIntel\}/

[31m+ Received:[39m
"'use client'

import { useState, useCallback, useEffect, useRef, useMemo } from 'react'
import {
  isAllFantasyAdpEnabled,
  resolveAllFantasyAdpDraftMode,
  buildAllFantasyAdpUrl,
} from '@/lib/adp/allFantasyAdpFlag'
import { useSession } from 'next-auth/react'
import Link from 'next/link'
import dynamic from 'next/dynamic'
import { DraftRoomShell, type MobileDraftTab } from 
'@/components/app/draft-room/DraftRoomShell'
import { DraftTopBar } from '@/components/app/draft-room/DraftTopBar'
import { DraftRoomSettingsModal } from 
'@/components/app/draft-room/DraftRoomSettingsModal'
import { DraftBoard } from '@/components/app/draft-room/DraftBoard'
import { DraftTeamStrip, type DraftTeamStripTeamMeta } from 
'@/components/app/draft-room/DraftTeamStrip'
import { PickTradeHistoryModal } from 
'@/components/app/draft-room/PickTradeHistoryModal'
import { useEntitlements } from '@/hooks/useEntitlements'
import { useTokenBalance } from '@/hooks/useTokenBalance'
import { SportAwareDraftRoom } from 
'@/components/app/draft-room/SportAwareDraftRoom'
import { QueuePanel } from '@/components/app/draft-room/QueuePanel'
import { DraftIntelQueuePanel } from 
'@/components/app/draft-room/DraftIntelQueuePanel'
import { DraftChatPanel, type DraftChatMessage } from 
'@/components/app/draft-room/DraftChatPanel'
import { DraftChatDock } from '@/components/app/draft-room/DraftChatDock'
import { DraftHelperPanel } from '@/components/app/draft-room/DraftHelperPanel'
import { DraftHelperFloatingBubble } from 
'@/components/app/draft-room/DraftHelperFloatingBubble'
import { DraftHelperFloatingWindow } from 
'@/components/app/draft-room/DraftHelperFloatingWindow'
import { DraftHelperCopilot } from 
'@/components/app/draft-room/DraftHelperCopilot'
import { DraftHelperIntelligence } from 
'@/components/app/draft-room/DraftHelperIntelligence'
import { calculateDraftHelperBadgeCount, hasDraftHelperContent } from 
'@/lib/draft-helper/calculateBadgeCount'
import { useDraftHelperFloatingState } from 
'@/hooks/useDraftHelperFloatingState'
import { DraftTeamPanel } from '@/components/app/draft-room/DraftTeamPanel'
import { WarRoomPopup } from '@/components/app/draft-room/WarRoomPopup'
import { DraftRightDockTabs } from 
'@/components/app/draft-room/DraftRightDockTabs'
import {
  ResultsRosterPanel,
  type ResultsRosterPanelTeam,
  type ResultsRosterPanelPick,
} from '@/components/app/draft-room/ResultsRosterPanel'
import { DraftRosterStrip } from '@/components/app/draft-room/DraftRosterStrip'
import { DraftRoundOneAnnouncementOverlay } from 
'@/components/app/draft-room/DraftRoundOneAnnouncementOverlay'
import type { PlayerEntry } from '@/components/app/draft-room/PlayerPanel'
import type { RoundOneAnnouncementQueueItem } from 
'@/lib/draft-room/resolvePickAnnouncementAssets'
import { resolvePickAnnouncementAssets } from 
'@/lib/draft-room/resolvePickAnnouncementAssets'
import type { DraftWarRoomSnapshot } from '@/components/draft/ai/DraftWarRoom'
import { LiveDraftStatusColumn } from 
'@/components/draft/live/LiveDraftStatusColumn'

const DraftPickTradePanel = dynamic(() => 
import('@/components/app/draft-room/DraftPickTradePanel'), { ssr: false })
const CommissionerControlCenterModal = dynamic(
  () => import('@/components/app/draft-room/CommissionerControlCenterModal'),
  { ssr: false }
)
const PostDraftView = dynamic(() => 
import('@/components/app/draft-room/PostDraftView'), { ssr: false })
const AuctionSpotlightPanel = dynamic(() => 
import('@/components/app/draft-room/AuctionSpotlightPanel'), { ssr: false })
const KeeperPanel = dynamic(() => 
import('@/components/app/draft-room/KeeperPanel'), { ssr: false })
const PreDraftWizard = dynamic(
  () => import('@/components/commissioner/PreDraftWizard').then((m) => 
m.PreDraftWizard),
  { ssr: false },
)
import type { DraftSessionSnapshot, QueueEntry } from 
'@/lib/live-draft-engine/types'
import {
  buildDraftRoomCoreState,
  resolveEffectiveCurrentPick,
  isPickCommitAllowed,
  isPickCommitAllowedByName,
} from '@/lib/live-draft-engine'
import { getUpcomingPickOwners } from 
'@/lib/live-draft-engine/DraftOrderService'
import type { DraftIntelState, DraftIntelQueueEntry } from 
'@/lib/draft-intelligence'
import type { DraftUISettings } from 
'@/lib/draft-defaults/DraftUISettingsResolver'
import { normalizeDraftQueueSizeLimit, trimDraftQueue } from 
'@/lib/draft-defaults/DraftQueueLimitResolver'
import type { NormalizedDraftEntry } from '@/lib/draft-sports-models/types'
import {
  buildAiAdpLookupMaps,
  expandAiAdpKeysForLookup,
  lookupAiAdpMatch,
} from '@/lib/draft-room/ai-adp-lookup'
import { buildDraftSummaryForAI, buildLiveDraftBrainPayload, canAddToQueue, 
getDefaultRosterSlotsForSport } from '@/lib/draft-room'
import { computeTeamNeeds, detectByeWeekClusters } from 
'@/lib/draft-room/teamNeeds'
import type { LiveDraftBrainEnvelope } from '@/lib/live-draft-brain/schemas'
import { IdpDraftExplainerCard } from '@/components/idp/IdpDraftExplainerCard'
import { confirmTokenSpend } from '@/lib/tokens/client-confirm'
import { DRAFT_ROOM } from '@/lib/analytics/eventNames'
import { sendProductAnalyticsBeacon } from '@/lib/analytics/client'
import { computePicksUntilViewerTurn } from 
'@/lib/draft-room/computePicksUntilViewer'
import { mergeDraftSessionSnapshot } from 
'@/lib/draft-room/mergeDraftSessionSnapshot'
import { CommissionerPickEditorPanel, type CommissionerPickEditorPlayerOption 
} from '@/components/app/draft-room/CommissionerPickEditorPanel'
import { CommissionerAuditLogList } from 
'@/components/app/draft-room/CommissionerAuditLogList'
import { PreDraftSlotSetupCard } from 
'@/components/app/draft-room/PreDraftSlotSetupCard'
import {
  DRAFT_PICK_RACE_RETRY,
  DRAFT_PICK_STALE_OVERALL,
} from '@/lib/live-draft-engine/pickAuthorityCodes'
import { isDraftPickRowEmptyFromSnapshot } from 
'@/lib/live-draft-engine/draftPickEmpty'
import { draftRoomPickTrace, draftRoomWarn } from 
'@/lib/draft-room/draftRoomDevLog'
import { buildDraftRoomPageDerivedState } from 
'@/lib/draft-room/buildDraftRoomPageDerivedState'
import { getDraftPickActionState, normalizeDraftRosterId } from 
'@/lib/draft-room/draftPickEligibility'
import { mapNormalizedDraftEntryToPlayerEntry } from 
'@/lib/player-data/adapters/draftRoomPlayerAdapter'
import {
  getDraftRoomDisplayExperienceBadge,
  getDraftRoomDisplayHeadshot,
  getDraftRoomDisplayInjury,
} from '@/lib/player-data/adapters/draftRoomDisplayFields'
import { logNormalizedPlayerDataDiagnostics } from 
'@/lib/player-data/providerFallbackDiagnostics'
import { LEAGUE_DRAFT_ROOM_REVALIDATE } from 
'@/lib/draft-room/emitLeagueDraftRoomRevalidate'
import { filterPlayersAvailableForDraftAi } from 
'@/lib/draft-room/availableForDraftAi'
import { buildDraftRoomClientDiagnostics } from 
'@/lib/draft-room/player-pool-audit'
import type { DraftCopilotInsight } from '@/lib/draft-room/draft-copilot-types'
import { detectSnakeBackToBackSoon, computeRedraftStarterHints } from 
'@/lib/draft-room/redraftPlanningHints'
import { RedraftPlanningRibbon } from 
'@/components/app/draft-room/RedraftPlanningRibbon'
import {
  buildAssistantFeedByPlayerName,
  getAssistantFeedForPlayer,
} from '@/lib/draft-room/assistantFeedLookup'
import {
  buildDraftChatPlayerContextFromDisplay,
  type DraftChatPlayerContext,
} from '@/lib/draft-room/draft-chat-player-context'
import type { DraftAssistantRoomContext } from 
'@/components/app/draft-room/PlayerDetailModal'

/** User-visible copy after a successful commissioner POST to 
`/draft/controls`. */
function commissionerActionSuccessCopy(action: string): string {
  switch (String(action).toLowerCase()) {
    case 'start':
      return 'Draft started ΓÇö live picks are now enabled.'
    case 'pause':
      return 'Draft paused ΓÇö pick clock frozen for everyone.'
    case 'resume':
      return 'Draft resumed ΓÇö pick clock restored.'
    case 'reset_timer':
      return 'Pick timer reset to full time for the current pick.'
    case 'undo_pick':
      return 'Last pick was removed from the board.'
    case 'set_timer_seconds':
      return 'Pick clock length updated.'
    case 'force_autopick':
      return 'Auto-pick executed for the on-clock team.'
    case 'skip_pick':
      return 'Current pick was skipped.'
    case 'complete':
      return 'Draft marked complete.'
    default:
      return 'Commissioner action completed.'
  }
}

type CommissionerControlApiResult =
  | ({ ok: true } & Record<string, unknown>)
  | { ok: false; error: string; cancelled?: boolean }

export type DraftRoomPageClientProps = {
  /** Draft session id from URL (`/draft/[draftId]/snake`) ΓÇö used for 
telemetry / deep links only. */
  draftId?: string
  leagueId: string
  leagueName: string
  /** League avatar/logo. Surfaced in draft-room chrome (top bar). */
  leagueLogoUrl?: string | null
  sport: string
  isDynasty?: boolean
  isCommissioner: boolean
  /** When IDP league, pass 'IDP' for position filters and roster template. */
  formatType?: string
  /** Premium chrome for live snake redraft route. */
  presentationVariant?: 'default' | 'redraft_snake'
}

type DraftRoomChromeTeam = {
  id: string
  externalId?: string | null
  teamName: string
  ownerName: string
  avatarUrl?: string | null
  role?: string | null
  claimedByUserId?: string | null
  isCommissioner?: boolean
  isCoCommissioner?: boolean
}

function normalizeManagerKey(value: string | null | undefined): string {
  return String(value ?? '').trim().toLowerCase()
}

/** Match `pickCommitFlow` / pool filters ΓÇö session pick names are compared 
case-insensitively. */
function normalizeDraftedPlayerName(name: string | null | undefined): string {
  return String(name ?? '').trim().toLowerCase()
}

function resolveInviteLink(payload: { inviteLink?: string | null; inviteCode?: 
string | null } | null | undefined): string | null {
  const direct = typeof payload?.inviteLink === 'string' ? 
payload.inviteLink.trim() : ''
  if (direct) return direct
  const inviteCode = typeof payload?.inviteCode === 'string' ? 
payload.inviteCode.trim() : ''
  if (!inviteCode || typeof window === 'undefined') return null
  return 
`${window.location.origin}/join?code=${encodeURIComponent(inviteCode)}`
}

function resolveManagerChromeTeam(
  manager: { rosterId: string; displayName: string },
  teams: DraftRoomChromeTeam[],
): DraftRoomChromeTeam | null {
  const rosterId = manager.rosterId.trim()
  const displayName = normalizeManagerKey(manager.displayName)
  return (
    teams.find((team) => team.id === rosterId) ??
    teams.find((team) => String(team.externalId ?? '').trim() === rosterId) ??
    teams.find((team) => normalizeManagerKey(team.teamName) === displayName) ??
    teams.find((team) => normalizeManagerKey(team.ownerName) === displayName) 
??
    null
  )
}

const POLL_MS = 8000
const POLL_MS_BACKGROUND = 30000
/** Require several consecutive lightweight poll failures before treating the 
room as degraded (avoids top-bar flicker). */
const SESSION_POLL_FAILS_FOR_DEGRADED = 5
/** Brief delay before showing the badge so transient blips do not flash 
\"Sync issue\". */
const CONNECTION_DEGRADED_SHOW_DELAY_MS = 1600
const AI_ADP_POLL_SKIP_MS = 30 * 60 * 1000
const QUEUE_POLL_EVERY_N_TICKS = 2
const SETTINGS_POLL_EVERY_N_TICKS = 3
const CHAT_POLL_EVERY_N_TICKS = 2
const POOL_POLL_EVERY_N_TICKS = 3
const DRAFT_ROOM_LOCAL_PREFS_KEY_PREFIX = 'af:draft-room-prefs:'

function mergeDraftChatWire(
  prev: DraftChatMessage[],
  incoming: DraftChatMessage[],
): DraftChatMessage[] {
  const map = new Map<string, DraftChatMessage>()
  for (const m of prev) map.set(m.id, m)
  for (const m of incoming) map.set(m.id, m)
  return Array.from(map.values()).sort(
    (a, b) => new Date(a.at).getTime() - new Date(b.at).getTime(),
  )
}

export function DraftRoomPageClient({
  draftId,
  leagueId,
  leagueName,
  leagueLogoUrl,
  sport,
  isDynasty = false,
  isCommissioner,
  formatType,
  presentationVariant = 'default',
}: DraftRoomPageClientProps) {
  type CenterDockTab = 'queue' | 'chat' | 'ai' | 'commish'
  const { data: authSession } = useSession()
  const viewerAppUserId = (authSession?.user as { id?: string } | 
undefined)?.id ?? null
  const [session, setSession] = useState<DraftSessionSnapshot | null>(null)
  const sessionRef = useRef<DraftSessionSnapshot | null>(null)
  useEffect(() => {
    sessionRef.current = session
  }, [session])
  const [queue, setQueue] = useState<QueueEntry[]>([])
  const [draftIntel, setDraftIntel] = useState<DraftIntelState | null>(null)
  const [draftIntelLoading, setDraftIntelLoading] = useState(true)
  const [chatMessages, setChatMessages] = useState<DraftChatMessage[]>([])
  const [chatSyncActive, setChatSyncActive] = useState(false)
  const [loading, setLoading] = useState(true)
  /** Set when GET draft/session returns 401/403 so we don't show the 
misleading \"no draft session\" copy. */
  const [draftSessionAccess, setDraftSessionAccess] = useState<\"ok\" | 
\"unauthorized\" | \"forbidden\" | null>(null)
  /** True only after repeated failed draft session polls ΓÇö not routine 
background sync (avoids top-bar flicker). */
  const [connectionDegraded, setConnectionDegraded] = useState(false)
  /**
   * Pre-draft validation wizard. Opened in-place when `handleStartDraft` runs
   * the validation route and the report comes back with `canStartDraft: 
false`.
   * Renders as an overlay above the existing DraftRoomShell ΓÇö never replaces
   * the shell, never navigates, never redirects. The unified-state contract
   * locked by `__tests__/nfl-redraft-snake-draft-board-state.test.ts` (Commit
   * E) is preserved.
   */
  const [showPreDraftValidationWizard, setShowPreDraftValidationWizard] = 
useState(false)
  /**
   * Slice J: in-place recovery state for `DRAFT_SESSION_MISMATCH` 409
   * responses from the session route. When the server tells the client its
   * view of the draft session is stale, we DO NOT navigate (no
   * `router.push`, `router.replace`, or `window.location.replace`) ΓÇö that
   * would violate the unified-state contract locked by Commit E. Instead we
   * flip this banner on, schedule a single in-place refetch via
   * `fetchSession`, and clear the flag once the next response is 2xx.
   * After 3 consecutive 409s the banner exposes an inline \"Try again\" button
   * so the user can retry without leaving the room.
   */
  const [sessionMismatchRecovering, setSessionMismatchRecovering] = 
useState(false)
  const sessionMismatchRetryTimerRef = useRef<number | null>(null)
  const sessionMismatchAttemptsRef = useRef(0)
  const pollSessionFailStreakRef = useRef(0)
  /** Browser timers are numeric IDs; avoids NodeJS.Timeout vs DOM mismatch in 
`tsc`. */
  const connectionDegradedTimerRef = useRef<number | null>(null)
  /**
   * Canonical draft state from the last successful `/draft/session` response.
   * Stored in a ref (not state) ΓÇö never drives renders, only used for 
dev-mode
   * divergence logging and future migration comparisons.
   */
  const canonicalDraftStateRef = useRef<{
    status: string
    currentPickNumber: number | null
    picksMade: number
    currentTeamId: string | null
    timerEndAt: string | null
  } | null>(null)
  const [commissionerLoading, setCommissionerLoading] = useState(false)
  /** Slice C.1: while a commissioner control or settings PATCH is in flight, 
the periodic
   * live-sync poll must not overwrite our optimistic patch with the server's 
pre-action
   * snapshot. Polling continues for queue/chat freshness ΓÇö only the 
session/settings merges
   * are skipped while the ref is > 0. */
  const controlActionInflightRef = useRef(0)
  const [governanceBanner, setGovernanceBanner] = useState<{
    variant: 'success' | 'error' | 'info'
    message: string
  } | null>(null)
  const governanceSuccessTimeoutRef = useRef<ReturnType<typeof setTimeout> | 
null>(null)
  const [pickSubmitting, setPickSubmitting] = useState(false)
  const [draftUISettings, setDraftUISettings] = useState<DraftUISettings | 
null>(null)
  const [skipPickAllowed, setSkipPickAllowed] = useState(false)
  const [orphanAiStatus, setOrphanAiStatus] = useState<{
    orphanRosterIds: string[]
    recentActions: Array<{ action: string; createdAt: string; reason: string | 
null; rosterId?: string }>
  } | null>(null)
  const [commissionerAiDraft, setCommissionerAiDraft] = useState<{
    assignedAiTeams: Array<{ teamId: string; teamName: string; aiStyle: 
string; tradeAggression: string; active: boolean }>
    tradeRules: {
      allowOutbound: boolean
      allowInbound: boolean
      blockAiToAi: boolean
      proposalCooldownSeconds: number
      maxProposalsPerRound: number
      acceptConfidenceMin: number
    }
  } | null>(null)
  /** Prisma AI opponent assignments ΓÇö draft roster ids (see 
`/api/league/ai-opponents/summary`). */
  const [aiOpponentRosterIds, setAiOpponentRosterIds] = useState<string[]>([])
  /** Draft roster id ΓåÆ AI archetype label for manager strip badges. */
  const [aiArchetypeByRoster, setAiArchetypeByRoster] = 
useState<Record<string, string>>({})
  const [orphanAiProviderAvailableState, setOrphanAiProviderAvailableState] = 
useState<boolean>(true)
  const [draftQueueSizeLimit, setDraftQueueSizeLimit] = 
useState<number>(normalizeDraftQueueSizeLimit(null))
  const [leagueAiAdp, setLeagueAiAdp] = useState<{
    enabled: boolean
    entries: Array<{ playerName: string; position: string; team: string | 
null; adp: number; sampleSize: number; lowSample?: boolean }>
    totalDrafts: number
    computedAt: string | null
    stale?: boolean
    ageHours?: number | null
    message?: string | null
  } | null>(null)
  const aiAdpLookupMaps = useMemo(
    () => buildAiAdpLookupMaps(leagueAiAdp?.entries ?? null),
    [leagueAiAdp?.entries],
  )
  /**
   * D.5-proper ΓÇö feature flag + dev-only draft-mode toggle for AllFantasy 
AI ADP.
   *
   * When `NEXT_PUBLIC_USE_ALLFANTASY_ADP=true`, the draft room hits the new
   * `/api/.../ai-adp?source=allfantasy&draftMode=<mode>` endpoint and bypasses
   * the legacy `lookupAiAdpMatch` client overlay so the resolver-provided
   * `e.aiAdp` value is the single source of truth for the AI ADP column.
   *
   * `?adpMode=test` (URL) or `NEXT_PUBLIC_ALLFANTASY_ADP_DRAFT_MODE=test` 
(env)
   * lets dev surface seeded harness data without polluting production.
   */
  const useAllFantasyAdp = useMemo(() => isAllFantasyAdpEnabled(), [])
  const allFantasyAdpDraftMode = useMemo(() => {
    const sp =
      typeof window !== 'undefined' && window.location
        ? new URLSearchParams(window.location.search)
        : null
    return resolveAllFantasyAdpDraftMode({ searchParams: sp })
  }, [])
  const [autoPickFromQueue, setAutoPickFromQueue] = useState(false)
  const [awayMode, setAwayMode] = useState(false)
  const [aiQueueReorderEnabled, setAiQueueReorderEnabled] = useState(true)
  const [draftAiExplanationEnabled, setDraftAiExplanationEnabled] = 
useState(false)
  const [mobileTab, setMobileTabState] = useState<MobileDraftTab>('board')
  const [centerDockTab, setCenterDockTab] = useState<CenterDockTab>('queue')
  const [commissionerEditOverall, setCommissionerEditOverall] = 
useState<number | null>(null)
  const [commissionerEditModalOpen, setCommissionerEditModalOpen] = 
useState(false)
  const openCommissionerPickEditor = useCallback((overall: number) => {
    if (!Number.isFinite(overall) || overall < 1) return
    setCommissionerEditOverall(Math.floor(overall))
    setCenterDockTab('commish')
    setCommissionerEditModalOpen(true)
  }, [])
  const floatingHelperState = useDraftHelperFloatingState()
  const setMobileTab = useCallback((tab: MobileDraftTab) => {
    sendProductAnalyticsBeacon(DRAFT_ROOM.MOBILE_TAB, { tab, leagueId })
    setMobileTabState(tab)
  }, [leagueId])
  const [aiReorderLoading, setAiReorderLoading] = useState(false)
  const [aiReorderExplanation, setAiReorderExplanation] = useState<string | 
null>(null)
  const [aiReorderExecutionMode, setAiReorderExecutionMode] = useState<string 
| null>(null)
  const [showBroadcastModal, setShowBroadcastModal] = useState(false)
  const [commissionerLeagues, setCommissionerLeagues] = useState<Array<{ id: 
string; name: string | null }>>([])
  const [broadcastMessage, setBroadcastMessage] = useState('')
  const [broadcastSelectedIds, setBroadcastSelectedIds] = 
useState<Set<string>>(new Set())
  const [broadcastSending, setBroadcastSending] = useState(false)
  const [recommendationResult, setRecommendationResult] = useState<{
    recommendation: { player: { name: string; position: string; team?: string 
| null; adp?: number | null }; reason: string; confidence: number } | null
    alternatives: Array<{ player: { name: string; position: string; team?: 
string | null }; reason: string; confidence: number }>
    reachWarning: string | null
    valueWarning: string | null
    scarcityInsight: string | null
    stackInsight: string | null
    correlationInsight: string | null
    formatInsight: string | null
    byeNote: string | null
    explanation: string
    evidence: string[]
    caveats: string[]
    uncertainty: string | null
    execution?: { mode?: string; lane?: string } | null
  } | null>(null)
  const [recommendationLoading, setRecommendationLoading] = useState(false)
  const [recommendationError, setRecommendationError] = useState<string | 
null>(null)
  const recommendationRequestKeyRef = useRef('')
  const warRoomDebounceRef = useRef<ReturnType<typeof setTimeout> | null>(null)
  const warRoomCacheRef = useRef<Map<string, DraftWarRoomSnapshot>>(new Map())
  const [warRoomData, setWarRoomData] = useState<DraftWarRoomSnapshot | 
null>(null)
  const [warRoomLoading, setWarRoomLoading] = useState(false)
  const [warRoomError, setWarRoomError] = useState<string | null>(null)
  const [liveBrainEnvelope, setLiveBrainEnvelope] = 
useState<LiveDraftBrainEnvelope | null>(null)
  const [runAiPickLoading, setRunAiPickLoading] = useState(false)
  const [resyncLoading, setResyncLoading] = useState(false)
  const [showCommissionerModal, setShowCommissionerModal] = useState(false)
  const [draftRoomSettingsOpen, setDraftRoomSettingsOpen] = useState(false)
  const [showTradePanel, setShowTradePanel] = useState(false)
  const [tradePanelGeneration, setTradePanelGeneration] = useState(0)
  const [tradeInitialDraft, setTradeInitialDraft] = useState<{
    giveRound?: number
    receiveRound?: number
    receiverRosterId?: string
  } | null>(null)
  const [pendingTradesCount, setPendingTradesCount] = useState(0)
  const [roundOneAnnouncementQueue, setRoundOneAnnouncementQueue] = 
useState<RoundOneAnnouncementQueueItem[]>([])
  const roundOneSeenPickIdsRef = useRef(new Set<string>())
  const roundOneBootstrapRef = useRef(false)
  const [pickError, setPickError] = useState<string | null>(null)
  const [draftPool, setDraftPool] = useState<{ entries: 
NormalizedDraftEntry[]; sport: string; devyConfig?: { enabled: boolean; 
devyRounds: number[] }; c2cConfig?: { enabled: boolean; collegeRounds: 
number[] }; isIdp?: boolean } | null>(null)
  const [draftAssistantContext, setDraftAssistantContext] = useState<{
    sport: string
    headlines: Array<{
      id: string
      title: string
      playerName?: string | null
      team?: string | null
      publishedAt?: string | null
      source?: string | null
    }>
    injuries: Array<{
      playerName: string
      team?: string | null
      status?: string | null
      note?: string | null
      reportedAt?: string | null
      source?: string | null
    }>
    sportsFeed: {
      available: boolean
      updatedAt?: string | null
      sourceKeys?: string[]
      digest?: string | null
    }
  } | null>(null)
  const [leagueTeams, setLeagueTeams] = useState<DraftRoomChromeTeam[]>([])
  const [rosterConfig, setRosterConfig] = useState<{
    starterSlots: Record<string, number>
    benchSlots: number
    taxiSlots: number
    devySlots: number
    orderedSlotLabels?: string[]
  } | null>(null)
  const [inviteLink, setInviteLink] = useState<string | null>(null)
  const [claimableRosterIds, setClaimableRosterIds] = useState<string[]>([])
  const [tradeHistoryOpen, setTradeHistoryOpen] = useState(false)
  const [tradeHistoryFocus, setTradeHistoryFocus] = useState<{
    round: number
    originalRosterId: string
  } | null>(null)
  const entitlements = useEntitlements()
  const tokenBalance = useTokenBalance()
  const hasAiSubscription =
    entitlements.hasPro || entitlements.hasSupreme || 
entitlements.hasCommissioner || entitlements.hasAllAccess
  /**
   * Token-balance fallback: free-tier users who've bought AF token packs still
   * get to use AI features, spending one token per request. Gate is true when
   * EITHER a qualifying subscription is active OR balance > 0.
   */
  const hasAiAccess = hasAiSubscription || tokenBalance.balance > 0
  const resolvedOrphanAiProviderAvailable =
    (session as { orphanAiProviderAvailable?: boolean } | 
null)?.orphanAiProviderAvailable ??
    orphanAiProviderAvailableState ??
    true
  const [claimSlotLoadingRosterId, setClaimSlotLoadingRosterId] = 
useState<string | null>(null)
  const [auctionNominateLoading, setAuctionNominateLoading] = useState(false)
  const [auctionBidLoading, setAuctionBidLoading] = useState(false)
  const [auctionResolveLoading, setAuctionResolveLoading] = useState(false)
  const [autopickExpiredLoading, setAutopickExpiredLoading] = useState(false)
  const [helperSelectedPlayer, setHelperSelectedPlayer] = useState<{ name: 
string; position: string; team?: string | null } | null>(null)

  const localPrefsKey = `${DRAFT_ROOM_LOCAL_PREFS_KEY_PREFIX}${leagueId}`

  /** Draft room uses normalized pool from fetchDraftPool only; skip 
useLeagueSectionData to avoid duplicate /api/mock-draft/adp. */
  const draftData = null as { entries?: PlayerEntry[] } | null
  const poolLoading = loading && draftPool === null
  const effectiveDraftSport = draftPool?.sport ?? sport

  const draftedNames = useMemo(
    () =>
      new Set(
        (session?.picks ?? [])
          .map((p) => normalizeDraftedPlayerName(p.playerName))
          .filter(Boolean),
      ),
    [session?.picks],
  )
  const draftedPlayerIds = useMemo(() => {
    const s = new Set<string>()
    for (const p of session?.picks ?? []) {
      if (p.playerId) s.add(String(p.playerId).trim())
    }
    return s
  }, [session?.picks])
  /** Single source for on-clock team, overall, and timer anchor ΓÇö derived 
only from `session`. */
  const draftCore = useMemo(
    () => (session ? buildDraftRoomCoreState(session) : null),
    [session],
  )
  /** On-clock pick ΓÇö uses resolver when session.currentPick is briefly null 
(poll/reconnect races). */
  const currentPick = useMemo(
    () => (session ? resolveEffectiveCurrentPick(session) : null),
    [session],
  )
  const tradeDraftStateFingerprint = useMemo(() => {
    if (!session) return ''
    const traded =
      Array.isArray(session.tradedPicks) && session.tradedPicks.length > 0 ? 
session.tradedPicks.length : 0
    const onClock =
      currentPick?.overall != null && Number.isFinite(currentPick.overall)
        ? `-o${currentPick.overall}`
        : ''
    return `${session.version}-${session.picks.length}-${traded}-${session.upda
tedAt}${onClock}`
  }, [session, currentPick])
  /** Fallback when Chimmy SSE has not emitted (no roster yet) or intel is 
idle ΓÇö drives RedraftPlanningRibbon. */
  const ribbonPicksUntilUser = useMemo(() => {
    if (draftIntel?.picksUntilUser != null) return draftIntel.picksUntilUser
    if (!session || (session.status !== 'in_progress' && session.status !== 
'paused')) return null
    const rid = (session as DraftSessionSnapshot & { currentUserRosterId?: 
string }).currentUserRosterId
    return computePicksUntilViewerTurn(session as DraftSessionSnapshot, rid ?? 
null)
  }, [draftIntel?.picksUntilUser, session])
  const players: PlayerEntry[] = useMemo(() => {
    const rawEntries = Array.isArray(draftPool?.entries)
      ? draftPool.entries
      : Array.isArray((draftData as any)?.entries)
        ? (draftData as any).entries
        : []
    const useNormalizedPool = Array.isArray(draftPool?.entries) && 
draftPool.entries.length > 0
    return useNormalizedPool
      ? (rawEntries as NormalizedDraftEntry[]).map((e) =>
          mapNormalizedDraftEntryToPlayerEntry(e, {
            draftUISettings,
            useAllFantasyAdp,
            aiAdpLookupMaps,
            soccerLeagueAugment: null,
            includeUnifiedProduct: true,
            includeProviderFallbackDiagnostics: false,
          }),
        )
      : rawEntries.map((e: any) => {
          const name = e.name ?? e.playerName ?? ''
          const position = e.position ?? ''
          const team = e.team ?? null
          // D.5-proper ΓÇö see note above; flag bypasses legacy lookup.
          const ai = draftUISettings?.aiAdpEnabled && !useAllFantasyAdp
            ? lookupAiAdpMatch(aiAdpLookupMaps, name, position, team)
            : null
          const yeRaw = e.yearsExp ?? e.years_exp
          const yearsExp =
            yeRaw != null && Number.isFinite(Number(yeRaw)) ? Number(yeRaw) : 
null
          const isRookieComputed =
            e.isRookie === true ? true : yearsExp === 0 ? true : undefined
          return {
            id: e.id ?? e.playerId ?? name,
            name,
            position,
            team,
            adp: e.adp ?? e.rank ?? null,
            byeWeek: e.byeWeek ?? null,
            aiAdp: useAllFantasyAdp
              ? (e.aiAdp ?? null)
              : draftUISettings?.aiAdpEnabled && ai
                ? ai.adp
                : (e.aiAdp ?? null),
            aiAdpSampleSize: useAllFantasyAdp ? e.aiAdpSampleSize : 
ai?.sampleSize,
            aiAdpLowSample: useAllFantasyAdp ? e.aiAdpLowSample : 
ai?.lowSample,
            yearsExp,
            isRookie: isRookieComputed,
          }
        })
  }, [
    draftPool,
    draftData,
    aiAdpLookupMaps,
    draftUISettings?.aiAdpEnabled,
    useAllFantasyAdp,
  ])

  const poolPlayerById = useMemo(() => {
    const m: Record<string, PlayerEntry> = {}
    for (const p of players) {
      const pid = String(p.playerId ?? p.display?.playerId ?? p.id ?? 
'').trim()
      if (pid) m[pid] = p
    }
    return m
  }, [players])

  const playerAuditFingerprintRef = useRef('')
  useEffect(() => {
    if (process.env.NEXT_PUBLIC_DRAFT_PLAYER_AUDIT !== 'true') return
    if (players.length === 0) return

    const diagnostics = buildDraftRoomClientDiagnostics(
      players.map((player) => ({
        id: player.playerId ?? player.id ?? null,
        name: player.name,
        position: player.position,
        team: player.team,
        imageUrl: player.display?.assets?.headshotUrl ?? null,
      })),
    )

    if (!diagnostics.hasIssues) return

    const fingerprint = JSON.stringify({
      totalPlayers: diagnostics.totalPlayers,
      duplicatePlayerIds: diagnostics.duplicatePlayerIds,
      duplicateNormalizedNames: diagnostics.duplicateNormalizedNames,
      missingImages: diagnostics.missingImages,
      malformedNameExamples: diagnostics.malformedNameExamples,
      missingTeamOrPosition: diagnostics.missingTeamOrPosition,
    })
    if (playerAuditFingerprintRef.current === fingerprint) return

    playerAuditFingerprintRef.current = fingerprint
    console.warn('[draft-room/player-audit]', {
      leagueId,
      diagnostics,
    })
  }, [leagueId, players])

  const commissionerPickEditorPlayers: CommissionerPickEditorPlayerOption[] = 
useMemo(() => {
    const filledPicks = (session?.picks ?? []).filter(
      (p) =>
        !isDraftPickRowEmptyFromSnapshot({
          playerName: p.playerName,
          position: p.position,
          pickMetadata: (p as { pickMetadata?: unknown }).pickMetadata,
          pickEditorEmpty: p.pickEditorEmpty,
        }),
    )
    const draftedNameSet = new Set(filledPicks.map((p) => 
p.playerName.trim().toLowerCase()).filter(Boolean))
    const draftedIdSet = new Set(
      filledPicks.map((p) => String(p.playerId ?? '').trim()).filter(Boolean),
    )
    return players
      .filter((p) => {
        if (!p.name || !p.position) return false
        const pid = String(p.playerId ?? p.id ?? '').trim()
        if (pid && draftedIdSet.has(pid)) return false
        return !draftedNameSet.has(p.name.trim().toLowerCase())
      })
      .slice(0, 500)
      .map((p) => ({
        id: p.playerId ?? p.id ?? p.name,
        name: p.name,
        position: p.position,
        team: p.team ?? null,
        byeWeek: p.byeWeek ?? null,
        imageUrl: p.display?.assets?.headshotUrl ?? null,
      }))
  }, [players, session?.picks])

  useEffect(() => {
    roundOneSeenPickIdsRef.current.clear()
    roundOneBootstrapRef.current = false
    setRoundOneAnnouncementQueue([])
  }, [leagueId])

  const dismissRoundOneAnnouncement = useCallback(() => {
    setRoundOneAnnouncementQueue((q) => q.slice(1))
  }, [])

  useEffect(() => {
    if (!session?.picks || session.status !== 'in_progress') return

    const picks = session.picks ?? []
    if (!roundOneBootstrapRef.current) {
      for (const p of picks) roundOneSeenPickIdsRef.current.add(p.id)
      roundOneBootstrapRef.current = true
      return
    }

    const rsRoom = presentationVariant === 'redraft_snake' && !isDynasty
    const visualsOn = draftUISettings?.roundOnePickAnnouncementEnabled !== 
false

    for (const p of picks) {
      if (roundOneSeenPickIdsRef.current.has(p.id)) continue
      roundOneSeenPickIdsRef.current.add(p.id)
      if (!rsRoom || !visualsOn || p.round !== 1) continue

      const assets = resolvePickAnnouncementAssets(p, players)
      setRoundOneAnnouncementQueue((prev) =>
        [...prev, { id: p.id, pick: p, ...assets }].slice(-4),
      )
    }
  }, [
    session?.picks,
    session?.status,
    session?.version,
    players,
    presentationVariant,
    isDynasty,
    draftUISettings?.roundOnePickAnnouncementEnabled,
  ])

  const assistantFeedByName = useMemo(
    () =>
      buildAssistantFeedByPlayerName(draftAssistantContext?.headlines ?? [], 
draftAssistantContext?.injuries ?? []),
    [draftAssistantContext],
  )

  const assistantFeedBriefForRecommend = useMemo(() => {
    const ctx = draftAssistantContext
    if (!ctx) return ''
    const chunks: string[] = []
    for (const h of ctx.headlines.slice(0, 5)) {
      const t = typeof h.title === 'string' ? h.title.trim() : ''
      if (!t) continue
      chunks.push(h.playerName ? `${h.playerName}: ${t}` : t)
    }
    for (const inj of ctx.injuries.slice(0, 5)) {
      const bits = [inj.playerName, inj.team, inj.status, inj.note].filter(
        (x): x is string => typeof x === 'string' && x.trim().length > 0,
      )
      if (bits.length) chunks.push(bits.join(' '))
    }
    const digest = ctx.sportsFeed?.digest?.trim()
    if (digest) chunks.push(digest)
    return chunks.join(' | ').slice(0, 600)
  }, [draftAssistantContext])

  const resolvePlayerFromPool = useCallback(
    (name: string, position: string) =>
      players.find(
        (p) =>
          p.name.trim().toLowerCase() === name.trim().toLowerCase() &&
          p.position.trim().toLowerCase() === position.trim().toLowerCase(),
      ) ?? null,
    [players],
  )

  /** AI layers must never surface players who are already drafted or missing 
from the live pool. */
  const isAiRecommendationPlayerAvailable = useCallback(
    (name: string, position: string): boolean => {
      const resolved = resolvePlayerFromPool(name, position)
      if (!resolved) return false
      if (
        !isPickCommitAllowedByName({
          canDraft: true,
          playerName: resolved.name,
          draftedNames,
        })
      ) {
        return false
      }
      const pidRaw = resolved.display?.playerId ?? resolved.id ?? null
      const pid =
        pidRaw != null &&
        String(pidRaw).trim() !== '' &&
        !String(pidRaw).startsWith('name:')
          ? String(pidRaw).trim()
          : null
      if (
        pid &&
        !isPickCommitAllowed({
          canDraft: true,
          playerId: pid,
          draftedPlayerIds,
        })
      ) {
        return false
      }
      return true
    },
    [resolvePlayerFromPool, draftedNames, draftedPlayerIds],
  )

  const getAssistantRoomContext = useCallback(
    (player: PlayerEntry): DraftAssistantRoomContext | null => {
      const snap = getAssistantFeedForPlayer(assistantFeedByName, player.name)
      const digestRaw = draftAssistantContext?.sportsFeed?.digest?.trim()
      const digestPreview =
        digestRaw && digestRaw.length > 280 ? `${digestRaw.slice(0, 277)}ΓÇª` 
: digestRaw ?? null
      const headline = snap?.headlineTitle?.trim() || null
      const injuryLine =
        snap?.injuryStatus || snap?.injuryNote
          ? [snap.injuryStatus, snap.injuryNote].filter(Boolean).join(' ┬╖ ')
          : null
      if (!headline && !injuryLine && !digestPreview) return null
      return { headline, injuryLine, digestPreview }
    },
    [assistantFeedByName, draftAssistantContext?.sportsFeed?.digest],
  )

  const currentUserRosterId = (session as any)?.currentUserRosterId as string 
| undefined
  const rosterConfigBlocked = Boolean(session?.rosterConfigurationIncomplete)

  const commissionerOfflinePick = Boolean(draftUISettings?.executionMode === 
'offline' && isCommissioner)
  const overnightBlocksUserPicks = Boolean(
    session?.status === 'in_progress' &&
      session.timer?.pauseReason === 'overnight_window' &&
      draftUISettings?.allowPicksDuringOvernightPause !== true,
  )
  const pickActionState = useMemo(
    () =>
      getDraftPickActionState({
        session,
        draftCore,
        currentPick,
        currentUserRosterId,
        overnightBlocksUserPicks,
        pickSubmitting,
        commissionerOfflinePick,
      }),
    [
      session,
      draftCore,
      currentPick,
      currentUserRosterId,
      overnightBlocksUserPicks,
      pickSubmitting,
      commissionerOfflinePick,
    ],
  )
  const isCurrentUserOnClock = pickActionState.viewerOnClock
  const snakeCanDraftRaw = pickActionState.snakeCanDraftRaw

  const isAuctionDraft = session?.draftType === 'auction'
  const auctionNom = session?.auction
  const auctionNominator = 
auctionNom?.nominationOrder?.[auctionNom?.auctionState?.nominationOrderIndex 
?? 0]
  const isMyTurnToNominateDraft = Boolean(
    isAuctionDraft && currentUserRosterId != null && 
auctionNominator?.rosterId === currentUserRosterId,
  )
  const auctionCanBidRaw = Boolean(
    isAuctionDraft &&
      session?.status === 'in_progress' &&
      Boolean(currentUserRosterId) &&
      auctionNom?.auctionState?.currentNomination != null,
  )

  const draftRoomState = useMemo(
    () =>
      buildDraftRoomPageDerivedState({
        session,
        draftCore,
        currentPick,
        players,
        draftedNames,
        draftedPlayerIds,
        isCommissioner,
        rosterConfigurationIncomplete: rosterConfigBlocked,
        rosterConfigurationMessage: session?.rosterConfigurationMessage ?? 
null,
        snakeCanDraft: snakeCanDraftRaw,
        auctionCanNominate: isMyTurnToNominateDraft,
        auctionCanBid: auctionCanBidRaw,
      }),
    [
      session,
      draftCore,
      currentPick,
      players,
      draftedNames,
      draftedPlayerIds,
      isCommissioner,
      rosterConfigBlocked,
      session?.rosterConfigurationMessage,
      snakeCanDraftRaw,
      isMyTurnToNominateDraft,
      auctionCanBidRaw,
    ],
  )

  const canDraft = draftRoomState.canDraft

  useEffect(() => {
    if (process.env.NODE_ENV === 'production') return
    if (!session || !currentPick) return
    const clockRid = normalizeDraftRosterId(currentPick.rosterId)
    const viewerRid = normalizeDraftRosterId(currentUserRosterId)
    const rosterIdsAlign = clockRid.length > 0 && viewerRid.length > 0 && 
clockRid === viewerRid
    if (!rosterIdsAlign || session.status !== 'in_progress') return
    if (rosterConfigBlocked) return
    if (pickActionState.canPick && canDraft) return
    console.warn('[draft-room] pick eligibility diagnostic (dev)', {
      topBarOnClockRosterId: pickActionState.topBarOnClockRosterId,
      viewerRosterId: pickActionState.viewerRosterId,
      rawViewerRosterId: currentUserRosterId ?? null,
      viewerOnClock: pickActionState.viewerOnClock,
      denialReason: pickActionState.denialReason,
      canDraft,
      currentOverall: pickActionState.currentOverall,
      draftCoreCurrentTeam: draftCore?.currentTeamId ?? null,
      draftCoreCurrentOverall: draftCore?.currentOverall ?? null,
      pickSubmitting,
      overnightBlocksUserPicks,
      sessionStatus: session.status,
      timerStatus: session.timer?.status,
      timerPauseReason: session.timer?.pauseReason ?? null,
      commissionerOfflinePick,
    })
  }, [
    session,
    currentPick,
    currentUserRosterId,
    pickActionState,
    canDraft,
    draftCore?.currentTeamId,
    draftCore?.currentOverall,
    pickSubmitting,
    overnightBlocksUserPicks,
    rosterConfigBlocked,
    commissionerOfflinePick,
  ])

  useEffect(() => {
    if (!session) return
    draftRoomPickTrace({
      event: 'draft-gate',
      sessionStatus: session.status,
      sessionCurrentPickOverall: session.currentPick?.overall ?? null,
      effectivePickOverall: currentPick?.overall ?? null,
      draftStarted: draftCore?.draftStarted,
      currentOverall: draftCore?.currentOverall,
      currentUserRosterId,
      currentTeamId: draftCore?.currentTeamId,
      slotOrderLen: session.slotOrder?.length ?? 0,
      rounds: session.rounds,
      teamCount: session.teamCount,
      isCurrentUserOnClock,
      canDraft,
      pickSubmitting,
      timerMode: draftRoomState.timerMode,
      timerStatus: session.timer?.status,
      timerEndAt: session.timer?.timerEndAt ?? session.timerEndAt ?? null,
      sessionVersion: session.version,
      updatedAt: session.updatedAt,
    })
  }, [
    session,
    currentPick?.overall,
    draftCore?.draftStarted,
    draftCore?.currentOverall,
    draftCore?.currentTeamId,
    currentUserRosterId,
    isCurrentUserOnClock,
    canDraft,
    draftRoomState.timerMode,
    pickSubmitting,
  ])

  const fetchDraftPool = useCallback(async () => {
    if (!leagueId) return
    const endpoint = `/api/leagues/${encodeURIComponent(leagueId)}/draft/pool`
    const startedAt = typeof performance !== 'undefined' ? performance.now() : 
Date.now()
    try {
      const res = await fetch(endpoint, { cache: 'no-store' })
      const elapsedMs = Math.round((typeof performance !== 'undefined' ? 
performance.now() : Date.now()) - startedAt)
      const data = await res.json().catch(() => ({}))
      if (process.env.NODE_ENV !== 'production') {
        const rowCount = Array.isArray(data?.entries) ? data.entries.length : 0
        const source = typeof data?.meta?.source === 'string' ? 
data.meta.source : null
        console.info('[draft-room] draft pool loaded', {
          endpoint,
          leagueId,
          rowCount,
          elapsedMs,
          source,
          cacheHit: source === 'db-cache',
        })
      }
      if (res.ok && Array.isArray(data.entries)) {
        const poolPayload = data as {
          entries: NormalizedDraftEntry[]
          sport?: string
          devyConfig?: { enabled: boolean; devyRounds: number[] }
          c2cConfig?: { enabled: boolean; collegeRounds: number[] }
          isIdp?: boolean
          normalizedPlayerDataDiagnostics?: import('@/lib/player-data/providerF
allbackDiagnostics').ProviderFallbackDiagnostics[]
        }
        const { normalizedPlayerDataDiagnostics, ...rest } = poolPayload
        logNormalizedPlayerDataDiagnostics('draft-room', 
normalizedPlayerDataDiagnostics, {
          limit: 10,
          enabled: process.env.NODE_ENV !== 'production',
        })
        setDraftPool({
          entries: rest.entries,
          sport: rest.sport ?? sport,
          devyConfig: rest.devyConfig,
          c2cConfig: rest.c2cConfig,
          isIdp: rest.isIdp,
        })
      } else {
        setDraftPool(null)
      }
    } catch {
      if (process.env.NODE_ENV !== 'production') {
        const elapsedMs = Math.round((typeof performance !== 'undefined' ? 
performance.now() : Date.now()) - startedAt)
        console.warn('[draft-room] draft pool load failed', {
          endpoint,
          leagueId,
          elapsedMs,
        })
      }
      setDraftPool(null)
    }
  }, [leagueId, sport])

  const fetchRosterConfig = useCallback(async () => {
    if (!leagueId) return
    try {
      const res = await 
fetch(`/api/leagues/${encodeURIComponent(leagueId)}/roster-config`, {
        cache: 'no-store',
      })
      if (!res.ok) return
      const data = await res.json().catch(() => null)
      if (!data || typeof data !== 'object') return
      const starterSlots =
        data.starterSlots && typeof data.starterSlots === 'object'
          ? (data.starterSlots as Record<string, number>)
          : {}
      const ordered =
        Array.isArray(data.orderedSlotLabels) &&
        data.orderedSlotLabels.every((x: unknown) => typeof x === 'string')
          ? (data.orderedSlotLabels as string[])
          : undefined
      setRosterConfig({
        starterSlots,
        benchSlots: typeof data.benchSlots === 'number' ? data.benchSlots : 0,
        taxiSlots: typeof data.taxiSlots === 'number' ? data.taxiSlots : 0,
        devySlots: typeof data.devySlots === 'number' ? data.devySlots : 0,
        ...(ordered && ordered.length > 0 ? { orderedSlotLabels: ordered } : 
{}),
      })
    } catch {
      /* keep null ΓåÆ strip falls back */
    }
  }, [leagueId])

  useEffect(() => {
    void fetchRosterConfig()
  }, [fetchRosterConfig])

  const [idpRosterSummary, setIdpRosterSummary] = useState<{ starterSlots: 
Record<string, number>; benchSlots: number } | null>(null)
  const [idpScoringPreset, setIdpScoringPreset] = useState<string>('balanced')
  const [idpPositionMode, setIdpPositionMode] = useState<string>('standard')
  const effectiveRosterSlots = useMemo(() => {
    if (formatType === 'IDP' && idpRosterSummary) {
      const slots: string[] = []
      for (const [slotName, count] of 
Object.entries(idpRosterSummary.starterSlots)) {
        for (let i = 0; i < count; i += 1) slots.push(slotName)
      }
      for (let i = 0; i < (idpRosterSummary.benchSlots ?? 0); i += 1) {
        slots.push('BENCH')
      }
      return slots
    }

    const labels = rosterConfig?.orderedSlotLabels
    if (Array.isArray(labels) && labels.length > 0) return labels

    /** Last resort when `/roster-config` failed ΓÇö matches 
`getRosterSlotLabelsForLeagueDraft` server fallback (sport defaults). */
    return getDefaultRosterSlotsForSport(effectiveDraftSport)
  }, [effectiveDraftSport, formatType, idpRosterSummary, 
rosterConfig?.orderedSlotLabels])
  const isSuperflexFormat = useMemo(() => {
    const normalizedSlots = effectiveRosterSlots.map((slot) => String(slot || 
'').toUpperCase())
    return (
      normalizedSlots.includes('SUPER_FLEX') ||
      normalizedSlots.includes('SUPERFLEX') ||
      normalizedSlots.includes('OP') ||
      normalizedSlots.filter((slot) => slot === 'QB').length >= 2
    )
  }, [effectiveRosterSlots])

  const warRoomBrainInput = useMemo(() => {
    if (!session) return null
    const aiAdpByKey =
      draftUISettings?.aiAdpEnabled && leagueAiAdp?.entries?.length
        ? expandAiAdpKeysForLookup(leagueAiAdp.entries)
        : {}
    return buildLiveDraftBrainPayload({
      session,
      effectiveDraftSport,
      isDynasty,
      formatType,
      isIdpLeague: Boolean(draftPool?.isIdp),
      isSuperflexFormat,
      isTePremium: effectiveRosterSlots.some((s) => 
/TE\\+|PREM|PREMIUM|TE\\s*PREM/i.test(String(s))),
      leagueSiteDraftCount: leagueAiAdp?.totalDrafts,
      currentUserRosterId,
      players,
      draftedNames,
      effectiveRosterSlots,
      aiAdpByKey: Object.keys(aiAdpByKey).length ? aiAdpByKey : undefined,
    })
  }, [
    session,
    effectiveDraftSport,
    isDynasty,
    formatType,
    draftPool?.isIdp,
    isSuperflexFormat,
    effectiveRosterSlots,
    leagueAiAdp?.entries,
    leagueAiAdp?.totalDrafts,
    draftUISettings?.aiAdpEnabled,
    currentUserRosterId,
    players,
    draftedNames,
  ])

  const fetchDraftSettings = useCallback(async () => {
    try {
      const res = await 
fetch(`/api/leagues/${encodeURIComponent(leagueId)}/draft/settings`, { cache: 
'no-store' })
      const data = await res.json().catch(() => ({}))
      if (res.ok) {
        // Don't clobber an optimistic toggle while a PATCH is still in flight.
        if (data.draftUISettings && controlActionInflightRef.current === 0) 
setDraftUISettings(data.draftUISettings)
        if (typeof data.orphanAiProviderAvailable === 'boolean') {
          setOrphanAiProviderAvailableState(data.orphanAiProviderAvailable)
        }
        setSkipPickAllowed(String(data?.config?.autopick_behavior ?? 
'').toLowerCase() === 'skip')
        if (data.orphanStatus && typeof data.orphanStatus === 'object') {
          setOrphanAiStatus(data.orphanStatus)
        } else {
          setOrphanAiStatus(null)
        }
        if (data.commissionerAiDraft && typeof data.commissionerAiDraft === 
'object') {
          setCommissionerAiDraft(data.commissionerAiDraft)
        } else {
          setCommissionerAiDraft(null)
        }
        // Phase 3b ΓÇö perf: ai-opponents/summary takes ~70s on cold load
        // (calls AI provider). DON'T await it ΓÇö fire-and-forget and let the
        // panel re-render when it lands. Initialize to empty so consumers
        // don't see undefined.
        setAiOpponentRosterIds([])
        setAiArchetypeByRoster({})
        void (async () => {
          try {
            const aiSum = await fetch(`/api/league/ai-opponents/summary?leagueI
d=${encodeURIComponent(leagueId)}`, {
              cache: 'no-store',
              credentials: 'include',
            })
            const sumJson = await aiSum.json().catch(() => ({}))
            if (aiSum.ok && Array.isArray(sumJson.aiManagedDraftRosterIds)) {
              
setAiOpponentRosterIds(sumJson.aiManagedDraftRosterIds.filter((x: unknown) => 
typeof x === 'string'))
            }
            const arch: Record<string, string> = {}
            if (aiSum.ok && Array.isArray(sumJson.assignments)) {
              for (const a of sumJson.assignments as { draftRosterId?: string 
| null; archetypeLabel?: string | null }[]) {
                if (a.draftRosterId && typeof a.archetypeLabel === 'string' && 
a.archetypeLabel.trim()) {
                  arch[a.draftRosterId] = a.archetypeLabel.trim()
                }
              }
              setAiArchetypeByRoster(arch)
            }
          } catch {
            /* keep empty defaults ΓÇö no panic on AI failure */
          }
        })()
        setDraftQueueSizeLimit(normalizeDraftQueueSizeLimit(data?.config?.queue
_size_limit))
        setIdpRosterSummary(data.idpRosterSummary ?? null)
      }
    } catch {
      setDraftUISettings(null)
      setSkipPickAllowed(false)
      setOrphanAiStatus(null)
      setCommissionerAiDraft(null)
      setAiOpponentRosterIds([])
      setAiArchetypeByRoster({})
      setDraftQueueSizeLimit(normalizeDraftQueueSizeLimit(null))
      setIdpRosterSummary(null)
    }
  }, [leagueId])

  const fetchDraftAssistantContext = useCallback(async () => {
    if (!leagueId) return
    try {
      const res = await 
fetch(`/api/leagues/${encodeURIComponent(leagueId)}/draft/assistant-context`, {
        cache: 'no-store',
      })
      const data = await res.json().catch(() => ({}))
      if (res.ok) {
        setDraftAssistantContext({
          sport: typeof data.sport === 'string' ? data.sport : sport,
          headlines: Array.isArray(data.headlines) ? data.headlines : [],
          injuries: Array.isArray(data.injuries) ? data.injuries : [],
          sportsFeed: data.sportsFeed && typeof data.sportsFeed === 'object'
            ? {
                available: Boolean(data.sportsFeed.available),
                updatedAt: typeof data.sportsFeed.updatedAt === 'string' ? 
data.sportsFeed.updatedAt : null,
                sourceKeys: Array.isArray(data.sportsFeed.sourceKeys)
                  ? data.sportsFeed.sourceKeys.filter((value: unknown): value 
is string => typeof value === 'string')
                  : [],
                digest: typeof data.sportsFeed.digest === 'string' ? 
data.sportsFeed.digest : null,
              }
            : {
                available: false,
                updatedAt: null,
                sourceKeys: [],
                digest: null,
              },
        })
      }
    } catch {
      setDraftAssistantContext(null)
    }
  }, [leagueId, sport])

  const fetchDraftChromeData = useCallback(async () => {
    try {
      const [settingsRes, privacyRes] = await Promise.all([
        fetch(`/api/league/settings?leagueId=${encodeURIComponent(leagueId)}`, 
{ cache: 'no-store' }),
        fetch(`/api/leagues/${encodeURIComponent(leagueId)}/privacy`, { cache: 
'no-store' }),
      ])

      const settingsJson = await settingsRes.json().catch(() => ({}))
      const privacyJson = await privacyRes.json().catch(() => ({}))

      if (settingsRes.ok && Array.isArray(settingsJson?.league?.teams)) {
        setLeagueTeams(settingsJson.league.teams as DraftRoomChromeTeam[])
      } else {
        setLeagueTeams([])
      }

      if (privacyRes.ok) {
        setInviteLink(resolveInviteLink(privacyJson))
      } else {
        setInviteLink(null)
      }
    } catch {
      setLeagueTeams([])
      setInviteLink(null)
    }
  }, [leagueId])

  const fetchClaimableRosters = useCallback(async () => {
    if (!leagueId) return
    try {
      const res = await 
fetch(`/api/leagues/${encodeURIComponent(leagueId)}/claim-roster`, { cache: 
'no-store' })
      const data = await res.json().catch(() => ({}))
      if (!res.ok || data.alreadyClaimed) {
        setClaimableRosterIds([])
        return
      }
      const rows = Array.isArray(data.rosters) ? data.rosters : []
      setClaimableRosterIds(
        rows
          .map((r: { rosterId?: string }) => (typeof r?.rosterId === 'string' 
? r.rosterId : ''))
          .filter(Boolean),
      )
    } catch {
      setClaimableRosterIds([])
    }
  }, [leagueId])

  useEffect(() => {
    if (!session?.id) return
    if (currentUserRosterId) {
      setClaimableRosterIds([])
      return
    }
    void fetchClaimableRosters()
  }, [session?.id, currentUserRosterId, fetchClaimableRosters])

  useEffect(() => {
    if (typeof window === 'undefined' || !leagueId) return
    try {
      const raw = window.localStorage.getItem(localPrefsKey)
      if (!raw) return
      const parsed = JSON.parse(raw) as {
        autoPickFromQueue?: boolean
        awayMode?: boolean
        aiQueueReorderEnabled?: boolean
        draftAiExplanationEnabled?: boolean
      }
      if (typeof parsed.autoPickFromQueue === 'boolean') 
setAutoPickFromQueue(parsed.autoPickFromQueue)
      if (typeof parsed.awayMode === 'boolean') setAwayMode(parsed.awayMode)
      if (typeof parsed.aiQueueReorderEnabled === 'boolean') {
        setAiQueueReorderEnabled(parsed.aiQueueReorderEnabled)
      }
      if (typeof parsed.draftAiExplanationEnabled === 'boolean') {
        setDraftAiExplanationEnabled(parsed.draftAiExplanationEnabled)
      }
    } catch {
      // Ignore malformed local preferences.
    }
  }, [leagueId, localPrefsKey])

  useEffect(() => {
    if (typeof window === 'undefined' || !leagueId) return
    try {
      window.localStorage.setItem(
        localPrefsKey,
        JSON.stringify({ autoPickFromQueue, awayMode, aiQueueReorderEnabled, 
draftAiExplanationEnabled })
      )
    } catch {
      // Ignore storage failures.
    }
  }, [leagueId, localPrefsKey, autoPickFromQueue, awayMode, 
aiQueueReorderEnabled, draftAiExplanationEnabled])

  const fetchLeagueAiAdp = useCallback(async () => {
    if (!draftUISettings?.aiAdpEnabled) {
      setLeagueAiAdp(null)
      return
    }
    try {
      // D.5-proper ΓÇö when the feature flag is on, hit the AllFantasy 
snapshot path.
      // When off, keep the legacy URL so existing production traffic is 
unchanged.
      const url = useAllFantasyAdp
        ? buildAllFantasyAdpUrl(leagueId, { draftMode: allFantasyAdpDraftMode 
})
        : `/api/leagues/${encodeURIComponent(leagueId)}/ai-adp`
      const res = await fetch(url, { cache: 'no-store' })
      const data = await res.json().catch(() => ({}))
      if (res.ok) {
        setLeagueAiAdp({
          enabled: data.enabled ?? false,
          entries: Array.isArray(data.entries) ? data.entries : [],
          totalDrafts: data.totalDrafts ?? 0,
          computedAt: data.computedAt ?? null,
          stale: data.stale ?? false,
          ageHours: data.ageHours ?? null,
          message: data.message ?? null,
        })
      } else {
        setLeagueAiAdp({
          enabled: true,
          entries: [],
          totalDrafts: 0,
          computedAt: null,
          stale: true,
          ageHours: null,
          message: 'Not enough AllFantasy draft data yet',
        })
      }
    } catch {
      setLeagueAiAdp(
        draftUISettings?.aiAdpEnabled
          ? {
              enabled: true,
              entries: [],
              totalDrafts: 0,
              computedAt: null,
              stale: true,
              ageHours: null,
              message: 'Not enough AllFantasy draft data yet',
            }
          : null,
      )
    }
  }, [leagueId, draftUISettings?.aiAdpEnabled, useAllFantasyAdp, 
allFantasyAdpDraftMode])

  const fetchSession = useCallback(async (): Promise<boolean> => {
    const hadSessionBeforeRequest = Boolean(sessionRef.current)
    try {
      const res = await 
fetch(`/api/leagues/${encodeURIComponent(leagueId)}/draft/session`, { cache: 
'no-store' })
      const data = await res.json().catch(() => ({}))
      if (res.status === 401) {
        setDraftSessionAccess(\"unauthorized\")
        setSession(null)
        return false
      }
      if (res.status === 403) {
        setDraftSessionAccess(\"forbidden\")
        setSession(null)
        return false
      }
      // Slice J ΓÇö 409 / DRAFT_SESSION_MISMATCH: the server has detected the
      // client is reading a stale or non-canonical draft session for this
      // league. Recover IN-PLACE: keep the same DraftRoomShell + DraftBoard
      // mounted, show an inline banner, and schedule a single refetch.
      // Never `router.push` / `router.replace` / `window.location` here ΓÇö
      // navigation breaks the unified-state contract locked by Commit E.
      if (res.status === 409 && (data as { code?: unknown })?.code === 
'DRAFT_SESSION_MISMATCH') {
        setSessionMismatchRecovering(true)
        sessionMismatchAttemptsRef.current += 1
        if (sessionMismatchRetryTimerRef.current && typeof window !== 
'undefined') {
          window.clearTimeout(sessionMismatchRetryTimerRef.current)
        }
        // Cap at 3 retries ΓÇö past that, the banner exposes an inline retry
        // button instead of looping forever.
        if (sessionMismatchAttemptsRef.current <= 3 && typeof window !== 
'undefined') {
          sessionMismatchRetryTimerRef.current = window.setTimeout(() => {
            sessionMismatchRetryTimerRef.current = null
            void fetchSession()
          }, 800)
        }
        return false
      }
      if (res.ok && data.session) {
        setDraftSessionAccess(\"ok\")
        // Recovered (idempotent ΓÇö safe even if no prior mismatch was 
observed).
        setSessionMismatchRecovering(false)
        sessionMismatchAttemptsRef.current = 0
        setSession((prev) => mergeDraftSessionSnapshot(prev, data.session as 
DraftSessionSnapshot))
        // Store canonical state from the response for dev-mode divergence 
logging.
        if (data.canonicalDraftState && typeof data.canonicalDraftState === 
'object') {
          const c = data.canonicalDraftState as {
            status?: unknown
            currentPickNumber?: unknown
            picksMade?: unknown
            currentTeamId?: unknown
            timerEndAt?: unknown
          }
          canonicalDraftStateRef.current = {
            status: typeof c.status === 'string' ? c.status : '',
            currentPickNumber: typeof c.currentPickNumber === 'number' ? 
c.currentPickNumber : null,
            picksMade: typeof c.picksMade === 'number' ? c.picksMade : 0,
            currentTeamId: typeof c.currentTeamId === 'string' ? 
c.currentTeamId : null,
            timerEndAt: typeof c.timerEndAt === 'string' ? c.timerEndAt : null,
          }
          if (process.env.NODE_ENV !== 'production' && 
data.canonicalDraftStateParity) {
            const parity = data.canonicalDraftStateParity as {
              statusMatches?: boolean
              currentPickMatches?: boolean
              picksMadeMatches?: boolean
            }
            if (parity.statusMatches === false || parity.currentPickMatches 
=== false || parity.picksMadeMatches === false) {
              console.warn('[draft-room/canonical-parity] client-visible 
drift', {
                leagueId,
                parity,
                canonical: canonicalDraftStateRef.current,
              })
            }
          }
        }
        return true
      }
      if (res.ok) {
        setDraftSessionAccess(\"ok\")
        if (!hadSessionBeforeRequest) {
          setSession(null)
        }
        return true
      }
      setDraftSessionAccess(null)
      if (!hadSessionBeforeRequest) {
        setSession(null)
      }
      return hadSessionBeforeRequest
    } catch {
      setDraftSessionAccess(null)
      if (!hadSessionBeforeRequest) {
        setSession(null)
      }
      return hadSessionBeforeRequest
    }
  }, [leagueId])

  useEffect(() => {
    if (typeof window === 'undefined' || !leagueId) return
    const handler = (ev: Event) => {
      const d = (ev as CustomEvent<{ leagueId?: string }>).detail
      if (d?.leagueId !== leagueId) return
      void fetchRosterConfig()
      void fetchSession()
      void fetchDraftPool()
    }
    window.addEventListener(LEAGUE_DRAFT_ROOM_REVALIDATE, handler as 
EventListener)
    return () => window.removeEventListener(LEAGUE_DRAFT_ROOM_REVALIDATE, 
handler as EventListener)
  }, [leagueId, fetchDraftPool, fetchRosterConfig, fetchSession])

  /**
   * Combined poll: authoritative session when changed (`since` vs row 
`updatedAt`) + optional queue + chat.
   * Does not bump `updatedAt` when unchanged (avoids merge churn). Returns 
whether the HTTP round-trip succeeded.
   */
  const fetchLiveSync = useCallback(
    async (opts: { since?: string; includeQueue: boolean; includeChat: boolean 
}): Promise<boolean> => {
      try {
        const sp = new URLSearchParams()
        if (opts.since) sp.set('since', opts.since)
        if (!opts.includeQueue) sp.set('queue', '0')
        if (!opts.includeChat) sp.set('chat', '0')
        const res = await fetch(
          `/api/leagues/${encodeURIComponent(leagueId)}/draft/live-sync?${sp.to
String()}`,
          { cache: 'no-store' },
        )
        const data = await res.json().catch(() => ({}))
        if (!res.ok) return false

        if (data.session && controlActionInflightRef.current === 0) {
          setSession((prev) => mergeDraftSessionSnapshot(prev, data.session as 
DraftSessionSnapshot))
        }

        if (opts.includeQueue && Array.isArray(data.queue)) {
          const next = data.queue as QueueEntry[]
          setQueue((prev) => (JSON.stringify(prev) === JSON.stringify(next) ? 
prev : next))
        }

        if (opts.includeChat && Array.isArray(data.messages)) {
          const incoming = data.messages as DraftChatMessage[]
          setChatMessages((prev) => {
            const merged = mergeDraftChatWire(prev, incoming)
            return JSON.stringify(prev) === JSON.stringify(merged) ? prev : 
merged
          })
          if (typeof data.syncActive === 'boolean') 
setChatSyncActive(data.syncActive)
        }

        return true
      } catch {
        return false
      }
    },
    [leagueId],
  )

  const fetchQueue = useCallback(async () => {
    try {
      const res = await 
fetch(`/api/leagues/${encodeURIComponent(leagueId)}/draft/queue`, { cache: 
'no-store' })
      const data = await res.json().catch(() => ({}))
      if (res.ok && Array.isArray(data.queue)) {
        const next = data.queue as QueueEntry[]
        setQueue((prev) => (JSON.stringify(prev) === JSON.stringify(next) ? 
prev : next))
      }
    } catch {
      setQueue([])
    }
  }, [leagueId])

  const fetchChat = useCallback(async () => {
    if (!leagueId) return
    try {
      const res = await 
fetch(`/api/leagues/${encodeURIComponent(leagueId)}/draft/chat`, { cache: 
'no-store' })
      const data = await res.json().catch(() => ({}))
      if (res.ok && Array.isArray(data.messages)) {
        const incoming = data.messages as DraftChatMessage[]
        setChatMessages((prev) => {
          const merged = mergeDraftChatWire(prev, incoming)
          return JSON.stringify(prev) === JSON.stringify(merged) ? prev : 
merged
        })
        setChatSyncActive(Boolean(data.syncActive))
      }
    } catch {
      /* Keep last good messages ΓÇö blanking chat on a flaky network reads 
like data loss */
      setChatSyncActive(false)
    }
  }, [leagueId])

  const handleChatReconnect = useCallback(() => {
    setChatSendError(null)
    fetchSession()
    fetchQueue()
    fetchDraftSettings()
    fetchDraftAssistantContext()
    fetchChat()
  }, [fetchSession, fetchQueue, fetchDraftSettings, 
fetchDraftAssistantContext, fetchChat])

  /**
   * Toggle a chat reaction via the shared reactions route. Optimistic update
   * mutates local state immediately (add or remove by emoji+userId) so the UI
   * feels snappy; the next `fetchChat()` reconciles the authoritative counts
   * from the server. Falls through silently on failure ΓÇö the reconcile fetch
   * restores the correct state.
   */
  const handleReactChat = useCallback(
    async (messageId: string, emoji: string) => {
      if (!viewerAppUserId) return
      let didAdd = true
      setChatMessages((prev) =>
        prev.map((m) => {
          if (m.id !== messageId) return m
          const reactions = Array.isArray((m as { reactions?: unknown 
}).reactions)
            ? ([...((m as { reactions: Array<{ emoji: string; count: number; 
userIds: string[] }> }).reactions)])
            : []
          const idx = reactions.findIndex((r) => r.emoji === emoji)
          if (idx >= 0) {
            const entry = reactions[idx]!
            if (entry.userIds.includes(viewerAppUserId)) {
              const userIds = entry.userIds.filter((id) => id !== 
viewerAppUserId)
              didAdd = false
              if (userIds.length === 0) reactions.splice(idx, 1)
              else reactions[idx] = { ...entry, userIds, count: userIds.length 
}
            } else {
              const userIds = [...entry.userIds, viewerAppUserId]
              reactions[idx] = { ...entry, userIds, count: userIds.length }
            }
          } else {
            reactions.push({ emoji, count: 1, userIds: [viewerAppUserId] })
          }
          return { ...m, reactions }
        }),
      )
      try {
        const roomId = `league:${leagueId}`
        await fetch(
          `/api/shared/chat/threads/${encodeURIComponent(roomId)}/messages/${en
codeURIComponent(messageId)}/reactions`,
          {
            method: didAdd ? 'POST' : 'DELETE',
            headers: { 'Content-Type': 'application/json' },
            body: JSON.stringify({ emoji }),
          },
        )
      } catch {
        /* reconcile on next fetch */
      } finally {
        fetchChat()
      }
    },
    [viewerAppUserId, leagueId, fetchChat],
  )

  const [chatSending, setChatSending] = useState(false)
  const [chatSendError, setChatSendError] = useState<string | null>(null)
  const [pickSuccessFlash, setPickSuccessFlash] = useState<string | null>(null)

  const handleSendChat = useCallback(
    async (text: string) => {
      if (!text.trim() || chatSending) return
      setChatSending(true)
      try {
        const res = await 
fetch(`/api/leagues/${encodeURIComponent(leagueId)}/draft/chat`, {
          method: 'POST',
          headers: { 'Content-Type': 'application/json' },
          body: JSON.stringify({ text: text.trim() }),
        })
        const data = await res.json().catch(() => ({}))
        if (res.ok && data.message) {
          setChatSendError(null)
          sendProductAnalyticsBeacon(DRAFT_ROOM.CHAT_SEND, {
            leagueId,
            len: text.trim().length,
            leagueSync: typeof data.syncActive === 'boolean' ? data.syncActive 
: undefined,
          })
          setChatMessages((prev) => {
            const msg = data.message as (typeof prev)[0]
            if (prev.some((m) => m.id === msg.id)) return prev
            return [...prev, msg].sort((a, b) => new Date(a.at).getTime() - 
new Date(b.at).getTime())
          })
          if (typeof data.syncActive === 'boolean') {
            setChatSyncActive(data.syncActive)
          }
        } else {
          setChatSendError(typeof data?.error === 'string' ? data.error : 
'Message could not be sent. Try again.')
        }
      } catch (err) {
        draftRoomWarn('chat-send', err)
        setChatSendError('Could not send message. Check your connection and 
try again.')
      } finally {
        setChatSending(false)
      }
    },
    [leagueId, chatSending],
  )

  const fetchCommissionerLeagues = useCallback(async () => {
    try {
      const res = await fetch('/api/commissioner/leagues', { cache: 'no-store' 
})
      const data = await res.json().catch(() => ({}))
      if (res.ok && Array.isArray(data.leagues)) 
setCommissionerLeagues(data.leagues)
    } catch {
      setCommissionerLeagues([])
    }
  }, [])

  const handleBroadcastOpen = useCallback(() => {
    setShowBroadcastModal(true)
    setBroadcastSelectedIds(new Set([leagueId]))
    setBroadcastMessage('')
    fetchCommissionerLeagues()
  }, [leagueId, fetchCommissionerLeagues])

  const handleBroadcastSubmit = useCallback(async () => {
    if (broadcastSelectedIds.size === 0 || !broadcastMessage.trim() || 
broadcastSending) return
    setBroadcastSending(true)
    try {
      const res = await fetch('/api/commissioner/broadcast', {
        method: 'POST',
        headers: { 'Content-Type': 'application/json' },
        body: JSON.stringify({
          leagueIds: Array.from(broadcastSelectedIds),
          message: broadcastMessage.trim(),
        }),
      })
      const data = await res.json().catch(() => ({}))
      if (res.ok && data.ok) {
        setShowBroadcastModal(false)
        setBroadcastMessage('')
        if (broadcastSelectedIds.has(leagueId)) fetchChat()
      }
    } finally {
      setBroadcastSending(false)
    }
  }, [broadcastSelectedIds, broadcastMessage, broadcastSending, leagueId, 
fetchChat])

  const fetchRecommendation = useCallback(async () => {
    if (!session || !currentPick || !session.teamCount) return
    const myRoster = session.picks?.filter((p) => p.rosterId === 
currentUserRosterId).map((p) => ({
      position: p.position,
      team: p.team ?? null,
      byeWeek: p.byeWeek ?? null,
    })) ?? []
    const availablePool = filterPlayersAvailableForDraftAi(players, 
draftedNames, draftedPlayerIds)
    const available = availablePool.map((p) => ({
      name: p.name,
      position: p.position,
      team: p.team ?? null,
      adp: draftUISettings?.aiAdpEnabled && p.aiAdp != null ? p.aiAdp : p.adp,
      byeWeek: p.byeWeek ?? null,
    }))
    if (available.length === 0) {
      setLiveBrainEnvelope(null)
      setRecommendationResult({
        recommendation: null,
        alternatives: [],
        reachWarning: null,
        valueWarning: null,
        scarcityInsight: null,
        stackInsight: null,
        correlationInsight: null,
        formatInsight: null,
        byeNote: null,
        explanation: '',
        evidence: [],
        caveats: ['No available players.'],
        uncertainty: 'High uncertainty: no available players in pool.',
      })
      return
    }
    setRecommendationLoading(true)
    setRecommendationError(null)
    let brainPromise: Promise<LiveDraftBrainEnvelope | null> = 
Promise.resolve(null)
    try {
      const aiAdpByKey =
        draftUISettings?.aiAdpEnabled && leagueAiAdp?.entries?.length
          ? expandAiAdpKeysForLookup(leagueAiAdp.entries)
          : {}
      brainPromise = (async (): Promise<LiveDraftBrainEnvelope | null> => {
        try {
          if (!session) return null
          const payload = buildLiveDraftBrainPayload({
            session,
            effectiveDraftSport,
            isDynasty,
            formatType,
            isIdpLeague: Boolean(draftPool?.isIdp),
            isSuperflexFormat,
            isTePremium: effectiveRosterSlots.some((s) => 
/TE\\+|PREM|PREMIUM|TE\\s*PREM/i.test(String(s))),
            leagueSiteDraftCount: leagueAiAdp?.totalDrafts,
            currentUserRosterId,
            players,
            draftedNames,
            effectiveRosterSlots,
            aiAdpByKey: Object.keys(aiAdpByKey).length ? aiAdpByKey : 
undefined,
          })
          if (!payload) return null
          const res = await fetch('/api/draft/live-brain', {
            method: 'POST',
            headers: { 'Content-Type': 'application/json' },
            body: JSON.stringify({ leagueId, ...payload }),
          })
          const data = await res.json().catch(() => ({}))
          if (res.ok && data.ok && data.envelope) return data.envelope as 
LiveDraftBrainEnvelope
        } catch {
          /* non-fatal */
        }
        return null
      })()
      const requestRecommendation = async (confirmTokenSpendForFallback: 
boolean) => {
        const res = await fetch('/api/draft/recommend', {
          method: 'POST',
          headers: { 'Content-Type': 'application/json' },
          body: JSON.stringify({
            available,
            teamRoster: myRoster,
            rosterSlots: effectiveRosterSlots,
            round: currentPick.round,
            pick: currentPick.slot,
            totalTeams: session.teamCount,
            sport: effectiveDraftSport,
            isDynasty,
            isSF: isSuperflexFormat,
            mode: 'needs',
            includeAIExplanation: draftAiExplanationEnabled,
            leagueId,
            leagueName,
            confirmTokenSpend: confirmTokenSpendForFallback,
            aiAdpByKey: Object.keys(aiAdpByKey).length ? aiAdpByKey : 
undefined,
            ...(assistantFeedBriefForRecommend.trim()
              ? { assistantFeedBrief: assistantFeedBriefForRecommend }
              : {}),
          }),
        })
        const data = await res.json().catch(() => ({}))
        return { res, data }
      }

      let { res, data } = await requestRecommendation(false)
      if (
        !res.ok &&
        data?.code === 'token_confirmation_required' &&
        typeof data?.preview?.ruleCode === 'string'
      ) {
        const confirmation = await confirmTokenSpend(data.preview.ruleCode)
        if (!confirmation.confirmed) {
          setLiveBrainEnvelope(await brainPromise)
          setRecommendationError('Token confirmation cancelled. Draft AI 
explanation was not unlocked.')
          return
        }
        ;({ res, data } = await requestRecommendation(true))
      }

      setLiveBrainEnvelope(await brainPromise)
      if (res.ok && data.ok) {
        let recommendation = data.recommendation ?? null
        let alternatives = Array.isArray(data.alternatives) ? 
data.alternatives : []
        const caveatsBase = Array.isArray(data.caveats) ? [...data.caveats] : 
[]

        if (
          recommendation &&
          !isAiRecommendationPlayerAvailable(recommendation.player.name, 
recommendation.player.position)
        ) {
          caveatsBase.push('Copilot pick is no longer available on the board 
ΓÇö opponent may have just drafted them.')
          recommendation = null
        }
        alternatives = alternatives.filter((alt: { player?: { name?: string; 
position?: string } }) =>
          alt?.player?.name && alt?.player?.position
            ? isAiRecommendationPlayerAvailable(alt.player.name, 
alt.player.position)
            : false,
        )

        setRecommendationResult({
          recommendation,
          alternatives,
          reachWarning: data.reachWarning ?? null,
          valueWarning: data.valueWarning ?? null,
          scarcityInsight: data.scarcityInsight ?? null,
          stackInsight: data.stackInsight ?? null,
          correlationInsight: data.correlationInsight ?? null,
          formatInsight: data.formatInsight ?? null,
          byeNote: data.byeNote ?? null,
          explanation: data.explanation ?? '',
          evidence: Array.isArray(data.evidence) ? data.evidence : [],
          caveats: caveatsBase,
          uncertainty: data.uncertainty ?? null,
          execution: data.execution ?? null,
        })
      } else {
        setRecommendationError(data.error || 'Failed to get recommendation')
      }
    } catch (e: any) {
      setRecommendationError(e?.message || 'Request failed')
      try {
        setLiveBrainEnvelope(await brainPromise)
      } catch {
        setLiveBrainEnvelope(null)
      }
    } finally {
      setRecommendationLoading(false)
    }
  }, [
    currentPick,
    session?.teamCount,
    session?.picks,
    session,
    draftPool,
    draftData,
    draftUISettings?.aiAdpEnabled,
    leagueAiAdp,
    effectiveDraftSport,
    effectiveRosterSlots,
    isSuperflexFormat,
    isDynasty,
    draftAiExplanationEnabled,
    currentUserRosterId,
    leagueId,
    players,
    draftedNames,
    formatType,
    draftedPlayerIds,
    assistantFeedBriefForRecommend,
    leagueName,
    resolvePlayerFromPool,
    isAiRecommendationPlayerAvailable,
  ])

  /** Off-the-clock: clear pick-specific AI so we never show another team's 
on-clock plan as yours. */
  useEffect(() => {
    if (!session || !currentUserRosterId || !currentPick) return
    if (currentPick.rosterId === currentUserRosterId) return
    setRecommendationResult({
      recommendation: null,
      alternatives: [],
      reachWarning: null,
      valueWarning: null,
      scarcityInsight: null,
      stackInsight: null,
      correlationInsight: null,
      formatInsight: null,
      byeNote: null,
      explanation: '',
      evidence: [],
      caveats: [],
      uncertainty: null,
      execution: null,
    })
    setRecommendationError(null)
    recommendationRequestKeyRef.current = ''
  }, [currentPick?.rosterId, currentUserRosterId, session])

  useEffect(() => {
    if (!session?.teamCount || !currentPick || players.length === 0) return
    if (!currentUserRosterId || currentPick.rosterId !== currentUserRosterId) {
      recommendationRequestKeyRef.current = ''
      return
    }
    const recommendationKey = [
      currentPick.overall ?? 0,
      currentPick.rosterId ?? '',
      session.picks?.length ?? 0,
      players.length,
      draftedPlayerIds.size,
      draftUISettings?.aiAdpEnabled ? 'ai' : 'deterministic',
      draftAiExplanationEnabled ? 'ai-explain-on' : 'ai-explain-off',
      leagueAiAdp?.computedAt ?? 'no-ai-adp',
    ].join('|')
    if (recommendationRequestKeyRef.current === recommendationKey) return
    recommendationRequestKeyRef.current = recommendationKey
    fetchRecommendation()
  }, [
    currentPick?.overall,
    currentPick?.rosterId,
    session?.picks?.length,
    session?.teamCount,
    players.length,
    draftedPlayerIds.size,
    draftUISettings?.aiAdpEnabled,
    draftAiExplanationEnabled,
    leagueAiAdp?.computedAt,
    fetchRecommendation,
    currentUserRosterId,
  ])

  /** Drop copilot picks/alts that were taken while AI was in flight or before 
the next refresh. */
  useEffect(() => {
    setRecommendationResult((prev) => {
      if (!prev) return prev
      let recommendation = prev.recommendation
      if (recommendation) {
        const rp = recommendation.player
        if (!isAiRecommendationPlayerAvailable(rp.name, rp.position)) {
          recommendationRequestKeyRef.current = ''
          recommendation = null
        }
      }
      const filteredAlts = (prev.alternatives ?? []).filter((a) =>
        isAiRecommendationPlayerAvailable(a.player.name, a.player.position),
      )
      const caveats =
        recommendation !== prev.recommendation && prev.recommendation
          ? [...(prev.caveats ?? []), 'Recommended player is off the board ΓÇö 
sync refreshed.'].slice(0, 14)
          : prev.caveats ?? []
      if (
        recommendation === prev.recommendation &&
        filteredAlts.length === (prev.alternatives ?? []).length
      ) {
        return prev
      }
      return { ...prev, recommendation, alternatives: filteredAlts, caveats }
    })
  }, [isAiRecommendationPlayerAvailable])

  useEffect(() => {
    if (!leagueId) return
    let cancelled = false

    const bootstrapDraftRoom = async () => {
      setLoading(true)

      const canAccessDraftRoom = await fetchSession()
      if (cancelled) return

      // Show expired-session / forbidden states as soon as the authoritative
      // draft-session check resolves instead of waiting on slower ancillary
      // draft endpoints that may also 401/403.
      if (!canAccessDraftRoom) {
        setLoading(false)
        return
      }

      // Phase 3b ΓÇö perf: render the draft room as soon as the CRITICAL 
fetches
      // resolve. The two AI-bound fetches (`assistant-context` ~68s, the
      // `ai-opponents/summary` nested inside `fetchDraftSettings` ~70s) used 
to
      // be in this Promise.allSettled, holding the loading spinner up for over
      // a minute on cold load. They're now fire-and-forget ΓÇö panels that 
need
      // them branch on `null` until the data arrives, then re-render.
      await Promise.allSettled([
        fetchQueue(),
        fetchDraftSettings(),
        fetchDraftChromeData(),
        fetchChat(),
        fetchDraftPool(),
      ])

      if (!cancelled) {
        setLoading(false)
      }

      // Deferred ΓÇö let panels populate after the room is interactive.
      void fetchDraftAssistantContext()
    }

    void bootstrapDraftRoom()

    return () => {
      cancelled = true
    }
  }, [leagueId, fetchSession, fetchQueue, fetchDraftSettings, 
fetchDraftChromeData, fetchChat, fetchDraftPool, fetchDraftAssistantContext])

  useEffect(() => {
    if (!leagueId || !draftUISettings?.aiAdpEnabled) return
    fetchLeagueAiAdp()
  }, [leagueId, draftUISettings?.aiAdpEnabled, fetchLeagueAiAdp])

  useEffect(() => {
    if (!leagueId || !currentUserRosterId) return
    setDraftIntelLoading(true)
    const stream = new EventSource(
      `/api/draft/intel/stream?leagueId=${encodeURIComponent(leagueId)}`
    )

    const handleStateEvent = (event: MessageEvent<string>) => {
      try {
        const next = JSON.parse(event.data) as DraftIntelState
        setDraftIntel(next)
      } catch {
        // Ignore malformed SSE payloads.
      } finally {
        setDraftIntelLoading(false)
      }
    }

    stream.addEventListener('snapshot', handleStateEvent as EventListener)
    stream.addEventListener('queue_update', handleStateEvent as EventListener)
    stream.addEventListener('on_clock', handleStateEvent as EventListener)
    stream.addEventListener('recap', handleStateEvent as EventListener)
    stream.onerror = () => {
      setDraftIntelLoading(false)
      draftRoomWarn('intel-sse-disconnect', { leagueId })
      void fetchSession()
    }

    return () => {
      stream.close()
    }
  }, [leagueId, currentUserRosterId, fetchSession])

  const [pollInterval, setPollInterval] = useState(POLL_MS)
  const refetchOnceRef = useRef<(() => void) | null>(null)
  const pollTickRef = useRef(0)
  const pollInFlightRef = useRef(false)
  /** Prevents double POST before React state catches up with rapid Draft 
clicks. */
  const pickInflightRef = useRef(false)
  useEffect(() => {
    if (!leagueId) return
    const run = async () => {
      if (pollInFlightRef.current) return
      pollInFlightRef.current = true
      const tick = pollTickRef.current + 1
      pollTickRef.current = tick
      try {
        const since = sessionRef.current?.updatedAt
        const onClockForCurrentUser = Boolean(
          sessionRef.current?.currentPick?.rosterId &&
          currentUserRosterId &&
          sessionRef.current.currentPick.rosterId === currentUserRosterId
        )
        const shouldRefreshQueue = (tick % QUEUE_POLL_EVERY_N_TICKS) === 0 || 
onClockForCurrentUser
        const shouldRefreshSettings = (tick % SETTINGS_POLL_EVERY_N_TICKS) === 
0 || showCommissionerModal
        const shouldRefreshChat = chatSyncActive || (tick % 
CHAT_POLL_EVERY_N_TICKS) === 0
        const shouldRefreshPool = (tick % POOL_POLL_EVERY_N_TICKS) === 0

        const sessionPollOk = await fetchLiveSync({
          since,
          includeQueue: shouldRefreshQueue,
          includeChat: shouldRefreshChat,
        })

        const secondary: Promise<unknown>[] = []
        if (shouldRefreshSettings) secondary.push(fetchDraftSettings())
        if (shouldRefreshSettings) secondary.push(fetchDraftAssistantContext())
        if (shouldRefreshPool) secondary.push(fetchDraftPool())

        const aiAdpComputedAt = leagueAiAdp?.computedAt ? new 
Date(leagueAiAdp.computedAt).getTime() : 0
        const skipAiAdp = draftUISettings?.aiAdpEnabled && aiAdpComputedAt && 
Date.now() - aiAdpComputedAt < AI_ADP_POLL_SKIP_MS
        if (draftUISettings?.aiAdpEnabled && !skipAiAdp) 
secondary.push(fetchLeagueAiAdp())
        await Promise.all(secondary)

        /** Authoritative session sync failed: streak + delay before showing 
badge (healthy polls stay quiet). */
        if (!sessionPollOk) {
          pollSessionFailStreakRef.current += 1
          if (pollSessionFailStreakRef.current >= 
SESSION_POLL_FAILS_FOR_DEGRADED && connectionDegradedTimerRef.current == null) 
{
            connectionDegradedTimerRef.current = window.setTimeout(() => {
              connectionDegradedTimerRef.current = null
              setConnectionDegraded(true)
            }, CONNECTION_DEGRADED_SHOW_DELAY_MS)
          }
        } else {
          pollSessionFailStreakRef.current = 0
          if (connectionDegradedTimerRef.current != null) {
            clearTimeout(connectionDegradedTimerRef.current)
            connectionDegradedTimerRef.current = null
          }
          setConnectionDegraded(false)
        }
      } finally {
        pollInFlightRef.current = false
      }
    }
    refetchOnceRef.current = () => { void run() }
  }, [
    leagueId,
    fetchLiveSync,
    fetchDraftSettings,
    fetchDraftAssistantContext,
    fetchDraftPool,
    fetchLeagueAiAdp,
    draftUISettings?.aiAdpEnabled,
    leagueAiAdp?.computedAt,
    showCommissionerModal,
    chatSyncActive,
    currentUserRosterId,
  ])

  useEffect(() => {
    if (typeof document === 'undefined') return
    const compute = () => {
      const hidden = document.hidden
      if (hidden) {
        setPollInterval(POLL_MS_BACKGROUND)
        return
      }
      refetchOnceRef.current?.()
      const active = session?.status === 'in_progress'
      const ts = session?.timer?.status
      if (active && (ts === 'running' || ts === 'expired')) {
        setPollInterval(2000)
      } else {
        setPollInterval(POLL_MS)
      }
    }
    compute()
    document.addEventListener('visibilitychange', compute)
    return () => document.removeEventListener('visibilitychange', compute)
  }, [session?.status, session?.timer?.status])

  /** Full session GET when tab becomes visible ΓÇö complements 
`/draft/live-sync` polling. */
  useEffect(() => {
    if (typeof document === 'undefined') return
    const onVisibility = () => {
      if (document.hidden) return
      void fetchSession().then((ok) => {
        if (ok) {
          pollSessionFailStreakRef.current = 0
          if (connectionDegradedTimerRef.current != null) {
            clearTimeout(connectionDegradedTimerRef.current)
            connectionDegradedTimerRef.current = null
          }
          setConnectionDegraded(false)
        }
      })
      refetchOnceRef.current?.()
    }
    document.addEventListener('visibilitychange', onVisibility)
    return () => document.removeEventListener('visibilitychange', onVisibility)
  }, [fetchSession])

  useEffect(() => {
    if (!leagueId) return
    const id = setInterval(() => {
      refetchOnceRef.current?.()
    }, pollInterval)
    return () => clearInterval(id)
  }, [leagueId, pollInterval])

  // ΓöÇΓöÇ Supabase realtime: draft-room presence ΓöÇΓöÇΓöÇΓöÇΓöÇΓöÇΓöÇΓöÇΓöÇΓ
öÇΓöÇΓöÇΓöÇΓöÇΓöÇΓöÇΓöÇΓöÇΓöÇΓöÇΓöÇΓöÇΓöÇΓöÇΓöÇΓöÇΓöÇΓöÇΓöÇΓöÇΓöÇΓöÇ
  // Presence tracking removed (Supabase removed). Online count is always 0.
  const onlineCount = 0

  useEffect(() => {
    return () => {
      if (governanceSuccessTimeoutRef.current) 
clearTimeout(governanceSuccessTimeoutRef.current)
      if (connectionDegradedTimerRef.current) 
clearTimeout(connectionDegradedTimerRef.current)
    }
  }, [])

  useEffect(() => {
    if (governanceBanner?.variant !== 'success') return
    if (governanceSuccessTimeoutRef.current) 
clearTimeout(governanceSuccessTimeoutRef.current)
    governanceSuccessTimeoutRef.current = setTimeout(() => {
      setGovernanceBanner(null)
      governanceSuccessTimeoutRef.current = null
    }, 7000)
    return () => {
      if (governanceSuccessTimeoutRef.current) 
clearTimeout(governanceSuccessTimeoutRef.current)
    }
  }, [governanceBanner])

  const handleCommissionerAction = useCallback(
    async (action: string, payload?: Record<string, unknown>): 
Promise<CommissionerControlApiResult> => {
      setCommissionerLoading(true)
      controlActionInflightRef.current += 1
      /** Slice C.1: snapshot the current session so we can roll back on API 
failure, then
       * apply an optimistic patch so the UI freezes/resumes/resets instantly 
while the
       * /draft/controls POST is still in flight. The in-flight ref keeps the 
2s live-sync
       * poll from clobbering this patch with the server's pre-action 
snapshot. */
      let priorSession: DraftSessionSnapshot | null = null
      setSession((prev) => {
        priorSession = prev
        if (!prev) return prev
        const liveRemaining =
          prev.timer?.status === 'running' && typeof prev.timer.timerEndAt === 
'string'
            ? Math.max(0, Math.ceil((new Date(prev.timer.timerEndAt).getTime() 
- Date.now()) / 1000))
            : prev.timer?.remainingSeconds ?? prev.pausedRemainingSeconds ?? 
prev.timerSeconds ?? null
        if (action === 'pause') {
          return {
            ...prev,
            status: 'paused',
            pausedRemainingSeconds: liveRemaining,
            timerEndAt: null,
            timer: prev.timer
              ? { ...prev.timer, status: 'paused', remainingSeconds: 
liveRemaining, pauseReason: 'commissioner' }
              : prev.timer,
          } as DraftSessionSnapshot
        }
        if (action === 'resume') {
          const sec = prev.pausedRemainingSeconds ?? liveRemaining ?? 
prev.timerSeconds ?? null
          const endAt = sec != null && sec > 0 ? new Date(Date.now() + sec * 
1000).toISOString() : null
          return {
            ...prev,
            status: 'in_progress',
            pausedRemainingSeconds: null,
            timerEndAt: endAt,
            timer: prev.timer
              ? { ...prev.timer, status: 'running', remainingSeconds: sec, 
timerEndAt: endAt, pauseReason: null }
              : prev.timer,
          } as DraftSessionSnapshot
        }
        if (action === 'reset_timer') {
          const sec = prev.timerSeconds ?? liveRemaining ?? null
          if (prev.status === 'in_progress' && sec != null && sec > 0) {
            const endAt = new Date(Date.now() + sec * 1000).toISOString()
            return {
              ...prev,
              timerEndAt: endAt,
              pausedRemainingSeconds: null,
              timer: prev.timer
                ? { ...prev.timer, status: 'running', remainingSeconds: sec, 
timerEndAt: endAt, pauseReason: null }
                : prev.timer,
            } as DraftSessionSnapshot
          }
          if (prev.status === 'paused' && sec != null) {
            return {
              ...prev,
              pausedRemainingSeconds: sec,
              timer: prev.timer ? { ...prev.timer, status: 'paused', 
remainingSeconds: sec } : prev.timer,
            } as DraftSessionSnapshot
          }
        }
        return prev
      })
      try {
        const res = await 
fetch(`/api/leagues/${encodeURIComponent(leagueId)}/draft/controls`, {
          method: 'POST',
          headers: { 'Content-Type': 'application/json' },
          body: JSON.stringify({ action, ...payload }),
        })
        const data = (await res.json().catch(() => ({}))) as Record<string, 
unknown>
        const errMsg =
          typeof data.error === 'string'
            ? data.error
            : typeof (data as { message?: unknown }).message === 'string'
              ? String((data as { message: string }).message)
              : null

        if (!res.ok) {
          const msg = errMsg || `Commissioner action failed (${res.status}).`
          setGovernanceBanner({ variant: 'error', message: msg })
          if (priorSession) setSession(priorSession)
          return { ok: false, error: msg }
        }

        let usedSessionFallback = false
        if (data.session) {
          setSession((prev) => mergeDraftSessionSnapshot(prev, data.session as 
DraftSessionSnapshot))
        } else {
          usedSessionFallback = true
          await fetchSession()
          void fetchDraftSettings()
          void fetchChat()
          void fetchDraftPool()
        }

        void fetchQueue()
        if (action === 'undo_pick') {
          void fetchChat()
          void fetchDraftPool()
          void fetchDraftAssistantContext()
        }
        if (action === 'pause' || action === 'resume' || (action === 'start' 
&& !usedSessionFallback)) {
          void fetchDraftPool()
        }
        if (action === 'set_timer_seconds') void fetchDraftSettings()

        const successMsg = commissionerActionSuccessCopy(action)
        setGovernanceBanner({ variant: 'success', message: successMsg })

        return { ok: true, ...data }
      } catch {
        const msg = 'Network error ΓÇö try your commissioner action again.'
        setGovernanceBanner({ variant: 'error', message: msg })
        if (priorSession) setSession(priorSession)
        return { ok: false, error: msg }
      } finally {
        setCommissionerLoading(false)
        controlActionInflightRef.current = Math.max(0, 
controlActionInflightRef.current - 1)
      }
    },
    [
      leagueId,
      fetchSession,
      fetchQueue,
      fetchChat,
      fetchDraftPool,
      fetchDraftAssistantContext,
      fetchDraftSettings,
    ],
  )

  const handleCommissionerUndoPick = useCallback(() => {
    if (
      typeof window !== 'undefined' &&
      !window.confirm(
        'Undo the last drafted pick for everyone in this league? Traded-pick 
swaps may need a manual double-check.',
      )
    ) {
      return Promise.resolve({ ok: false as const, error: 'Cancelled.', 
cancelled: true })
    }
    return handleCommissionerAction('undo_pick')
  }, [handleCommissionerAction])

  const handleCommissionerResetTimer = useCallback(() => {
    if (typeof window !== 'undefined' && !window.confirm('Reset the pick clock 
to full time for the current pick?')) {
      return Promise.resolve({ ok: false as const, error: 'Cancelled.', 
cancelled: true })
    }
    return handleCommissionerAction('reset_timer')
  }, [handleCommissionerAction])

  const fetchPendingTradesCount = useCallback(async () => {
    if (!leagueId || !currentUserRosterId) return
    try {
      const res = await 
fetch(`/api/leagues/${encodeURIComponent(leagueId)}/draft/trade-proposals`, { 
cache: 'no-store' })
      const data = await res.json().catch(() => ({}))
      if (res.ok && Array.isArray(data.proposals)) {
        const pending = data.proposals.filter((p: any) => p.status === 
'pending' && p.receiverRosterId === currentUserRosterId)
        setPendingTradesCount(pending.length)
      }
    } catch {
      setPendingTradesCount(0)
    }
  }, [leagueId, currentUserRosterId])

  useEffect(() => {
    if (session?.status === 'in_progress' && currentUserRosterId) 
fetchPendingTradesCount()
  }, [session?.status, currentUserRosterId, fetchPendingTradesCount])

  /**
   * Slice F: pre-flight pre-draft validation. When `draftId` is set and the
   * validation route returns `canStartDraft: false`, the wizard overlay
   * opens above the same shell. Failed validation never moves the user.
   *
   * Slice A ΓÇö lifecycle: start updates `session` in place via 
`/draft/controls`
   * (no router navigation; same `DraftBoard` mount).
   */
  const handleStartDraft = useCallback(async () => {
    try {
      setPickError(null)
      // Pre-flight validation. Never blocks the start path on transient
      // failures (network error / 5xx) ΓÇö fails open to the existing
      // commissioner-action path so a flaky route can't strand the draft.
      if (draftId) {
        try {
          const validationRes = await fetch(
            `/api/leagues/${encodeURIComponent(leagueId)}/draft/${encodeURIComp
onent(draftId)}/validate-pre-draft`,
            { credentials: 'include' },
          )
          if (validationRes.ok) {
            const validationReport = (await validationRes.json().catch(() => 
null)) as {
              canStartDraft?: boolean
            } | null
            if (validation...

[36m [2mΓ¥»[22m 
__tests__/draft/d6-bottom-dock-layout.test.ts:[2m334:17[22m[39m
    [90m332|[39m
    [90m333|[39m   it('renders WarRoomPopup as a sibling to DraftRoomShell 
with the exiΓÇª
    [90m334|[39m     expect(src).toMatch(/<WarRoomPopup 
hasNewIntel=\{warRoomHasNewInteΓÇª
    [90m   |[39m                 [31m^[39m
    [90m335|[39m     
expect(src).toMatch(/<WarRoomPopup[\s\S]*?<DraftTeamPanel \{\.\.\.ΓÇª
    [90m336|[39m   })

[31m[2mΓÄ»ΓÄ»ΓÄ»ΓÄ»ΓÄ»ΓÄ»ΓÄ»ΓÄ»ΓÄ»ΓÄ»ΓÄ»ΓÄ»ΓÄ»ΓÄ»ΓÄ»ΓÄ»ΓÄ»ΓÄ»ΓÄ»ΓÄ»ΓÄ»ΓÄ»[17/
24]ΓÄ»[22m[39m

[41m[1m FAIL [22m[49m __tests__/draft/f2-mobile-polish.test.ts[2m > 
[22mF.2 ΓÇö WarRoomPopup mobile bottom sheet[2m > [22mdocks to the 
bottom-right corner at ΓëÑ sm (tablet + desktop)
[31m[1mAssertionError[22m: expected '\'use client\'\r\n\r\n/**\r\n * D.6 
ΓÇöΓÇª' to match /sm:bottom-20 sm:right-4 sm:left-auto ΓÇª/[39m

[32m- Expected:[39m
/sm:bottom-20 sm:right-4 sm:left-auto sm:inset-x-auto/

[31m+ Received:[39m
"'use client'

/**
 * D.6 ΓÇö War Room as a Sleeper-style floating popup (bottom-right) instead of
 * a fixed left column. Replaces the legacy `teamPanel` aside placement.
 *
 * Behavior:
 *   - Closed: renders a small circular button bottom-right with the AF crest +
 *     optional notification badge dot when AI/War Room has fresh 
recommendations.
 *   - Open (desktop): renders a docked panel anchored to the bottom-right 
corner,
 *     ~360px wide ├ù ~520px tall, with the existing DraftTeamPanel content 
inside.
 *   - Open (mobile): renders as a bottom sheet covering the lower 80% of the
 *     viewport so the player table stays visible above.
 *   - Click outside closes; ESC closes; click again on the trigger toggles.
 *
 * Notification badge logic is a pure prop (`hasNewIntel`). The parent decides
 * when to set it (e.g. when an AI recommendation arrives) and clears it on 
open.
 */

import { useEffect, useRef, useState, type ReactNode } from 'react'
import { X } from 'lucide-react'

export interface WarRoomPopupProps {
  /** Content to render inside the popup body ΓÇö typically <DraftTeamPanel /> 
+ recommendations. */
  children: ReactNode
  /** When true, the trigger button shows a pulsing amber dot (Sleeper-style 
notification). */
  hasNewIntel?: boolean
  /** Optional label used by screen readers + tooltip. */
  triggerLabel?: string
  /** When true, the popup mounts open at first paint (used for smoke / e2e). 
*/
  defaultOpen?: boolean
  /** Test id base ΓÇö defaults to 'war-room-popup'. */
  testIdBase?: string
  /**
   * Anchor for the floating trigger + desktop panel so we do not stack on the 
queue rail (right).
   * Defaults to bottom-right (legacy Sleeper-style).
   */
  triggerPosition?: 'bottom-right' | 'bottom-left'
}

const POPUP_OPEN_PREF_KEY = 'af:draft-warroom-popup-open'

export function WarRoomPopup({
  children,
  hasNewIntel = false,
  triggerLabel = 'War Room',
  defaultOpen = false,
  testIdBase = 'war-room-popup',
  triggerPosition = 'bottom-right',
}: WarRoomPopupProps) {
  const [open, setOpen] = useState(defaultOpen)
  const [acknowledgedIntel, setAcknowledgedIntel] = useState(false)
  const panelRef = useRef<HTMLDivElement | null>(null)
  const triggerRef = useRef<HTMLButtonElement | null>(null)

  // Persist open state across reloads.
  useEffect(() => {
    try {
      const v = window.localStorage.getItem(POPUP_OPEN_PREF_KEY)
      if (v === '1') setOpen(true)
    } catch {
      /* ignore */
    }
  }, [])

  useEffect(() => {
    try {
      window.localStorage.setItem(POPUP_OPEN_PREF_KEY, open ? '1' : '0')
    } catch {
      /* ignore */
    }
    if (open) setAcknowledgedIntel(true)
  }, [open])

  // Click-outside closes.
  useEffect(() => {
    if (!open) return
    const onDocClick = (e: MouseEvent) => {
      const target = e.target as Node | null
      if (!target) return
      if (panelRef.current?.contains(target)) return
      if (triggerRef.current?.contains(target)) return
      setOpen(false)
    }
    const onKey = (e: KeyboardEvent) => {
      if (e.key === 'Escape') setOpen(false)
    }
    document.addEventListener('mousedown', onDocClick)
    document.addEventListener('keydown', onKey)
    return () => {
      document.removeEventListener('mousedown', onDocClick)
      document.removeEventListener('keydown', onKey)
    }
  }, [open])

  const showBadge = hasNewIntel && !acknowledgedIntel && !open

  const triggerCorner =
    triggerPosition === 'bottom-left'
      ? 'bottom-4 left-4'
      : 'bottom-4 right-4'
  const panelCorner =
    triggerPosition === 'bottom-left'
      ? 'sm:bottom-20 sm:left-4 sm:right-auto'
      : 'sm:bottom-20 sm:right-4 sm:left-auto'

  return (
    <>
      {/* Trigger button ΓÇö fixed corner. Sized at 56px (touch-friendly). */}
      <button
        ref={triggerRef}
        type=\"button\"
        onClick={() => setOpen((v) => !v)}
        aria-expanded={open}
        aria-label={open ? `Close ${triggerLabel}` : `Open ${triggerLabel}`}
        title={triggerLabel}
        data-testid={`${testIdBase}-trigger`}
        data-trigger-position={triggerPosition}
        data-open={open ? 'true' : 'false'}
        data-has-new-intel={showBadge ? 'true' : 'false'}
        className={`fixed ${triggerCorner} z-[60] inline-flex h-11 w-11 
sm:h-14 sm:w-14 items-center justify-center rounded-full border-2 shadow-2xl 
shadow-black/50 transition active:scale-95 focus-visible:outline-none 
focus-visible:ring-2 focus-visible:ring-cyan-400/60 ${
          open
            ? 'border-cyan-400/55 bg-gradient-to-br from-cyan-500/30 
to-violet-600/25 text-cyan-50'
            : 'border-white/20 
bg-[linear-gradient(150deg,#0a1228_0%,#101a34_100%)] text-white/85 
hover:border-cyan-400/35 hover:text-cyan-100'
        }`}
      >
        {/* AF crest ΓÇö simple wordmark; replace with logo image when assets 
land. */}
        <span className=\"text-[11px] font-extrabold 
tracking-tighter\">AF</span>
        {/* Notification badge ΓÇö pulsing amber dot when fresh intel is 
waiting. */}
        {showBadge ? (
          <span
            aria-hidden
            data-testid={`${testIdBase}-badge`}
            className=\"absolute -right-0.5 -top-0.5 inline-flex h-3.5 w-3.5 
items-center justify-center\"
          >
            <span className=\"absolute inline-flex h-full w-full animate-ping 
rounded-full bg-amber-300/70\" />
            <span className=\"relative inline-flex h-3 w-3 rounded-full 
bg-amber-300 ring-2 ring-[#040915]\" />
          </span>
        ) : null}
      </button>

      {/* Popup panel ΓÇö fixed, anchored bottom-right on desktop; bottom 
sheet on mobile. */}
      {open ? (
        <div
          ref={panelRef}
          role=\"dialog\"
          aria-label={triggerLabel}
          data-testid={testIdBase}
          className={`fixed inset-x-0 bottom-0 z-[55] flex h-[80vh] flex-col 
overflow-hidden border-t border-cyan-400/20 
bg-[linear-gradient(180deg,#0a1228_0%,#060f20_100%)] shadow-2xl 
shadow-black/60 sm:inset-x-auto sm:h-[min(560px,80vh)] 
sm:w-[min(380px,calc(100vw-2rem))] sm:rounded-xl sm:border ${panelCorner}`}
        >
          <header className=\"flex shrink-0 items-center justify-between gap-2 
border-b border-cyan-400/15 
bg-[linear-gradient(90deg,rgba(8,18,40,0.95),rgba(6,14,30,0.92))] px-3 py-2\">
            <div className=\"flex items-center gap-2\">
              <span className=\"inline-flex h-7 w-7 items-center 
justify-center rounded-md border border-cyan-400/35 bg-gradient-to-br 
from-cyan-500/25 to-violet-600/20 text-[10px] font-extrabold text-cyan-50\">
                AF
              </span>
              <div className=\"flex flex-col leading-tight\">
                <span className=\"text-[12px] font-semibold uppercase 
tracking-[0.18em] text-white/90\">
                  {triggerLabel}
                </span>
                <span className=\"text-[9px] font-medium uppercase 
tracking-[0.14em] text-cyan-200/70\">Command Center</span>
              </div>
            </div>
            <button
              type=\"button\"
              onClick={() => setOpen(false)}
              aria-label={`Close ${triggerLabel}`}
              data-testid={`${testIdBase}-close`}
              className=\"inline-flex h-8 w-8 items-center justify-center 
rounded-md border border-white/10 bg-black/30 text-white/70 
hover:border-white/25 hover:text-white\"
            >
              <X className=\"h-4 w-4\" />
            </button>
          </header>
          <div
            data-testid={`${testIdBase}-body`}
            className=\"min-h-0 flex-1 overflow-y-auto\"
          >
            {children}
          </div>
        </div>
      ) : null}
    </>
  )
}
"

[36m [2mΓ¥»[22m 
__tests__/draft/f2-mobile-polish.test.ts:[2m148:17[22m[39m
    [90m146|[39m
    [90m147|[39m   it('docks to the bottom-right corner at ΓëÑ sm (tablet + 
desktop)', ()ΓÇª
    [90m148|[39m     expect(src).toMatch(/sm:bottom-20 sm:right-4 
sm:left-auto sm:insetΓÇª
    [90m   |[39m                 [31m^[39m
    [90m149|[39m     [34mexpect[39m(src)[33m.[39m[34mtoMatch[39m([36m/
sm:h-\[min\(560px,80vh\)\]/[39m)
    [90m150|[39m     [34mexpect[39m(src)[33m.[39m[34mtoMatch[39m([36m/
sm:w-\[min\(380px,calc\(100vw-2rem\)\)\]/[39m)

[31m[2mΓÄ»ΓÄ»ΓÄ»ΓÄ»ΓÄ»ΓÄ»ΓÄ»ΓÄ»ΓÄ»ΓÄ»ΓÄ»ΓÄ»ΓÄ»ΓÄ»ΓÄ»ΓÄ»ΓÄ»ΓÄ»ΓÄ»ΓÄ»ΓÄ»ΓÄ»[18/
24]ΓÄ»[22m[39m

[41m[1m FAIL [22m[49m __tests__/draft/g1-stab-pass-2.test.ts[2m > 
[22mG.1 #1 ΓÇö duplicate Sort row removed from PlayerPanel[2m > [22mkeeps 
"AI ADP data not ready" warning
[31m[1mAssertionError[22m: expected '\'use client\'\r\n\r\nimport React, 
{ΓÇª' to match /AI ADP data not ready/[39m

[32m- Expected:[39m
/AI ADP data not ready/

[31m+ Received:[39m
"'use client'

import React, { useCallback, useEffect, useState, useMemo, useRef } from 
'react'
import { useVirtualizer } from '@tanstack/react-virtual'
import { Search, User, Plus, GitCompare, LayoutGrid, Rows3, X } from 
'lucide-react'
import { usePlayerComparisonUIOptional } from 
'@/components/player-comparison-ui'
import { useLanguage } from '@/components/i18n/LanguageProviderClient'
import { applyDraftFilters, DRAFT_ROOM_I18N_KEYS, getPickConfirmationLabel, 
getPositionFilterOptionsForSport } from '@/lib/draft-room'
import { DraftPlayerCard } from './DraftPlayerCard'
import { SleeperPoolTable } from './SleeperPoolTable'
import {
  applyPoolSort,
  nextSortState,
  sortKeyForColumn,
  type PoolSortKey,
  type PoolSortState,
} from './SleeperPoolSort'
// NflDraftPoolStatsGroupHeader import removed in Slice D.1.5 Path B; re-add 
when D.2 ships the
// Sleeper-style table mode and rows actually align to those columns.
import { PlayerDetailModal, type DraftAssistantRoomContext } from 
'./PlayerDetailModal'
import type { PlayerDisplayModel } from '@/lib/draft-sports-models/types'
import type { UnifiedPlayerProductView } from 
'@/lib/player-data/unifiedPlayerProductView'
import { normalizePlayer } from '@/lib/players/normalizePlayer'
import { DRAFT_ROOM } from '@/lib/analytics/eventNames'
import { sendProductAnalyticsBeacon } from '@/lib/analytics/client'
import type { DraftCopilotInsight } from '@/lib/draft-room/draft-copilot-types'
import type { NflDraftProjectionSplits } from 
'@/lib/draft/analytics/nfl-draft-pool-projection-splits'
import { isRookieEligibleForFilter, isVetEligibleForFilter } from 
'@/lib/draft-room/rookieFilterPredicate'
import { sleeperPoolStatOptionsFromPositionFilter } from 
'@/lib/draft-room/sleeperPoolTableLayout'
import { getDraftRoomRookieDataState, type DraftRoomRookiePlayerLike } from 
'@/lib/draft-room/draftPlayerRookie'
import { buildRookieSignalDiagnostics } from 
'@/lib/draft-room/draftRoomRookieDiagnostics'
import {
  getDraftRoomPositionGroupCounts,
  poolPlayerMatchesPositionPill,
} from '@/lib/draft-room/draftPoolPositionGroups'
import {
  logDraftPoolAdpDiagnosticsIfNeeded,
  logDraftPoolPositionDiagnosticsIfNeeded,
} from '@/lib/draft-room/draftPoolDiagnostics'
import { formatAiAdpUnavailableBanner } from 
'@/lib/draft-room/adpReadinessCopy'
import { getDraftRoomDisplayHeadshot, getDraftRoomDisplayInjury } from 
'@/lib/player-data/adapters/draftRoomDisplayFields'

const PLAYER_ROW_ESTIMATE_HEIGHT = 76
/** Redraft rows use slightly taller estimate (chips + stats). */
const PLAYER_ROW_ESTIMATE_HEIGHT_REDRAFT = 104
const DRAFT_WATCHLIST_STORAGE_KEY = 'af:draft-room-watchlist-v1'

/** Align with draft room session: drafted name set is normalized lowercase. */
function isPlayerNameDrafted(name: string, draftedNames: Set<string>): boolean 
{
  return draftedNames.has(name.trim().toLowerCase())
}

/** Prefer stable player IDs when pool rows carry them ΓÇö avoids ambiguity + 
matches pick API guards. */
function isPlayerDraftedEntry(
  p: PlayerEntry,
  draftedNames: Set<string>,
  draftedPlayerIds?: ReadonlySet<string> | null,
): boolean {
  const ids = draftedPlayerIds
  if (ids && ids.size > 0) {
    const pid =
      (p.display?.playerId != null ? String(p.display.playerId).trim() : '') ||
      (p.id != null ? String(p.id).trim() : '')
    if (pid && ids.has(pid)) return true
  }
  return isPlayerNameDrafted(p.name, draftedNames)
}

export type PlayerEntry = {
  id?: string
  /** Stable sport / provider id when the pool row carries it (may mirror 
`display.playerId`). */
  playerId?: string | null
  name: string
  position: string
  team: string | null
  adp?: number | null
  byeWeek?: number | null
  aiAdp?: number | null
  aiAdpSampleSize?: number
  aiAdpLowSample?: boolean
  /** Normalized display model for player image, team logo, stats */
  display?: PlayerDisplayModel | null
  /** Devy: true when from college/devy pool */
  isDevy?: boolean
  /** Devy: school (e.g. \"Ohio State\") */
  school?: string | null
  classYearLabel?: string | null
  draftGrade?: string | null
  projectedLandingSpot?: string | null
  /** Devy: promoted to NFL */
  graduatedToNFL?: boolean
  /** C2C: 'college' | 'pro' for Campus-to-Canton */
  poolType?: 'college' | 'pro'
  nflDraftProjectionSplits?: NflDraftProjectionSplits | null
  /** D.7 ΓÇö NFL years of pro experience (Sleeper). 0 = rookie, 
null/undefined = unknown. */
  yearsExp?: number | null
  /** D.7 ΓÇö derived rookie flag (true when yearsExp === 0 or upstream marked 
as rookie). */
  isRookie?: boolean
  /** Provider-prioritized unified layer for fallback image/injury/source 
metadata */
  unifiedProductView?: UnifiedPlayerProductView | null
}

export type PlayerPanelProps = {
  players: PlayerEntry[]
  draftedNames: Set<string>
  /** Draft session pick playerIds ΓÇö disables rows by id when available 
(reduces name-only ambiguity). */
  draftedPlayerIds?: ReadonlySet<string>
  sport: string
  /** When user is on clock, show Draft button */
  canDraft: boolean
  onAddToQueue: (player: PlayerEntry) => void
  onMakePick: (player: PlayerEntry) => void
  /** Show current user's drafted roster (roster view) */
  currentRoster?: Array<{ playerName: string; position: string; team: string | 
null }>
  useAiAdp?: boolean
  onUseAiAdpChange?: (value: boolean) => void
  loading?: boolean
  /** When true, AI ADP is enabled but no data (show message, keep sort 
controls working) */
  aiAdpUnavailable?: boolean
  /** Optional message when AI ADP is enabled but unavailable */
  aiAdpUnavailableMessage?: string | null
  /** When true, AI ADP snapshot is older than freshness window */
  aiAdpStaleWarning?: boolean
  /** When true, segment or entries have low sample size (show warning) */
  aiAdpLowSampleWarning?: boolean
  /** Auction: when true, show Nominate as primary action (instead of Draft) */
  canNominate?: boolean
  /** Auction: called when user clicks Nominate for a player */
  onNominate?: (player: PlayerEntry) => void
  /** Devy: when enabled, show Pro/Devy filter and devy round hint */
  devyConfig?: { enabled: boolean; devyRounds: number[] }
  /** C2C: when enabled, show College/Pro filter and college/pro round hint */
  c2cConfig?: { enabled: boolean; collegeRounds: number[] }
  /** Current draft round (for devy/C2C round hints) */
  currentRound?: number
  /** When 'IDP', position filter includes Offense, DL, LB, DB, DE, DT, CB, S, 
IDP FLEX */
  formatType?: string
  /** Optional external selection target (e.g. from helper recommendation 
click). */
  selectedPlayerTarget?: { name: string; position: string; team?: string | 
null } | null
  /** League context for premium comparison (coach lens when API supports it). 
*/
  leagueId?: string
  /** War Room AI row hints keyed by `name|position` (lowercase). */
  aiRowBadges?: Record<string, 'ai_pick' | 'value' | 'risky'>
  presentationVariant?: 'default' | 'redraft_snake'
  /** D.2 ΓÇö explicit pool layout opt-out. Defaults to 'auto' which picks
   * Sleeper-style table for NFL redraft/snake on desktop and falls back to
   * the existing card layout everywhere else. Pass 'card' to force the legacy
   * card layout (useful for non-NFL sports or modal/detail contexts that reuse
   * PlayerPanel internals). */
  poolLayout?: 'auto' | 'card' | 'sleeper_table'
  /** Redraft live room: player detail ΓÇ£copilotΓÇ¥ copy from recommendations 
+ War Room. */
  getDraftCopilotInsight?: (player: PlayerEntry) => DraftCopilotInsight | null
  /** Headline / injury / digest strip from assistant-context for the selected 
player. */
  getAssistantRoomContext?: (player: PlayerEntry) => DraftAssistantRoomContext 
| null
  /** Mark rows that match the user's draft queue (best-effort name + 
position). */
  isPlayerQueued?: (player: PlayerEntry) => boolean
  /** Calendar season for rookie-class inference (NFL/NCAAF draft year match). 
Defaults internally if omitted. */
  draftSeasonYear?: number
}

/** D.3 ΓÇö re-exposed from SleeperPoolSort. Kept as `SortKey` for legacy call 
sites. */
type SortKey = PoolSortKey

function PlayerListVirtualized({
  filtered,
  draftedNames,
  draftedPlayerIds,
  presentationVariant,
  selectedPlayer,
  isPlayerQueued,
  canDraft,
  canNominate,
  useAiAdp,
  onDraftRequest,
  onAddToQueue,
  onNominateRequest,
  onPlayerSelect,
  scrollRef,
  compareAnchor,
  onCompareTap,
  draftSport,
  aiRowBadges,
}: {
  filtered: PlayerEntry[]
  draftedNames: Set<string>
  draftedPlayerIds?: ReadonlySet<string> | null
  presentationVariant?: 'default' | 'redraft_snake'
  selectedPlayer: PlayerEntry | null
  isPlayerQueued?: (player: PlayerEntry) => boolean
  canDraft: boolean
  canNominate: boolean
  useAiAdp: boolean
  draftSport: string
  onDraftRequest: (player: PlayerEntry) => void
  onAddToQueue: (player: PlayerEntry) => void
  onNominateRequest?: (player: PlayerEntry) => void
  onPlayerSelect: (player: PlayerEntry) => void
  scrollRef: React.RefObject<HTMLDivElement | null>
  compareAnchor: PlayerEntry | null
  onCompareTap: (player: PlayerEntry) => void
  aiRowBadges?: Record<string, 'ai_pick' | 'value' | 'risky'>
}) {
  const rs = presentationVariant === 'redraft_snake'
  const rowKey = (p: PlayerEntry) =>
    `${p.name.trim().toLowerCase()}|${p.position.trim().toLowerCase()}|${String
(p.team ?? '').trim().toLowerCase()}`
  const selectedKey = selectedPlayer ? rowKey(selectedPlayer) : null

  const virtualizer = useVirtualizer({
    count: filtered.length,
    getScrollElement: () => scrollRef.current,
    estimateSize: () => (rs ? PLAYER_ROW_ESTIMATE_HEIGHT_REDRAFT : 
PLAYER_ROW_ESTIMATE_HEIGHT),
    overscan: rs ? 8 : 5,
  })

  const items = virtualizer.getVirtualItems()

  return (
    <div
      style={{
        height: `${virtualizer.getTotalSize()}px`,
        width: '100%',
        position: 'relative',
      }}
    >
      {items.map((virtualRow) => {
        const p = filtered[virtualRow.index]
        const sel = selectedKey != null && rowKey(p) === selectedKey
        return (
          <div
            key={p.id ?? rowKey(p)}
            ref={virtualizer.measureElement}
            style={{
              position: 'absolute',
              top: 0,
              left: 0,
              width: '100%',
              transform: `translateY(${virtualRow.start}px)`,
            }}
            data-index={virtualRow.index}
          >
            <DraftPlayerCard
              display={p.display ?? null}
              unifiedProductView={p.unifiedProductView ?? null}
              name={p.name}
              position={p.position}
              team={p.team}
              adp={useAiAdp ? p.aiAdp : p.adp}
              adpMetricLabel={useAiAdp ? 'AI ADP' : 'ADP'}
              byeWeek={p.byeWeek}
              draftSport={draftSport}
              presentationVariant={presentationVariant}
              isSelected={sel}
              isQueued={Boolean(isPlayerQueued?.(p))}
              aiWarRoomBadge={aiRowBadges?.[`${p.name.trim().toLowerCase()}|${p
.position.trim().toLowerCase()}`] ?? null}
              isDrafted={isPlayerDraftedEntry(p, draftedNames, 
draftedPlayerIds)}
              variant=\"row\"
              isDevy={p.isDevy}
              school={p.school}
              classYearLabel={p.classYearLabel}
              draftGrade={p.draftGrade}
              projectedLandingSpot={p.projectedLandingSpot}
              graduatedToNFL={p.graduatedToNFL}
              poolType={p.poolType}
              isRookie={p.isRookie ?? false}
              nflDraftProjectionSplits={p.nflDraftProjectionSplits ?? null}
              testId={`draft-player-card-${virtualRow.index}`}
              onSelect={() => onPlayerSelect(p)}
              compareAction={
                <button
                  type=\"button\"
                  onClick={() => onCompareTap(p)}
                  data-testid={`draft-compare-player-${virtualRow.index}`}
                  className={`inline-flex min-h-[44px] min-w-[44px] 
touch-manipulation items-center justify-center rounded-lg border px-2 
transition duration-150 focus-visible:outline-none focus-visible:ring-2 
focus-visible:ring-amber-400/45 active:scale-95 sm:min-w-0 sm:px-2 ${
                    compareAnchor?.name === p.name
                      ? 'border-amber-400/60 bg-gradient-to-br 
from-amber-500/20 to-amber-600/10 text-amber-100 
shadow-[0_0_18px_rgba(251,191,36,0.15)]'
                      : 'border-white/15 bg-black/25 text-white/75 
hover:border-white/28 hover:bg-white/12'
                  }`}
                  aria-label={
                    compareAnchor?.name === p.name
                      ? 'Clear compare selection'
                      : 'Select player for head-to-head compare'
                  }
                  title=\"Compare: pick a second player\"
                >
                  <GitCompare className=\"h-4 w-4\" />
                </button>
              }
              primaryAction={
                canNominate && onNominateRequest ? (
                  <button
                    type=\"button\"
                    onClick={() => onNominateRequest(p)}
                    data-testid={`draft-nominate-player-${virtualRow.index}`}
                    className=\"inline-flex min-h-[44px] min-w-[44px] 
touch-manipulation items-center justify-center rounded-lg border 
border-amber-400/45 bg-gradient-to-br from-amber-500/18 to-amber-600/8 px-3 
py-2 text-xs font-semibold text-amber-100 
shadow-[0_4px_20px_rgba(245,158,11,0.15)] transition duration-150 
hover:brightness-110 focus-visible:outline-none focus-visible:ring-2 
focus-visible:ring-amber-300/50 active:scale-95 sm:min-w-0 sm:px-2 sm:py-1\"
                  >
                    Nominate
                  </button>
                ) : (
                  <button
                    type=\"button\"
                    disabled={!canDraft || isPlayerDraftedEntry(p, 
draftedNames, draftedPlayerIds)}
                    title={
                      isPlayerDraftedEntry(p, draftedNames, draftedPlayerIds)
                        ? 'Player already drafted'
                        : !canDraft
                          ? 'Not your turn'
                          : 'Draft this player'
                    }
                    onClick={() => {
                      if (!canDraft || isPlayerDraftedEntry(p, draftedNames, 
draftedPlayerIds)) return
                      onDraftRequest(p)
                    }}
                    data-testid={`draft-player-button-${virtualRow.index}`}
                    className={`inline-flex min-h-[44px] min-w-[44px] 
touch-manipulation items-center justify-center rounded-lg border px-3 py-2 
text-xs font-semibold transition duration-150 focus-visible:outline-none 
focus-visible:ring-2 focus-visible:ring-cyan-400/45 active:scale-95 sm:min-w-0 
sm:px-2 sm:py-1 ${
                      isPlayerDraftedEntry(p, draftedNames, draftedPlayerIds)
                        ? 'cursor-not-allowed border-white/10 bg-white/[0.04] 
text-white/30'
                        : !canDraft
                          ? 'cursor-not-allowed border-white/10 bg-black/30 
text-white/32'
                          : 'border-cyan-400/45 bg-gradient-to-br 
from-cyan-500/22 to-violet-600/15 text-cyan-50 
shadow-[0_4px_22px_rgba(34,211,238,0.2)] hover:brightness-110 
hover:shadow-[0_6px_28px_rgba(34,211,238,0.28)]'
                    }`}
                  >
                    {isPlayerDraftedEntry(p, draftedNames, draftedPlayerIds) ? 
'Drafted' : 'Draft'}
                  </button>
                )
              }
              secondaryAction={
                <button
                  type=\"button\"
                  onClick={() => onAddToQueue(p)}
                  data-testid={`draft-queue-add-${virtualRow.index}`}
                  className=\"inline-flex min-h-[44px] min-w-[44px] 
touch-manipulation items-center justify-center rounded-lg border 
border-white/16 bg-black/25 text-white/75 transition duration-150 
hover:border-cyan-400/25 hover:bg-white/10 focus-visible:outline-none 
focus-visible:ring-2 focus-visible:ring-cyan-400/40 active:scale-95\"
                  aria-label={`Add ${p.name} to queue`}
                >
                  <Plus className=\"h-4 w-4\" />
                </button>
              }
            />
          </div>
        )
      })}
    </div>
  )
}

function PlayerPanelInner({
  players,
  draftedNames,
  draftedPlayerIds,
  sport,
  canDraft,
  onAddToQueue,
  onMakePick,
  currentRoster = [],
  useAiAdp = false,
  onUseAiAdpChange,
  loading = false,
  aiAdpUnavailable = false,
  aiAdpUnavailableMessage = null,
  aiAdpStaleWarning = false,
  aiAdpLowSampleWarning = false,
  canNominate = false,
  onNominate,
  devyConfig,
  c2cConfig,
  currentRound,
  formatType,
  selectedPlayerTarget = null,
  leagueId,
  aiRowBadges,
  presentationVariant = 'default',
  poolLayout = 'auto',
  getDraftCopilotInsight,
  getAssistantRoomContext,
  isPlayerQueued,
  draftSeasonYear,
}: PlayerPanelProps) {
  const rs = presentationVariant === 'redraft_snake'
  const draftedIdsForRows = draftedPlayerIds?.size ? draftedPlayerIds : 
undefined
  const { t } = useLanguage()
  const compareUi = usePlayerComparisonUIOptional()
  const [compareAnchor, setCompareAnchor] = useState<PlayerEntry | null>(null)
  const [searchQuery, setSearchQuery] = useState('')
  /** User-facing view-mode override; null defers to the auto rule below. */
  const [viewModeOverride, setViewModeOverride] = useState<'sleeper_table' | 
'card' | null>(null)
  const [positionFilter, setPositionFilter] = useState('All')
  const [teamFilter, setTeamFilter] = useState('All')
  const [poolFilter, setPoolFilter] = useState<'All' | 'Pro' | 'Devy' | 
'College'>('All')
  const [sortBy, setSortBy] = useState<SortKey>('adp')
  /** D.3 ΓÇö sort direction. Toolbar buttons + table headers both flip this 
when re-clicked. */
  const [sortDirection, setSortDirection] = useState<'asc' | 'desc'>('asc')
  const [showRosterView, setShowRosterView] = useState(false)
  const [selectedPlayer, setSelectedPlayer] = useState<PlayerEntry | 
null>(null)
  const [pendingNomination, setPendingNomination] = useState<PlayerEntry | 
null>(null)
  const [watchlistOnly, setWatchlistOnly] = useState(false)
  const [rookiesOnly, setRookiesOnly] = useState(false)
  /** Commit N ΓÇö companion to `rookiesOnly`. Mutually exclusive with 
rookies-only;
   *  toggling one turns the other off so the user can't accidentally produce 
an
   *  empty intersection. */
  const [vetsOnly, setVetsOnly] = useState(false)
  const [hideDrafted, setHideDrafted] = useState(true)
  const [watchlistKeys, setWatchlistKeys] = useState<Set<string>>(new Set())
  const isDevyRound = Boolean(devyConfig?.enabled && !c2cConfig?.enabled && 
currentRound != null && devyConfig.devyRounds?.includes(currentRound))
  const isCollegeRound = Boolean(c2cConfig?.enabled && currentRound != null && 
c2cConfig.collegeRounds?.includes(currentRound))
  const isProRound = Boolean(c2cConfig?.enabled && currentRound != null && 
!c2cConfig.collegeRounds?.includes(currentRound))
  const showPoolFilter = Boolean(devyConfig?.enabled || c2cConfig?.enabled)

  const positionOptions = useMemo(
    () => getPositionFilterOptionsForSport(sport, formatType),
    [sport, formatType],
  )

  /**
   * D.6.1 ΓÇö pill counts. Shows `<drafted>/<available>` per position so the 
user can
   * see at a glance \"I've drafted 0 RBs out of 88 available\". `drafted` 
comes from
   * the viewer's currentRoster prop; `available` is the count of pool players 
that
   * still match this position filter (excluding already-drafted players).
   *
   * For \"All\", `available` is the full undrafted pool.
   */
  const positionPillCounts = useMemo(() => {
    const draftedByPos: Record<string, number> = {}
    for (const r of currentRoster ?? []) {
      const k = String(r.position ?? '').trim().toUpperCase()
      if (!k) continue
      draftedByPos[k] = (draftedByPos[k] ?? 0) + 1
    }
    const available = (filterValue: string): number => {
      const v = filterValue.trim().toUpperCase()
      if (v === 'ALL') {
        return players.filter(
          (p) => !isPlayerDraftedEntry(p, draftedNames, draftedPlayerIds),
        ).length
      }
      return players.filter((p) => {
        if (isPlayerDraftedEntry(p, draftedNames, draftedPlayerIds)) return 
false
        return poolPlayerMatchesPositionPill(p.position, filterValue, {
          sport,
          formatType,
        })
      }).length
    }
    return positionOptions.map((opt) => {
      const k = String(opt.value).trim().toUpperCase()
      // Same alias group as the available-count above: DEF/DST/D/ST
      // pillside drafted total should sum across all defense rows.
      const draftedCount =
        k === 'K'
          ? (draftedByPos.K ?? 0) + (draftedByPos.PK ?? 0)
          : k === 'DEF' || k === 'DST' || k === 'D/ST'
            ? (draftedByPos.DEF ?? 0) + (draftedByPos.DST ?? 0) + 
(draftedByPos['D/ST'] ?? 0)
            : (draftedByPos[k] ?? 0)
      return {
        value: opt.value,
        label: opt.label,
        drafted: draftedCount,
        available: available(String(opt.value)),
      }
    })
  }, [positionOptions, players, currentRoster, draftedNames, draftedPlayerIds, 
sport, formatType])

  const rookieFilterContext = useMemo(
    () => ({
      sport,
      seasonYear: draftSeasonYear,
      devyEnabled: devyConfig?.enabled,
      c2cEnabled: c2cConfig?.enabled,
    }),
    [sport, draftSeasonYear, devyConfig?.enabled, c2cConfig?.enabled],
  )

  const rookieDataState = useMemo(
    () => getDraftRoomRookieDataState(players, rookieFilterContext),
    [players, rookieFilterContext],
  )

  const hasSecondaryPoolFilters = useMemo(
    () =>
      searchQuery.trim().length > 0 ||
      positionFilter !== 'All' ||
      teamFilter !== 'All' ||
      poolFilter !== 'All' ||
      watchlistOnly ||
      vetsOnly ||
      !hideDrafted,
    [searchQuery, positionFilter, teamFilter, poolFilter, watchlistOnly, 
vetsOnly, hideDrafted],
  )

  useEffect(() => {
    if (players.length === 0) return
    const undrafted = players.filter((p) => !isPlayerDraftedEntry(p, 
draftedNames, draftedPlayerIds))
    const counts = getDraftRoomPositionGroupCounts(undrafted, { sport, 
formatType })
    logDraftPoolPositionDiagnosticsIfNeeded({
      sport,
      leagueId: leagueId ?? null,
      totalPlayers: undrafted.length,
      counts,
      samplePositions: undrafted.slice(0, 40).map((p) => String(p.position ?? 
'')),
    })
    let sys = 0
    let ai = 0
    let neither = 0
    for (const p of undrafted) {
      const hasS = p.adp != null && Number.isFinite(Number(p.adp))
      const hasA = p.aiAdp != null && Number.isFinite(Number(p.aiAdp))
      if (hasS) sys += 1
      if (hasA) ai += 1
      if (!hasS && !hasA) neither += 1
    }
    logDraftPoolAdpDiagnosticsIfNeeded({
      sport,
      leagueId: leagueId ?? null,
      withSystemAdp: sys,
      withAiAdp: ai,
      withNeither: neither,
    })
  }, [players, draftedNames, draftedPlayerIds, sport, formatType, leagueId])

  const teamOptions = useMemo(() => {
    const teams = new Set(players.map((p) => p.team).filter(Boolean) as 
string[])
    return ['All', ...Array.from(teams).sort()]
  }, [players])

  /** Aligns pool sort + Sleeper table columns with the active position pill 
(IDP / MLB SP / NHL G). */
  const sleeperStatOpts = useMemo(
    () => sleeperPoolStatOptionsFromPositionFilter(sport, positionFilter),
    [sport, positionFilter],
  )

  const scrollRef = useRef<HTMLDivElement>(null)
  const searchInputRef = useRef<HTMLInputElement>(null)

  const watchKeyFor = useCallback((p: PlayerEntry) => {
    return [String(p.id ?? '').trim(), p.name.trim().toLowerCase(), 
p.position.trim().toLowerCase(), String(p.team ?? 
'').trim().toLowerCase()].join('|')
  }, [])

  const selectedNormalized = useMemo(
    () => (selectedPlayer ? normalizePlayer(selectedPlayer) : null),
    [selectedPlayer],
  )

  useEffect(() => {
    if (typeof window === 'undefined') return
    try {
      const raw = window.localStorage.getItem(DRAFT_WATCHLIST_STORAGE_KEY)
      if (!raw) return
      const parsed = JSON.parse(raw) as string[]
      if (Array.isArray(parsed)) {
        setWatchlistKeys(new Set(parsed.filter((v) => typeof v === 'string' && 
v.length > 0)))
      }
    } catch {
      // ignore malformed storage
    }
  }, [])

  useEffect(() => {
    if (typeof window === 'undefined') return
    try {
      window.localStorage.setItem(DRAFT_WATCHLIST_STORAGE_KEY, 
JSON.stringify(Array.from(watchlistKeys)))
    } catch {
      // ignore storage failure
    }
  }, [watchlistKeys])

  const filtered = useMemo(() => {
    let list = hideDrafted
      ? players.filter((p) => !isPlayerDraftedEntry(p, draftedNames, 
draftedIdsForRows))
      : [...players]
    if (watchlistOnly) {
      list = list.filter((p) => watchlistKeys.has(watchKeyFor(p)))
    }
    if (rookiesOnly) {
      list = list.filter((p) => isRookieEligibleForFilter(p, 
rookieFilterContext))
    }
    // Commit N ΓÇö Vets Only filter. Predicate is evidence-required (not a
    // simple negation of rookie) so rows with missing metadata don't get
    // accidentally counted as vets.
    if (vetsOnly) {
      list = list.filter((p) => isVetEligibleForFilter(p))
    }
    if (teamFilter !== 'All') {
      list = list.filter((p) => p.team === teamFilter)
    }
    if (c2cConfig?.enabled && poolFilter !== 'All') {
      if (poolFilter === 'College') list = list.filter((p) => p.poolType === 
'college' || (p.isDevy === true && p.poolType !== 'pro'))
      else if (poolFilter === 'Pro') list = list.filter((p) => p.poolType === 
'pro' || (p.isDevy !== true && p.poolType !== 'college'))
    } else if (devyConfig?.enabled && poolFilter !== 'All') {
      if (poolFilter === 'Devy') list = list.filter((p) => p.isDevy === true)
      else if (poolFilter === 'Pro') list = list.filter((p) => p.isDevy !== 
true)
    }
    const asDraftPlayers = list.map((p) => ({
      name: p.name,
      position: p.position,
      team: p.team,
      adp: p.adp ?? undefined,
    }))
    const filteredDraft = applyDraftFilters(asDraftPlayers, {
      searchQuery,
      positionFilter,
      draftedNames,
      showDrafted: !hideDrafted,
    })
    const searchLower = searchQuery.trim().toLowerCase()
    list = list.filter((p) => {
      const inResolved = filteredDraft.some((d) => d.name === p.name && 
d.position === p.position)
      const schoolMatch = Boolean(searchLower && (p.school ?? 
'').toLowerCase().includes(searchLower))
      const landingSpotMatch = Boolean(searchLower && (p.projectedLandingSpot 
?? '').toLowerCase().includes(searchLower))
      return inResolved || schoolMatch || landingSpotMatch
    })
    /** D.3 ΓÇö single sort path covers both toolbar 
(adp/aiAdp/projected/name) and table-header
     * sorts (bye/pts/avg + rushing/receiving/passing splits). Nulls always 
sort last; tiebreak is ADP asc then name asc. */
    list = applyPoolSort<PlayerEntry>(list, { key: sortBy, direction: 
sortDirection }, sport, sleeperStatOpts)
    return list
  }, [
    players,
    draftedNames,
    draftedIdsForRows,
    hideDrafted,
    watchlistOnly,
    rookiesOnly,
    vetsOnly,
    watchlistKeys,
    watchKeyFor,
    searchQuery,
    positionFilter,
    teamFilter,
    poolFilter,
    devyConfig?.enabled,
    c2cConfig?.enabled,
    sortBy,
    sortDirection,
    useAiAdp,
    sport,
    sleeperStatOpts,
    rookieFilterContext,
  ])

  useEffect(() => {
    if (process.env.NODE_ENV === 'production') return
    if (!rookiesOnly) return
    if (filtered.length > 0) return
    if (players.length === 0) return
    const seasonYear = rookieFilterContext.seasonYear ?? new 
Date().getUTCFullYear()
    console.info(
      '[draft-room] rookies-only empty ΓÇö signal diagnostics',
      buildRookieSignalDiagnostics(players as DraftRoomRookiePlayerLike[], 
sport, seasonYear),
    )
  }, [rookiesOnly, filtered.length, players, sport, rookieFilterContext])

  const selectedIsWatchlisted = selectedPlayer ? 
watchlistKeys.has(watchKeyFor(selectedPlayer)) : false

  useEffect(() => {
    if (!showPoolFilter || currentRound == null) return
    if (c2cConfig?.enabled) {
      setPoolFilter(isCollegeRound ? 'College' : 'Pro')
      return
    }
    if (devyConfig?.enabled) {
      setPoolFilter(isDevyRound ? 'Devy' : 'Pro')
    }
  }, [showPoolFilter, currentRound, c2cConfig?.enabled, devyConfig?.enabled, 
isCollegeRound, isDevyRound])

  useEffect(() => {
    if (!selectedPlayerTarget?.name) return
    const match = players.find(
      (p) =>
        p.name.toLowerCase() === selectedPlayerTarget.name.toLowerCase() &&
        p.position.toLowerCase() === (selectedPlayerTarget.position || 
'').toLowerCase()
    )
    if (!match) return
    setShowRosterView(false)
    setSelectedPlayer(match)
    setSearchQuery(match.name)
  }, [selectedPlayerTarget?.name, selectedPlayerTarget?.position, players])

  /** D.3 ΓÇö single sort change entry point used by both the legacy toolbar 
buttons
   * and the new SleeperPoolTable header buttons. Same key ΓåÆ flip direction; 
new
   * key ΓåÆ switch to that key's default direction. */
  const handleSortChange = useCallback(
    (requestedKey: SortKey) => {
      const next = nextSortState({ key: sortBy, direction: sortDirection }, 
requestedKey)
      setSortBy(next.key)
      setSortDirection(next.direction)
    },
    [sortBy, sortDirection],
  )

  /** D.3 ΓÇö adapter used by SleeperPoolTable header buttons. The table emits 
column keys
   * ('rk', 'player', 'avg', 'pa_int' ΓÇª); we resolve them through 
`sortKeyForColumn`. */
  const handleColumnHeaderSort = useCallback(
    (columnKey: string) => {
      const sortKey = sortKeyForColumn(columnKey, sport)
      if (!sortKey) return
      handleSortChange(sortKey)
    },
    [handleSortChange, sport],
  )

  const onCompareTap = useCallback(
    (p: PlayerEntry) => {
      if (!compareAnchor) {
        setCompareAnchor(p)
        return
      }
      if (compareAnchor.name === p.name) {
        setCompareAnchor(null)
        return
      }
      const payload = {
        playerA: compareAnchor.name,
        playerB: p.name,
        sport,
        leagueId: leagueId ?? null,
        source: 'draft' as const,
      }
      if (compareUi) {
        compareUi.openComparison(payload)
      } else if (typeof window !== 'undefined') {
        const q = new URLSearchParams({
          playerA: payload.playerA,
          playerB: payload.playerB,
          sport: payload.sport,
        })
        if (leagueId) q.set('leagueId', leagueId)
        window.location.href = `/player-compare?${q.toString()}`
      }
      setCompareAnchor(null)
    },
    [compareAnchor, compareUi, leagueId, sport]
  )

  useEffect(() => {
    if (typeof window === 'undefined') return
    const onFocusSearch = () => {
      searchInputRef.current?.focus()
      searchInputRef.current?.select()
    }
    window.addEventListener('af:draft-player-search-focus', onFocusSearch)
    return () => window.removeEventListener('af:draft-player-search-focus', 
onFocusSearch)
  }, [])

  useEffect(() => {
    if (!leagueId) return
    const q = searchQuery.trim()
    if (q.length < 2) return
    const id = window.setTimeout(() => {
      sendProductAnalyticsBeacon(DRAFT_ROOM.SEARCH, { leagueId, len: q.length 
})
    }, 750)
    return () => window.clearTimeout(id)
  }, [searchQuery, leagueId])

  useEffect(() => {
    if (!selectedPlayer) return
    if (isPlayerDraftedEntry(selectedPlayer, draftedNames, draftedIdsForRows)) 
{
      setSelectedPlayer(null)
    }
  }, [draftedNames, draftedIdsForRows, selectedPlayer])

  const clearAllFilters = useCallback(() => {
    setSearchQuery('')
    setPositionFilter('All')
    setTeamFilter('All')
    setPoolFilter('All')
    setWatchlistOnly(false)
    setRookiesOnly(false)
    setVetsOnly(false)
    setHideDrafted(true)
  }, [])

  /**
   * Commit N ΓÇö mutual exclusion between rookies-only and vets-only. Toggling
   * one off when the other is being turned on prevents the empty
   * intersection (a player can't be both a rookie and a vet).
   */
  const toggleRookiesOnly = useCallback(() => {
    setRookiesOnly((v) => {
      const next = !v
      if (next) setVetsOnly(false)
      return next
    })
  }, [])

  const toggleVetsOnly = useCallback(() => {
    setVetsOnly((v) => {
      const next = !v
      if (next) setRookiesOnly(false)
      return next
    })
  }, [])

  return (
    <section
      className={
        rs
          ? 'relative flex h-full min-h-0 max-h-full flex-1 flex-col 
overflow-hidden rounded-2xl border border-cyan-500/20 
bg-[linear-gradient(168deg,rgba(12,24,44,0.95)_0%,rgba(5,10,20,0.98)_100%)] sha
dow-[0_20px_64px_rgba(0,0,0,0.5),0_0_0_1px_rgba(34,211,238,0.05),inset_0_1px_0_
rgba(255,255,255,0.05)]'
          : 'relative flex min-h-0 flex-1 flex-col overflow-hidden rounded-2xl 
border border-white/[0.09] bg-gradient-to-b from-[#070f22] via-[#060d1e] 
to-[#050a14] shadow-[0_16px_48px_rgba(0,0,0,0.4)]'
      }
      data-testid=\"draft-player-panel\"
    >
      <div
        className={`pointer-events-none absolute inset-x-0 top-0 h-px 
bg-gradient-to-r ${rs ? 'via-cyan-400/30' : 'via-violet-400/15'} 
from-transparent to-transparent`}
        aria-hidden
      />
      <div
        className={`sticky top-0 z-20 shrink-0 border-b 
shadow-[0_12px_40px_rgba(0,0,0,0.5)] backdrop-blur-xl ${rs ? 
'border-cyan-500/12 bg-[rgba(6,14,28,0.97)]' : 'border-white/[0.08] 
bg-[#060d1e]/92'}`}
      >
        <div className={`flex flex-wrap items-center gap-1.5 border-b 
border-white/[0.06] p-2 ${rs ? 'gap-y-1.5' : ''}`}>
          <div
            className={`flex min-h-[44px] flex-1 items-center gap-2 rounded-xl 
border px-3 py-2 shadow-inner touch-manipulation transition duration-150 
focus-within:border-cyan-400/40 focus-within:ring-2 
focus-within:ring-cyan-400/20 ${
              rs
                ? 'min-w-[160px] border-cyan-400/25 bg-[#070f1c]/95 ring-1 
ring-cyan-500/10'
                : 'border-white/14 bg-[#0a1228]/95'
            }`}
          >
            <Search className={`h-4 w-4 shrink-0 ${rs ? 'text-cyan-300/70' : 
'text-white/50'}`} />
            <input
              ref={searchInputRef}
              type=\"text\"
              value={searchQuery}
              onChange={(e) => setSearchQuery(e.target.value)}
              placeholder={rs ? 'Search name, team, schoolΓÇª' : 'Search 
players...'}
              className=\"min-w-0 flex-1 bg-transparent text-sm text-white 
placeholder:text-white/40 focus:outline-none\"
              aria-label=\"Search players\"
              data-testid=\"draft-player-search-input\"
            />
          </div>
          {/* D.6.1 ΓÇö position pills replacing the legacy <select>. Each 
pill shows the
              available pool count for that position; the active pill is 
highlighted with
              the cyanΓåÆviolet gradient that matches the rest of the 
Sleeper-style chrome.
              The legacy `data-testid=\"draft-position-filter\"` lives on the 
wrapper so e2e
              selectors that expect to find it still resolve. */}
          <div
            role=\"radiogroup\"
            aria-label=\"Position filter\"
            data-testid=\"draft-position-filter\"
            className=\"flex min-h-[44px] flex-wrap items-center gap-1\"
          >
            {positionPillCounts.map((opt) => {
              const isActive = positionFilter === opt.value
              return (
                <button
                  key={opt.value}
                  type=\"button\"
                  role=\"radio\"
                  aria-checked={isActive}
                  data-testid={`draft-position-pill-${String(opt.value).toLower
Case().replace(/\\s+/g, '-')}`}
                  data-active={isActive ? 'true' : 'false'}
                  onClick={() => {
                    if (leagueId) 
sendProductAnalyticsBeacon(DRAFT_ROOM.FILTER_POSITION, { leagueId, value: 
opt.value })
                    setPositionFilter(opt.value)
                  }}
                  className={`inline-flex h-8 items-center gap-1 rounded-full 
border px-2.5 text-[11px] font-semibold uppercase tracking-wider transition 
focus-visible:outline-none focus-visible:ring-2 focus-visible:ring-cyan-400/40 
${
                    isActive
                      ? 'border-cyan-400/45 bg-gradient-to-r from-cyan-500/22 
to-violet-600/18 text-cyan-50 shadow-[0_0_14px_rgba(34,211,238,0.18)]'
                      : 'border-white/15 bg-black/20 text-white/65 
hover:border-white/28 hover:text-white/90'
                  }`}
                >
                  <span>{opt.label}</span>
                  <span
                    className={`text-[9px] font-medium tabular-nums ${
                      isActive ? 'text-cyan-100/85' : 'text-white/45'
                    }`}
                  >
                    {opt.drafted}/{opt.available}
                  </span>
                </button>
              )
            })}
          </div>
          <select
            value={teamFilter}
            onChange={(e) => {
              const v = e.target.value
              if (leagueId) sendProductAnalyticsBeacon(DRAFT_ROOM.FILTER_TEAM, 
{ leagueId, value: v })
              setTeamFilter(v)
            }}
            className={`min-h-[44px] rounded-xl border px-3 py-2 text-sm 
text-white shadow-sm touch-manipulation transition duration-150 
focus-visible:outline-none focus-visible:ring-2 focus-visible:ring-cyan-400/40 
${
              rs ? 'border-cyan-400/28 bg-[#081424]/95' : 'border-white/14 
bg-[#0a1228]/95'
            }`}
            aria-label=\"Team filter\"
            data-testid=\"draft-team-filter\"
          >
            {teamOptions.slice(0, 32).map((t) => (
              <option key={t} value={t}>
                {t}
              </option>
            ))}
          </select>
          {/* View-mode toggle: Table (dense) Γåö Cards. Computes the same 
`useTable`
              rule the body uses; clicking flips the override. Null override 
defers
              to the auto rule (NFL ΓåÆ table, others ΓåÆ cards). */}
          <div
            role=\"radiogroup\"
            aria-label=\"Player pool view mode\"
            data-testid=\"draft-pool-view-mode\"
            className=\"ml-auto inline-flex items-center gap-1 rounded-xl 
border border-white/14 bg-[#0a1228]/95 p-0.5\"
          >
            <button
              type=\"button\"
              role=\"radio\"
              aria-checked={viewModeOverride === 'sleeper_table' || 
(viewModeOverride === null && (poolLayout === 'sleeper_table' || (poolLayout 
=== 'auto' && sport === 'NFL')))}
              onClick={() => setViewModeOverride('sleeper_table')}
              data-testid=\"draft-pool-view-table\"
              title=\"Table view\"
              className={`inline-flex h-9 w-9 items-center justify-center 
rounded-lg transition ${
                viewModeOverride === 'sleeper_table' || (viewModeOverride === 
null && (poolLayout === 'sleeper_table' || (poolLayout === 'auto' && sport === 
'NFL')))
                  ? 'bg-cyan-500/20 text-cyan-100 
shadow-[0_0_10px_rgba(34,211,238,0.18)]'
                  : 'text-white/55 hover:bg-white/[0.06] hover:text-white/85'
              }`}
            >
              <Rows3 className=\"h-4 w-4\" aria-hidden />
            </button>
            <button
              type=\"button\"
              role=\"radio\"
              aria-checked={viewModeOverride === 'card' || (viewModeOverride 
=== null && poolLayout !== 'sleeper_table' && !(poolLayout === 'auto' && sport 
=== 'NFL'))}
              onClick={() => setViewModeOverride('card')}
              data-testid=\"draft-pool-view-cards\"
              title=\"Card view\"
              className={`inline-flex h-9 w-9 items-center justify-center 
rounded-lg transition ${
                viewModeOverride === 'card' || (viewModeOverride === null && 
poolLayout !== 'sleeper_table' && !(poolLayout === 'auto' && sport === 'NFL'))
                  ? 'bg-cyan-500/20 text-cyan-100 
shadow-[0_0_10px_rgba(34,211,238,0.18)]'
                  : 'text-white/55 hover:bg-white/[0.06] hover:text-white/85'
              }`}
            >
              <LayoutGrid className=\"h-4 w-4\" aria-hidden />
            </button>
          </div>
          {showPoolFilter && (
            <select
              value={poolFilter}
              onChange={(e) => {
                const v = e.target.value as 'All' | 'Pro' | 'Devy' | 'College'
                if (leagueId) 
sendProductAnalyticsBeacon(DRAFT_ROOM.POOL_FILTER, { leagueId, value: v })
                setPoolFilter(v)
              }}
              className=\"min-h-[44px] rounded-xl border border-white/14 
bg-[#0a1228]/95 px-3 py-2 text-sm text-white shadow-sm touch-manipulation 
transition duration-150 focus-visible:outline-none focus-visible:ring-2 
focus-visible:ring-cyan-400/40\"
              aria-label=\"Pool filter\"
              data-testid=\"draft-pool-filter\"
            >
              <option value=\"All\">All</option>
              {c2cConfig?.enabled ? (
                <>
                  <option value=\"College\">College</option>
                  <option value=\"Pro\">Pro</option>
                </>
              ) : (
                <>
                  <option value=\"Pro\">Pro</option>
                  <option value=\"Devy\">Devy</option>
                </>
              )}
            </select>
          )}
        </div>
        {isCollegeRound && (
          <div className=\"border-b border-violet-400/20 bg-violet-500/10 px-2 
py-1 text-[10px] text-violet-100\">
            College round (C2C) ΓÇö select a college-eligible player.
          </div>
        )}
        {isProRound && (
          <div className=\"border-b border-cyan-400/20 bg-cyan-500/8 px-2 py-1 
text-[10px] text-cyan-100\">
            Pro round (C2C) ΓÇö select an NFL player.
          </div>
        )}
        {isDevyRound && (
          <div className=\"border-b border-amber-400/20 bg-amber-500/10 px-2 
py-1 text-[10px] text-amber-100\">
            Devy round ΓÇö select a college/devy-eligible player.
          </div>
        )}
        <div
          className={`flex flex-wrap items-center gap-1.5 border-b 
border-white/[0.06] px-2 py-2 sm:px-3 ${rs ? 'bg-[#050c18]/95' : 
'bg-black/10'}`}
        >
          {/* G.1 ΓÇö Sort buttons (ADP / AI ADP / Proj / Name) removed.
              They duplicated the SleeperPoolTable's clickable column headers, 
which
              are the canonical sort UI. The \"Use AI ADP\" toggle, AI-ADP 
warnings,
              and the \"My roster / Pool\" view-toggle remain in this row 
because they
              don't belong on the table header. */}
          {useAiAdp && (
            <span className=\"rounded border border-cyan-300/25 bg-cyan-500/10 
px-1.5 py-0.5 text-[10px] text-cyan-100\" title=\"Player order uses AI ADP\">
              AI ADP
            </span>
          )}
          {onUseAiAdpChange && (
            <label className=\"min-h-[44px] flex cursor-pointer items-center 
gap-2 rounded-lg px-2 py-2 text-[10px] text-white/70 hover:bg-white/5 
touch-manipulation transition\">
              <input
                type=\"checkbox\"
                checked={useAiAdp}
                onChange={(e) => {
                  if (leagueId) {
                    sendProductAnalyticsBeacon(DRAFT_ROOM.AI_ADP_SORT, { 
leagueId, enabled: e.target.checked })
                  }
                  onUseAiAdpChange(e.target.checked)
                }}
                className=\"rounded border-white/20 w-4 h-4 shrink-0\"
                aria-label=\"Use AI ADP for sort order\"
              />
              Use AI ADP
            </label>
          )}
          {aiAdpUnavailable && (
            <span
              className=\"text-[10px] text-amber-400/90\"
              data-testid=\"draft-ai-adp-unavailable-banner\"
              title={formatAiAdpUnavailableBanner(aiAdpUnavailableMessage) ?? 
undefined}
            >
              {formatAiAdpUnavailableBanner(aiAdpUnavailableMessage)}
            </span>
          )}
          {useAiAdp && aiAdpStaleWarning && !aiAdpUnavailable && (
            <span className=\"text-[10px] text-amber-300/90\" title=\"AI ADP 
is stale and will refresh after the daily job\">
              Stale snapshot
            </span>
          )}
          {useAiAdp && aiAdpLowSampleWarning && !aiAdpUnavailable && (
            <span className=\"text-[10px] text-amber-400/90\" title=\"Some ADP 
values based on few drafts\">
              Low sample
            </span>
          )}
          <button
            type=\"button\"
            onClick={() => setShowRosterView((v) => !v)}
            data-testid=\"draft-toggle-roster-view\"
            className=\"ml-auto min-h-[40px] flex items-center gap-1.5 
rounded-lg px-3 py-2 text-xs text-white/70 hover:bg-white/10 
touch-manipulation focus-visible:outline-none focus-visible:ring-2 
focus-visible:ring-cyan-400/40 transition\"
          >
            <User className=\"h-3.5 w-3.5\" />
            {showRosterView ? 'Pool' : 'My roster'}
          </button>
        </div>
        <div
          className={`flex flex-wrap items-center justify-between gap-2 
border-b px-2 py-1.5 text-[10px] ${rs ? 'border-cyan-500/10 bg-black/20 
text-white/60' : 'border-white/8 text-white/55'}`}
        >
          <span className={rs ? 'tabular-nums' : undefined}>
            <span className=\"font-semibold 
text-white/85\">{filtered.length}</span> shown
            {hideDrafted ? <span className=\"text-white/45\"> ┬╖ drafted 
hidden</span> : null}
          </span>
          <div className=\"flex flex-wrap items-center gap-1.5\">
            <button
              type=\"button\"
              data-testid=\"draft-filter-watchlist-only\"
              onClick={() => setWatchlistOnly((v) => !v)}
              className={`rounded border px-2 py-1 transition 
focus-visible:outline-none focus-visible:ring-2 focus-visible:ring-cyan-400/40 
${watchlistOnly ? 'border-cyan-300/35 bg-cyan-500/12 text-cyan-100' : 
'border-white/15 bg-black/20 text-white/65 hover:bg-white/10'}`}
            >
              Watchlist
            </button>
            <button
              type=\"button\"
              data-testid=\"draft-filter-hide-drafted\"
              onClick={() => setHideDrafted((v) => !v)}
              className={`rounded border px-2 py-1 transition 
focus-visible:outline-none focus-visible:ring-2 focus-visible:ring-cyan-400/40 
${hideDrafted ? 'border-cyan-300/35 bg-cyan-500/12 text-cyan-100' : 
'border-white/15 bg-black/20 text-white/65 hover:bg-white/10'}`}
            >
              Hide drafted
            </button>
            {/* D.7 ΓÇö Rookies Only filter. NFL redraft uses Sleeper 
`years_exp === 0`
                via the resolved draft pool; devy/C2C leagues additionally 
include
                isDevy / classYearLabel rows. When no rookie metadata is 
available
                for the pool, the empty state surfaces \"Rookie data 
unavailable\". */}
            <button
              type=\"button\"
              data-testid=\"draft-filter-rookies-only\"
              onClick={toggleRookiesOnly}
              aria-pressed={rookiesOnly}
              className={`rounded border px-2 py-1 transition 
focus-visible:outline-none focus-visible:ring-2 
focus-visible:ring-violet-400/40 ${rookiesOnly ? 'border-violet-300/40 
bg-violet-500/14 text-violet-100' : 'border-white/15 bg-black/20 text-white/65 
hover:bg-white/10'}`}
            >
              Rookies only
            </button>
            {/* Commit N ΓÇö Vets Only companion filter. Evidence-required 
predicate
                (yearsExp ΓëÑ 1 or graduated devy); mutually exclusive with
                rookies-only via toggleVetsOnly. */}
            <button
              type=\"button\"
              data-testid=\"draft-filter-vets-only\"
              onClick={toggleVetsOnly}
              aria-pressed={vetsOnly}
              className={`rounded border px-2 py-1 transition 
focus-visible:outline-none focus-visible:ring-2 focus-visible:ring-cyan-400/40 
${vetsOnly ? 'border-cyan-300/40 bg-cyan-500/14 text-cyan-100' : 
'border-white/15 bg-black/20 text-white/65 hover:bg-white/10'}`}
            >
              Vets only
            </button>
          </div>
          <button
            type=\"button\"
            data-testid=\"draft-clear-filters\"
            onClick={clearAllFilters}
            className=\"rounded border border-white/15 bg-black/20 px-2 py-1 
text-white/65 transition hover:bg-white/10 focus-visible:outline-none 
focus-visible:ring-2 focus-visible:ring-cyan-400/40\"
          >
            Clear filters
          </button>
        </div>
      </div>
      {compareAnchor && (
        <div
          className=\"flex flex-wrap items-center justify-between gap-2 
border-b border-amber-400/25 bg-amber-500/10 px-2.5 py-2 text-[11px] 
text-amber-100\"
          data-testid=\"draft-compare-anchor-hint\"
        >
          <span>
            Compare: <span className=\"font-semibold 
text-white\">{compareAnchor.name}</span> ΓÇö tap another player, or tap again 
to cancel.
          </span>
          <button
            type=\"button\"
            onClick={() => setCompareAnchor(null)}
            className=\"shrink-0 rounded border border-amber-400/35 
bg-black/20 px-2 py-1 text-[10px] text-amber-50 hover:bg-black/35 transition\"
          >
            <X className=\"h-3 w-3\" />
          </button>
        </div>
      )}
      {selectedPlayer && (
        <PlayerDetailModal
          open={true}
          onClose={() => setSelectedPlayer(null)}
          normalized={selectedNormalized}
          player={{
            id: (() => {
              const candidates = [selectedPlayer.id, 
selectedPlayer.display?.playerId]
              for (const c of candidates) {
                if (c == null || String(c).trim() === '') continue
                const s = String(c)
                // Synthetic fallback ids break Sleeper headshots and game 
logs; omit so APIs use name/team.
                if (s.startsWith('name:')) continue
                return s
              }
              return null
            })(),
            name: selectedPlayer.name,
            position: selectedPlayer.position ?? null,
            team: selectedPlayer.team ?? null,
            byeWeek: selectedPlayer.byeWeek ?? null,
            adp: useAiAdp ? (selectedPlayer.aiAdp ?? null) : 
(selectedPlayer.adp ?? null),
            headshotUrl:
              getDraftRoomDisplayHeadshot(selectedPlayer) ??
              selectedNormalized?.imageUrl ??
              selectedPlayer.display?.assets?.headshotUrl ??
              null,
            teamLogoUrl: selectedNormalized?.teamLogoUrl ?? 
selectedPlayer.display?.assets?.teamLogoUrl ?? null,
            status: getDraftRoomDisplayInjury(selectedPlayer) ?? 
selectedPlayer.display?.metadata?.injuryStatus ?? null,
            college: selectedPlayer.school ?? 
selectedPlayer.display?.metadata?.collegeOrPipeline ?? null,
            age: selectedPlayer.display?.metadata?.age ?? null,
            heightIn: null,
            weightLbs: null,
            // Commit N ΓÇö pass the resolved Sleeper years_exp through so the
            // detail modal can render rookie/vet status accurately. Was
            // hardcoded to `null`, which silently dropped rookie metadata
            // for every player on the board.
            yearsExp:
              typeof selectedPlayer.yearsExp === 'number' && 
Number.isFinite(selectedPlayer.yearsExp)
                ? selectedPlayer.yearsExp
                : null,
            jersey: null,
          }}
          sport={sport}
          canDraft={canDraft && !isPlayerDraftedEntry(selectedPlayer, 
draftedNames, draftedIdsForRows)}
          onMakePick={() => {
            onMakePick(selectedPlayer)
            setSelectedPlayer(null)
          }}
          onAddToQueue={() => {
            onAddToQueue(selectedPlayer)
            setSelectedPlayer(null)
          }}
          isWatchlisted={selectedIsWatchlisted}
          onToggleWatchlist={() => {
            const key = watchKeyFor(selectedPlayer)
            setWatchlistKeys((prev) => {
              const next = new Set(prev)
              if (next.has(key)) next.delete(key)
              else next.add(key)
              return next
            })
          }}
          draftCopilot={getDraftCopilotInsight ? 
getDraftCopilotInsight(selectedPlayer) : null}
          assistantRoomContext={
            rs && getAssistantRoomContext ? 
getAssistantRoomContext(selectedPlayer) : null
          }
          presentationVariant={rs ? 'redraft_snake' : 'default'}
          adpDisplayLabel={useAiAdp ? 'AI ADP' : 'ADP'}
          draftUnavailableReason={
            selectedPlayer && isPlayerDraftedEntry(selectedPlayer, 
draftedNames, draftedIdsForRows)
              ? 'already_drafted'
              : selectedPlayer && !canDraft
                ? 'not_your_pick'
                : null
          }
          nflDraftProjectionSplits={
            sport === 'NFL' ? (selectedPlayer.nflDraftProjectionSplits ?? 
null) : null
          }
        />
      )}
      <div
        ref={scrollRef}
        data-testid=\"draft-player-list-scroll\"
        className={`min-h-0 flex-1 overscroll-contain p-2 pb-4 sm:p-3 ${
          rs
            ? `max-h-[min(68vh,620px)] sm:max-h-[min(70vh,660px)] 
lg:max-h-[min(74vh,760px)] overflow-y-scroll 
bg-[linear-gradient(180deg,rgba(8,18,32,0.55),rgba(4,9,17,0.96))] 
[scrollbar-gutter:stable] 
[scrollbar-color:rgba(56,189,248,0.45)_rgba(15,23,42,0.55)] 
[scrollbar-width:thin] [&::-webkit-scrollbar]:w-2 
[&::-webkit-scrollbar-track]:rounded-full 
[&::-webkit-scrollbar-track]:bg-slate-950/80 
[&::-webkit-scrollbar-thumb]:rounded-full 
[&::-webkit-scrollbar-thumb]:bg-cyan-500/40 
[&::-webkit-scrollbar-thumb:hover]:bg-cyan-400/55`
            : 'overflow-auto bg-[#050a14]/40'
        }`}
      >
        {rs && !selectedPlayer && !showRosterView && !loading && 
filtered.length > 0 ? (
          <div className=\"mb-2 rounded-lg border border-cyan-500/20 
bg-gradient-to-r from-cyan-500/[0.07] to-transparent px-3 py-2 text-[10px] 
leading-snug text-cyan-100/85\">
            Select a player for projections, news, queue, compare, and draft 
actions.
          </div>
        ) : null}
        {loading ? (
          <div className=\"space-y-2 py-1\" aria-busy=\"true\" 
aria-label={t(DRAFT_ROOM_I18N_KEYS.playerPoolLoading)}>
            <p 
className=\"sr-only\">{t(DRAFT_ROOM_I18N_KEYS.playerPoolLoading)}</p>
            {Array.from({ length: 8 }).map((_, i) => (
              <div
                key={i}
                className=\"flex animate-pulse items-center gap-2 rounded-lg 
border border-white/10 bg-[#0a1228]/90 px-2 py-2\"
              >
                <div className=\"h-7 w-7 shrink-0 rounded-full bg-white/10\" />
                <div className=\"min-w-0 flex-1 space-y-2\">
                  <div className=\"h-2.5 w-24 rounded bg-white/10\" />
                  <div className=\"h-2 w-40 max-w-full rounded 
bg-white/[0.07]\" />
                </div>
                <div className=\"h-8 w-16 shrink-0 rounded-md 
bg-white/[0.06]\" />
              </div>
            ))}
          </div>
        ) : showRosterView ? (
          <ul className=\"space-y-1\">
            {currentRoster.length === 0 ? (
              <li className=\"text-[10px] 
text-white/50\">{t('draftRoom.playerPanel.noPicksYet')}</li>
            ) : (
              currentRoster.map((p, i) => (
                <li
                  key={`${p.playerName}-${i}`}
                  className=\"flex items-center justify-between gap-2 
rounded-lg border border-white/10 bg-[#0a1228] px-2 py-1.5 text-[11px] 
hover:border-white/20 transition\"
                >
                  <span className=\"font-medium 
text-white\">{p.playerName}</span>
                  <span className=\"text-white/55\">{p.position}{p.team ? ` ┬╖ 
${p.team}` : ''}</span>
                </li>
              ))
            )}
          </ul>
        ) : filtered.length === 0 ? (
          <div className=\"flex flex-col items-center justify-center gap-3 
px-4 py-14 text-center\">
            {players.length === 0 ? (
              <>
                <p
                  className=\"text-sm font-medium text-white/75\"
                  data-testid=\"draft-pool-empty-unloaded\"
                >
                  No players loaded for this pool.
                </p>
                <p className=\"max-w-xs text-xs text-white/45\">
                  Wait for the pool to finish loading, or refresh the draft 
room if this persists.
                </p>
              </>
            ) : rookiesOnly && !hasSecondaryPoolFilters && 
rookieDataState.reason === 'no_rookie_metadata' ? (
              <>
                <p
                  className=\"text-sm font-medium text-white/75\"
                  data-testid=\"draft-rookie-metadata-missing\"
                >
                  Rookie metadata is not available for this pool yet.
                </p>
                <p className=\"max-w-xs text-xs text-white/45\">
                  We could not read rookie signals (experience, flags, or 
draft year) on these rows. Toggle Rookies Only off to see the full list.
                </p>
                <button
                  type=\"button\"
                  onClick={() => setRookiesOnly(false)}
                  data-testid=\"draft-rookie-data-unavailable-clear\"
                  className=\"rounded-full border border-violet-400/35 
bg-violet-500/12 px-4 py-2 text-xs font-medium text-violet-100 transition 
hover:bg-violet-500/20 focus-visible:outline-none focus-visible:ring-2 
focus-visible:ring-violet-400/45\"
                >
                  Turn off Rookies Only
                </button>
              </>
            ) : rookiesOnly && !hasSecondaryPoolFilters && 
rookieDataState.reason === 'no_rookies_for_context' ? (
              <>
                <p
                  className=\"text-sm font-medium text-white/75\"
                  data-testid=\"draft-rookie-none-for-context\"
                >
                  No rookies found for this draft context.
                </p>
                <p className=\"max-w-xs text-xs text-white/45\">
                  The pool has rookie signals, but no players matched as 
rookies for this sport/season. Toggle Rookies Only off to see everyone.
                </p>
                <button
                  type=\"button\"
                  onClick={() => setRookiesOnly(false)}
                  data-testid=\"draft-rookie-none-for-context-clear\"
                  className=\"rounded-full border border-violet-400/35 
bg-violet-500/12 px-4 py-2 text-xs font-medium text-violet-100 transition 
hover:bg-violet-500/20 focus-visible:outline-none focus-visible:ring-2 
focus-visible:ring-violet-400/45\"
                >
                  Turn off Rookies Only
                </button>
              </>
            ) : (
              <>
                <p className=\"text-sm font-medium text-white/75\">No players 
match your filters</p>
                <p className=\"max-w-xs text-xs text-white/45\">Widen search, 
reset position or team, or clear filters to see the pool again.</p>
                <button
                  type=\"button\"
                  onClick={clearAllFilters}
                  data-testid=\"draft-empty-clear-filters\"
                  className=\"rounded-full border border-cyan-400/35 
bg-cyan-500/12 px-4 py-2 text-xs font-medium text-cyan-100 transition 
hover:bg-cyan-500/20 focus-visible:outline-none focus-visible:ring-2 
focus-visible:ring-cyan-400/45\"
                >
                  Clear filters
                </button>
              </>
            )}
          </div>
        ) : (
          (() => {
            /**
             * D.2 ΓÇö choose between Sleeper-style dense table and legacy 
card layout.
             *
             * Auto rule: NFL pools render the table; everything else stays on 
cards.
             * E.2.7 makes this safe ΓÇö `nflDraftProjectionSplits` now 
hydrates with
             * real PPG / passing / rushing / receiving values, so the table's 
stat
             * columns aren't full of em-dashes.
             *
             * The horizontal-scroll container honors small viewports ΓÇö on 
mobile,
             * the table scrolls sideways rather than squishing column widths.
             */
            const useTable =
              viewModeOverride === 'sleeper_table' ||
              (viewModeOverride === null &&
                (poolLayout === 'sleeper_table' ||
                  (poolLayout === 'auto' && sport === 'NFL')))

            if (!useTable) {
              return (
                <PlayerListVirtualized
                  filtered={filtered}
                  draftedNames={draftedNames}
                  draftedPlayerIds={draftedIdsForRows}
                  presentationVariant={presentationVariant}
                  selectedPlayer={selectedPlayer}
                  isPlayerQueued={isPlayerQueued}
                  canDraft={canDraft}
                  canNominate={canNominate}
                  useAiAdp={useAiAdp}
                  draftSport={sport}
                  onDraftRequest={onMakePick}
                  onAddToQueue={onAddToQueue}
                  onNominateRequest={(player) => setPendingNomination(player)}
                  onPlayerSelect={setSelectedPlayer}
                  scrollRef={scrollRef}
                  compareAnchor={compareAnchor}
                  onCompareTap={onCompareTap}
                  aiRowBadges={aiRowBadges}
                />
              )
            }

            return (
              <div className=\"overflow-x-auto\" 
data-testid=\"sleeper-pool-table-scroll\">
                <SleeperPoolTable
                  filtered={filtered}
                  draftedNames={draftedNames}
                  draftedPlayerIds={draftedIdsForRows ?? null}
                  selectedPlayer={selectedPlayer}
                  isPlayerQueued={isPlayerQueued}
                  isPlayerDrafted={(player) =>
                    isPlayerDraftedEntry(player, draftedNames, 
draftedIdsForRows)
                  }
                  canDraft={canDraft}
                  canNominate={canNominate}
                  useAiAdp={useAiAdp}
                  draftSport={sport}
                  statColumnOptions={sleeperStatOpts}
                  onDraftRequest={onMakePick}
                  onAddToQueue={onAddToQueue}
                  onNominateRequest={(player) => setPendingNomination(player)}
                  onPlayerSelect={setSelectedPlayer}
                  scrollRef={scrollRef}
                  compareAnchor={compareAnchor}
                  onCompareTap={onCompareTap}
                  sortState={{ key: sortBy, direction: sortDirection }}
                  onSortChange={handleColumnHeaderSort}
                />
              </div>
            )
          })()
        )}
      </div>
      {pendingNomination && (
        <div className=\"border-t border-white/8 bg-[#050c1d] p-2.5 
space-y-2\" data-testid=\"draft-pick-confirmation\">
          <p className=\"text-xs text-white/80\">
            Confirm nomination:
            <span className=\"ml-1 font-medium text-cyan-200\">
              {getPickConfirmationLabel(pendingNomination.name, 
pendingNomination.position, pendingNomination.team)}
            </span>
          </p>
          <div className=\"flex items-center gap-2\">
            <button
              type=\"button\"
              data-testid=\"draft-confirm-pick-button\"
              onClick={() => {
                onNominate?.(pendingNomination)
                setPendingNomination(null)
              }}
              className=\"rounded border border-cyan-300/35 bg-cyan-500/12 
px-3 py-1.5 text-xs text-cyan-100 hover:bg-cyan-500/20 transition\"
            >
              Confirm
            </button>
            <button
              type=\"button\"
              data-testid=\"draft-cancel-pick-button\"
              onClick={() => setPendingNomination(null)}
              className=\"rounded border border-white/15 bg-black/20 px-3 
py-1.5 text-xs text-white/70 hover:bg-white/10 transition\"
            >
              Cancel
            </button>
          </div>
        </div>
      )}
    </section>
  )
}

export const PlayerPanel = React.memo(PlayerPanelInner)
"

[36m [2mΓ¥»[22m __tests__/draft/g1-stab-pass-2.test.ts:[2m95:17[22m[39m
    [90m 93|[39m
    [90m 94|[39m   [34mit[39m([32m'keeps "AI ADP data not ready" 
warning'[39m[33m,[39m () [33m=>[39m {
    [90m 95|[39m     
[34mexpect[39m(src)[33m.[39m[34mtoMatch[39m([36m/AI ADP data not 
ready/[39m)
    [90m   |[39m                 [31m^[39m
    [90m 96|[39m   })
    [90m 97|[39m

[31m[2mΓÄ»ΓÄ»ΓÄ»ΓÄ»ΓÄ»ΓÄ»ΓÄ»ΓÄ»ΓÄ»ΓÄ»ΓÄ»ΓÄ»ΓÄ»ΓÄ»ΓÄ»ΓÄ»ΓÄ»ΓÄ»ΓÄ»ΓÄ»ΓÄ»ΓÄ»[19/
24]ΓÄ»[22m[39m

[41m[1m FAIL [22m[49m __tests__/draft/g1-stab-pass-2.test.ts[2m > 
[22mG.1 #6 ΓÇö commissioner edit pencil is discoverable[2m > [22mpencil 
button is visible by default (opacity-60), brightens on hover
[31m[1mAssertionError[22m: expected '\'use client\'\r\n\r\nimport React 
frΓÇª' to match /opacity-60[\s\S]{0,200}hover:opacity-ΓÇª/[39m

[32m- Expected:[39m
/opacity-60[\s\S]{0,200}hover:opacity-100/

[31m+ Received:[39m
"'use client'

import React from 'react'
import { ArrowLeft, ArrowLeftRight, ArrowRight, Gavel, History, Pencil } from 
'lucide-react'
import { withAlpha } from '@/lib/draft-room'
import { LazyDraftImage } from './LazyDraftImage'
import { PlayerAvatar } from './PlayerAvatar'
import { isDefRowForAvatar } from '@/lib/draft-room/classify-avatar-source'
import { DEFAULT_SPORT, normalizeToSupportedSport } from '@/lib/sport-scope'
import { buildDraftPlayerDisplayModel } from 
'@/lib/draft-sports-models/build-display-model'
import { normalizePlayer } from '@/lib/players/normalizePlayer'
import { getPlayerImage } from '@/lib/players/getPlayerImage'

export type DraftBoardCellPick = {
  overall: number
  round: number
  slot: number
  pickLabel: string
  playerName: string | null
  position: string | null
  team: string | null
  playerId?: string | null
  /** Persisted at pick commit ΓÇö avoids missing headshots when playerId is 
synthetic or unresolved offline. */
  playerImageUrl?: string | null
  sport?: string | null
  injuryStatus?: string | null
  byeWeek: number | null
  displayName: string | null
  amount?: number | null
  isKeeper?: boolean
  isDevyPick?: boolean
  isCollegePick?: boolean
  isProPick?: boolean
  isPromotedFromDevy?: boolean
  source?: string | null
  tradedPickMeta?: {
    originalRosterId?: string
    newOwnerName?: string
    previousOwnerName?: string
    showNewOwnerInRed?: boolean
    tintColor?: string
  } | null
  managerTintColor?: string | null
  /** Current owner of this pick slot (for trade targeting). */
  ownerRosterId?: string | null
  /** From live pool merge ΓÇö Rookie / N YOE */
  experienceBadge?: string | null
}

function TinyHeadshot({
  name,
  src,
  position,
  teamLogoUrl,
  teamAbbr,
}: {
  name: string | null
  src: string | null
  /** F.1 ΓÇö DEF picks render the team logo as the primary avatar. */
  position?: string | null
  /** F.1 ΓÇö passed only for DEF picks; non-DEF cells keep the existing
   * separate `TinyTeamLogo` badge so the layout doesn't change for normal 
players. */
  teamLogoUrl?: string | null
  teamAbbr?: string | null
}) {
  /** E.1: delegate to the shared PlayerAvatar so the URL classifier (which 
rejects data URIs and
   * team logos) is applied uniformly. The board cell stays at 22px and skips 
the team-logo badge
   * because TinyTeamLogo is rendered separately in this layout. */
  return (
    <PlayerAvatar
      headshotUrl={src}
      displayName={name ?? ''}
      teamLogoUrl={teamLogoUrl}
      teamAbbr={teamAbbr}
      position={position}
      size={22}
      testIdBase=\"draft-board-cell-headshot\"
    />
  )
}

function TinyTeamLogo({
  team,
  src,
}: {
  team: string | null
  src: string | null
}) {
  const [imgError, setImgError] = React.useState(false)
  if (src && !imgError) {
    return (
      <LazyDraftImage
        src={src}
        alt=\"\"
        width={14}
        height={14}
        className=\"rounded object-contain\"
        lazy
        onError={() => setImgError(true)}
      />
    )
  }
  return (
    <span className=\"inline-flex h-[14px] min-w-[14px] items-center 
justify-center rounded border border-cyan-300/50 bg-[#1a2844] px-0.5 
text-[7px] font-bold text-cyan-100\">
      {team ? team.slice(0, 3).toUpperCase() : 'ΓÇö'}
    </span>
  )
}

export type PickHighlightTone = 'none' | 'user' | 'ai'

export type DraftBoardCellProps = {
  pick: DraftBoardCellPick
  isEmpty: boolean
  isCurrentPick?: boolean
  /** Latest completed pick ΓÇö subtle highlight */
  isRecentPick?: boolean
  /** Resolved league sport for assets */
  sport?: string | null
  tradedPickColorMode?: boolean
  showNewOwnerInRed?: boolean
  isDevyRound?: boolean
  isCollegeRound?: boolean
  pickHighlight?: PickHighlightTone
  /** When set, show a trade affordance (opens pick-trade flow from parent). */
  onTradeFromCell?: () => void
  /**
   * When set on a cell whose pick has `tradedPickMeta`, shows a secondary
   * \"history\" chip. Parent routes this to PickTradeHistoryModal with
   * focusRound / focusOriginalRosterId so the relevant row highlights.
   */
  onViewTradeHistory?: () => void
  /** Snake: reversed rounds show a left arrow on empty cells; forward rounds 
show right. */
  emptyCellDirection?: 'forward' | 'reverse'
  presentationVariant?: 'default' | 'redraft_snake'
  /** Commissioner-only: opens the Pick Editor panel prefilled with this 
overall. Caller gates by viewer + draft state. */
  onCommissionerEditPick?: () => void
}

function highlightClass(tone: PickHighlightTone | undefined): string {
  if (tone === 'user')
    return 'ring-1 ring-amber-400/60 border-amber-400/50 
shadow-[0_4px_24px_rgba(251,191,36,0.24)]'
  if (tone === 'ai') return 'ring-1 ring-sky-400/55 border-sky-400/45 
shadow-[0_4px_26px_rgba(56,189,248,0.26)]'
  return ''
}

function compactPickLabel(value: string): string {
  return value.replace(/\\.0(?=\\d$)/, '.')
}

function StatusBadge({
  label,
  className,
}: {
  label: string
  className: string
}) {
  return (
    <span className={`inline-flex items-center rounded px-1 py-0.5 text-[8px] 
font-semibold uppercase tracking-[0.12em] ${className}`}>
      {label}
    </span>
  )
}

function PositionBadge({ pos }: { pos: string | null }) {
  const p = (pos ?? 'ΓÇö').trim().slice(0, 4).toUpperCase()
  return (
    <span
      className=\"inline-flex min-w-[1.5rem] shrink-0 items-center 
justify-center rounded-md border border-cyan-300/60 bg-gradient-to-r 
from-cyan-500/40 to-cyan-400/30 px-1 py-0.5 text-[8px] font-bold text-cyan-100 
shadow-lg shadow-cyan-500/20\"
      title={pos ?? undefined}
    >
      {p}
    </span>
  )
}

function DraftBoardCellInner({
  pick,
  isEmpty,
  isCurrentPick = false,
  isRecentPick = false,
  sport = null,
  tradedPickColorMode = false,
  showNewOwnerInRed = false,
  isDevyRound = false,
  isCollegeRound = false,
  pickHighlight = 'none',
  emptyCellDirection = 'forward',
  onTradeFromCell,
  onViewTradeHistory,
  onCommissionerEditPick,
  presentationVariant = 'default',
}: DraftBoardCellProps) {
  const rs = presentationVariant === 'redraft_snake'
  const sportNorm = normalizeToSupportedSport(pick.sport ?? sport ?? 
DEFAULT_SPORT)

  const normalized = React.useMemo(() => {
    if (isEmpty || !pick.playerName?.trim()) return null
    const built = buildDraftPlayerDisplayModel({
      playerName: pick.playerName ?? '',
      position: pick.position ?? '-',
      team: pick.team ?? null,
      playerId: pick.playerId ?? null,
      byeWeek: pick.byeWeek ?? null,
      injuryStatus: pick.injuryStatus ?? null,
      sport: sportNorm,
    })
    return normalizePlayer({ display: built, sport: sportNorm })
  }, [
    isEmpty,
    pick.playerName,
    pick.position,
    pick.team,
    pick.playerId,
    pick.byeWeek,
    pick.injuryStatus,
    sportNorm,
  ])

  const headshotSrc =
    pick.playerImageUrl?.trim() ||
    (normalized ? getPlayerImage(normalized, sportNorm) : null)
  const teamLogoSrc = normalized?.teamLogoUrl ?? null

  const tint =
    tradedPickColorMode && pick.tradedPickMeta?.tintColor
      ? {
          borderColor: withAlpha(pick.tradedPickMeta.tintColor, 0.54),
          backgroundColor: withAlpha(pick.tradedPickMeta.tintColor, 0.16),
        }
      : undefined
  const managerTint =
    !tint && pick.managerTintColor
      ? {
          borderColor: withAlpha(pick.managerTintColor, 0.32),
          backgroundColor: withAlpha(pick.managerTintColor, 0.08),
        }
      : undefined

  const ownerLabel = pick.tradedPickMeta?.newOwnerName ?? pick.displayName ?? 
null
  const showTradeChip = Boolean(isEmpty && ownerLabel && 
pick.tradedPickMeta?.newOwnerName)
  const compactLabel = compactPickLabel(pick.pickLabel)

  const ariaLabel = isEmpty
    ? `Draft pick ${compactLabel}, empty slot`
    : `${pick.playerName ?? 'Player'}, ${pick.position ?? ''}, ${pick.team ?? 
''}, pick ${compactLabel}`

  const hoverLift = rs && !isEmpty ? 'hover:z-[1] hover:-translate-y-1 
hover:scale-[1.015]' : 'hover:z-[1] hover:-translate-y-1 hover:scale-[1.02]'

  return (
    <div
      className={`group relative flex h-[52px] min-h-[52px] flex-col 
overflow-hidden rounded-md border px-1.5 pb-1 pt-1 text-[10px] 
backdrop-blur-sm 
transition-[border-color,box-shadow,transform,background-color] duration-200 
${hoverLift} hover:border-cyan-300/55 hover:shadow-xl sm:h-[56px] 
sm:min-h-[56px] sm:px-2 sm:pb-1 sm:pt-1 ${
        onTradeFromCell ? 'pr-7 sm:pr-8' : ''
      } ${
        isCurrentPick
          ? rs
            ? 'animate-pulse border-cyan-300/90 bg-[radial-gradient(ellipse_at_
50%_0%,rgba(34,211,238,0.35),transparent),linear-gradient(155deg,rgba(34,211,23
8,0.22),rgba(15,23,42,0.96))] shadow-[0_0_56px_rgba(34,211,238,0.55)] ring-2 
ring-cyan-200/70'
            : 'animate-pulse border-cyan-400/95 bg-gradient-to-br 
from-cyan-500/35 via-[#2a3d5a] to-[#1f2d47] 
shadow-[0_0_50px_rgba(34,211,238,0.6)] ring-2 ring-cyan-300/80'
          : isRecentPick
            ? rs
              ? 'border-emerald-400/70 bg-gradient-to-br from-emerald-500/28 
to-[#142032] ring-1 ring-emerald-400/50 
shadow-[0_0_36px_rgba(52,211,153,0.28)]'
              : 'border-emerald-400/80 bg-gradient-to-br from-emerald-500/25 
to-[#2a3d5a] ring-1 ring-emerald-400/60 
shadow-[0_0_32px_rgba(52,211,153,0.35)]'
            : isEmpty
              ? 'border-transparent 
bg-[linear-gradient(145deg,rgba(15,23,42,0.45),rgba(8,15,28,0.78))]'
              : `border-cyan-400/35 bg-gradient-to-b from-[#2a3d5a] 
to-[#1a2844] ${rs ? 'shadow-lg' : 'shadow-xl'} 
${highlightClass(pickHighlight)}`
      }`}
      style={tint ?? managerTint}
      data-overall={pick.overall}
      data-round={pick.round}
      data-slot={pick.slot}
      data-owner-roster={pick.ownerRosterId ?? ''}
      data-testid={`draft-board-cell-${pick.overall}`}
      data-recent={isRecentPick ? 'true' : 'false'}
      data-current={isCurrentPick ? 'true' : 'false'}
      role=\"group\"
      aria-label={ariaLabel}
    >
      {onCommissionerEditPick ? (
        <button
          type=\"button\"
          onClick={(e) => {
            e.stopPropagation()
            onCommissionerEditPick()
          }}
          data-testid={`draft-board-cell-commish-edit-${pick.overall}`}
          title={`Edit pick ${pick.overall}`}
          aria-label={`Edit pick ${pick.overall}`}
          /* Slice 7 ΓÇö hover/focus-only on desktop to match Sleeper's clean 
tile.
             Mobile (no hover) keeps a touch-friendly always-visible tap 
target via
             `md:opacity-0`: visible by default on small screens, hidden on 
md+ until
             hover/focus reveals it. */
          className=\"absolute left-0.5 top-0.5 z-[2] inline-flex h-6 w-6 
items-center justify-center rounded-md border border-amber-400/40 
bg-amber-500/15 text-amber-100 opacity-90 shadow-sm backdrop-blur-sm 
transition duration-150 hover:border-amber-300/60 hover:bg-amber-500/30 
hover:opacity-100 focus-visible:opacity-100 focus-visible:outline-none 
focus-visible:ring-2 focus-visible:ring-amber-300/50 active:scale-90 
md:opacity-0 md:group-hover:opacity-100 md:group-focus-within:opacity-100\"
        >
          <Pencil className=\"h-3 w-3\" />
        </button>
      ) : null}
      {onTradeFromCell ? (
        <button
          type=\"button\"
          onClick={(e) => {
            e.stopPropagation()
            onTradeFromCell()
          }}
          data-testid={`draft-board-cell-trade-${pick.overall}`}
          title=\"Offer pick trade\"
          aria-label=\"Offer pick trade for this slot\"
          className=\"absolute right-0.5 top-0.5 z-[1] inline-flex h-6 w-6 
items-center justify-center rounded-md border border-white/14 bg-[#0a1228]/95 
text-white/60 opacity-90 shadow-sm backdrop-blur-sm transition duration-150 
hover:border-cyan-400/40 hover:text-cyan-100 hover:opacity-100 
focus-visible:opacity-100 focus-visible:outline-none focus-visible:ring-2 
focus-visible:ring-cyan-400/50 active:scale-90 md:opacity-0 
md:group-hover:opacity-100 md:group-focus-within:opacity-100\"
        >
          <ArrowLeftRight className=\"h-3 w-3\" />
        </button>
      ) : null}
      {onViewTradeHistory && pick.tradedPickMeta ? (
        <button
          type=\"button\"
          onClick={(e) => {
            e.stopPropagation()
            onViewTradeHistory()
          }}
          data-testid={`draft-board-cell-history-${pick.overall}`}
          title=\"View trade history for this pick\"
          aria-label=\"View trade history for this pick\"
          className={`absolute ${onTradeFromCell ? 'right-0.5 top-7' : 
'right-0.5 top-0.5'} z-[1] inline-flex h-6 w-6 items-center justify-center 
rounded-md border border-amber-400/30 bg-amber-500/12 text-amber-200/85 
opacity-90 shadow-sm backdrop-blur-sm transition duration-150 
hover:border-amber-300/50 hover:text-amber-100 hover:opacity-100 
focus-visible:opacity-100 focus-visible:outline-none focus-visible:ring-2 
focus-visible:ring-amber-300/50 active:scale-90 md:opacity-0 
md:group-hover:opacity-100 md:group-focus-within:opacity-100`}
        >
          <History className=\"h-3 w-3\" />
        </button>
      ) : null}
      <div
        className=\"pointer-events-none absolute inset-x-0 top-0 h-px\"
        style={{ backgroundColor: withAlpha(pick.managerTintColor ?? 
'#94a3b8', isCurrentPick ? 0.78 : 0.38) }}
        aria-hidden
      />

      <div className=\"flex items-start justify-between gap-1\">
        <div className=\"flex min-w-0 flex-wrap items-center gap-0.5\">
          {pick.isKeeper ? <StatusBadge label=\"K\" 
className=\"bg-emerald-500/25 text-emerald-200\" /> : null}
          {pick.isDevyPick ? <StatusBadge label=\"D\" 
className=\"bg-violet-500/25 text-violet-200\" /> : null}
          {pick.isCollegePick ? <StatusBadge label=\"C\" 
className=\"bg-violet-500/25 text-violet-200\" /> : null}
          {pick.isProPick ? <StatusBadge label=\"P\" 
className=\"bg-cyan-500/25 text-cyan-200\" /> : null}
          {pick.isPromotedFromDevy ? <StatusBadge label=\"Promoted\" 
className=\"bg-amber-500/25 text-amber-200\" /> : null}
          {showTradeChip ? (
            <span
              className={`max-w-[70px] truncate rounded px-1 py-0.5 text-[8px] 
font-semibold ${
                showNewOwnerInRed ? 'bg-red-500/20 text-red-200' : 
'bg-white/20 text-white/95'
              }`}
              title={ownerLabel ?? undefined}
            >
              {ownerLabel}
            </span>
          ) : null}
        </div>

        <span className=\"tabular-nums text-[11px] font-bold text-white/65\" 
aria-hidden>
          {compactLabel}
        </span>
      </div>

      {isEmpty ? (
        <div className=\"mt-auto flex min-h-0 flex-1 items-end justify-between 
gap-1\">
          <div className=\"flex min-w-0 items-center gap-1 text-white/55\">
            {emptyCellDirection === 'reverse' ? (
              <ArrowLeft className=\"h-3 w-3 shrink-0\" aria-hidden />
            ) : (
              <ArrowRight className=\"h-3 w-3 shrink-0\" aria-hidden />
            )}
            <span className=\"truncate text-[9px] font-medium\" 
title={ownerLabel ?? 'Awaiting pick'}>
              {ownerLabel ?? 'Awaiting pick'}
            </span>
            {isCollegeRound ? (
              <StatusBadge label=\"College\" className=\"shrink-0 
bg-violet-500/25 text-violet-200\" />
            ) : isDevyRound ? (
              <StatusBadge label=\"Devy\" className=\"shrink-0 
bg-violet-500/25 text-violet-200\" />
            ) : null}
          </div>
          {pick.tradedPickMeta?.previousOwnerName ? (
            <span
              className=\"max-w-[56px] shrink-0 truncate text-[8px] 
text-white/30\"
              title={`Originally ${pick.tradedPickMeta.previousOwnerName}`}
            >
              from {pick.tradedPickMeta.previousOwnerName}
            </span>
          ) : null}
        </div>
      ) : (
        <div className=\"mt-0.5 flex min-h-0 flex-1 flex-col justify-between 
gap-1 overflow-hidden\">
          <div className=\"flex min-w-0 items-start gap-1.5\">
            <div className=\"relative shrink-0\">
              <TinyHeadshot
                name={pick.playerName}
                src={headshotSrc}
                position={pick.position}
                teamLogoUrl={teamLogoSrc}
                teamAbbr={pick.team}
              />
              {/* F.1 ΓÇö DEF picks already use the team logo as the primary 
avatar
                  (see PlayerAvatar's DEF branch). Skip the duplicate corner 
overlay. */}
              {isDefRowForAvatar(pick.position) ? null : (
                <div className=\"absolute -bottom-0.5 -right-0.5 rounded 
border border-white/12 bg-[#232c40] p-px\">
                  <TinyTeamLogo team={pick.team} src={teamLogoSrc} />
                </div>
              )}
            </div>
            <div className=\"min-w-0 flex-1\">
              <div className=\"flex items-center gap-1\">
                <span className=\"truncate font-bold leading-tight 
text-white/98 text-[11px]\" title={pick.playerName ?? undefined}>
                  {pick.playerName}
                </span>
                <PositionBadge pos={pick.position} />
                {pick.experienceBadge ? (
                  <span className=\"shrink-0 rounded border border-cyan-400/30 
bg-cyan-500/12 px-1 py-0.5 text-[7px] font-bold uppercase tracking-wide 
text-cyan-100/95\">
                    {pick.experienceBadge}
                  </span>
                ) : null}
              </div>
              <p className=\"truncate text-[9px] text-white/60\">
                {(pick.team ?? 'ΓÇö').toString()}
                {pick.byeWeek != null && pick.byeWeek > 0 ? ` ┬╖ Bye 
${pick.byeWeek}` : ''}
              </p>
            </div>
          </div>

          {pick.amount != null && pick.amount > 0 ? (
            <span className=\"inline-flex w-fit items-center gap-1 rounded 
bg-amber-500/16 px-1.5 py-0.5 text-[8px] font-semibold text-amber-100\">
              <Gavel className=\"h-2.5 w-2.5\" aria-hidden />
              ${pick.amount}
            </span>
          ) : null}

          {pick.injuryStatus ? (
            <span className=\"truncate text-[8px] text-amber-300/90\" 
title={pick.injuryStatus}>
              {pick.injuryStatus}
            </span>
          ) : null}
        </div>
      )}
    </div>
  )
}

export const DraftBoardCell = React.memo(DraftBoardCellInner)
"

[36m [2mΓ¥»[22m __tests__/draft/g1-stab-pass-2.test.ts:[2m112:17[22m[39m
    [90m110|[39m     [34mexpect[39m(src)[33m.[39mnot[33m.[39m[34mtoMat
ch[39m([36m/opacity-0\s+shadow-sm/[39m)
    [90m111|[39m     // Positive: always-visible default + hover brighten + 
focus brighΓÇª
    [90m112|[39m     [34mexpect[39m(src)[33m.[39m[34mtoMatch[39m([36m/
opacity-60[\s\S]{0,200}hover:opacity-100/[39m)
    [90m   |[39m                 [31m^[39m
    [90m113|[39m     [34mexpect[39m(src)[33m.[39m[34mtoMatch[39m([36m/
focus-visible:opacity-100/[39m)
    [90m114|[39m   })

[31m[2mΓÄ»ΓÄ»ΓÄ»ΓÄ»ΓÄ»ΓÄ»ΓÄ»ΓÄ»ΓÄ»ΓÄ»ΓÄ»ΓÄ»ΓÄ»ΓÄ»ΓÄ»ΓÄ»ΓÄ»ΓÄ»ΓÄ»ΓÄ»ΓÄ»ΓÄ»[20/
24]ΓÄ»[22m[39m

[41m[1m FAIL [22m[49m 
__tests__/draft/permission-guardrail-mechanics.test.ts[2m > [22mPhase 4 
Slice 3 - AI and War Room entitlement boundaries[2m > [22mWar Room popup 
mount is not entitlement-gated in current client logic
[31m[1mAssertionError[22m: expected '\'use client\'\r\n\r\nimport { 
useStaΓÇª' to contain '<WarRoomPopup hasNewIntel={warRoomHasΓÇª'[39m

[32m- Expected[39m
[31m+ Received[39m

[32m- <WarRoomPopup hasNewIntel={warRoomHasNewIntel} triggerLabel="War 
Room">[39m
[31m+ 'use client'
[39m
[31m+ 
[39m
[31m+ import { useState, useCallback, useEffect, useRef, useMemo } from 
'react'
[39m
[31m+ import {
[39m
[31m+   isAllFantasyAdpEnabled,
[39m
[31m+   resolveAllFantasyAdpDraftMode,
[39m
[31m+   buildAllFantasyAdpUrl,
[39m
[31m+ } from '@/lib/adp/allFantasyAdpFlag'
[39m
[31m+ import { useSession } from 'next-auth/react'
[39m
[31m+ import Link from 'next/link'
[39m
[31m+ import dynamic from 'next/dynamic'
[39m
[31m+ import { DraftRoomShell, type MobileDraftTab } from 
'@/components/app/draft-room/DraftRoomShell'
[39m
[31m+ import { DraftTopBar } from '@/components/app/draft-room/DraftTopBar'
[39m
[31m+ import { DraftRoomSettingsModal } from 
'@/components/app/draft-room/DraftRoomSettingsModal'
[39m
[31m+ import { DraftBoard } from '@/components/app/draft-room/DraftBoard'
[39m
[31m+ import { DraftTeamStrip, type DraftTeamStripTeamMeta } from 
'@/components/app/draft-room/DraftTeamStrip'
[39m
[31m+ import { PickTradeHistoryModal } from 
'@/components/app/draft-room/PickTradeHistoryModal'
[39m
[31m+ import { useEntitlements } from '@/hooks/useEntitlements'
[39m
[31m+ import { useTokenBalance } from '@/hooks/useTokenBalance'
[39m
[31m+ import { SportAwareDraftRoom } from 
'@/components/app/draft-room/SportAwareDraftRoom'
[39m
[31m+ import { QueuePanel } from '@/components/app/draft-room/QueuePanel'
[39m
[31m+ import { DraftIntelQueuePanel } from 
'@/components/app/draft-room/DraftIntelQueuePanel'
[39m
[31m+ import { DraftChatPanel, type DraftChatMessage } from 
'@/components/app/draft-room/DraftChatPanel'
[39m
[31m+ import { DraftChatDock } from 
'@/components/app/draft-room/DraftChatDock'
[39m
[31m+ import { DraftHelperPanel } from 
'@/components/app/draft-room/DraftHelperPanel'
[39m
[31m+ import { DraftHelperFloatingBubble } from 
'@/components/app/draft-room/DraftHelperFloatingBubble'
[39m
[31m+ import { DraftHelperFloatingWindow } from 
'@/components/app/draft-room/DraftHelperFloatingWindow'
[39m
[31m+ import { DraftHelperCopilot } from 
'@/components/app/draft-room/DraftHelperCopilot'
[39m
[31m+ import { DraftHelperIntelligence } from 
'@/components/app/draft-room/DraftHelperIntelligence'
[39m
[31m+ import { calculateDraftHelperBadgeCount, hasDraftHelperContent } from 
'@/lib/draft-helper/calculateBadgeCount'
[39m
[31m+ import { useDraftHelperFloatingState } from 
'@/hooks/useDraftHelperFloatingState'
[39m
[31m+ import { DraftTeamPanel } from 
'@/components/app/draft-room/DraftTeamPanel'
[39m
[31m+ import { WarRoomPopup } from '@/components/app/draft-room/WarRoomPopup'
[39m
[31m+ import { DraftRightDockTabs } from 
'@/components/app/draft-room/DraftRightDockTabs'
[39m
[31m+ import {
[39m
[31m+   ResultsRosterPanel,
[39m
[31m+   type ResultsRosterPanelTeam,
[39m
[31m+   type ResultsRosterPanelPick,
[39m
[31m+ } from '@/components/app/draft-room/ResultsRosterPanel'
[39m
[31m+ import { DraftRosterStrip } from 
'@/components/app/draft-room/DraftRosterStrip'
[39m
[31m+ import { DraftRoundOneAnnouncementOverlay } from 
'@/components/app/draft-room/DraftRoundOneAnnouncementOverlay'
[39m
[31m+ import type { PlayerEntry } from 
'@/components/app/draft-room/PlayerPanel'
[39m
[31m+ import type { RoundOneAnnouncementQueueItem } from 
'@/lib/draft-room/resolvePickAnnouncementAssets'
[39m
[31m+ import { resolvePickAnnouncementAssets } from 
'@/lib/draft-room/resolvePickAnnouncementAssets'
[39m
[31m+ import type { DraftWarRoomSnapshot } from 
'@/components/draft/ai/DraftWarRoom'
[39m
[31m+ import { LiveDraftStatusColumn } from 
'@/components/draft/live/LiveDraftStatusColumn'
[39m
[31m+ 
[39m
[31m+ const DraftPickTradePanel = dynamic(() => 
import('@/components/app/draft-room/DraftPickTradePanel'), { ssr: false })
[39m
[31m+ const CommissionerControlCenterModal = dynamic(
[39m
[31m+   () => 
import('@/components/app/draft-room/CommissionerControlCenterModal'),
[39m
[31m+   { ssr: false }
[39m
[31m+ )
[39m
[31m+ const PostDraftView = dynamic(() => 
import('@/components/app/draft-room/PostDraftView'), { ssr: false })
[39m
[31m+ const AuctionSpotlightPanel = dynamic(() => 
import('@/components/app/draft-room/AuctionSpotlightPanel'), { ssr: false })
[39m
[31m+ const KeeperPanel = dynamic(() => 
import('@/components/app/draft-room/KeeperPanel'), { ssr: false })
[39m
[31m+ const PreDraftWizard = dynamic(
[39m
[31m+   () => import('@/components/commissioner/PreDraftWizard').then((m) => 
m.PreDraftWizard),
[39m
[31m+   { ssr: false },
[39m
[31m+ )
[39m
[31m+ import type { DraftSessionSnapshot, QueueEntry } from 
'@/lib/live-draft-engine/types'
[39m
[31m+ import {
[39m
[31m+   buildDraftRoomCoreState,
[39m
[31m+   resolveEffectiveCurrentPick,
[39m
[31m+   isPickCommitAllowed,
[39m
[31m+   isPickCommitAllowedByName,
[39m
[31m+ } from '@/lib/live-draft-engine'
[39m
[31m+ import { getUpcomingPickOwners } from 
'@/lib/live-draft-engine/DraftOrderService'
[39m
[31m+ import type { DraftIntelState, DraftIntelQueueEntry } from 
'@/lib/draft-intelligence'
[39m
[31m+ import type { DraftUISettings } from 
'@/lib/draft-defaults/DraftUISettingsResolver'
[39m
[31m+ import { normalizeDraftQueueSizeLimit, trimDraftQueue } from 
'@/lib/draft-defaults/DraftQueueLimitResolver'
[39m
[31m+ import type { NormalizedDraftEntry } from 
'@/lib/draft-sports-models/types'
[39m
[31m+ import {
[39m
[31m+   buildAiAdpLookupMaps,
[39m
[31m+   expandAiAdpKeysForLookup,
[39m
[31m+   lookupAiAdpMatch,
[39m
[31m+ } from '@/lib/draft-room/ai-adp-lookup'
[39m
[31m+ import { buildDraftSummaryForAI, buildLiveDraftBrainPayload, 
canAddToQueue, getDefaultRosterSlotsForSport } from '@/lib/draft-room'
[39m
[31m+ import { computeTeamNeeds, detectByeWeekClusters } from 
'@/lib/draft-room/teamNeeds'
[39m
[31m+ import type { LiveDraftBrainEnvelope } from 
'@/lib/live-draft-brain/schemas'
[39m
[31m+ import { IdpDraftExplainerCard } from 
'@/components/idp/IdpDraftExplainerCard'
[39m
[31m+ import { confirmTokenSpend } from '@/lib/tokens/client-confirm'
[39m
[31m+ import { DRAFT_ROOM } from '@/lib/analytics/eventNames'
[39m
[31m+ import { sendProductAnalyticsBeacon } from '@/lib/analytics/client'
[39m
[31m+ import { computePicksUntilViewerTurn } from 
'@/lib/draft-room/computePicksUntilViewer'
[39m
[31m+ import { mergeDraftSessionSnapshot } from 
'@/lib/draft-room/mergeDraftSessionSnapshot'
[39m
[31m+ import { CommissionerPickEditorPanel, type 
CommissionerPickEditorPlayerOption } from 
'@/components/app/draft-room/CommissionerPickEditorPanel'
[39m
[31m+ import { CommissionerAuditLogList } from 
'@/components/app/draft-room/CommissionerAuditLogList'
[39m
[31m+ import { PreDraftSlotSetupCard } from 
'@/components/app/draft-room/PreDraftSlotSetupCard'
[39m
[31m+ import {
[39m
[31m+   DRAFT_PICK_RACE_RETRY,
[39m
[31m+   DRAFT_PICK_STALE_OVERALL,
[39m
[31m+ } from '@/lib/live-draft-engine/pickAuthorityCodes'
[39m
[31m+ import { isDraftPickRowEmptyFromSnapshot } from 
'@/lib/live-draft-engine/draftPickEmpty'
[39m
[31m+ import { draftRoomPickTrace, draftRoomWarn } from 
'@/lib/draft-room/draftRoomDevLog'
[39m
[31m+ import { buildDraftRoomPageDerivedState } from 
'@/lib/draft-room/buildDraftRoomPageDerivedState'
[39m
[31m+ import { getDraftPickActionState, normalizeDraftRosterId } from 
'@/lib/draft-room/draftPickEligibility'
[39m
[31m+ import { mapNormalizedDraftEntryToPlayerEntry } from 
'@/lib/player-data/adapters/draftRoomPlayerAdapter'
[39m
[31m+ import {
[39m
[31m+   getDraftRoomDisplayExperienceBadge,
[39m
[31m+   getDraftRoomDisplayHeadshot,
[39m
[31m+   getDraftRoomDisplayInjury,
[39m
[31m+ } from '@/lib/player-data/adapters/draftRoomDisplayFields'
[39m
[31m+ import { logNormalizedPlayerDataDiagnostics } from 
'@/lib/player-data/providerFallbackDiagnostics'
[39m
[31m+ import { LEAGUE_DRAFT_ROOM_REVALIDATE } from 
'@/lib/draft-room/emitLeagueDraftRoomRevalidate'
[39m
[31m+ import { filterPlayersAvailableForDraftAi } from 
'@/lib/draft-room/availableForDraftAi'
[39m
[31m+ import { buildDraftRoomClientDiagnostics } from 
'@/lib/draft-room/player-pool-audit'
[39m
[31m+ import type { DraftCopilotInsight } from 
'@/lib/draft-room/draft-copilot-types'
[39m
[31m+ import { detectSnakeBackToBackSoon, computeRedraftStarterHints } from 
'@/lib/draft-room/redraftPlanningHints'
[39m
[31m+ import { RedraftPlanningRibbon } from 
'@/components/app/draft-room/RedraftPlanningRibbon'
[39m
[31m+ import {
[39m
[31m+   buildAssistantFeedByPlayerName,
[39m
[31m+   getAssistantFeedForPlayer,
[39m
[31m+ } from '@/lib/draft-room/assistantFeedLookup'
[39m
[31m+ import {
[39m
[31m+   buildDraftChatPlayerContextFromDisplay,
[39m
[31m+   type DraftChatPlayerContext,
[39m
[31m+ } from '@/lib/draft-room/draft-chat-player-context'
[39m
[31m+ import type { DraftAssistantRoomContext } from 
'@/components/app/draft-room/PlayerDetailModal'
[39m
[31m+ 
[39m
[31m+ /** User-visible copy after a successful commissioner POST to 
`/draft/controls`. */
[39m
[31m+ function commissionerActionSuccessCopy(action: string): string {
[39m
[31m+   switch (String(action).toLowerCase()) {
[39m
[31m+     case 'start':
[39m
[31m+       return 'Draft started ΓÇö live picks are now enabled.'
[39m
[31m+     case 'pause':
[39m
[31m+       return 'Draft paused ΓÇö pick clock frozen for everyone.'
[39m
[31m+     case 'resume':
[39m
[31m+       return 'Draft resumed ΓÇö pick clock restored.'
[39m
[31m+     case 'reset_timer':
[39m
[31m+       return 'Pick timer reset to full time for the current pick.'
[39m
[31m+     case 'undo_pick':
[39m
[31m+       return 'Last pick was removed from the board.'
[39m
[31m+     case 'set_timer_seconds':
[39m
[31m+       return 'Pick clock length updated.'
[39m
[31m+     case 'force_autopick':
[39m
[31m+       return 'Auto-pick executed for the on-clock team.'
[39m
[31m+     case 'skip_pick':
[39m
[31m+       return 'Current pick was skipped.'
[39m
[31m+     case 'complete':
[39m
[31m+       return 'Draft marked complete.'
[39m
[31m+     default:
[39m
[31m+       return 'Commissioner action completed.'
[39m
[31m+   }
[39m
[31m+ }
[39m
[31m+ 
[39m
[31m+ type CommissionerControlApiResult =
[39m
[31m+   | ({ ok: true } & Record<string, unknown>)
[39m
[31m+   | { ok: false; error: string; cancelled?: boolean }
[39m
[31m+ 
[39m
[31m+ export type DraftRoomPageClientProps = {
[39m
[31m+   /** Draft session id from URL (`/draft/[draftId]/snake`) ΓÇö used for 
telemetry / deep links only. */
[39m
[31m+   draftId?: string
[39m
[31m+   leagueId: string
[39m
[31m+   leagueName: string
[39m
[31m+   /** League avatar/logo. Surfaced in draft-room chrome (top bar). */
[39m
[31m+   leagueLogoUrl?: string | null
[39m
[31m+   sport: string
[39m
[31m+   isDynasty?: boolean
[39m
[31m+   isCommissioner: boolean
[39m
[31m+   /** When IDP league, pass 'IDP' for position filters and roster 
template. */
[39m
[31m+   formatType?: string
[39m
[31m+   /** Premium chrome for live snake redraft route. */
[39m
[31m+   presentationVariant?: 'default' | 'redraft_snake'
[39m
[31m+ }
[39m
[31m+ 
[39m
[31m+ type DraftRoomChromeTeam = {
[39m
[31m+   id: string
[39m
[31m+   externalId?: string | null
[39m
[31m+   teamName: string
[39m
[31m+   ownerName: string
[39m
[31m+   avatarUrl?: string | null
[39m
[31m+   role?: string | null
[39m
[31m+   claimedByUserId?: string | null
[39m
[31m+   isCommissioner?: boolean
[39m
[31m+   isCoCommissioner?: boolean
[39m
[31m+ }
[39m
[31m+ 
[39m
[31m+ function normalizeManagerKey(value: string | null | undefined): string {
[39m
[31m+   return String(value ?? '').trim().toLowerCase()
[39m
[31m+ }
[39m
[31m+ 
[39m
[31m+ /** Match `pickCommitFlow` / pool filters ΓÇö session pick names are 
compared case-insensitively. */
[39m
[31m+ function normalizeDraftedPlayerName(name: string | null | undefined): 
string {
[39m
[31m+   return String(name ?? '').trim().toLowerCase()
[39m
[31m+ }
[39m
[31m+ 
[39m
[31m+ function resolveInviteLink(payload: { inviteLink?: string | null; 
inviteCode?: string | null } | null | undefined): string | null {
[39m
[31m+   const direct = typeof payload?.inviteLink === 'string' ? 
payload.inviteLink.trim() : ''
[39m
[31m+   if (direct) return direct
[39m
[31m+   const inviteCode = typeof payload?.inviteCode === 'string' ? 
payload.inviteCode.trim() : ''
[39m
[31m+   if (!inviteCode || typeof window === 'undefined') return null
[39m
[31m+   return 
`${window.location.origin}/join?code=${encodeURIComponent(inviteCode)}`
[39m
[31m+ }
[39m
[31m+ 
[39m
[31m+ function resolveManagerChromeTeam(
[39m
[31m+   manager: { rosterId: string; displayName: string },
[39m
[31m+   teams: DraftRoomChromeTeam[],
[39m
[31m+ ): DraftRoomChromeTeam | null {
[39m
[31m+   const rosterId = manager.rosterId.trim()
[39m
[31m+   const displayName = normalizeManagerKey(manager.displayName)
[39m
[31m+   return (
[39m
[31m+     teams.find((team) => team.id === rosterId) ??
[39m
[31m+     teams.find((team) => String(team.externalId ?? '').trim() === 
rosterId) ??
[39m
[31m+     teams.find((team) => normalizeManagerKey(team.teamName) === 
displayName) ??
[39m
[31m+     teams.find((team) => normalizeManagerKey(team.ownerName) === 
displayName) ??
[39m
[31m+     null
[39m
[31m+   )
[39m
[31m+ }
[39m
[31m+ 
[39m
[31m+ const POLL_MS = 8000
[39m
[31m+ const POLL_MS_BACKGROUND = 30000
[39m
[31m+ /** Require several consecutive lightweight poll failures before 
treating the room as degraded (avoids top-bar flicker). */
[39m
[31m+ const SESSION_POLL_FAILS_FOR_DEGRADED = 5
[39m
[31m+ /** Brief delay before showing the badge so transient blips do not 
flash "Sync issue". */
[39m
[31m+ const CONNECTION_DEGRADED_SHOW_DELAY_MS = 1600
[39m
[31m+ const AI_ADP_POLL_SKIP_MS = 30 * 60 * 1000
[39m
[31m+ const QUEUE_POLL_EVERY_N_TICKS = 2
[39m
[31m+ const SETTINGS_POLL_EVERY_N_TICKS = 3
[39m
[31m+ const CHAT_POLL_EVERY_N_TICKS = 2
[39m
[31m+ const POOL_POLL_EVERY_N_TICKS = 3
[39m
[31m+ const DRAFT_ROOM_LOCAL_PREFS_KEY_PREFIX = 'af:draft-room-prefs:'
[39m
[31m+ 
[39m
[31m+ function mergeDraftChatWire(
[39m
[31m+   prev: DraftChatMessage[],
[39m
[31m+   incoming: DraftChatMessage[],
[39m
[31m+ ): DraftChatMessage[] {
[39m
[31m+   const map = new Map<string, DraftChatMessage>()
[39m
[31m+   for (const m of prev) map.set(m.id, m)
[39m
[31m+   for (const m of incoming) map.set(m.id, m)
[39m
[31m+   return Array.from(map.values()).sort(
[39m
[31m+     (a, b) => new Date(a.at).getTime() - new Date(b.at).getTime(),
[39m
[31m+   )
[39m
[31m+ }
[39m
[31m+ 
[39m
[31m+ export function DraftRoomPageClient({
[39m
[31m+   draftId,
[39m
[31m+   leagueId,
[39m
[31m+   leagueName,
[39m
[31m+   leagueLogoUrl,
[39m
[31m+   sport,
[39m
[31m+   isDynasty = false,
[39m
[31m+   isCommissioner,
[39m
[31m+   formatType,
[39m
[31m+   presentationVariant = 'default',
[39m
[31m+ }: DraftRoomPageClientProps) {
[39m
[31m+   type CenterDockTab = 'queue' | 'chat' | 'ai' | 'commish'
[39m
[31m+   const { data: authSession } = useSession()
[39m
[31m+   const viewerAppUserId = (authSession?.user as { id?: string } | 
undefined)?.id ?? null
[39m
[31m+   const [session, setSession] = useState<DraftSessionSnapshot | 
null>(null)
[39m
[31m+   const sessionRef = useRef<DraftSessionSnapshot | null>(null)
[39m
[31m+   useEffect(() => {
[39m
[31m+     sessionRef.current = session
[39m
[31m+   }, [session])
[39m
[31m+   const [queue, setQueue] = useState<QueueEntry[]>([])
[39m
[31m+   const [draftIntel, setDraftIntel] = useState<DraftIntelState | 
null>(null)
[39m
[31m+   const [draftIntelLoading, setDraftIntelLoading] = useState(true)
[39m
[31m+   const [chatMessages, setChatMessages] = 
useState<DraftChatMessage[]>([])
[39m
[31m+   const [chatSyncActive, setChatSyncActive] = useState(false)
[39m
[31m+   const [loading, setLoading] = useState(true)
[39m
[31m+   /** Set when GET draft/session returns 401/403 so we don't show the 
misleading "no draft session" copy. */
[39m
[31m+   const [draftSessionAccess, setDraftSessionAccess] = useState<"ok" | 
"unauthorized" | "forbidden" | null>(null)
[39m
[31m+   /** True only after repeated failed draft session polls ΓÇö not 
routine background sync (avoids top-bar flicker). */
[39m
[31m+   const [connectionDegraded, setConnectionDegraded] = useState(false)
[39m
[31m+   /**
[39m
[31m+    * Pre-draft validation wizard. Opened in-place when 
`handleStartDraft` runs
[39m
[31m+    * the validation route and the report comes back with 
`canStartDraft: false`.
[39m
[31m+    * Renders as an overlay above the existing DraftRoomShell ΓÇö never 
replaces
[39m
[31m+    * the shell, never navigates, never redirects. The unified-state 
contract
[39m
[31m+    * locked by `__tests__/nfl-redraft-snake-draft-board-state.test.ts` 
(Commit
[39m
[31m+    * E) is preserved.
[39m
[31m+    */
[39m
[31m+   const [showPreDraftValidationWizard, setShowPreDraftValidationWizard] 
= useState(false)
[39m
[31m+   /**
[39m
[31m+    * Slice J: in-place recovery state for `DRAFT_SESSION_MISMATCH` 409
[39m
[31m+    * responses from the session route. When the server tells the client 
its
[39m
[31m+    * view of the draft session is stale, we DO NOT navigate (no
[39m
[31m+    * `router.push`, `router.replace`, or `window.location.replace`) ΓÇö 
that
[39m
[31m+    * would violate the unified-state contract locked by Commit E. 
Instead we
[39m
[31m+    * flip this banner on, schedule a single in-place refetch via
[39m
[31m+    * `fetchSession`, and clear the flag once the next response is 2xx.
[39m
[31m+    * After 3 consecutive 409s the banner exposes an inline "Try again" 
button
[39m
[31m+    * so the user can retry without leaving the room.
[39m
[31m+    */
[39m
[31m+   const [sessionMismatchRecovering, setSessionMismatchRecovering] = 
useState(false)
[39m
[31m+   const sessionMismatchRetryTimerRef = useRef<number | null>(null)
[39m
[31m+   const sessionMismatchAttemptsRef = useRef(0)
[39m
[31m+   const pollSessionFailStreakRef = useRef(0)
[39m
[31m+   /** Browser timers are numeric IDs; avoids NodeJS.Timeout vs DOM 
mismatch in `tsc`. */
[39m
[31m+   const connectionDegradedTimerRef = useRef<number | null>(null)
[39m
[31m+   /**
[39m
[31m+    * Canonical draft state from the last successful `/draft/session` 
response.
[39m
[31m+    * Stored in a ref (not state) ΓÇö never drives renders, only used 
for dev-mode
[39m
[31m+    * divergence logging and future migration comparisons.
[39m
[31m+    */
[39m
[31m+   const canonicalDraftStateRef = useRef<{
[39m
[31m+     status: string
[39m
[31m+     currentPickNumber: number | null
[39m
[31m+     picksMade: number
[39m
[31m+     currentTeamId: string | null
[39m
[31m+     timerEndAt: string | null
[39m
[31m+   } | null>(null)
[39m
[31m+   const [commissionerLoading, setCommissionerLoading] = useState(false)
[39m
[31m+   /** Slice C.1: while a commissioner control or settings PATCH is in 
flight, the periodic
[39m
[31m+    * live-sync poll must not overwrite our optimistic patch with the 
server's pre-action
[39m
[31m+    * snapshot. Polling continues for queue/chat freshness ΓÇö only the 
session/settings merges
[39m
[31m+    * are skipped while the ref is > 0. */
[39m
[31m+   const controlActionInflightRef = useRef(0)
[39m
[31m+   const [governanceBanner, setGovernanceBanner] = useState<{
[39m
[31m+     variant: 'success' | 'error' | 'info'
[39m
[31m+     message: string
[39m
[31m+   } | null>(null)
[39m
[31m+   const governanceSuccessTimeoutRef = useRef<ReturnType<typeof 
setTimeout> | null>(null)
[39m
[31m+   const [pickSubmitting, setPickSubmitting] = useState(false)
[39m
[31m+   const [draftUISettings, setDraftUISettings] = 
useState<DraftUISettings | null>(null)
[39m
[31m+   const [skipPickAllowed, setSkipPickAllowed] = useState(false)
[39m
[31m+   const [orphanAiStatus, setOrphanAiStatus] = useState<{
[39m
[31m+     orphanRosterIds: string[]
[39m
[31m+     recentActions: Array<{ action: string; createdAt: string; reason: 
string | null; rosterId?: string }>
[39m
[31m+   } | null>(null)
[39m
[31m+   const [commissionerAiDraft, setCommissionerAiDraft] = useState<{
[39m
[31m+     assignedAiTeams: Array<{ teamId: string; teamName: string; aiStyle: 
string; tradeAggression: string; active: boolean }>
[39m
[31m+     tradeRules: {
[39m
[31m+       allowOutbound: boolean
[39m
[31m+       allowInbound: boolean
[39m
[31m+       blockAiToAi: boolean
[39m
[31m+       proposalCooldownSeconds: number
[39m
[31m+       maxProposalsPerRound: number
[39m
[31m+       acceptConfidenceMin: number
[39m
[31m+     }
[39m
[31m+   } | null>(null)
[39m
[31m+   /** Prisma AI opponent assignments ΓÇö draft roster ids (see 
`/api/league/ai-opponents/summary`). */
[39m
[31m+   const [aiOpponentRosterIds, setAiOpponentRosterIds] = 
useState<string[]>([])
[39m
[31m+   /** Draft roster id ΓåÆ AI archetype label for manager strip badges. 
*/
[39m
[31m+   const [aiArchetypeByRoster, setAiArchetypeByRoster] = 
useState<Record<string, string>>({})
[39m
[31m+   const [orphanAiProviderAvailableState, 
setOrphanAiProviderAvailableState] = useState<boolean>(true)
[39m
[31m+   const [draftQueueSizeLimit, setDraftQueueSizeLimit] = 
useState<number>(normalizeDraftQueueSizeLimit(null))
[39m
[31m+   const [leagueAiAdp, setLeagueAiAdp] = useState<{
[39m
[31m+     enabled: boolean
[39m
[31m+     entries: Array<{ playerName: string; position: string; team: string 
| null; adp: number; sampleSize: number; lowSample?: boolean }>
[39m
[31m+     totalDrafts: number
[39m
[31m+     computedAt: string | null
[39m
[31m+     stale?: boolean
[39m
[31m+     ageHours?: number | null
[39m
[31m+     message?: string | null
[39m
[31m+   } | null>(null)
[39m
[31m+   const aiAdpLookupMaps = useMemo(
[39m
[31m+     () => buildAiAdpLookupMaps(leagueAiAdp?.entries ?? null),
[39m
[31m+     [leagueAiAdp?.entries],
[39m
[31m+   )
[39m
[31m+   /**
[39m
[31m+    * D.5-proper ΓÇö feature flag + dev-only draft-mode toggle for 
AllFantasy AI ADP.
[39m
[31m+    *
[39m
[31m+    * When `NEXT_PUBLIC_USE_ALLFANTASY_ADP=true`, the draft room hits 
the new
[39m
[31m+    * `/api/.../ai-adp?source=allfantasy&draftMode=<mode>` endpoint and 
bypasses
[39m
[31m+    * the legacy `lookupAiAdpMatch` client overlay so the 
resolver-provided
[39m
[31m+    * `e.aiAdp` value is the single source of truth for the AI ADP 
column.
[39m
[31m+    *
[39m
[31m+    * `?adpMode=test` (URL) or 
`NEXT_PUBLIC_ALLFANTASY_ADP_DRAFT_MODE=test` (env)
[39m
[31m+    * lets dev surface seeded harness data without polluting production.
[39m
[31m+    */
[39m
[31m+   const useAllFantasyAdp = useMemo(() => isAllFantasyAdpEnabled(), [])
[39m
[31m+   const allFantasyAdpDraftMode = useMemo(() => {
[39m
[31m+     const sp =
[39m
[31m+       typeof window !== 'undefined' && window.location
[39m
[31m+         ? new URLSearchParams(window.location.search)
[39m
[31m+         : null
[39m
[31m+     return resolveAllFantasyAdpDraftMode({ searchParams: sp })
[39m
[31m+   }, [])
[39m
[31m+   const [autoPickFromQueue, setAutoPickFromQueue] = useState(false)
[39m
[31m+   const [awayMode, setAwayMode] = useState(false)
[39m
[31m+   const [aiQueueReorderEnabled, setAiQueueReorderEnabled] = 
useState(true)
[39m
[31m+   const [draftAiExplanationEnabled, setDraftAiExplanationEnabled] = 
useState(false)
[39m
[31m+   const [mobileTab, setMobileTabState] = 
useState<MobileDraftTab>('board')
[39m
[31m+   const [centerDockTab, setCenterDockTab] = 
useState<CenterDockTab>('queue')
[39m
[31m+   const [commissionerEditOverall, setCommissionerEditOverall] = 
useState<number | null>(null)
[39m
[31m+   const [commissionerEditModalOpen, setCommissionerEditModalOpen] = 
useState(false)
[39m
[31m+   const openCommissionerPickEditor = useCallback((overall: number) => {
[39m
[31m+     if (!Number.isFinite(overall) || overall < 1) return
[39m
[31m+     setCommissionerEditOverall(Math.floor(overall))
[39m
[31m+     setCenterDockTab('commish')
[39m
[31m+     setCommissionerEditModalOpen(true)
[39m
[31m+   }, [])
[39m
[31m+   const floatingHelperState = useDraftHelperFloatingState()
[39m
[31m+   const setMobileTab = useCallback((tab: MobileDraftTab) => {
[39m
[31m+     sendProductAnalyticsBeacon(DRAFT_ROOM.MOBILE_TAB, { tab, leagueId })
[39m
[31m+     setMobileTabState(tab)
[39m
[31m+   }, [leagueId])
[39m
[31m+   const [aiReorderLoading, setAiReorderLoading] = useState(false)
[39m
[31m+   const [aiReorderExplanation, setAiReorderExplanation] = 
useState<string | null>(null)
[39m
[31m+   const [aiReorderExecutionMode, setAiReorderExecutionMode] = 
useState<string | null>(null)
[39m
[31m+   const [showBroadcastModal, setShowBroadcastModal] = useState(false)
[39m
[31m+   const [commissionerLeagues, setCommissionerLeagues] = 
useState<Array<{ id: string; name: string | null }>>([])
[39m
[31m+   const [broadcastMessage, setBroadcastMessage] = useState('')
[39m
[31m+   const [broadcastSelectedIds, setBroadcastSelectedIds] = 
useState<Set<string>>(new Set())
[39m
[31m+   const [broadcastSending, setBroadcastSending] = useState(false)
[39m
[31m+   const [recommendationResult, setRecommendationResult] = useState<{
[39m
[31m+     recommendation: { player: { name: string; position: string; team?: 
string | null; adp?: number | null }; reason: string; confidence: number } | 
null
[39m
[31m+     alternatives: Array<{ player: { name: string; position: string; 
team?: string | null }; reason: string; confidence: number }>
[39m
[31m+     reachWarning: string | null
[39m
[31m+     valueWarning: string | null
[39m
[31m+     scarcityInsight: string | null
[39m
[31m+     stackInsight: string | null
[39m
[31m+     correlationInsight: string | null
[39m
[31m+     formatInsight: string | null
[39m
[31m+     byeNote: string | null
[39m
[31m+     explanation: string
[39m
[31m+     evidence: string[]
[39m
[31m+     caveats: string[]
[39m
[31m+     uncertainty: string | null
[39m
[31m+     execution?: { mode?: string; lane?: string } | null
[39m
[31m+   } | null>(null)
[39m
[31m+   const [recommendationLoading, setRecommendationLoading] = 
useState(false)
[39m
[31m+   const [recommendationError, setRecommendationError] = useState<string 
| null>(null)
[39m
[31m+   const recommendationRequestKeyRef = useRef('')
[39m
[31m+   const warRoomDebounceRef = useRef<ReturnType<typeof setTimeout> | 
null>(null)
[39m
[31m+   const warRoomCacheRef = useRef<Map<string, DraftWarRoomSnapshot>>(new 
Map())
[39m
[31m+   const [warRoomData, setWarRoomData] = useState<DraftWarRoomSnapshot | 
null>(null)
[39m
[31m+   const [warRoomLoading, setWarRoomLoading] = useState(false)
[39m
[31m+   const [warRoomError, setWarRoomError] = useState<string | null>(null)
[39m
[31m+   const [liveBrainEnvelope, setLiveBrainEnvelope] = 
useState<LiveDraftBrainEnvelope | null>(null)
[39m
[31m+   const [runAiPickLoading, setRunAiPickLoading] = useState(false)
[39m
[31m+   const [resyncLoading, setResyncLoading] = useState(false)
[39m
[31m+   const [showCommissionerModal, setShowCommissionerModal] = 
useState(false)
[39m
[31m+   const [draftRoomSettingsOpen, setDraftRoomSettingsOpen] = 
useState(false)
[39m
[31m+   const [showTradePanel, setShowTradePanel] = useState(false)
[39m
[31m+   const [tradePanelGeneration, setTradePanelGeneration] = useState(0)
[39m
[31m+   const [tradeInitialDraft, setTradeInitialDraft] = useState<{
[39m
[31m+     giveRound?: number
[39m
[31m+     receiveRound?: number
[39m
[31m+     receiverRosterId?: string
[39m
[31m+   } | null>(null)
[39m
[31m+   const [pendingTradesCount, setPendingTradesCount] = useState(0)
[39m
[31m+   const [roundOneAnnouncementQueue, setRoundOneAnnouncementQueue] = 
useState<RoundOneAnnouncementQueueItem[]>([])
[39m
[31m+   const roundOneSeenPickIdsRef = useRef(new Set<string>())
[39m
[31m+   const roundOneBootstrapRef = useRef(false)
[39m
[31m+   const [pickError, setPickError] = useState<string | null>(null)
[39m
[31m+   const [draftPool, setDraftPool] = useState<{ entries: 
NormalizedDraftEntry[]; sport: string; devyConfig?: { enabled: boolean; 
devyRounds: number[] }; c2cConfig?: { enabled: boolean; collegeRounds: 
number[] }; isIdp?: boolean } | null>(null)
[39m
[31m+   const [draftAssistantContext, setDraftAssistantContext] = useState<{
[39m
[31m+     sport: string
[39m
[31m+     headlines: Array<{
[39m
[31m+       id: string
[39m
[31m+       title: string
[39m
[31m+       playerName?: string | null
[39m
[31m+       team?: string | null
[39m
[31m+       publishedAt?: string | null
[39m
[31m+       source?: string | null
[39m
[31m+     }>
[39m
[31m+     injuries: Array<{
[39m
[31m+       playerName: string
[39m
[31m+       team?: string | null
[39m
[31m+       status?: string | null
[39m
[31m+       note?: string | null
[39m
[31m+       reportedAt?: string | null
[39m
[31m+       source?: string | null
[39m
[31m+     }>
[39m
[31m+     sportsFeed: {
[39m
[31m+       available: boolean
[39m
[31m+       updatedAt?: string | null
[39m
[31m+       sourceKeys?: string[]
[39m
[31m+       digest?: string | null
[39m
[31m+     }
[39m
[31m+   } | null>(null)
[39m
[31m+   const [leagueTeams, setLeagueTeams] = 
useState<DraftRoomChromeTeam[]>([])
[39m
[31m+   const [rosterConfig, setRosterConfig] = useState<{
[39m
[31m+     starterSlots: Record<string, number>
[39m
[31m+     benchSlots: number
[39m
[31m+     taxiSlots: number
[39m
[31m+     devySlots: number
[39m
[31m+     orderedSlotLabels?: string[]
[39m
[31m+   } | null>(null)
[39m
[31m+   const [inviteLink, setInviteLink] = useState<string | null>(null)
[39m
[31m+   const [claimableRosterIds, setClaimableRosterIds] = 
useState<string[]>([])
[39m
[31m+   const [tradeHistoryOpen, setTradeHistoryOpen] = useState(false)
[39m
[31m+   const [tradeHistoryFocus, setTradeHistoryFocus] = useState<{
[39m
[31m+     round: number
[39m
[31m+     originalRosterId: string
[39m
[31m+   } | null>(null)
[39m
[31m+   const entitlements = useEntitlements()
[39m
[31m+   const tokenBalance = useTokenBalance()
[39m
[31m+   const hasAiSubscription =
[39m
[31m+     entitlements.hasPro || entitlements.hasSupreme || 
entitlements.hasCommissioner || entitlements.hasAllAccess
[39m
[31m+   /**
[39m
[31m+    * Token-balance fallback: free-tier users who've bought AF token 
packs still
[39m
[31m+    * get to use AI features, spending one token per request. Gate is 
true when
[39m
[31m+    * EITHER a qualifying subscription is active OR balance > 0.
[39m
[31m+    */
[39m
[31m+   const hasAiAccess = hasAiSubscription || tokenBalance.balance > 0
[39m
[31m+   const resolvedOrphanAiProviderAvailable =
[39m
[31m+     (session as { orphanAiProviderAvailable?: boolean } | 
null)?.orphanAiProviderAvailable ??
[39m
[31m+     orphanAiProviderAvailableState ??
[39m
[31m+     true
[39m
[31m+   const [claimSlotLoadingRosterId, setClaimSlotLoadingRosterId] = 
useState<string | null>(null)
[39m
[31m+   const [auctionNominateLoading, setAuctionNominateLoading] = 
useState(false)
[39m
[31m+   const [auctionBidLoading, setAuctionBidLoading] = useState(false)
[39m
[31m+   const [auctionResolveLoading, setAuctionResolveLoading] = 
useState(false)
[39m
[31m+   const [autopickExpiredLoading, setAutopickExpiredLoading] = 
useState(false)
[39m
[31m+   const [helperSelectedPlayer, setHelperSelectedPlayer] = useState<{ 
name: string; position: string; team?: string | null } | null>(null)
[39m
[31m+ 
[39m
[31m+   const localPrefsKey = 
`${DRAFT_ROOM_LOCAL_PREFS_KEY_PREFIX}${leagueId}`
[39m
[31m+ 
[39m
[31m+   /** Draft room uses normalized pool from fetchDraftPool only; skip 
useLeagueSectionData to avoid duplicate /api/mock-draft/adp. */
[39m
[31m+   const draftData = null as { entries?: PlayerEntry[] } | null
[39m
[31m+   const poolLoading = loading && draftPool === null
[39m
[31m+   const effectiveDraftSport = draftPool?.sport ?? sport
[39m
[31m+ 
[39m
[31m+   const draftedNames = useMemo(
[39m
[31m+     () =>
[39m
[31m+       new Set(
[39m
[31m+         (session?.picks ?? [])
[39m
[31m+           .map((p) => normalizeDraftedPlayerName(p.playerName))
[39m
[31m+           .filter(Boolean),
[39m
[31m+       ),
[39m
[31m+     [session?.picks],
[39m
[31m+   )
[39m
[31m+   const draftedPlayerIds = useMemo(() => {
[39m
[31m+     const s = new Set<string>()
[39m
[31m+     for (const p of session?.picks ?? []) {
[39m
[31m+       if (p.playerId) s.add(String(p.playerId).trim())
[39m
[31m+     }
[39m
[31m+     return s
[39m
[31m+   }, [session?.picks])
[39m
[31m+   /** Single source for on-clock team, overall, and timer anchor ΓÇö 
derived only from `session`. */
[39m
[31m+   const draftCore = useMemo(
[39m
[31m+     () => (session ? buildDraftRoomCoreState(session) : null),
[39m
[31m+     [session],
[39m
[31m+   )
[39m
[31m+   /** On-clock pick ΓÇö uses resolver when session.currentPick is 
briefly null (poll/reconnect races). */
[39m
[31m+   const currentPick = useMemo(
[39m
[31m+     () => (session ? resolveEffectiveCurrentPick(session) : null),
[39m
[31m+     [session],
[39m
[31m+   )
[39m
[31m+   const tradeDraftStateFingerprint = useMemo(() => {
[39m
[31m+     if (!session) return ''
[39m
[31m+     const traded =
[39m
[31m+       Array.isArray(session.tradedPicks) && session.tradedPicks.length 
> 0 ? session.tradedPicks.length : 0
[39m
[31m+     const onClock =
[39m
[31m+       currentPick?.overall != null && 
Number.isFinite(currentPick.overall)
[39m
[31m+         ? `-o${currentPick.overall}`
[39m
[31m+         : ''
[39m
[31m+     return `${session.version}-${session.picks.length}-${traded}-${sessi
on.updatedAt}${onClock}`
[39m
[31m+   }, [session, currentPick])
[39m
[31m+   /** Fallback when Chimmy SSE has not emitted (no roster yet) or intel 
is idle ΓÇö drives RedraftPlanningRibbon. */
[39m
[31m+   const ribbonPicksUntilUser = useMemo(() => {
[39m
[31m+     if (draftIntel?.picksUntilUser != null) return 
draftIntel.picksUntilUser
[39m
[31m+     if (!session || (session.status !== 'in_progress' && session.status 
!== 'paused')) return null
[39m
[31m+     const rid = (session as DraftSessionSnapshot & { 
currentUserRosterId?: string }).currentUserRosterId
[39m
[31m+     return computePicksUntilViewerTurn(session as DraftSessionSnapshot, 
rid ?? null)
[39m
[31m+   }, [draftIntel?.picksUntilUser, session])
[39m
[31m+   const players: PlayerEntry[] = useMemo(() => {
[39m
[31m+     const rawEntries = Array.isArray(draftPool?.entries)
[39m
[31m+       ? draftPool.entries
[39m
[31m+       : Array.isArray((draftData as any)?.entries)
[39m
[31m+         ? (draftData as any).entries
[39m
[31m+         : []
[39m
[31m+     const useNormalizedPool = Array.isArray(draftPool?.entries) && 
draftPool.entries.length > 0
[39m
[31m+     return useNormalizedPool
[39m
[31m+       ? (rawEntries as NormalizedDraftEntry[]).map((e) =>
[39m
[31m+           mapNormalizedDraftEntryToPlayerEntry(e, {
[39m
[31m+             draftUISettings,
[39m
[31m+             useAllFantasyAdp,
[39m
[31m+             aiAdpLookupMaps,
[39m
[31m+             soccerLeagueAugment: null,
[39m
[31m+             includeUnifiedProduct: true,
[39m
[31m+             includeProviderFallbackDiagnostics: false,
[39m
[31m+           }),
[39m
[31m+         )
[39m
[31m+       : rawEntries.map((e: any) => {
[39m
[31m+           const name = e.name ?? e.playerName ?? ''
[39m
[31m+           const position = e.position ?? ''
[39m
[31m+           const team = e.team ?? null
[39m
[31m+           // D.5-proper ΓÇö see note above; flag bypasses legacy lookup.
[39m
[31m+           const ai = draftUISettings?.aiAdpEnabled && !useAllFantasyAdp
[39m
[31m+             ? lookupAiAdpMatch(aiAdpLookupMaps, name, position, team)
[39m
[31m+             : null
[39m
[31m+           const yeRaw = e.yearsExp ?? e.years_exp
[39m
[31m+           const yearsExp =
[39m
[31m+             yeRaw != null && Number.isFinite(Number(yeRaw)) ? 
Number(yeRaw) : null
[39m
[31m+           const isRookieComputed =
[39m
[31m+             e.isRookie === true ? true : yearsExp === 0 ? true : 
undefined
[39m
[31m+           return {
[39m
[31m+             id: e.id ?? e.playerId ?? name,
[39m
[31m+             name,
[39m
[31m+             position,
[39m
[31m+             team,
[39m
[31m+             adp: e.adp ?? e.rank ?? null,
[39m
[31m+             byeWeek: e.byeWeek ?? null,
[39m
[31m+             aiAdp: useAllFantasyAdp
[39m
[31m+               ? (e.aiAdp ?? null)
[39m
[31m+               : draftUISettings?.aiAdpEnabled && ai
[39m
[31m+                 ? ai.adp
[39m
[31m+                 : (e.aiAdp ?? null),
[39m
[31m+             aiAdpSampleSize: useAllFantasyAdp ? e.aiAdpSampleSize : 
ai?.sampleSize,
[39m
[31m+             aiAdpLowSample: useAllFantasyAdp ? e.aiAdpLowSample : 
ai?.lowSample,
[39m
[31m+             yearsExp,
[39m
[31m+             isRookie: isRookieComputed,
[39m
[31m+           }
[39m
[31m+         })
[39m
[31m+   }, [
[39m
[31m+     draftPool,
[39m
[31m+     draftData,
[39m
[31m+     aiAdpLookupMaps,
[39m
[31m+     draftUISettings?.aiAdpEnabled,
[39m
[31m+     useAllFantasyAdp,
[39m
[31m+   ])
[39m
[31m+ 
[39m
[31m+   const poolPlayerById = useMemo(() => {
[39m
[31m+     const m: Record<string, PlayerEntry> = {}
[39m
[31m+     for (const p of players) {
[39m
[31m+       const pid = String(p.playerId ?? p.display?.playerId ?? p.id ?? 
'').trim()
[39m
[31m+       if (pid) m[pid] = p
[39m
[31m+     }
[39m
[31m+     return m
[39m
[31m+   }, [players])
[39m
[31m+ 
[39m
[31m+   const playerAuditFingerprintRef = useRef('')
[39m
[31m+   useEffect(() => {
[39m
[31m+     if (process.env.NEXT_PUBLIC_DRAFT_PLAYER_AUDIT !== 'true') return
[39m
[31m+     if (players.length === 0) return
[39m
[31m+ 
[39m
[31m+     const diagnostics = buildDraftRoomClientDiagnostics(
[39m
[31m+       players.map((player) => ({
[39m
[31m+         id: player.playerId ?? player.id ?? null,
[39m
[31m+         name: player.name,
[39m
[31m+         position: player.position,
[39m
[31m+         team: player.team,
[39m
[31m+         imageUrl: player.display?.assets?.headshotUrl ?? null,
[39m
[31m+       })),
[39m
[31m+     )
[39m
[31m+ 
[39m
[31m+     if (!diagnostics.hasIssues) return
[39m
[31m+ 
[39m
[31m+     const fingerprint = JSON.stringify({
[39m
[31m+       totalPlayers: diagnostics.totalPlayers,
[39m
[31m+       duplicatePlayerIds: diagnostics.duplicatePlayerIds,
[39m
[31m+       duplicateNormalizedNames: diagnostics.duplicateNormalizedNames,
[39m
[31m+       missingImages: diagnostics.missingImages,
[39m
[31m+       malformedNameExamples: diagnostics.malformedNameExamples,
[39m
[31m+       missingTeamOrPosition: diagnostics.missingTeamOrPosition,
[39m
[31m+     })
[39m
[31m+     if (playerAuditFingerprintRef.current === fingerprint) return
[39m
[31m+ 
[39m
[31m+     playerAuditFingerprintRef.current = fingerprint
[39m
[31m+     console.warn('[draft-room/player-audit]', {
[39m
[31m+       leagueId,
[39m
[31m+       diagnostics,
[39m
[31m+     })
[39m
[31m+   }, [leagueId, players])
[39m
[31m+ 
[39m
[31m+   const commissionerPickEditorPlayers: 
CommissionerPickEditorPlayerOption[] = useMemo(() => {
[39m
[31m+     const filledPicks = (session?.picks ?? []).filter(
[39m
[31m+       (p) =>
[39m
[31m+         !isDraftPickRowEmptyFromSnapshot({
[39m
[31m+           playerName: p.playerName,
[39m
[31m+           position: p.position,
[39m
[31m+           pickMetadata: (p as { pickMetadata?: unknown }).pickMetadata,
[39m
[31m+           pickEditorEmpty: p.pickEditorEmpty,
[39m
[31m+         }),
[39m
[31m+     )
[39m
[31m+     const draftedNameSet = new Set(filledPicks.map((p) => 
p.playerName.trim().toLowerCase()).filter(Boolean))
[39m
[31m+     const draftedIdSet = new Set(
[39m
[31m+       filledPicks.map((p) => String(p.playerId ?? 
'').trim()).filter(Boolean),
[39m
[31m+     )
[39m
[31m+     return players
[39m
[31m+       .filter((p) => {
[39m
[31m+         if (!p.name || !p.position) return false
[39m
[31m+         const pid = String(p.playerId ?? p.id ?? '').trim()
[39m
[31m+         if (pid && draftedIdSet.has(pid)) return false
[39m
[31m+         return !draftedNameSet.has(p.name.trim().toLowerCase())
[39m
[31m+       })
[39m
[31m+       .slice(0, 500)
[39m
[31m+       .map((p) => ({
[39m
[31m+         id: p.playerId ?? p.id ?? p.name,
[39m
[31m+         name: p.name,
[39m
[31m+         position: p.position,
[39m
[31m+         team: p.team ?? null,
[39m
[31m+         byeWeek: p.byeWeek ?? null,
[39m
[31m+         imageUrl: p.display?.assets?.headshotUrl ?? null,
[39m
[31m+       }))
[39m
[31m+   }, [players, session?.picks])
[39m
[31m+ 
[39m
[31m+   useEffect(() => {
[39m
[31m+     roundOneSeenPickIdsRef.current.clear()
[39m
[31m+     roundOneBootstrapRef.current = false
[39m
[31m+     setRoundOneAnnouncementQueue([])
[39m
[31m+   }, [leagueId])
[39m
[31m+ 
[39m
[31m+   const dismissRoundOneAnnouncement = useCallback(() => {
[39m
[31m+     setRoundOneAnnouncementQueue((q) => q.slice(1))
[39m
[31m+   }, [])
[39m
[31m+ 
[39m
[31m+   useEffect(() => {
[39m
[31m+     if (!session?.picks || session.status !== 'in_progress') return
[39m
[31m+ 
[39m
[31m+     const picks = session.picks ?? []
[39m
[31m+     if (!roundOneBootstrapRef.current) {
[39m
[31m+       for (const p of picks) roundOneSeenPickIdsRef.current.add(p.id)
[39m
[31m+       roundOneBootstrapRef.current = true
[39m
[31m+       return
[39m
[31m+     }
[39m
[31m+ 
[39m
[31m+     const rsRoom = presentationVariant === 'redraft_snake' && !isDynasty
[39m
[31m+     const visualsOn = draftUISettings?.roundOnePickAnnouncementEnabled 
!== false
[39m
[31m+ 
[39m
[31m+     for (const p of picks) {
[39m
[31m+       if (roundOneSeenPickIdsRef.current.has(p.id)) continue
[39m
[31m+       roundOneSeenPickIdsRef.current.add(p.id)
[39m
[31m+       if (!rsRoom || !visualsOn || p.round !== 1) continue
[39m
[31m+ 
[39m
[31m+       const assets = resolvePickAnnouncementAssets(p, players)
[39m
[31m+       setRoundOneAnnouncementQueue((prev) =>
[39m
[31m+         [...prev, { id: p.id, pick: p, ...assets }].slice(-4),
[39m
[31m+       )
[39m
[31m+     }
[39m
[31m+   }, [
[39m
[31m+     session?.picks,
[39m
[31m+     session?.status,
[39m
[31m+     session?.version,
[39m
[31m+     players,
[39m
[31m+     presentationVariant,
[39m
[31m+     isDynasty,
[39m
[31m+     draftUISettings?.roundOnePickAnnouncementEnabled,
[39m
[31m+   ])
[39m
[31m+ 
[39m
[31m+   const assistantFeedByName = useMemo(
[39m
[31m+     () =>
[39m
[31m+       buildAssistantFeedByPlayerName(draftAssistantContext?.headlines 
?? [], draftAssistantContext?.injuries ?? []),
[39m
[31m+     [draftAssistantContext],
[39m
[31m+   )
[39m
[31m+ 
[39m
[31m+   const assistantFeedBriefForRecommend = useMemo(() => {
[39m
[31m+     const ctx = draftAssistantContext
[39m
[31m+     if (!ctx) return ''
[39m
[31m+     const chunks: string[] = []
[39m
[31m+     for (const h of ctx.headlines.slice(0, 5)) {
[39m
[31m+       const t = typeof h.title === 'string' ? h.title.trim() : ''
[39m
[31m+       if (!t) continue
[39m
[31m+       chunks.push(h.playerName ? `${h.playerName}: ${t}` : t)
[39m
[31m+     }
[39m
[31m+     for (const inj of ctx.injuries.slice(0, 5)) {
[39m
[31m+       const bits = [inj.playerName, inj.team, inj.status, 
inj.note].filter(
[39m
[31m+         (x): x is string => typeof x === 'string' && x.trim().length > 
0,
[39m
[31m+       )
[39m
[31m+       if (bits.length) chunks.push(bits.join(' '))
[39m
[31m+     }
[39m
[31m+     const digest = ctx.sportsFeed?.digest?.trim()
[39m
[31m+     if (digest) chunks.push(digest)
[39m
[31m+     return chunks.join(' | ').slice(0, 600)
[39m
[31m+   }, [draftAssistantContext])
[39m
[31m+ 
[39m
[31m+   const resolvePlayerFromPool = useCallback(
[39m
[31m+     (name: string, position: string) =>
[39m
[31m+       players.find(
[39m
[31m+         (p) =>
[39m
[31m+           p.name.trim().toLowerCase() === name.trim().toLowerCase() &&
[39m
[31m+           p.position.trim().toLowerCase() === 
position.trim().toLowerCase(),
[39m
[31m+       ) ?? null,
[39m
[31m+     [players],
[39m
[31m+   )
[39m
[31m+ 
[39m
[31m+   /** AI layers must never surface players who are already drafted or 
missing from the live pool. */
[39m
[31m+   const isAiRecommendationPlayerAvailable = useCallback(
[39m
[31m+     (name: string, position: string): boolean => {
[39m
[31m+       const resolved = resolvePlayerFromPool(name, position)
[39m
[31m+       if (!resolved) return false
[39m
[31m+       if (
[39m
[31m+         !isPickCommitAllowedByName({
[39m
[31m+           canDraft: true,
[39m
[31m+           playerName: resolved.name,
[39m
[31m+           draftedNames,
[39m
[31m+         })
[39m
[31m+       ) {
[39m
[31m+         return false
[39m
[31m+       }
[39m
[31m+       const pidRaw = resolved.display?.playerId ?? resolved.id ?? null
[39m
[31m+       const pid =
[39m
[31m+         pidRaw != null &&
[39m
[31m+         String(pidRaw).trim() !== '' &&
[39m
[31m+         !String(pidRaw).startsWith('name:')
[39m
[31m+           ? String(pidRaw).trim()
[39m
[31m+           : null
[39m
[31m+       if (
[39m
[31m+         pid &&
[39m
[31m+         !isPickCommitAllowed({
[39m
[31m+           canDraft: true,
[39m
[31m+           playerId: pid,
[39m
[31m+           draftedPlayerIds,
[39m
[31m+         })
[39m
[31m+       ) {
[39m
[31m+         return false
[39m
[31m+       }
[39m
[31m+       return true
[39m
[31m+     },
[39m
[31m+     [resolvePlayerFromPool, draftedNames, draftedPlayerIds],
[39m
[31m+   )
[39m
[31m+ 
[39m
[31m+   const getAssistantRoomContext = useCallback(
[39m
[31m+     (player: PlayerEntry): DraftAssistantRoomContext | null => {
[39m
[31m+       const snap = getAssistantFeedForPlayer(assistantFeedByName, 
player.name)
[39m
[31m+       const digestRaw = 
draftAssistantContext?.sportsFeed?.digest?.trim()
[39m
[31m+       const digestPreview =
[39m
[31m+         digestRaw && digestRaw.length > 280 ? `${digestRaw.slice(0, 
277)}ΓÇª` : digestRaw ?? null
[39m
[31m+       const headline = snap?.headlineTitle?.trim() || null
[39m
[31m+       const injuryLine =
[39m
[31m+         snap?.injuryStatus || snap?.injuryNote
[39m
[31m+           ? [snap.injuryStatus, snap.injuryNote].filter(Boolean).join(' 
┬╖ ')
[39m
[31m+           : null
[39m
[31m+       if (!headline && !injuryLine && !digestPreview) return null
[39m
[31m+       return { headline, injuryLine, digestPreview }
[39m
[31m+     },
[39m
[31m+     [assistantFeedByName, draftAssistantContext?.sportsFeed?.digest],
[39m
[31m+   )
[39m
[31m+ 
[39m
[31m+   const currentUserRosterId = (session as any)?.currentUserRosterId as 
string | undefined
[39m
[31m+   const rosterConfigBlocked = 
Boolean(session?.rosterConfigurationIncomplete)
[39m
[31m+ 
[39m
[31m+   const commissionerOfflinePick = 
Boolean(draftUISettings?.executionMode === 'offline' && isCommissioner)
[39m
[31m+   const overnightBlocksUserPicks = Boolean(
[39m
[31m+     session?.status === 'in_progress' &&
[39m
[31m+       session.timer?.pauseReason === 'overnight_window' &&
[39m
[31m+       draftUISettings?.allowPicksDuringOvernightPause !== true,
[39m
[31m+   )
[39m
[31m+   const pickActionState = useMemo(
[39m
[31m+     () =>
[39m
[31m+       getDraftPickActionState({
[39m
[31m+         session,
[39m
[31m+         draftCore,
[39m
[31m+         currentPick,
[39m
[31m+         currentUserRosterId,
[39m
[31m+         overnightBlocksUserPicks,
[39m
[31m+         pickSubmitting,
[39m
[31m+         commissionerOfflinePick,
[39m
[31m+       }),
[39m
[31m+     [
[39m
[31m+       session,
[39m
[31m+       draftCore,
[39m
[31m+       currentPick,
[39m
[31m+       currentUserRosterId,
[39m
[31m+       overnightBlocksUserPicks,
[39m
[31m+       pickSubmitting,
[39m
[31m+       commissionerOfflinePick,
[39m
[31m+     ],
[39m
[31m+   )
[39m
[31m+   const isCurrentUserOnClock = pickActionState.viewerOnClock
[39m
[31m+   const snakeCanDraftRaw = pickActionState.snakeCanDraftRaw
[39m
[31m+ 
[39m
[31m+   const isAuctionDraft = session?.draftType === 'auction'
[39m
[31m+   const auctionNom = session?.auction
[39m
[31m+   const auctionNominator = 
auctionNom?.nominationOrder?.[auctionNom?.auctionState?.nominationOrderIndex 
?? 0]
[39m
[31m+   const isMyTurnToNominateDraft = Boolean(
[39m
[31m+     isAuctionDraft && currentUserRosterId != null && 
auctionNominator?.rosterId === currentUserRosterId,
[39m
[31m+   )
[39m
[31m+   const auctionCanBidRaw = Boolean(
[39m
[31m+     isAuctionDraft &&
[39m
[31m+       session?.status === 'in_progress' &&
[39m
[31m+       Boolean(currentUserRosterId) &&
[39m
[31m+       auctionNom?.auctionState?.currentNomination != null,
[39m
[31m+   )
[39m
[31m+ 
[39m
[31m+   const draftRoomState = useMemo(
[39m
[31m+     () =>
[39m
[31m+       buildDraftRoomPageDerivedState({
[39m
[31m+         session,
[39m
[31m+         draftCore,
[39m
[31m+         currentPick,
[39m
[31m+         players,
[39m
[31m+         draftedNames,
[39m
[31m+         draftedPlayerIds,
[39m
[31m+         isCommissioner,
[39m
[31m+         rosterConfigurationIncomplete: rosterConfigBlocked,
[39m
[31m+         rosterConfigurationMessage: session?.rosterConfigurationMessage 
?? null,
[39m
[31m+         snakeCanDraft: snakeCanDraftRaw,
[39m
[31m+         auctionCanNominate: isMyTurnToNominateDraft,
[39m
[31m+         auctionCanBid: auctionCanBidRaw,
[39m
[31m+       }),
[39m
[31m+     [
[39m
[31m+       session,
[39m
[31m+       draftCore,
[39m
[31m+       currentPick,
[39m
[31m+       players,
[39m
[31m+       draftedNames,
[39m
[31m+       draftedPlayerIds,
[39m
[31m+       isCommissioner,
[39m
[31m+       rosterConfigBlocked,
[39m
[31m+       session?.rosterConfigurationMessage,
[39m
[31m+       snakeCanDraftRaw,
[39m
[31m+       isMyTurnToNominateDraft,
[39m
[31m+       auctionCanBidRaw,
[39m
[31m+     ],
[39m
[31m+   )
[39m
[31m+ 
[39m
[31m+   const canDraft = draftRoomState.canDraft
[39m
[31m+ 
[39m
[31m+   useEffect(() => {
[39m
[31m+     if (process.env.NODE_ENV === 'production') return
[39m
[31m+     if (!session || !currentPick) return
[39m
[31m+     const clockRid = normalizeDraftRosterId(currentPick.rosterId)
[39m
[31m+     const viewerRid = normalizeDraftRosterId(currentUserRosterId)
[39m
[31m+     const rosterIdsAlign = clockRid.length > 0 && viewerRid.length > 0 
&& clockRid === viewerRid
[39m
[31m+     if (!rosterIdsAlign || session.status !== 'in_progress') return
[39m
[31m+     if (rosterConfigBlocked) return
[39m
[31m+     if (pickActionState.canPick && canDraft) return
[39m
[31m+     console.warn('[draft-room] pick eligibility diagnostic (dev)', {
[39m
[31m+       topBarOnClockRosterId: pickActionState.topBarOnClockRosterId,
[39m
[31m+       viewerRosterId: pickActionState.viewerRosterId,
[39m
[31m+       rawViewerRosterId: currentUserRosterId ?? null,
[39m
[31m+       viewerOnClock: pickActionState.viewerOnClock,
[39m
[31m+       denialReason: pickActionState.denialReason,
[39m
[31m+       canDraft,
[39m
[31m+       currentOverall: pickActionState.currentOverall,
[39m
[31m+       draftCoreCurrentTeam: draftCore?.currentTeamId ?? null,
[39m
[31m+       draftCoreCurrentOverall: draftCore?.currentOverall ?? null,
[39m
[31m+       pickSubmitting,
[39m
[31m+       overnightBlocksUserPicks,
[39m
[31m+       sessionStatus: session.status,
[39m
[31m+       timerStatus: session.timer?.status,
[39m
[31m+       timerPauseReason: session.timer?.pauseReason ?? null,
[39m
[31m+       commissionerOfflinePick,
[39m
[31m+     })
[39m
[31m+   }, [
[39m
[31m+     session,
[39m
[31m+     currentPick,
[39m
[31m+     currentUserRosterId,
[39m
[31m+     pickActionState,
[39m
[31m+     canDraft,
[39m
[31m+     draftCore?.currentTeamId,
[39m
[31m+     draftCore?.currentOverall,
[39m
[31m+     pickSubmitting,
[39m
[31m+     overnightBlocksUserPicks,
[39m
[31m+     rosterConfigBlocked,
[39m
[31m+     commissionerOfflinePick,
[39m
[31m+   ])
[39m
[31m+ 
[39m
[31m+   useEffect(() => {
[39m
[31m+     if (!session) return
[39m
[31m+     draftRoomPickTrace({
[39m
[31m+       event: 'draft-gate',
[39m
[31m+       sessionStatus: session.status,
[39m
[31m+       sessionCurrentPickOverall: session.currentPick?.overall ?? null,
[39m
[31m+       effectivePickOverall: currentPick?.overall ?? null,
[39m
[31m+       draftStarted: draftCore?.draftStarted,
[39m
[31m+       currentOverall: draftCore?.currentOverall,
[39m
[31m+       currentUserRosterId,
[39m
[31m+       currentTeamId: draftCore?.currentTeamId,
[39m
[31m+       slotOrderLen: session.slotOrder?.length ?? 0,
[39m
[31m+       rounds: session.rounds,
[39m
[31m+       teamCount: session.teamCount,
[39m
[31m+       isCurrentUserOnClock,
[39m
[31m+       canDraft,
[39m
[31m+       pickSubmitting,
[39m
[31m+       timerMode: draftRoomState.timerMode,
[39m
[31m+       timerStatus: session.timer?.status,
[39m
[31m+       timerEndAt: session.timer?.timerEndAt ?? session.timerEndAt ?? 
null,
[39m
[31m+       sessionVersion: session.version,
[39m
[31m+       updatedAt: session.updatedAt,
[39m
[31m+     })
[39m
[31m+   }, [
[39m
[31m+     session,
[39m
[31m+     currentPick?.overall,
[39m
[31m+     draftCore?.draftStarted,
[39m
[31m+     draftCore?.currentOverall,
[39m
[31m+     draftCore?.currentTeamId,
[39m
[31m+     currentUserRosterId,
[39m
[31m+     isCurrentUserOnClock,
[39m
[31m+     canDraft,
[39m
[31m+     draftRoomState.timerMode,
[39m
[31m+     pickSubmitting,
[39m
[31m+   ])
[39m
[31m+ 
[39m
[31m+   const fetchDraftPool = useCallback(async () => {
[39m
[31m+     if (!leagueId) return
[39m
[31m+     const endpoint = 
`/api/leagues/${encodeURIComponent(leagueId)}/draft/pool`
[39m
[31m+     const startedAt = typeof performance !== 'undefined' ? 
performance.now() : Date.now()
[39m
[31m+     try {
[39m
[31m+       const res = await fetch(endpoint, { cache: 'no-store' })
[39m
[31m+       const elapsedMs = Math.round((typeof performance !== 'undefined' 
? performance.now() : Date.now()) - startedAt)
[39m
[31m+       const data = await res.json().catch(() => ({}))
[39m
[31m+       if (process.env.NODE_ENV !== 'production') {
[39m
[31m+         const rowCount = Array.isArray(data?.entries) ? 
data.entries.length : 0
[39m
[31m+         const source = typeof data?.meta?.source === 'string' ? 
data.meta.source : null
[39m
[31m+         console.info('[draft-room] draft pool loaded', {
[39m
[31m+           endpoint,
[39m
[31m+           leagueId,
[39m
[31m+           rowCount,
[39m
[31m+           elapsedMs,
[39m
[31m+           source,
[39m
[31m+           cacheHit: source === 'db-cache',
[39m
[31m+         })
[39m
[31m+       }
[39m
[31m+       if (res.ok && Array.isArray(data.entries)) {
[39m
[31m+         const poolPayload = data as {
[39m
[31m+           entries: NormalizedDraftEntry[]
[39m
[31m+           sport?: string
[39m
[31m+           devyConfig?: { enabled: boolean; devyRounds: number[] }
[39m
[31m+           c2cConfig?: { enabled: boolean; collegeRounds: number[] }
[39m
[31m+           isIdp?: boolean
[39m
[31m+           normalizedPlayerDataDiagnostics?: import('@/lib/player-data/pr
oviderFallbackDiagnostics').ProviderFallbackDiagnostics[]
[39m
[31m+         }
[39m
[31m+         const { normalizedPlayerDataDiagnostics, ...rest } = poolPayload
[39m
[31m+         logNormalizedPlayerDataDiagnostics('draft-room', 
normalizedPlayerDataDiagnostics, {
[39m
[31m+           limit: 10,
[39m
[31m+           enabled: process.env.NODE_ENV !== 'production',
[39m
[31m+         })
[39m
[31m+         setDraftPool({
[39m
[31m+           entries: rest.entries,
[39m
[31m+           sport: rest.sport ?? sport,
[39m
[31m+           devyConfig: rest.devyConfig,
[39m
[31m+           c2cConfig: rest.c2cConfig,
[39m
[31m+           isIdp: rest.isIdp,
[39m
[31m+         })
[39m
[31m+       } else {
[39m
[31m+         setDraftPool(null)
[39m
[31m+       }
[39m
[31m+     } catch {
[39m
[31m+       if (process.env.NODE_ENV !== 'production') {
[39m
[31m+         const elapsedMs = Math.round((typeof performance !== 
'undefined' ? performance.now() : Date.now()) - startedAt)
[39m
[31m+         console.warn('[draft-room] draft pool load failed', {
[39m
[31m+           endpoint,
[39m
[31m+           leagueId,
[39m
[31m+           elapsedMs,
[39m
[31m+         })
[39m
[31m+       }
[39m
[31m+       setDraftPool(null)
[39m
[31m+     }
[39m
[31m+   }, [leagueId, sport])
[39m
[31m+ 
[39m
[31m+   const fetchRosterConfig = useCallback(async () => {
[39m
[31m+     if (!leagueId) return
[39m
[31m+     try {
[39m
[31m+       const res = await 
fetch(`/api/leagues/${encodeURIComponent(leagueId)}/roster-config`, {
[39m
[31m+         cache: 'no-store',
[39m
[31m+       })
[39m
[31m+       if (!res.ok) return
[39m
[31m+       const data = await res.json().catch(() => null)
[39m
[31m+       if (!data || typeof data !== 'object') return
[39m
[31m+       const starterSlots =
[39m
[31m+         data.starterSlots && typeof data.starterSlots === 'object'
[39m
[31m+           ? (data.starterSlots as Record<string, number>)
[39m
[31m+           : {}
[39m
[31m+       const ordered =
[39m
[31m+         Array.isArray(data.orderedSlotLabels) &&
[39m
[31m+         data.orderedSlotLabels.every((x: unknown) => typeof x === 
'string')
[39m
[31m+           ? (data.orderedSlotLabels as string[])
[39m
[31m+           : undefined
[39m
[31m+       setRosterConfig({
[39m
[31m+         starterSlots,
[39m
[31m+         benchSlots: typeof data.benchSlots === 'number' ? 
data.benchSlots : 0,
[39m
[31m+         taxiSlots: typeof data.taxiSlots === 'number' ? data.taxiSlots 
: 0,
[39m
[31m+         devySlots: typeof data.devySlots === 'number' ? data.devySlots 
: 0,
[39m
[31m+         ...(ordered && ordered.length > 0 ? { orderedSlotLabels: 
ordered } : {}),
[39m
[31m+       })
[39m
[31m+     } catch {
[39m
[31m+       /* keep null ΓåÆ strip falls back */
[39m
[31m+     }
[39m
[31m+   }, [leagueId])
[39m
[31m+ 
[39m
[31m+   useEffect(() => {
[39m
[31m+     void fetchRosterConfig()
[39m
[31m+   }, [fetchRosterConfig])
[39m
[31m+ 
[39m
[31m+   const [idpRosterSummary, setIdpRosterSummary] = useState<{ 
starterSlots: Record<string, number>; benchSlots: number } | null>(null)
[39m
[31m+   const [idpScoringPreset, setIdpScoringPreset] = 
useState<string>('balanced')
[39m
[31m+   const [idpPositionMode, setIdpPositionMode] = 
useState<string>('standard')
[39m
[31m+   const effectiveRosterSlots = useMemo(() => {
[39m
[31m+     if (formatType === 'IDP' && idpRosterSummary) {
[39m
[31m+       const slots: string[] = []
[39m
[31m+       for (const [slotName, count] of 
Object.entries(idpRosterSummary.starterSlots)) {
[39m
[31m+         for (let i = 0; i < count; i += 1) slots.push(slotName)
[39m
[31m+       }
[39m
[31m+       for (let i = 0; i < (idpRosterSummary.benchSlots ?? 0); i += 1) {
[39m
[31m+         slots.push('BENCH')
[39m
[31m+       }
[39m
[31m+       return slots
[39m
[31m+     }
[39m
[31m+ 
[39m
[31m+     const labels = rosterConfig?.orderedSlotLabels
[39m
[31m+     if (Array.isArray(labels) && labels.length > 0) return labels
[39m
[31m+ 
[39m
[31m+     /** Last resort when `/roster-config` failed ΓÇö matches 
`getRosterSlotLabelsForLeagueDraft` server fallback (sport defaults). */
[39m
[31m+     return getDefaultRosterSlotsForSport(effectiveDraftSport)
[39m
[31m+   }, [effectiveDraftSport, formatType, idpRosterSummary, 
rosterConfig?.orderedSlotLabels])
[39m
[31m+   const isSuperflexFormat = useMemo(() => {
[39m
[31m+     const normalizedSlots = effectiveRosterSlots.map((slot) => 
String(slot || '').toUpperCase())
[39m
[31m+     return (
[39m
[31m+       normalizedSlots.includes('SUPER_FLEX') ||
[39m
[31m+       normalizedSlots.includes('SUPERFLEX') ||
[39m
[31m+       normalizedSlots.includes('OP') ||
[39m
[31m+       normalizedSlots.filter((slot) => slot === 'QB').length >= 2
[39m
[31m+     )
[39m
[31m+   }, [effectiveRosterSlots])
[39m
[31m+ 
[39m
[31m+   const warRoomBrainInput = useMemo(() => {
[39m
[31m+     if (!session) return null
[39m
[31m+     const aiAdpByKey =
[39m
[31m+       draftUISettings?.aiAdpEnabled && leagueAiAdp?.entries?.length
[39m
[31m+         ? expandAiAdpKeysForLookup(leagueAiAdp.entries)
[39m
[31m+         : {}
[39m
[31m+     return buildLiveDraftBrainPayload({
[39m
[31m+       session,
[39m
[31m+       effectiveDraftSport,
[39m
[31m+       isDynasty,
[39m
[31m+       formatType,
[39m
[31m+       isIdpLeague: Boolean(draftPool?.isIdp),
[39m
[31m+       isSuperflexFormat,
[39m
[31m+       isTePremium: effectiveRosterSlots.some((s) => 
/TE\+|PREM|PREMIUM|TE\s*PREM/i.test(String(s))),
[39m
[31m+       leagueSiteDraftCount: leagueAiAdp?.totalDrafts,
[39m
[31m+       currentUserRosterId,
[39m
[31m+       players,
[39m
[31m+       draftedNames,
[39m
[31m+       effectiveRosterSlots,
[39m
[31m+       aiAdpByKey: Object.keys(aiAdpByKey).length ? aiAdpByKey : 
undefined,
[39m
[31m+     })
[39m
[31m+   }, [
[39m
[31m+     session,
[39m
[31m+     effectiveDraftSport,
[39m
[31m+     isDynasty,
[39m
[31m+     formatType,
[39m
[31m+     draftPool?.isIdp,
[39m
[31m+     isSuperflexFormat,
[39m
[31m+     effectiveRosterSlots,
[39m
[31m+     leagueAiAdp?.entries,
[39m
[31m+     leagueAiAdp?.totalDrafts,
[39m
[31m+     draftUISettings?.aiAdpEnabled,
[39m
[31m+     currentUserRosterId,
[39m
[31m+     players,
[39m
[31m+     draftedNames,
[39m
[31m+   ])
[39m
[31m+ 
[39m
[31m+   const fetchDraftSettings = useCallback(async () => {
[39m
[31m+     try {
[39m
[31m+       const res = await 
fetch(`/api/leagues/${encodeURIComponent(leagueId)}/draft/settings`, { cache: 
'no-store' })
[39m
[31m+       const data = await res.json().catch(() => ({}))
[39m
[31m+       if (res.ok) {
[39m
[31m+         // Don't clobber an optimistic toggle while a PATCH is still in 
flight.
[39m
[31m+         if (data.draftUISettings && controlActionInflightRef.current 
=== 0) setDraftUISettings(data.draftUISettings)
[39m
[31m+         if (typeof data.orphanAiProviderAvailable === 'boolean') {
[39m
[31m+           
setOrphanAiProviderAvailableState(data.orphanAiProviderAvailable)
[39m
[31m+         }
[39m
[31m+         setSkipPickAllowed(String(data?.config?.autopick_behavior ?? 
'').toLowerCase() === 'skip')
[39m
[31m+         if (data.orphanStatus && typeof data.orphanStatus === 'object') 
{
[39m
[31m+           setOrphanAiStatus(data.orphanStatus)
[39m
[31m+         } else {
[39m
[31m+           setOrphanAiStatus(null)
[39m
[31m+         }
[39m
[31m+         if (data.commissionerAiDraft && typeof data.commissionerAiDraft 
=== 'object') {
[39m
[31m+           setCommissionerAiDraft(data.commissionerAiDraft)
[39m
[31m+         } else {
[39m
[31m+           setCommissionerAiDraft(null)
[39m
[31m+         }
[39m
[31m+         // Phase 3b ΓÇö perf: ai-opponents/summary takes ~70s on cold 
load
[39m
[31m+         // (calls AI provider). DON'T await it ΓÇö fire-and-forget and 
let the
[39m
[31m+         // panel re-render when it lands. Initialize to empty so 
consumers
[39m
[31m+         // don't see undefined.
[39m
[31m+         setAiOpponentRosterIds([])
[39m
[31m+         setAiArchetypeByRoster({})
[39m
[31m+         void (async () => {
[39m
[31m+           try {
[39m
[31m+             const aiSum = await fetch(`/api/league/ai-opponents/summary?
leagueId=${encodeURIComponent(leagueId)}`, {
[39m
[31m+               cache: 'no-store',
[39m
[31m+               credentials: 'include',
[39m
[31m+             })
[39m
[31m+             const sumJson = await aiSum.json().catch(() => ({}))
[39m
[31m+             if (aiSum.ok && 
Array.isArray(sumJson.aiManagedDraftRosterIds)) {
[39m
[31m+               
setAiOpponentRosterIds(sumJson.aiManagedDraftRosterIds.filter((x: unknown) => 
typeof x === 'string'))
[39m
[31m+             }
[39m
[31m+             const arch: Record<string, string> = {}
[39m
[31m+             if (aiSum.ok && Array.isArray(sumJson.assignments)) {
[39m
[31m+               for (const a of sumJson.assignments as { draftRosterId?: 
string | null; archetypeLabel?: string | null }[]) {
[39m
[31m+                 if (a.draftRosterId && typeof a.archetypeLabel === 
'string' && a.archetypeLabel.trim()) {
[39m
[31m+                   arch[a.draftRosterId] = a.archetypeLabel.trim()
[39m
[31m+                 }
[39m
[31m+               }
[39m
[31m+               setAiArchetypeByRoster(arch)
[39m
[31m+             }
[39m
[31m+           } catch {
[39m
[31m+             /* keep empty defaults ΓÇö no panic on AI failure */
[39m
[31m+           }
[39m
[31m+         })()
[39m
[31m+         setDraftQueueSizeLimit(normalizeDraftQueueSizeLimit(data?.config
?.queue_size_limit))
[39m
[31m+         setIdpRosterSummary(data.idpRosterSummary ?? null)
[39m
[31m+       }
[39m
[31m+     } catch {
[39m
[31m+       setDraftUISettings(null)
[39m
[31m+       setSkipPickAllowed(false)
[39m
[31m+       setOrphanAiStatus(null)
[39m
[31m+       setCommissionerAiDraft(null)
[39m
[31m+       setAiOpponentRosterIds([])
[39m
[31m+       setAiArchetypeByRoster({})
[39m
[31m+       setDraftQueueSizeLimit(normalizeDraftQueueSizeLimit(null))
[39m
[31m+       setIdpRosterSummary(null)
[39m
[31m+     }
[39m
[31m+   }, [leagueId])
[39m
[31m+ 
[39m
[31m+   const fetchDraftAssistantContext = useCallback(async () => {
[39m
[31m+     if (!leagueId) return
[39m
[31m+     try {
[39m
[31m+       const res = await 
fetch(`/api/leagues/${encodeURIComponent(leagueId)}/draft/assistant-context`, {
[39m
[31m+         cache: 'no-store',
[39m
[31m+       })
[39m
[31m+       const data = await res.json().catch(() => ({}))
[39m
[31m+       if (res.ok) {
[39m
[31m+         setDraftAssistantContext({
[39m
[31m+           sport: typeof data.sport === 'string' ? data.sport : sport,
[39m
[31m+           headlines: Array.isArray(data.headlines) ? data.headlines : 
[],
[39m
[31m+           injuries: Array.isArray(data.injuries) ? data.injuries : [],
[39m
[31m+           sportsFeed: data.sportsFeed && typeof data.sportsFeed === 
'object'
[39m
[31m+             ? {
[39m
[31m+                 available: Boolean(data.sportsFeed.available),
[39m
[31m+                 updatedAt: typeof data.sportsFeed.updatedAt === 
'string' ? data.sportsFeed.updatedAt : null,
[39m
[31m+                 sourceKeys: Array.isArray(data.sportsFeed.sourceKeys)
[39m
[31m+                   ? data.sportsFeed.sourceKeys.filter((value: unknown): 
value is string => typeof value === 'string')
[39m
[31m+                   : [],
[39m
[31m+                 digest: typeof data.sportsFeed.digest === 'string' ? 
data.sportsFeed.digest : null,
[39m
[31m+               }
[39m
[31m+             : {
[39m
[31m+                 available: false,
[39m
[31m+                 updatedAt: null,
[39m
[31m+                 sourceKeys: [],
[39m
[31m+                 digest: null,
[39m
[31m+               },
[39m
[31m+         })
[39m
[31m+       }
[39m
[31m+     } catch {
[39m
[31m+       setDraftAssistantContext(null)
[39m
[31m+     }
[39m
[31m+   }, [leagueId, sport])
[39m
[31m+ 
[39m
[31m+   const fetchDraftChromeData = useCallback(async () => {
[39m
[31m+     try {
[39m
[31m+       const [settingsRes, privacyRes] = await Promise.all([
[39m
[31m+         
fetch(`/api/league/settings?leagueId=${encodeURIComponent(leagueId)}`, { 
cache: 'no-store' }),
[39m
[31m+         fetch(`/api/leagues/${encodeURIComponent(leagueId)}/privacy`, { 
cache: 'no-store' }),
[39m
[31m+       ])
[39m
[31m+ 
[39m
[31m+       const settingsJson = await settingsRes.json().catch(() => ({}))
[39m
[31m+       const privacyJson = await privacyRes.json().catch(() => ({}))
[39m
[31m+ 
[39m
[31m+       if (settingsRes.ok && Array.isArray(settingsJson?.league?.teams)) 
{
[39m
[31m+         setLeagueTeams(settingsJson.league.teams as 
DraftRoomChromeTeam[])
[39m
[31m+       } else {
[39m
[31m+         setLeagueTeams([])
[39m
[31m+       }
[39m
[31m+ 
[39m
[31m+       if (privacyRes.ok) {
[39m
[31m+         setInviteLink(resolveInviteLink(privacyJson))
[39m
[31m+       } else {
[39m
[31m+         setInviteLink(null)
[39m
[31m+       }
[39m
[31m+     } catch {
[39m
[31m+       setLeagueTeams([])
[39m
[31m+       setInviteLink(null)
[39m
[31m+     }
[39m
[31m+   }, [leagueId])
[39m
[31m+ 
[39m
[31m+   const fetchClaimableRosters = useCallback(async () => {
[39m
[31m+     if (!leagueId) return
[39m
[31m+     try {
[39m
[31m+       const res = await 
fetch(`/api/leagues/${encodeURIComponent(leagueId)}/claim-roster`, { cache: 
'no-store' })
[39m
[31m+       const data = await res.json().catch(() => ({}))
[39m
[31m+       if (!res.ok || data.alreadyClaimed) {
[39m
[31m+         setClaimableRosterIds([])
[39m
[31m+         return
[39m
[31m+       }
[39m
[31m+       const rows = Array.isArray(data.rosters) ? data.rosters : []
[39m
[31m+       setClaimableRosterIds(
[39m
[31m+         rows
[39m
[31m+           .map((r: { rosterId?: string }) => (typeof r?.rosterId === 
'string' ? r.rosterId : ''))
[39m
[31m+           .filter(Boolean),
[39m
[31m+       )
[39m
[31m+     } catch {
[39m
[31m+       setClaimableRosterIds([])
[39m
[31m+     }
[39m
[31m+   }, [leagueId])
[39m
[31m+ 
[39m
[31m+   useEffect(() => {
[39m
[31m+     if (!session?.id) return
[39m
[31m+     if (currentUserRosterId) {
[39m
[31m+       setClaimableRosterIds([])
[39m
[31m+       return
[39m
[31m+     }
[39m
[31m+     void fetchClaimableRosters()
[39m
[31m+   }, [session?.id, currentUserRosterId, fetchClaimableRosters])
[39m
[31m+ 
[39m
[31m+   useEffect(() => {
[39m
[31m+     if (typeof window === 'undefined' || !leagueId) return
[39m
[31m+     try {
[39m
[31m+       const raw = window.localStorage.getItem(localPrefsKey)
[39m
[31m+       if (!raw) return
[39m
[31m+       const parsed = JSON.parse(raw) as {
[39m
[31m+         autoPickFromQueue?: boolean
[39m
[31m+         awayMode?: boolean
[39m
[31m+         aiQueueReorderEnabled?: boolean
[39m
[31m+         draftAiExplanationEnabled?: boolean
[39m
[31m+       }
[39m
[31m+       if (typeof parsed.autoPickFromQueue === 'boolean') 
setAutoPickFromQueue(parsed.autoPickFromQueue)
[39m
[31m+       if (typeof parsed.awayMode === 'boolean') 
setAwayMode(parsed.awayMode)
[39m
[31m+       if (typeof parsed.aiQueueReorderEnabled === 'boolean') {
[39m
[31m+         setAiQueueReorderEnabled(parsed.aiQueueReorderEnabled)
[39m
[31m+       }
[39m
[31m+       if (typeof parsed.draftAiExplanationEnabled === 'boolean') {
[39m
[31m+         setDraftAiExplanationEnabled(parsed.draftAiExplanationEnabled)
[39m
[31m+       }
[39m
[31m+     } catch {
[39m
[31m+       // Ignore malformed local preferences.
[39m
[31m+     }
[39m
[31m+   }, [leagueId, localPrefsKey])
[39m
[31m+ 
[39m
[31m+   useEffect(() => {
[39m
[31m+     if (typeof window === 'undefined' || !leagueId) return
[39m
[31m+     try {
[39m
[31m+       window.localStorage.setItem(
[39m
[31m+         localPrefsKey,
[39m
[31m+         JSON.stringify({ autoPickFromQueue, awayMode, 
aiQueueReorderEnabled, draftAiExplanationEnabled })
[39m
[31m+       )
[39m
[31m+     } catch {
[39m
[31m+       // Ignore storage failures.
[39m
[31m+     }
[39m
[31m+   }, [leagueId, localPrefsKey, autoPickFromQueue, awayMode, 
aiQueueReorderEnabled, draftAiExplanationEnabled])
[39m
[31m+ 
[39m
[31m+   const fetchLeagueAiAdp = useCallback(async () => {
[39m
[31m+     if (!draftUISettings?.aiAdpEnabled) {
[39m
[31m+       setLeagueAiAdp(null)
[39m
[31m+       return
[39m
[31m+     }
[39m
[31m+     try {
[39m
[31m+       // D.5-proper ΓÇö when the feature flag is on, hit the AllFantasy 
snapshot path.
[39m
[31m+       // When off, keep the legacy URL so existing production traffic 
is unchanged.
[39m
[31m+       const url = useAllFantasyAdp
[39m
[31m+         ? buildAllFantasyAdpUrl(leagueId, { draftMode: 
allFantasyAdpDraftMode })
[39m
[31m+         : `/api/leagues/${encodeURIComponent(leagueId)}/ai-adp`
[39m
[31m+       const res = await fetch(url, { cache: 'no-store' })
[39m
[31m+       const data = await res.json().catch(() => ({}))
[39m
[31m+       if (res.ok) {
[39m
[31m+         setLeagueAiAdp({
[39m
[31m+           enabled: data.enabled ?? false,
[39m
[31m+           entries: Array.isArray(data.entries) ? data.entries : [],
[39m
[31m+           totalDrafts: data.totalDrafts ?? 0,
[39m
[31m+           computedAt: data.computedAt ?? null,
[39m
[31m+           stale: data.stale ?? false,
[39m
[31m+           ageHours: data.ageHours ?? null,
[39m
[31m+           message: data.message ?? null,
[39m
[31m+         })
[39m
[31m+       } else {
[39m
[31m+         setLeagueAiAdp({
[39m
[31m+           enabled: true,
[39m
[31m+           entries: [],
[39m
[31m+           totalDrafts: 0,
[39m
[31m+           computedAt: null,
[39m
[31m+           stale: true,
[39m
[31m+           ageHours: null,
[39m
[31m+           message: 'Not enough AllFantasy draft data yet',
[39m
[31m+         })
[39m
[31m+       }
[39m
[31m+     } catch {
[39m
[31m+       setLeagueAiAdp(
[39m
[31m+         draftUISettings?.aiAdpEnabled
[39m
[31m+           ? {
[39m
[31m+               enabled: true,
[39m
[31m+               entries: [],
[39m
[31m+               totalDrafts: 0,
[39m
[31m+               computedAt: null,
[39m
[31m+               stale: true,
[39m
[31m+               ageHours: null,
[39m
[31m+               message: 'Not enough AllFantasy draft data yet',
[39m
[31m+             }
[39m
[31m+           : null,
[39m
[31m+       )
[39m
[31m+     }
[39m
[31m+   }, [leagueId, draftUISettings?.aiAdpEnabled, useAllFantasyAdp, 
allFantasyAdpDraftMode])
[39m
[31m+ 
[39m
[31m+   const fetchSession = useCallback(async (): Promise<boolean> => {
[39m
[31m+     const hadSessionBeforeRequest = Boolean(sessionRef.current)
[39m
[31m+     try {
[39m
[31m+       const res = await 
fetch(`/api/leagues/${encodeURIComponent(leagueId)}/draft/session`, { cache: 
'no-store' })
[39m
[31m+       const data = await res.json().catch(() => ({}))
[39m
[31m+       if (res.status === 401) {
[39m
[31m+         setDraftSessionAccess("unauthorized")
[39m
[31m+         setSession(null)
[39m
[31m+         return false
[39m
[31m+       }
[39m
[31m+       if (res.status === 403) {
[39m
[31m+         setDraftSessionAccess("forbidden")
[39m
[31m+         setSession(null)
[39m
[31m+         return false
[39m
[31m+       }
[39m
[31m+       // Slice J ΓÇö 409 / DRAFT_SESSION_MISMATCH: the server has 
detected the
[39m
[31m+       // client is reading a stale or non-canonical draft session for 
this
[39m
[31m+       // league. Recover IN-PLACE: keep the same DraftRoomShell + 
DraftBoard
[39m
[31m+       // mounted, show an inline banner, and schedule a single refetch.
[39m
[31m+       // Never `router.push` / `router.replace` / `window.location` 
here ΓÇö
[39m
[31m+       // navigation breaks the unified-state contract locked by Commit 
E.
[39m
[31m+       if (res.status === 409 && (data as { code?: unknown })?.code === 
'DRAFT_SESSION_MISMATCH') {
[39m
[31m+         setSessionMismatchRecovering(true)
[39m
[31m+         sessionMismatchAttemptsRef.current += 1
[39m
[31m+         if (sessionMismatchRetryTimerRef.current && typeof window !== 
'undefined') {
[39m
[31m+           window.clearTimeout(sessionMismatchRetryTimerRef.current)
[39m
[31m+         }
[39m
[31m+         // Cap at 3 retries ΓÇö past that, the banner exposes an inline 
retry
[39m
[31m+         // button instead of looping forever.
[39m
[31m+         if (sessionMismatchAttemptsRef.current <= 3 && typeof window 
!== 'undefined') {
[39m
[31m+           sessionMismatchRetryTimerRef.current = window.setTimeout(() 
=> {
[39m
[31m+             sessionMismatchRetryTimerRef.current = null
[39m
[31m+             void fetchSession()
[39m
[31m+           }, 800)
[39m
[31m+         }
[39m
[31m+         return false
[39m
[31m+       }
[39m
[31m+       if (res.ok && data.session) {
[39m
[31m+         setDraftSessionAccess("ok")
[39m
[31m+         // Recovered (idempotent ΓÇö safe even if no prior mismatch was 
observed).
[39m
[31m+         setSessionMismatchRecovering(false)
[39m
[31m+         sessionMismatchAttemptsRef.current = 0
[39m
[31m+         setSession((prev) => mergeDraftSessionSnapshot(prev, 
data.session as DraftSessionSnapshot))
[39m
[31m+         // Store canonical state from the response for dev-mode 
divergence logging.
[39m
[31m+         if (data.canonicalDraftState && typeof data.canonicalDraftState 
=== 'object') {
[39m
[31m+           const c = data.canonicalDraftState as {
[39m
[31m+             status?: unknown
[39m
[31m+             currentPickNumber?: unknown
[39m
[31m+             picksMade?: unknown
[39m
[31m+             currentTeamId?: unknown
[39m
[31m+             timerEndAt?: unknown
[39m
[31m+           }
[39m
[31m+           canonicalDraftStateRef.current = {
[39m
[31m+             status: typeof c.status === 'string' ? c.status : '',
[39m
[31m+             currentPickNumber: typeof c.currentPickNumber === 'number' 
? c.currentPickNumber : null,
[39m
[31m+             picksMade: typeof c.picksMade === 'number' ? c.picksMade : 
0,
[39m
[31m+             currentTeamId: typeof c.currentTeamId === 'string' ? 
c.currentTeamId : null,
[39m
[31m+             timerEndAt: typeof c.timerEndAt === 'string' ? c.timerEndAt 
: null,
[39m
[31m+           }
[39m
[31m+           if (process.env.NODE_ENV !== 'production' && 
data.canonicalDraftStateParity) {
[39m
[31m+             const parity = data.canonicalDraftStateParity as {
[39m
[31m+               statusMatches?: boolean
[39m
[31m+               currentPickMatches?: boolean
[39m
[31m+               picksMadeMatches?: boolean
[39m
[31m+             }
[39m
[31m+             if (parity.statusMatches === false || 
parity.currentPickMatches === false || parity.picksMadeMatches === false) {
[39m
[31m+               console.warn('[draft-room/canonical-parity] 
client-visible drift', {
[39m
[31m+                 leagueId,
[39m
[31m+                 parity,
[39m
[31m+                 canonical: canonicalDraftStateRef.current,
[39m
[31m+               })
[39m
[31m+             }
[39m
[31m+           }
[39m
[31m+         }
[39m
[31m+         return true
[39m
[31m+       }
[39m
[31m+       if (res.ok) {
[39m
[31m+         setDraftSessionAccess("ok")
[39m
[31m+         if (!hadSessionBeforeRequest) {
[39m
[31m+           setSession(null)
[39m
[31m+         }
[39m
[31m+         return true
[39m
[31m+       }
[39m
[31m+       setDraftSessionAccess(null)
[39m
[31m+       if (!hadSessionBeforeRequest) {
[39m
[31m+         setSession(null)
[39m
[31m+       }
[39m
[31m+       return hadSessionBeforeRequest
[39m
[31m+     } catch {
[39m
[31m+       setDraftSessionAccess(null)
[39m
[31m+       if (!hadSessionBeforeRequest) {
[39m
[31m+         setSession(null)
[39m
[31m+       }
[39m
[31m+       return hadSessionBeforeRequest
[39m
[31m+     }
[39m
[31m+   }, [leagueId])
[39m
[31m+ 
[39m
[31m+   useEffect(() => {
[39m
[31m+     if (typeof window === 'undefined' || !leagueId) return
[39m
[31m+     const handler = (ev: Event) => {
[39m
[31m+       const d = (ev as CustomEvent<{ leagueId?: string }>).detail
[39m
[31m+       if (d?.leagueId !== leagueId) return
[39m
[31m+       void fetchRosterConfig()
[39m
[31m+       void fetchSession()
[39m
[31m+       void fetchDraftPool()
[39m
[31m+     }
[39m
[31m+     window.addEventListener(LEAGUE_DRAFT_ROOM_REVALIDATE, handler as 
EventListener)
[39m
[31m+     return () => 
window.removeEventListener(LEAGUE_DRAFT_ROOM_REVALIDATE, handler as 
EventListener)
[39m
[31m+   }, [leagueId, fetchDraftPool, fetchRosterConfig, fetchSession])
[39m
[31m+ 
[39m
[31m+   /**
[39m
[31m+    * Combined poll: authoritative session when changed (`since` vs row 
`updatedAt`) + optional queue + chat.
[39m
[31m+    * Does not bump `updatedAt` when unchanged (avoids merge churn). 
Returns whether the HTTP round-trip succeeded.
[39m
[31m+    */
[39m
[31m+   const fetchLiveSync = useCallback(
[39m
[31m+     async (opts: { since?: string; includeQueue: boolean; includeChat: 
boolean }): Promise<boolean> => {
[39m
[31m+       try {
[39m
[31m+         const sp = new URLSearchParams()
[39m
[31m+         if (opts.since) sp.set('since', opts.since)
[39m
[31m+         if (!opts.includeQueue) sp.set('queue', '0')
[39m
[31m+         if (!opts.includeChat) sp.set('chat', '0')
[39m
[31m+         const res = await fetch(
[39m
[31m+           `/api/leagues/${encodeURIComponent(leagueId)}/draft/live-sync?
${sp.toString()}`,
[39m
[31m+           { cache: 'no-store' },
[39m
[31m+         )
[39m
[31m+         const data = await res.json().catch(() => ({}))
[39m
[31m+         if (!res.ok) return false
[39m
[31m+ 
[39m
[31m+         if (data.session && controlActionInflightRef.current === 0) {
[39m
[31m+           setSession((prev) => mergeDraftSessionSnapshot(prev, 
data.session as DraftSessionSnapshot))
[39m
[31m+         }
[39m
[31m+ 
[39m
[31m+         if (opts.includeQueue && Array.isArray(data.queue)) {
[39m
[31m+           const next = data.queue as QueueEntry[]
[39m
[31m+           setQueue((prev) => (JSON.stringify(prev) === 
JSON.stringify(next) ? prev : next))
[39m
[31m+         }
[39m
[31m+ 
[39m
[31m+         if (opts.includeChat && Array.isArray(data.messages)) {
[39m
[31m+           const incoming = data.messages as DraftChatMessage[]
[39m
[31m+           setChatMessages((prev) => {
[39m
[31m+             const merged = mergeDraftChatWire(prev, incoming)
[39m
[31m+             return JSON.stringify(prev) === JSON.stringify(merged) ? 
prev : merged
[39m
[31m+           })
[39m
[31m+           if (typeof data.syncActive === 'boolean') 
setChatSyncActive(data.syncActive)
[39m
[31m+         }
[39m
[31m+ 
[39m
[31m+         return true
[39m
[31m+       } catch {
[39m
[31m+         return false
[39m
[31m+       }
[39m
[31m+     },
[39m
[31m+     [leagueId],
[39m
[31m+   )
[39m
[31m+ 
[39m
[31m+   const fetchQueue = useCallback(async () => {
[39m
[31m+     try {
[39m
[31m+       const res = await 
fetch(`/api/leagues/${encodeURIComponent(leagueId)}/draft/queue`, { cache: 
'no-store' })
[39m
[31m+       const data = await res.json().catch(() => ({}))
[39m
[31m+       if (res.ok && Array.isArray(data.queue)) {
[39m
[31m+         const next = data.queue as QueueEntry[]
[39m
[31m+         setQueue((prev) => (JSON.stringify(prev) === 
JSON.stringify(next) ? prev : next))
[39m
[31m+       }
[39m
[31m+     } catch {
[39m
[31m+       setQueue([])
[39m
[31m+     }
[39m
[31m+   }, [leagueId])
[39m
[31m+ 
[39m
[31m+   const fetchChat = useCallback(async () => {
[39m
[31m+     if (!leagueId) return
[39m
[31m+     try {
[39m
[31m+       const res = await 
fetch(`/api/leagues/${encodeURIComponent(leagueId)}/draft/chat`, { cache: 
'no-store' })
[39m
[31m+       const data = await res.json().catch(() => ({}))
[39m
[31m+       if (res.ok && Array.isArray(data.messages)) {
[39m
[31m+         const incoming = data.messages as DraftChatMessage[]
[39m
[31m+         setChatMessages((prev) => {
[39m
[31m+           const merged = mergeDraftChatWire(prev, incoming)
[39m
[31m+           return JSON.stringify(prev) === JSON.stringify(merged) ? prev 
: merged
[39m
[31m+         })
[39m
[31m+         setChatSyncActive(Boolean(data.syncActive))
[39m
[31m+       }
[39m
[31m+     } catch {
[39m
[31m+       /* Keep last good messages ΓÇö blanking chat on a flaky network 
reads like data loss */
[39m
[31m+       setChatSyncActive(false)
[39m
[31m+     }
[39m
[31m+   }, [leagueId])
[39m
[31m+ 
[39m
[31m+   const handleChatReconnect = useCallback(() => {
[39m
[31m+     setChatSendError(null)
[39m
[31m+     fetchSession()
[39m
[31m+     fetchQueue()
[39m
[31m+     fetchDraftSettings()
[39m
[31m+     fetchDraftAssistantContext()
[39m
[31m+     fetchChat()
[39m
[31m+   }, [fetchSession, fetchQueue, fetchDraftSettings, 
fetchDraftAssistantContext, fetchChat])
[39m
[31m+ 
[39m
[31m+   /**
[39m
[31m+    * Toggle a chat reaction via the shared reactions route. Optimistic 
update
[39m
[31m+    * mutates local state immediately (add or remove by emoji+userId) so 
the UI
[39m
[31m+    * feels snappy; the next `fetchChat()` reconciles the authoritative 
counts
[39m
[31m+    * from the server. Falls through silently on failure ΓÇö the 
reconcile fetch
[39m
[31m+    * restores the correct state.
[39m
[31m+    */
[39m
[31m+   const handleReactChat = useCallback(
[39m
[31m+     async (messageId: string, emoji: string) => {
[39m
[31m+       if (!viewerAppUserId) return
[39m
[31m+       let didAdd = true
[39m
[31m+       setChatMessages((prev) =>
[39m
[31m+         prev.map((m) => {
[39m
[31m+           if (m.id !== messageId) return m
[39m
[31m+           const reactions = Array.isArray((m as { reactions?: unknown 
}).reactions)
[39m
[31m+             ? ([...((m as { reactions: Array<{ emoji: string; count: 
number; userIds: string[] }> }).reactions)])
[39m
[31m+             : []
[39m
[31m+           const idx = reactions.findIndex((r) => r.emoji === emoji)
[39m
[31m+           if (idx >= 0) {
[39m
[31m+             const entry = reactions[idx]!
[39m
[31m+             if (entry.userIds.includes(viewerAppUserId)) {
[39m
[31m+               const userIds = entry.userIds.filter((id) => id !== 
viewerAppUserId)
[39m
[31m+               didAdd = false
[39m
[31m+               if (userIds.length === 0) reactions.splice(idx, 1)
[39m
[31m+               else reactions[idx] = { ...entry, userIds, count: 
userIds.length }
[39m
[31m+             } else {
[39m
[31m+               const userIds = [...entry.userIds, viewerAppUserId]
[39m
[31m+               reactions[idx] = { ...entry, userIds, count: 
userIds.length }
[39m
[31m+             }
[39m
[31m+           } else {
[39m
[31m+             reactions.push({ emoji, count: 1, userIds: 
[viewerAppUserId] })
[39m
[31m+           }
[39m
[31m+           return { ...m, reactions }
[39m
[31m+         }),
[39m
[31m+       )
[39m
[31m+       try {
[39m
[31m+         const roomId = `league:${leagueId}`
[39m
[31m+         await fetch(
[39m
[31m+           `/api/shared/chat/threads/${encodeURIComponent(roomId)}/messag
es/${encodeURIComponent(messageId)}/reactions`,
[39m
[31m+           {
[39m
[31m+             method: didAdd ? 'POST' : 'DELETE',
[39m
[31m+             headers: { 'Content-Type': 'application/json' },
[39m
[31m+             body: JSON.stringify({ emoji }),
[39m
[31m+           },
[39m
[31m+         )
[39m
[31m+       } catch {
[39m
[31m+         /* reconcile on next fetch */
[39m
[31m+       } finally {
[39m
[31m+         fetchChat()
[39m
[31m+       }
[39m
[31m+     },
[39m
[31m+     [viewerAppUserId, leagueId, fetchChat],
[39m
[31m+   )
[39m
[31m+ 
[39m
[31m+   const [chatSending, setChatSending] = useState(false)
[39m
[31m+   const [chatSendError, setChatSendError] = useState<string | 
null>(null)
[39m
[31m+   const [pickSuccessFlash, setPickSuccessFlash] = useState<string | 
null>(null)
[39m
[31m+ 
[39m
[31m+   const handleSendChat = useCallback(
[39m
[31m+     async (text: string) => {
[39m
[31m+       if (!text.trim() || chatSending) return
[39m
[31m+       setChatSending(true)
[39m
[31m+       try {
[39m
[31m+         const res = await 
fetch(`/api/leagues/${encodeURIComponent(leagueId)}/draft/chat`, {
[39m
[31m+           method: 'POST',
[39m
[31m+           headers: { 'Content-Type': 'application/json' },
[39m
[31m+           body: JSON.stringify({ text: text.trim() }),
[39m
[31m+         })
[39m
[31m+         const data = await res.json().catch(() => ({}))
[39m
[31m+         if (res.ok && data.message) {
[39m
[31m+           setChatSendError(null)
[39m
[31m+           sendProductAnalyticsBeacon(DRAFT_ROOM.CHAT_SEND, {
[39m
[31m+             leagueId,
[39m
[31m+             len: text.trim().length,
[39m
[31m+             leagueSync: typeof data.syncActive === 'boolean' ? 
data.syncActive : undefined,
[39m
[31m+           })
[39m
[31m+           setChatMessages((prev) => {
[39m
[31m+             const msg = data.message as (typeof prev)[0]
[39m
[31m+             if (prev.some((m) => m.id === msg.id)) return prev
[39m
[31m+             return [...prev, msg].sort((a, b) => new 
Date(a.at).getTime() - new Date(b.at).getTime())
[39m
[31m+           })
[39m
[31m+           if (typeof data.syncActive === 'boolean') {
[39m
[31m+             setChatSyncActive(data.syncActive)
[39m
[31m+           }
[39m
[31m+         } else {
[39m
[31m+           setChatSendError(typeof data?.error === 'string' ? data.error 
: 'Message could not be sent. Try again.')
[39m
[31m+         }
[39m
[31m+       } catch (err) {
[39m
[31m+         draftRoomWarn('chat-send', err)
[39m
[31m+         setChatSendError('Could not send message. Check your connection 
and try again.')
[39m
[31m+       } finally {
[39m
[31m+         setChatSending(false)
[39m
[31m+       }
[39m
[31m+     },
[39m
[31m+     [leagueId, chatSending],
[39m
[31m+   )
[39m
[31m+ 
[39m
[31m+   const fetchCommissionerLeagues = useCallback(async () => {
[39m
[31m+     try {
[39m
[31m+       const res = await fetch('/api/commissioner/leagues', { cache: 
'no-store' })
[39m
[31m+       const data = await res.json().catch(() => ({}))
[39m
[31m+       if (res.ok && Array.isArray(data.leagues)) 
setCommissionerLeagues(data.leagues)
[39m
[31m+     } catch {
[39m
[31m+       setCommissionerLeagues([])
[39m
[31m+     }
[39m
[31m+   }, [])
[39m
[31m+ 
[39m
[31m+   const handleBroadcastOpen = useCallback(() => {
[39m
[31m+     setShowBroadcastModal(true)
[39m
[31m+     setBroadcastSelectedIds(new Set([leagueId]))
[39m
[31m+     setBroadcastMessage('')
[39m
[31m+     fetchCommissionerLeagues()
[39m
[31m+   }, [leagueId, fetchCommissionerLeagues])
[39m
[31m+ 
[39m
[31m+   const handleBroadcastSubmit = useCallback(async () => {
[39m
[31m+     if (broadcastSelectedIds.size === 0 || !broadcastMessage.trim() || 
broadcastSending) return
[39m
[31m+     setBroadcastSending(true)
[39m
[31m+     try {
[39m
[31m+       const res = await fetch('/api/commissioner/broadcast', {
[39m
[31m+         method: 'POST',
[39m
[31m+         headers: { 'Content-Type': 'application/json' },
[39m
[31m+         body: JSON.stringify({
[39m
[31m+           leagueIds: Array.from(broadcastSelectedIds),
[39m
[31m+           message: broadcastMessage.trim(),
[39m
[31m+         }),
[39m
[31m+       })
[39m
[31m+       const data = await res.json().catch(() => ({}))
[39m
[31m+       if (res.ok && data.ok) {
[39m
[31m+         setShowBroadcastModal(false)
[39m
[31m+         setBroadcastMessage('')
[39m
[31m+         if (broadcastSelectedIds.has(leagueId)) fetchChat()
[39m
[31m+       }
[39m
[31m+     } finally {
[39m
[31m+       setBroadcastSending(false)
[39m
[31m+     }
[39m
[31m+   }, [broadcastSelectedIds, broadcastMessage, broadcastSending, 
leagueId, fetchChat])
[39m
[31m+ 
[39m
[31m+   const fetchRecommendation = useCallback(async () => {
[39m
[31m+     if (!session || !currentPick || !session.teamCount) return
[39m
[31m+     const myRoster = session.picks?.filter((p) => p.rosterId === 
currentUserRosterId).map((p) => ({
[39m
[31m+       position: p.position,
[39m
[31m+       team: p.team ?? null,
[39m
[31m+       byeWeek: p.byeWeek ?? null,
[39m
[31m+     })) ?? []
[39m
[31m+     const availablePool = filterPlayersAvailableForDraftAi(players, 
draftedNames, draftedPlayerIds)
[39m
[31m+     const available = availablePool.map((p) => ({
[39m
[31m+       name: p.name,
[39m
[31m+       position: p.position,
[39m
[31m+       team: p.team ?? null,
[39m
[31m+       adp: draftUISettings?.aiAdpEnabled && p.aiAdp != null ? p.aiAdp : 
p.adp,
[39m
[31m+       byeWeek: p.byeWeek ?? null,
[39m
[31m+     }))
[39m
[31m+     if (available.length === 0) {
[39m
[31m+       setLiveBrainEnvelope(null)
[39m
[31m+       setRecommendationResult({
[39m
[31m+         recommendation: null,
[39m
[31m+         alternatives: [],
[39m
[31m+         reachWarning: null,
[39m
[31m+         valueWarning: null,
[39m
[31m+         scarcityInsight: null,
[39m
[31m+         stackInsight: null,
[39m
[31m+         correlationInsight: null,
[39m
[31m+         formatInsight: null,
[39m
[31m+         byeNote: null,
[39m
[31m+         explanation: '',
[39m
[31m+         evidence: [],
[39m
[31m+         caveats: ['No available players.'],
[39m
[31m+         uncertainty: 'High uncertainty: no available players in pool.',
[39m
[31m+       })
[39m
[31m+       return
[39m
[31m+     }
[39m
[31m+     setRecommendationLoading(true)
[39m
[31m+     setRecommendationError(null)
[39m
[31m+     let brainPromise: Promise<LiveDraftBrainEnvelope | null> = 
Promise.resolve(null)
[39m
[31m+     try {
[39m
[31m+       const aiAdpByKey =
[39m
[31m+         draftUISettings?.aiAdpEnabled && leagueAiAdp?.entries?.length
[39m
[31m+           ? expandAiAdpKeysForLookup(leagueAiAdp.entries)
[39m
[31m+           : {}
[39m
[31m+       brainPromise = (async (): Promise<LiveDraftBrainEnvelope | null> 
=> {
[39m
[31m+         try {
[39m
[31m+           if (!session) return null
[39m
[31m+           const payload = buildLiveDraftBrainPayload({
[39m
[31m+             session,
[39m
[31m+             effectiveDraftSport,
[39m
[31m+             isDynasty,
[39m
[31m+             formatType,
[39m
[31m+             isIdpLeague: Boolean(draftPool?.isIdp),
[39m
[31m+             isSuperflexFormat,
[39m
[31m+             isTePremium: effectiveRosterSlots.some((s) => 
/TE\+|PREM|PREMIUM|TE\s*PREM/i.test(String(s))),
[39m
[31m+             leagueSiteDraftCount: leagueAiAdp?.totalDrafts,
[39m
[31m+             currentUserRosterId,
[39m
[31m+             players,
[39m
[31m+             draftedNames,
[39m
[31m+             effectiveRosterSlots,
[39m
[31m+             aiAdpByKey: Object.keys(aiAdpByKey).length ? aiAdpByKey : 
undefined,
[39m
[31m+           })
[39m
[31m+           if (!payload) return null
[39m
[31m+           const res = await fetch('/api/draft/live-brain', {
[39m
[31m+             method: 'POST',
[39m
[31m+             headers: { 'Content-Type': 'application/json' },
[39m
[31m+             body: JSON.stringify({ leagueId, ...payload }),
[39m
[31m+           })
[39m
[31m+           const data = await res.json().catch(() => ({}))
[39m
[31m+           if (res.ok && data.ok && data.envelope) return data.envelope 
as LiveDraftBrainEnvelope
[39m
[31m+         } catch {
[39m
[31m+           /* non-fatal */
[39m
[31m+         }
[39m
[31m+         return null
[39m
[31m+       })()
[39m
[31m+       const requestRecommendation = async 
(confirmTokenSpendForFallback: boolean) => {
[39m
[31m+         const res = await fetch('/api/draft/recommend', {
[39m
[31m+           method: 'POST',
[39m
[31m+           headers: { 'Content-Type': 'application/json' },
[39m
[31m+           body: JSON.stringify({
[39m
[31m+             available,
[39m
[31m+             teamRoster: myRoster,
[39m
[31m+             rosterSlots: effectiveRosterSlots,
[39m
[31m+             round: currentPick.round,
[39m
[31m+             pick: currentPick.slot,
[39m
[31m+             totalTeams: session.teamCount,
[39m
[31m+             sport: effectiveDraftSport,
[39m
[31m+             isDynasty,
[39m
[31m+             isSF: isSuperflexFormat,
[39m
[31m+             mode: 'needs',
[39m
[31m+             includeAIExplanation: draftAiExplanationEnabled,
[39m
[31m+             leagueId,
[39m
[31m+             leagueName,
[39m
[31m+             confirmTokenSpend: confirmTokenSpendForFallback,
[39m
[31m+             aiAdpByKey: Object.keys(aiAdpByKey).length ? aiAdpByKey : 
undefined,
[39m
[31m+             ...(assistantFeedBriefForRecommend.trim()
[39m
[31m+               ? { assistantFeedBrief: assistantFeedBriefForRecommend }
[39m
[31m+               : {}),
[39m
[31m+           }),
[39m
[31m+         })
[39m
[31m+         const data = await res.json().catch(() => ({}))
[39m
[31m+         return { res, data }
[39m
[31m+       }
[39m
[31m+ 
[39m
[31m+       let { res, data } = await requestRecommendation(false)
[39m
[31m+       if (
[39m
[31m+         !res.ok &&
[39m
[31m+         data?.code === 'token_confirmation_required' &&
[39m
[31m+         typeof data?.preview?.ruleCode === 'string'
[39m
[31m+       ) {
[39m
[31m+         const confirmation = await 
confirmTokenSpend(data.preview.ruleCode)
[39m
[31m+         if (!confirmation.confirmed) {
[39m
[31m+           setLiveBrainEnvelope(await brainPromise)
[39m
[31m+           setRecommendationError('Token confirmation cancelled. Draft 
AI explanation was not unlocked.')
[39m
[31m+           return
[39m
[31m+         }
[39m
[31m+         ;({ res, data } = await requestRecommendation(true))
[39m
[31m+       }
[39m
[31m+ 
[39m
[31m+       setLiveBrainEnvelope(await brainPromise)
[39m
[31m+       if (res.ok && data.ok) {
[39m
[31m+         let recommendation = data.recommendation ?? null
[39m
[31m+         let alternatives = Array.isArray(data.alternatives) ? 
data.alternatives : []
[39m
[31m+         const caveatsBase = Array.isArray(data.caveats) ? 
[...data.caveats] : []
[39m
[31m+ 
[39m
[31m+         if (
[39m
[31m+           recommendation &&
[39m
[31m+           
!isAiRecommendationPlayerAvailable(recommendation.player.name, 
recommendation.player.position)
[39m
[31m+         ) {
[39m
[31m+           caveatsBase.push('Copilot pick is no longer available on the 
board ΓÇö opponent may have just drafted them.')
[39m
[31m+           recommendation = null
[39m
[31m+         }
[39m
[31m+         alternatives = alternatives.filter((alt: { player?: { name?: 
string; position?: string } }) =>
[39m
[31m+           alt?.player?.name && alt?.player?.position
[39m
[31m+             ? isAiRecommendationPlayerAvailable(alt.player.name, 
alt.player.position)
[39m
[31m+             : false,
[39m
[31m+         )
[39m
[31m+ 
[39m
[31m+         setRecommendationResult({
[39m
[31m+           recommendation,
[39m
[31m+           alternatives,
[39m
[31m+           reachWarning: data.reachWarning ?? null,
[39m
[31m+           valueWarning: data.valueWarning ?? null,
[39m
[31m+           scarcityInsight: data.scarcityInsight ?? null,
[39m
[31m+           stackInsight: data.stackInsight ?? null,
[39m
[31m+           correlationInsight: data.correlationInsight ?? null,
[39m
[31m+           formatInsight: data.formatInsight ?? null,
[39m
[31m+           byeNote: data.byeNote ?? null,
[39m
[31m+           explanation: data.explanation ?? '',
[39m
[31m+           evidence: Array.isArray(data.evidence) ? data.evidence : [],
[39m
[31m+           caveats: caveatsBase,
[39m
[31m+           uncertainty: data.uncertainty ?? null,
[39m
[31m+           execution: data.execution ?? null,
[39m
[31m+         })
[39m
[31m+       } else {
[39m
[31m+         setRecommendationError(data.error || 'Failed to get 
recommendation')
[39m
[31m+       }
[39m
[31m+     } catch (e: any) {
[39m
[31m+       setRecommendationError(e?.message || 'Request failed')
[39m
[31m+       try {
[39m
[31m+         setLiveBrainEnvelope(await brainPromise)
[39m
[31m+       } catch {
[39m
[31m+         setLiveBrainEnvelope(null)
[39m
[31m+       }
[39m
[31m+     } finally {
[39m
[31m+       setRecommendationLoading(false)
[39m
[31m+     }
[39m
[31m+   }, [
[39m
[31m+     currentPick,
[39m
[31m+     session?.teamCount,
[39m
[31m+     session?.picks,
[39m
[31m+     session,
[39m
[31m+     draftPool,
[39m
[31m+     draftData,
[39m
[31m+     draftUISettings?.aiAdpEnabled,
[39m
[31m+     leagueAiAdp,
[39m
[31m+     effectiveDraftSport,
[39m
[31m+     effectiveRosterSlots,
[39m
[31m+     isSuperflexFormat,
[39m
[31m+     isDynasty,
[39m
[31m+     draftAiExplanationEnabled,
[39m
[31m+     currentUserRosterId,
[39m
[31m+     leagueId,
[39m
[31m+     players,
[39m
[31m+     draftedNames,
[39m
[31m+     formatType,
[39m
[31m+     draftedPlayerIds,
[39m
[31m+     assistantFeedBriefForRecommend,
[39m
[31m+     leagueName,
[39m
[31m+     resolvePlayerFromPool,
[39m
[31m+     isAiRecommendationPlayerAvailable,
[39m
[31m+   ])
[39m
[31m+ 
[39m
[31m+   /** Off-the-clock: clear pick-specific AI so we never show another 
team's on-clock plan as yours. */
[39m
[31m+   useEffect(() => {
[39m
[31m+     if (!session || !currentUserRosterId || !currentPick) return
[39m
[31m+     if (currentPick.rosterId === currentUserRosterId) return
[39m
[31m+     setRecommendationResult({
[39m
[31m+       recommendation: null,
[39m
[31m+       alternatives: [],
[39m
[31m+       reachWarning: null,
[39m
[31m+       valueWarning: null,
[39m
[31m+       scarcityInsight: null,
[39m
[31m+       stackInsight: null,
[39m
[31m+       correlationInsight: null,
[39m
[31m+       formatInsight: null,
[39m
[31m+       byeNote: null,
[39m
[31m+       explanation: '',
[39m
[31m+       evidence: [],
[39m
[31m+       caveats: [],
[39m
[31m+       uncertainty: null,
[39m
[31m+       execution: null,
[39m
[31m+     })
[39m
[31m+     setRecommendationError(null)
[39m
[31m+     recommendationRequestKeyRef.current = ''
[39m
[31m+   }, [currentPick?.rosterId, currentUserRosterId, session])
[39m
[31m+ 
[39m
[31m+   useEffect(() => {
[39m
[31m+     if (!session?.teamCount || !currentPick || players.length === 0) 
return
[39m
[31m+     if (!currentUserRosterId || currentPick.rosterId !== 
currentUserRosterId) {
[39m
[31m+       recommendationRequestKeyRef.current = ''
[39m
[31m+       return
[39m
[31m+     }
[39m
[31m+     const recommendationKey = [
[39m
[31m+       currentPick.overall ?? 0,
[39m
[31m+       currentPick.rosterId ?? '',
[39m
[31m+       session.picks?.length ?? 0,
[39m
[31m+       players.length,
[39m
[31m+       draftedPlayerIds.size,
[39m
[31m+       draftUISettings?.aiAdpEnabled ? 'ai' : 'deterministic',
[39m
[31m+       draftAiExplanationEnabled ? 'ai-explain-on' : 'ai-explain-off',
[39m
[31m+       leagueAiAdp?.computedAt ?? 'no-ai-adp',
[39m
[31m+     ].join('|')
[39m
[31m+     if (recommendationRequestKeyRef.current === recommendationKey) 
return
[39m
[31m+     recommendationRequestKeyRef.current = recommendationKey
[39m
[31m+     fetchRecommendation()
[39m
[31m+   }, [
[39m
[31m+     currentPick?.overall,
[39m
[31m+     currentPick?.rosterId,
[39m
[31m+     session?.picks?.length,
[39m
[31m+     session?.teamCount,
[39m
[31m+     players.length,
[39m
[31m+     draftedPlayerIds.size,
[39m
[31m+     draftUISettings?.aiAdpEnabled,
[39m
[31m+     draftAiExplanationEnabled,
[39m
[31m+     leagueAiAdp?.computedAt,
[39m
[31m+     fetchRecommendation,
[39m
[31m+     currentUserRosterId,
[39m
[31m+   ])
[39m
[31m+ 
[39m
[31m+   /** Drop copilot picks/alts that were taken while AI was in flight or 
before the next refresh. */
[39m
[31m+   useEffect(() => {
[39m
[31m+     setRecommendationResult((prev) => {
[39m
[31m+       if (!prev) return prev
[39m
[31m+       let recommendation = prev.recommendation
[39m
[31m+       if (recommendation) {
[39m
[31m+         const rp = recommendation.player
[39m
[31m+         if (!isAiRecommendationPlayerAvailable(rp.name, rp.position)) {
[39m
[31m+           recommendationRequestKeyRef.current = ''
[39m
[31m+           recommendation = null
[39m
[31m+         }
[39m
[31m+       }
[39m
[31m+       const filteredAlts = (prev.alternatives ?? []).filter((a) =>
[39m
[31m+         isAiRecommendationPlayerAvailable(a.player.name, 
a.player.position),
[39m
[31m+       )
[39m
[31m+       const caveats =
[39m
[31m+         recommendation !== prev.recommendation && prev.recommendation
[39m
[31m+           ? [...(prev.caveats ?? []), 'Recommended player is off the 
board ΓÇö sync refreshed.'].slice(0, 14)
[39m
[31m+           : prev.caveats ?? []
[39m
[31m+       if (
[39m
[31m+         recommendation === prev.recommendation &&
[39m
[31m+         filteredAlts.length === (prev.alternatives ?? []).length
[39m
[31m+       ) {
[39m
[31m+         return prev
[39m
[31m+       }
[39m
[31m+       return { ...prev, recommendation, alternatives: filteredAlts, 
caveats }
[39m
[31m+     })
[39m
[31m+   }, [isAiRecommendationPlayerAvailable])
[39m
[31m+ 
[39m
[31m+   useEffect(() => {
[39m
[31m+     if (!leagueId) return
[39m
[31m+     let cancelled = false
[39m
[31m+ 
[39m
[31m+     const bootstrapDraftRoom = async () => {
[39m
[31m+       setLoading(true)
[39m
[31m+ 
[39m
[31m+       const canAccessDraftRoom = await fetchSession()
[39m
[31m+       if (cancelled) return
[39m
[31m+ 
[39m
[31m+       // Show expired-session / forbidden states as soon as the 
authoritative
[39m
[31m+       // draft-session check resolves instead of waiting on slower 
ancillary
[39m
[31m+       // draft endpoints that may also 401/403.
[39m
[31m+       if (!canAccessDraftRoom) {
[39m
[31m+         setLoading(false)
[39m
[31m+         return
[39m
[31m+       }
[39m
[31m+ 
[39m
[31m+       // Phase 3b ΓÇö perf: render the draft room as soon as the 
CRITICAL fetches
[39m
[31m+       // resolve. The two AI-bound fetches (`assistant-context` ~68s, 
the
[39m
[31m+       // `ai-opponents/summary` nested inside `fetchDraftSettings` 
~70s) used to
[39m
[31m+       // be in this Promise.allSettled, holding the loading spinner up 
for over
[39m
[31m+       // a minute on cold load. They're now fire-and-forget ΓÇö panels 
that need
[39m
[31m+       // them branch on `null` until the data arrives, then re-render.
[39m
[31m+       await Promise.allSettled([
[39m
[31m+         fetchQueue(),
[39m
[31m+         fetchDraftSettings(),
[39m
[31m+         fetchDraftChromeData(),
[39m
[31m+         fetchChat(),
[39m
[31m+         fetchDraftPool(),
[39m
[31m+       ])
[39m
[31m+ 
[39m
[31m+       if (!cancelled) {
[39m
[31m+         setLoading(false)
[39m
[31m+       }
[39m
[31m+ 
[39m
[31m+       // Deferred ΓÇö let panels populate after the room is interactive.
[39m
[31m+       void fetchDraftAssistantContext()
[39m
[31m+     }
[39m
[31m+ 
[39m
[31m+     void bootstrapDraftRoom()
[39m
[31m+ 
[39m
[31m+     return () => {
[39m
[31m+       cancelled = true
[39m
[31m+     }
[39m
[31m+   }, [leagueId, fetchSession, fetchQueue, fetchDraftSettings, 
fetchDraftChromeData, fetchChat, fetchDraftPool, fetchDraftAssistantContext])
[39m
[31m+ 
[39m
[31m+   useEffect(() => {
[39m
[31m+     if (!leagueId || !draftUISettings?.aiAdpEnabled) return
[39m
[31m+     fetchLeagueAiAdp()
[39m
[31m+   }, [leagueId, draftUISettings?.aiAdpEnabled, fetchLeagueAiAdp])
[39m
[31m+ 
[39m
[31m+   useEffect(() => {
[39m
[31m+     if (!leagueId || !currentUserRosterId) return
[39m
[31m+     setDraftIntelLoading(true)
[39m
[31m+     const stream = new EventSource(
[39m
[31m+       `/api/draft/intel/stream?leagueId=${encodeURIComponent(leagueId)}`
[39m
[31m+     )
[39m
[31m+ 
[39m
[31m+     const handleStateEvent = (event: MessageEvent<string>) => {
[39m
[31m+       try {
[39m
[31m+         const next = JSON.parse(event.data) as DraftIntelState
[39m
[31m+         setDraftIntel(next)
[39m
[31m+       } catch {
[39m
[31m+         // Ignore malformed SSE payloads.
[39m
[31m+       } finally {
[39m
[31m+         setDraftIntelLoading(false)
[39m
[31m+       }
[39m
[31m+     }
[39m
[31m+ 
[39m
[31m+     stream.addEventListener('snapshot', handleStateEvent as 
EventListener)
[39m
[31m+     stream.addEventListener('queue_update', handleStateEvent as 
EventListener)
[39m
[31m+     stream.addEventListener('on_clock', handleStateEvent as 
EventListener)
[39m
[31m+     stream.addEventListener('recap', handleStateEvent as EventListener)
[39m
[31m+     stream.onerror = () => {
[39m
[31m+       setDraftIntelLoading(false)
[39m
[31m+       draftRoomWarn('intel-sse-disconnect', { leagueId })
[39m
[31m+       void fetchSession()
[39m
[31m+     }
[39m
[31m+ 
[39m
[31m+     return () => {
[39m
[31m+       stream.close()
[39m
[31m+     }
[39m
[31m+   }, [leagueId, currentUserRosterId, fetchSession])
[39m
[31m+ 
[39m
[31m+   const [pollInterval, setPollInterval] = useState(POLL_MS)
[39m
[31m+   const refetchOnceRef = useRef<(() => void) | null>(null)
[39m
[31m+   const pollTickRef = useRef(0)
[39m
[31m+   const pollInFlightRef = useRef(false)
[39m
[31m+   /** Prevents double POST before React state catches up with rapid 
Draft clicks. */
[39m
[31m+   const pickInflightRef = useRef(false)
[39m
[31m+   useEffect(() => {
[39m
[31m+     if (!leagueId) return
[39m
[31m+     const run = async () => {
[39m
[31m+       if (pollInFlightRef.current) return
[39m
[31m+       pollInFlightRef.current = true
[39m
[31m+       const tick = pollTickRef.current + 1
[39m
[31m+       pollTickRef.current = tick
[39m
[31m+       try {
[39m
[31m+         const since = sessionRef.current?.updatedAt
[39m
[31m+         const onClockForCurrentUser = Boolean(
[39m
[31m+           sessionRef.current?.currentPick?.rosterId &&
[39m
[31m+           currentUserRosterId &&
[39m
[31m+           sessionRef.current.currentPick.rosterId === 
currentUserRosterId
[39m
[31m+         )
[39m
[31m+         const shouldRefreshQueue = (tick % QUEUE_POLL_EVERY_N_TICKS) 
=== 0 || onClockForCurrentUser
[39m
[31m+         const shouldRefreshSettings = (tick % 
SETTINGS_POLL_EVERY_N_TICKS) === 0 || showCommissionerModal
[39m
[31m+         const shouldRefreshChat = chatSyncActive || (tick % 
CHAT_POLL_EVERY_N_TICKS) === 0
[39m
[31m+         const shouldRefreshPool = (tick % POOL_POLL_EVERY_N_TICKS) === 0
[39m
[31m+ 
[39m
[31m+         const sessionPollOk = await fetchLiveSync({
[39m
[31m+           since,
[39m
[31m+           includeQueue: shouldRefreshQueue,
[39m
[31m+           includeChat: shouldRefreshChat,
[39m
[31m+         })
[39m
[31m+ 
[39m
[31m+         const secondary: Promise<unknown>[] = []
[39m
[31m+         if (shouldRefreshSettings) secondary.push(fetchDraftSettings())
[39m
[31m+         if (shouldRefreshSettings) 
secondary.push(fetchDraftAssistantContext())
[39m
[31m+         if (shouldRefreshPool) secondary.push(fetchDraftPool())
[39m
[31m+ 
[39m
[31m+         const aiAdpComputedAt = leagueAiAdp?.computedAt ? new 
Date(leagueAiAdp.computedAt).getTime() : 0
[39m
[31m+         const skipAiAdp = draftUISettings?.aiAdpEnabled && 
aiAdpComputedAt && Date.now() - aiAdpComputedAt < AI_ADP_POLL_SKIP_MS
[39m
[31m+         if (draftUISettings?.aiAdpEnabled && !skipAiAdp) 
secondary.push(fetchLeagueAiAdp())
[39m
[31m+         await Promise.all(secondary)
[39m
[31m+ 
[39m
[31m+         /** Authoritative session sync failed: streak + delay before 
showing badge (healthy polls stay quiet). */
[39m
[31m+         if (!sessionPollOk) {
[39m
[31m+           pollSessionFailStreakRef.current += 1
[39m
[31m+           if (pollSessionFailStreakRef.current >= 
SESSION_POLL_FAILS_FOR_DEGRADED && connectionDegradedTimerRef.current == null) 
{
[39m
[31m+             connectionDegradedTimerRef.current = window.setTimeout(() 
=> {
[39m
[31m+               connectionDegradedTimerRef.current = null
[39m
[31m+               setConnectionDegraded(true)
[39m
[31m+             }, CONNECTION_DEGRADED_SHOW_DELAY_MS)
[39m
[31m+           }
[39m
[31m+         } else {
[39m
[31m+           pollSessionFailStreakRef.current = 0
[39m
[31m+           if (connectionDegradedTimerRef.current != null) {
[39m
[31m+             clearTimeout(connectionDegradedTimerRef.current)
[39m
[31m+             connectionDegradedTimerRef.current = null
[39m
[31m+           }
[39m
[31m+           setConnectionDegraded(false)
[39m
[31m+         }
[39m
[31m+       } finally {
[39m
[31m+         pollInFlightRef.current = false
[39m
[31m+       }
[39m
[31m+     }
[39m
[31m+     refetchOnceRef.current = () => { void run() }
[39m
[31m+   }, [
[39m
[31m+     leagueId,
[39m
[31m+     fetchLiveSync,
[39m
[31m+     fetchDraftSettings,
[39m
[31m+     fetchDraftAssistantContext,
[39m
[31m+     fetchDraftPool,
[39m
[31m+     fetchLeagueAiAdp,
[39m
[31m+     draftUISettings?.aiAdpEnabled,
[39m
[31m+     leagueAiAdp?.computedAt,
[39m
[31m+     showCommissionerModal,
[39m
[31m+     chatSyncActive,
[39m
[31m+     currentUserRosterId,
[39m
[31m+   ])
[39m
[31m+ 
[39m
[31m+   useEffect(() => {
[39m
[31m+     if (typeof document === 'undefined') return
[39m
[31m+     const compute = () => {
[39m
[31m+       const hidden = document.hidden
[39m
[31m+       if (hidden) {
[39m
[31m+         setPollInterval(POLL_MS_BACKGROUND)
[39m
[31m+         return
[39m
[31m+       }
[39m
[31m+       refetchOnceRef.current?.()
[39m
[31m+       const active = session?.status === 'in_progress'
[39m
[31m+       const ts = session?.timer?.status
[39m
[31m+       if (active && (ts === 'running' || ts === 'expired')) {
[39m
[31m+         setPollInterval(2000)
[39m
[31m+       } else {
[39m
[31m+         setPollInterval(POLL_MS)
[39m
[31m+       }
[39m
[31m+     }
[39m
[31m+     compute()
[39m
[31m+     document.addEventListener('visibilitychange', compute)
[39m
[31m+     return () => document.removeEventListener('visibilitychange', 
compute)
[39m
[31m+   }, [session?.status, session?.timer?.status])
[39m
[31m+ 
[39m
[31m+   /** Full session GET when tab becomes visible ΓÇö complements 
`/draft/live-sync` polling. */
[39m
[31m+   useEffect(() => {
[39m
[31m+     if (typeof document === 'undefined') return
[39m
[31m+     const onVisibility = () => {
[39m
[31m+       if (document.hidden) return
[39m
[31m+       void fetchSession().then((ok) => {
[39m
[31m+         if (ok) {
[39m
[31m+           pollSessionFailStreakRef.current = 0
[39m
[31m+           if (connectionDegradedTimerRef.current != null) {
[39m
[31m+             clearTimeout(connectionDegradedTimerRef.current)
[39m
[31m+             connectionDegradedTimerRef.current = null
[39m
[31m+           }
[39m
[31m+           setConnectionDegraded(false)
[39m
[31m+         }
[39m
[31m+       })
[39m
[31m+       refetchOnceRef.current?.()
[39m
[31m+     }
[39m
[31m+     document.addEventListener('visibilitychange', onVisibility)
[39m
[31m+     return () => document.removeEventListener('visibilitychange', 
onVisibility)
[39m
[31m+   }, [fetchSession])
[39m
[31m+ 
[39m
[31m+   useEffect(() => {
[39m
[31m+     if (!leagueId) return
[39m
[31m+     const id = setInterval(() => {
[39m
[31m+       refetchOnceRef.current?.()
[39m
[31m+     }, pollInterval)
[39m
[31m+     return () => clearInterval(id)
[39m
[31m+   }, [leagueId, pollInterval])
[39m
[31m+ 
[39m
[31m+   // ΓöÇΓöÇ Supabase realtime: draft-room presence ΓöÇΓöÇΓöÇΓöÇΓöÇΓöÇΓöÇ
ΓöÇΓöÇΓöÇΓöÇΓöÇΓöÇΓöÇΓöÇΓöÇΓöÇΓöÇΓöÇΓöÇΓöÇΓöÇΓöÇΓöÇΓöÇΓöÇΓöÇΓöÇΓöÇΓöÇΓöÇΓöÇ
[39m
[31m+   // Presence tracking removed (Supabase removed). Online count is 
always 0.
[39m
[31m+   const onlineCount = 0
[39m
[31m+ 
[39m
[31m+   useEffect(() => {
[39m
[31m+     return () => {
[39m
[31m+       if (governanceSuccessTimeoutRef.current) 
clearTimeout(governanceSuccessTimeoutRef.current)
[39m
[31m+       if (connectionDegradedTimerRef.current) 
clearTimeout(connectionDegradedTimerRef.current)
[39m
[31m+     }
[39m
[31m+   }, [])
[39m
[31m+ 
[39m
[31m+   useEffect(() => {
[39m
[31m+     if (governanceBanner?.variant !== 'success') return
[39m
[31m+     if (governanceSuccessTimeoutRef.current) 
clearTimeout(governanceSuccessTimeoutRef.current)
[39m
[31m+     governanceSuccessTimeoutRef.current = setTimeout(() => {
[39m
[31m+       setGovernanceBanner(null)
[39m
[31m+       governanceSuccessTimeoutRef.current = null
[39m
[31m+     }, 7000)
[39m
[31m+     return () => {
[39m
[31m+       if (governanceSuccessTimeoutRef.current) 
clearTimeout(governanceSuccessTimeoutRef.current)
[39m
[31m+     }
[39m
[31m+   }, [governanceBanner])
[39m
[31m+ 
[39m
[31m+   const handleCommissionerAction = useCallback(
[39m
[31m+     async (action: string, payload?: Record<string, unknown>): 
Promise<CommissionerControlApiResult> => {
[39m
[31m+       setCommissionerLoading(true)
[39m
[31m+       controlActionInflightRef.current += 1
[39m
[31m+       /** Slice C.1: snapshot the current session so we can roll back 
on API failure, then
[39m
[31m+        * apply an optimistic patch so the UI freezes/resumes/resets 
instantly while the
[39m
[31m+        * /draft/controls POST is still in flight. The in-flight ref 
keeps the 2s live-sync
[39m
[31m+        * poll from clobbering this patch with the server's pre-action 
snapshot. */
[39m
[31m+       let priorSession: DraftSessionSnapshot | null = null
[39m
[31m+       setSession((prev) => {
[39m
[31m+         priorSession = prev
[39m
[31m+         if (!prev) return prev
[39m
[31m+         const liveRemaining =
[39m
[31m+           prev.timer?.status === 'running' && typeof 
prev.timer.timerEndAt === 'string'
[39m
[31m+             ? Math.max(0, Math.ceil((new 
Date(prev.timer.timerEndAt).getTime() - Date.now()) / 1000))
[39m
[31m+             : prev.timer?.remainingSeconds ?? 
prev.pausedRemainingSeconds ?? prev.timerSeconds ?? null
[39m
[31m+         if (action === 'pause') {
[39m
[31m+           return {
[39m
[31m+             ...prev,
[39m
[31m+             status: 'paused',
[39m
[31m+             pausedRemainingSeconds: liveRemaining,
[39m
[31m+             timerEndAt: null,
[39m
[31m+             timer: prev.timer
[39m
[31m+               ? { ...prev.timer, status: 'paused', remainingSeconds: 
liveRemaining, pauseReason: 'commissioner' }
[39m
[31m+               : prev.timer,
[39m
[31m+           } as DraftSessionSnapshot
[39m
[31m+         }
[39m
[31m+         if (action === 'resume') {
[39m
[31m+           const sec = prev.pausedRemainingSeconds ?? liveRemaining ?? 
prev.timerSeconds ?? null
[39m
[31m+           const endAt = sec != null && sec > 0 ? new Date(Date.now() + 
sec * 1000).toISOString() : null
[39m
[31m+           return {
[39m
[31m+             ...prev,
[39m
[31m+             status: 'in_progress',
[39m
[31m+             pausedRemainingSeconds: null,
[39m
[31m+             timerEndAt: endAt,
[39m
[31m+             timer: prev.timer
[39m
[31m+               ? { ...prev.timer, status: 'running', remainingSeconds: 
sec, timerEndAt: endAt, pauseReason: null }
[39m
[31m+               : prev.timer,
[39m
[31m+           } as DraftSessionSnapshot
[39m
[31m+         }
[39m
[31m+         if (action === 'reset_timer') {
[39m
[31m+           const sec = prev.timerSeconds ?? liveRemaining ?? null
[39m
[31m+           if (prev.status === 'in_progress' && sec != null && sec > 0) {
[39m
[31m+             const endAt = new Date(Date.now() + sec * 
1000).toISOString()
[39m
[31m+             return {
[39m
[31m+               ...prev,
[39m
[31m+               timerEndAt: endAt,
[39m
[31m+               pausedRemainingSeconds: null,
[39m
[31m+               timer: prev.timer
[39m
[31m+                 ? { ...prev.timer, status: 'running', remainingSeconds: 
sec, timerEndAt: endAt, pauseReason: null }
[39m
[31m+                 : prev.timer,
[39m
[31m+             } as DraftSessionSnapshot
[39m
[31m+           }
[39m
[31m+           if (prev.status === 'paused' && sec != null) {
[39m
[31m+             return {
[39m
[31m+               ...prev,
[39m
[31m+               pausedRemainingSeconds: sec,
[39m
[31m+               timer: prev.timer ? { ...prev.timer, status: 'paused', 
remainingSeconds: sec } : prev.timer,
[39m
[31m+             } as DraftSessionSnapshot
[39m
[31m+           }
[39m
[31m+         }
[39m
[31m+         return prev
[39m
[31m+       })
[39m
[31m+       try {
[39m
[31m+         const res = await 
fetch(`/api/leagues/${encodeURIComponent(leagueId)}/draft/controls`, {
[39m
[31m+           method: 'POST',
[39m
[31m+           headers: { 'Content-Type': 'application/json' },
[39m
[31m+           body: JSON.stringify({ action, ...payload }),
[39m
[31m+         })
[39m
[31m+         const data = (await res.json().catch(() => ({}))) as 
Record<string, unknown>
[39m
[31m+         const errMsg =
[39m
[31m+           typeof data.error === 'string'
[39m
[31m+             ? data.error
[39m
[31m+             : typeof (data as { message?: unknown }).message === 
'string'
[39m
[31m+               ? String((data as { message: string }).message)
[39m
[31m+               : null
[39m
[31m+ 
[39m
[31m+         if (!res.ok) {
[39m
[31m+           const msg = errMsg || `Commissioner action failed 
(${res.status}).`
[39m
[31m+           setGovernanceBanner({ variant: 'error', message: msg })
[39m
[31m+           if (priorSession) setSession(priorSession)
[39m
[31m+           return { ok: false, error: msg }
[39m
[31m+         }
[39m
[31m+ 
[39m
[31m+         let usedSessionFallback = false
[39m
[31m+         if (data.session) {
[39m
[31m+           setSession((prev) => mergeDraftSessionSnapshot(prev, 
data.session as DraftSessionSnapshot))
[39m
[31m+         } else {
[39m
[31m+           usedSessionFallback = true
[39m
[31m+           await fetchSession()
[39m
[31m+           void fetchDraftSettings()
[39m
[31m+           void fetchChat()
[39m
[31m+           void fetchDraftPool()
[39m
[31m+         }
[39m
[31m+ 
[39m
[31m+         void fetchQueue()
[39m
[31m+         if (action === 'undo_pick') {
[39m
[31m+           void fetchChat()
[39m
[31m+           void fetchDraftPool()
[39m
[31m+           void fetchDraftAssistantContext()
[39m
[31m+         }
[39m
[31m+         if (action === 'pause' || action === 'resume' || (action === 
'start' && !usedSessionFallback)) {
[39m
[31m+           void fetchDraftPool()
[39m
[31m+         }
[39m
[31m+         if (action === 'set_timer_seconds') void fetchDraftSettings()
[39m
[31m+ 
[39m
[31m+         const successMsg = commissionerActionSuccessCopy(action)
[39m
[31m+         setGovernanceBanner({ variant: 'success', message: successMsg })
[39m
[31m+ 
[39m
[31m+         return { ok: true, ...data }
[39m
[31m+       } catch {
[39m
[31m+         const msg = 'Network error ΓÇö try your commissioner action 
again.'
[39m
[31m+         setGovernanceBanner({ variant: 'error', message: msg })
[39m
[31m+         if (priorSession) setSession(priorSession)
[39m
[31m+         return { ok: false, error: msg }
[39m
[31m+       } finally {
[39m
[31m+         setCommissionerLoading(false)
[39m
[31m+         controlActionInflightRef.current = Math.max(0, 
controlActionInflightRef.current - 1)
[39m
[31m+       }
[39m
[31m+     },
[39m
[31m+     [
[39m
[31m+       leagueId,
[39m
[31m+       fetchSession,
[39m
[31m+       fetchQueue,
[39m
[31m+       fetchChat,
[39m
[31m+       fetchDraftPool,
[39m
[31m+       fetchDraftAssistantContext,
[39m
[31m+       fetchDraftSettings,
[39m
[31m+     ],
[39m
[31m+   )
[39m
[31m+ 
[39m
[31m+   const handleCommissionerUndoPick = useCallback(() => {
[39m
[31m+     if (
[39m
[31m+       typeof window !== 'undefined' &&
[39m
[31m+       !window.confirm(
[39m
[31m+         'Undo the last drafted pick for everyone in this league? 
Traded-pick swaps may need a manual double-check.',
[39m
[31m+       )
[39m
[31m+     ) {
[39m
[31m+       return Promise.resolve({ ok: false as const, error: 'Cancelled.', 
cancelled: true })
[39m
[31m+     }
[39m
[31m+     return handleCommissionerAction('undo_pick')
[39m
[31m+   }, [handleCommissionerAction])
[39m
[31m+ 
[39m
[31m+   const handleCommissionerResetTimer = useCallback(() => {
[39m
[31m+     if (typeof window !== 'undefined' && !window.confirm('Reset the 
pick clock to full time for the current pick?')) {
[39m
[31m+       return Promise.resolve({ ok: false as const, error: 'Cancelled.', 
cancelled: true })
[39m
[31m+     }
[39m
[31m+     return handleCommissionerAction('reset_timer')
[39m
[31m+   }, [handleCommissionerAction])
[39m
[31m+ 
[39m
[31m+   const fetchPendingTradesCount = useCallback(async () => {
[39m
[31m+     if (!leagueId || !currentUserRosterId) return
[39m
[31m+     try {
[39m
[31m+       const res = await 
fetch(`/api/leagues/${encodeURIComponent(leagueId)}/draft/trade-proposals`, { 
cache: 'no-store' })
[39m
[31m+       const data = await res.json().catch(() => ({}))
[39m
[31m+       if (res.ok && Array.isArray(data.proposals)) {
[39m
[31m+         const pending = data.proposals.filter((p: any) => p.status === 
'pending' && p.receiverRosterId === currentUserRosterId)
[39m
[31m+         setPendingTradesCount(pending.length)
[39m
[31m+       }
[39m
[31m+     } catch {
[39m
[31m+       setPendingTradesCount(0)
[39m
[31m+     }
[39m
[31m+   }, [leagueId, currentUserRosterId])
[39m
[31m+ 
[39m
[31m+   useEffect(() => {
[39m
[31m+     if (session?.status === 'in_progress' && currentUserRosterId) 
fetchPendingTradesCount()
[39m
[31m+   }, [session?.status, currentUserRosterId, fetchPendingTradesCount])
[39m
[31m+ 
[39m
[31m+   /**
[39m
[31m+    * Slice F: pre-flight pre-draft validation. When `draftId` is set 
and the
[39m
[31m+    * validation route returns `canStartDraft: false`, the wizard overlay
[39m
[31m+    * opens above the same shell. Failed validation never moves the user.
[39m
[31m+    *
[39m
[31m+    * Slice A ΓÇö lifecycle: start updates `session` in place via 
`/draft/controls`
[39m
[31m+    * (no router navigation; same `DraftBoard` mount).
[39m
[31m+    */
[39m
[31m+   const handleStartDraft = useCallback(async () => {
[39m
[31m+     try {
[39m
[31m+       setPickError(null)
[39m
[31m+       // Pre-flight validation. Never blocks the start path on transient
[39m
[31m+       // failures (network error / 5xx) ΓÇö fails open to the existing
[39m
[31m+       // commissioner-action path so a flaky route can't strand the 
draft.
[39m
[31m+       if (draftId) {
[39m
[31m+         try {
[39m
[31m+           const validationRes = await fetch(
[39m
[31m+             `/api/leagues/${encodeURIComponent(leagueId)}/draft/${encode
URIComponent(draftId)}/validate-pre-draft`,
[39m
[31m+             { credentials: 'include' },
[39m
[31m+           )
[39m
[31m+           if (validationRes.ok) {
[39m
[31m+             const validationReport = (await 
validationRes.json().catch(() => null)) as {
[39m
[31m+               canStartDraft?: boolean
[39m
[31m+             } | null
[39m
[31m+             if (validationReport && validationReport.canStartDraft === 
false) {
[39m
[31m+               setShowPreDraftValidationWizard(true)
[39m
[31m+               return
[39m
[31m+             }
[39m
[31m+           }
[39m
[31m+         } catch {
[39m
[31m+           // Swallow ΓÇö fail open to the existing start path. The 
wizard
[39m
[31m+           // can still be opened on demand, but a broken validation 
route
[39m
[31m+           // must not strand the commissioner.
[39m
[31m+         }
[39m
[31m+       }
[39m
[31m+       const result = await handleCommissionerAction('start')
[39m
[31m+       if (result.ok) {
[39m
[31m+         draftRoomPickTrace({ event: 'start-draft', leagueId, via: 
'controls' })
[39m
[31m+         sendProductAnalyticsBeacon(DRAFT_ROOM.START_DRAFT, { leagueId, 
ok: true })
[39m
[31m+       } else if (!result.cancelled) {
[39m
[31m+         sendProductAnalyticsBeacon(DRAFT_ROOM.START_DRAFT, { leagueId, 
ok: false })
[39m
[31m+         if (typeof result.error === 'string') setPickError(result.error)
[39m
[31m+       }
[39m
[31m+     } catch (_) {
[39m
[31m+       sendProductAnalyticsBeacon(DRAFT_ROOM.START_DRAFT, { leagueId, 
ok: false, error: true })
[39m
[31m+       setPickError('Could not start the draft. Try again.')
[39m
[31m+     }
[39m
[31m+   }, [handleCommissionerAction, leagueId, draftId])
[39m
[31m+ 
[39m
[31m+   const handleSettingsPatch = useCallback(
[39m
[31m+     async (patch: Partial<DraftUISettings>) => {
[39m
[31m+       /** Slice C.1: optimistic toggle. Without this, the commissioner 
control center toggles
[39m
[31m+        * stay in their old position until the PATCH (slow in dev: cold 
Neon, AI side-effects)
[39m
[31m+        * returns. Apply locally first, then bump the in-flight ref so a 
2-second poll's
[39m
[31m+        * fetchDraftSettings can't clobber the optimistic value 
mid-flight. Roll back on failure. */
[39m
[31m+       let priorSettings: DraftUISettings | null = null
[39m
[31m+       controlActionInflightRef.current += 1
[39m
[31m+       setDraftUISettings((prev) => {
[39m
[31m+         priorSettings = prev
[39m
[31m+         if (!prev) return prev
[39m
[31m+         return { ...prev, ...patch } as DraftUISettings
[39m
[31m+       })
[39m
[31m+       try {
[39m
[31m+         const res = await 
fetch(`/api/leagues/${encodeURIComponent(leagueId)}/draft/settings`, {
[39m
[31m+           method: 'PATCH',
[39m
[31m+           headers: { 'Content-Type': 'application/json' },
[39m
[31m+           body: JSON.stringify(patch),
[39m
[31m+         })
[39m
[31m+         const data = await res.json().catch(() => ({}))
[39m
[31m+         if (res.ok && data.draftUISettings) {
[39m
[31m+           setDraftUISettings(data.draftUISettings)
[39m
[31m+         } else if (!res.ok) {
[39m
[31m+           if (priorSettings) setDraftUISettings(priorSettings)
[39m
[31m+           const msg =
[39m
[31m+             (typeof data?.error === 'string' && data.error) || `Failed 
to save draft setting (${res.status}).`
[39m
[31m+           setGovernanceBanner({ variant: 'error', message: msg })
[39m
[31m+         }
[39m
[31m+       } catch {
[39m
[31m+         if (priorSettings) setDraftUISettings(priorSettings)
[39m
[31m+         setGovernanceBanner({ variant: 'error', message: 'Network error 
ΓÇö try the toggle again.' })
[39m
[31m+       } finally {
[39m
[31m+         controlActionInflightRef.current = Math.max(0, 
controlActionInflightRef.current - 1)
[39m
[31m+       }
[39m
[31m+     },
[39m
[31m+     [leagueId]
[39m
[31m+   )
[39m
[31m+ 
[39m
[31m+   const handleToggleAutoPick = useCallback(() => {
[39m
[31m+     handleSettingsPatch({ autoPickEnabled: 
!(draftUISettings?.autoPickEnabled ?? false) })
[39m
[31m+   }, [draftUISettings?.autoPickEnabled, handleSettingsPatch])
[39m
[31m+ 
[39m
[31m+   const handleSaveCommissionerAiDraft = useCallback(
[39m
[31m+     async (payload: {
[39m
[31m+       assignedAiTeams: Array<{ teamId: string; aiStyle: string; 
tradeAggression: string; active: boolean }>
[39m
[31m+       tradeRules: Record<string, unknown>
[39m
[31m+     }) => {
[39m
[31m+       const res = await fetch(`/api/leagues/${encodeURIComponent(leagueI
d)}/draft/commissioner-ai-managers`, {
[39m
[31m+         method: 'PATCH',
[39m
[31m+         headers: { 'Content-Type': 'application/json' },
[39m
[31m+         body: JSON.stringify(payload),
[39m
[31m+       })
[39m
[31m+       const data = await res.json().catch(() => ({}))
[39m
[31m+       if (res.ok && data.assignedAiTeams && data.tradeRules) {
[39m
[31m+         setCommissionerAiDraft({
[39m
[31m+           assignedAiTeams: data.assignedAiTeams,
[39m
[31m+           tradeRules: data.tradeRules,
[39m
[31m+         })
[39m
[31m+         await fetchSession()
[39m
[31m+       }
[39m
[31m+       return data
[39m
[31m+     },
[39m
[31m+     [leagueId, fetchSession]
[39m
[31m+   )
[39m
[31m+ 
[39m
[31m+   const handleSaveDevyConfig = useCallback(
[39m
[31m+     async (input: { enabled: boolean; devyRounds: number[] }) => {
[39m
[31m+       const res = await 
fetch(`/api/leagues/${encodeURIComponent(leagueId)}/draft/devy/config`, {
[39m
[31m+         method: 'PATCH',
[39m
[31m+         headers: { 'Content-Type': 'application/json' },
[39m
[31m+         body: JSON.stringify({
[39m
[31m+           enabled: Boolean(input.enabled),
[39m
[31m+           devyRounds: Array.isArray(input.devyRounds) ? 
input.devyRounds : [],
[39m
[31m+         }),
[39m
[31m+       })
[39m
[31m+       const data = await res.json().catch(() => ({}))
[39m
[31m+       if (res.ok && data.session) {
[39m
[31m+         setSession((prev) => mergeDraftSessionSnapshot(prev, 
data.session as DraftSessionSnapshot))
[39m
[31m+         await fetchDraftPool()
[39m
[31m+       }
[39m
[31m+       return data
[39m
[31m+     },
[39m
[31m+     [leagueId, fetchDraftPool]
[39m
[31m+   )
[39m
[31m+ 
[39m
[31m+   const handleSaveC2CConfig = useCallback(
[39m
[31m+     async (input: { enabled: boolean; collegeRounds: number[] }) => {
[39m
[31m+       const res = await 
fetch(`/api/leagues/${encodeURIComponent(leagueId)}/draft/c2c/config`, {
[39m
[31m+         method: 'PATCH',
[39m
[31m+         headers: { 'Content-Type': 'application/json' },
[39m
[31m+         body: JSON.stringify({
[39m
[31m+           enabled: Boolean(input.enabled),
[39m
[31m+           collegeRounds: Array.isArray(input.collegeRounds) ? 
input.collegeRounds : [],
[39m
[31m+         }),
[39m
[31m+       })
[39m
[31m+       const data = await res.json().catch(() => ({}))
[39m
[31m+       if (res.ok && data.session) {
[39m
[31m+         setSession((prev) => mergeDraftSessionSnapshot(prev, 
data.session as DraftSessionSnapshot))
[39m
[31m+         await fetchDraftPool()
[39m
[31m+       }
[39m
[31m+       return data
[39m
[31m+     },
[39m
[31m+     [leagueId, fetchDraftPool]
[39m
[31m+   )
[39m
[31m+ 
[39m
[31m+   const handleCopyInvite = useCallback(
[39m
[31m+     async (source: 'inline' | 'menu' = 'menu') => {
[39m
[31m+       if (typeof navigator === 'undefined' || !navigator.clipboard) 
return
[39m
[31m+ 
[39m
[31m+       try {
[39m
[31m+         if (inviteLink) {
[39m
[31m+           await navigator.clipboard.writeText(inviteLink)
[39m
[31m+           sendProductAnalyticsBeacon(DRAFT_ROOM.INVITE_COPY, { 
leagueId, source })
[39m
[31m+           return
[39m
[31m+         }
[39m
[31m+ 
[39m
[31m+         const res = await 
fetch(`/api/leagues/${encodeURIComponent(leagueId)}/privacy`, { cache: 
'no-store' })
[39m
[31m+         const data = await res.json().catch(() => ({}))
[39m
[31m+         const resolved = res.ok ? resolveInviteLink(data) : null
[39m
[31m+         if (!resolved) return
[39m
[31m+         setInviteLink(resolved)
[39m
[31m+         await navigator.clipboard.writeText(resolved)
[39m
[31m+         sendProductAnalyticsBeacon(DRAFT_ROOM.INVITE_COPY, { leagueId, 
source })
[39m
[31m+       } catch {
[39m
[31m+         // Ignore invite copy failures in the shell.
[39m
[31m+       }
[39m
[31m+     },
[39m
[31m+     [inviteLink, leagueId],
[39m
[31m+   )
[39m
[31m+ 
[39m
[31m+   const handleClaimSlot = useCallback(
[39m
[31m+     async (rosterId: string) => {
[39m
[31m+       setClaimSlotLoadingRosterId(rosterId)
[39m
[31m+       try {
[39m
[31m+         const res = await 
fetch(`/api/leagues/${encodeURIComponent(leagueId)}/claim-roster`, {
[39m
[31m+           method: 'POST',
[39m
[31m+           headers: { 'Content-Type': 'application/json' },
[39m
[31m+           body: JSON.stringify({ rosterId }),
[39m
[31m+         })
[39m
[31m+         const ok = res.ok
[39m
[31m+         sendProductAnalyticsBeacon(DRAFT_ROOM.CLAIM_SLOT, { leagueId, 
rosterId, ok })
[39m
[31m+         if (ok) {
[39m
[31m+           await fetchSession()
[39m
[31m+           await fetchDraftChromeData()
[39m
[31m+           setClaimableRosterIds([])
[39m
[31m+         }
[39m
[31m+       } catch {
[39m
[31m+         sendProductAnalyticsBeacon(DRAFT_ROOM.CLAIM_SLOT, { leagueId, 
rosterId, ok: false })
[39m
[31m+       } finally {
[39m
[31m+         setClaimSlotLoadingRosterId(null)
[39m
[31m+       }
[39m
[31m+     },
[39m
[31m+     [leagueId, fetchSession, fetchDraftChromeData],
[39m
[31m+   )
[39m
[31m+ 
[39m
[31m+   const openPickTradePanel = useCallback(() => {
[39m
[31m+     setTradeInitialDraft(null)
[39m
[31m+     setTradePanelGeneration((g) => g + 1)
[39m
[31m+     setShowTradePanel(true)
[39m
[31m+   }, [])
[39m
[31m+ 
[39m
[31m+   const openPickTradeFromBoard = useCallback(
[39m
[31m+     (ctx: { round: number; ownerSlot: number; ownerRosterId: string; 
overall: number }) => {
[39m
[31m+       if (!currentUserRosterId || !session) return
[39m
[31m+       const roundsMax = Math.max(1, session.rounds)
[39m
[31m+       const r = Math.min(Math.max(1, ctx.round), roundsMax)
[39m
[31m+       const isMine = ctx.ownerRosterId === currentUserRosterId
[39m
[31m+       setTradeInitialDraft(
[39m
[31m+         isMine
[39m
[31m+           ? { giveRound: r, receiveRound: r, receiverRosterId: '' }
[39m
[31m+           : { giveRound: r, receiveRound: r, receiverRosterId: 
ctx.ownerRosterId },
[39m
[31m+       )
[39m
[31m+       setTradePanelGeneration((g) => g + 1)
[39m
[31m+       setShowTradePanel(true)
[39m
[31m+       sendProductAnalyticsBeacon(DRAFT_ROOM.TRADE_OPEN_FROM_BOARD, {
[39m
[31m+         leagueId,
[39m
[31m+         round: ctx.round,
[39m
[31m+         ownerSlot: ctx.ownerSlot,
[39m
[31m+         overall: ctx.overall,
[39m
[31m+         targetIsMine: isMine,
[39m
[31m+       })
[39m
[31m+     },
[39m
[31m+     [currentUserRosterId, leagueId, session],
[39m
[31m+   )
[39m
[31m+ 
[39m
[31m+   const handleResync = useCallback(() => {
[39m
[31m+     setResyncLoading(true)
[39m
[31m+     Promise.all([
[39m
[31m+       fetchSession(),
[39m
[31m+       fetchDraftSettings(),
[39m
[31m+       fetchDraftChromeData(),
[39m
[31m+       fetchQueue(),
[39m
[31m+       fetchChat(),
[39m
[31m+       fetchDraftPool(),
[39m
[31m+       fetchDraftAssistantContext(),
[39m
[31m+       draftUISettings?.aiAdpEnabled ? fetchLeagueAiAdp() : 
Promise.resolve(),
[39m
[31m+       fetchPendingTradesCount(),
[39m
[31m+       fetchClaimableRosters(),
[39m
[31m+     ]).finally(() => {
[39m
[31m+       setResyncLoading(false)
[39m
[31m+       pollSessionFailStreakRef.current = 0
[39m
[31m+       if (connectionDegradedTimerRef.current != null) {
[39m
[31m+         clearTimeout(connectionDegradedTimerRef.current)
[39m
[31m+         connectionDegradedTimerRef.current = null
[39m
[31m+       }
[39m
[31m+       setConnectionDegraded(false)
[39m
[31m+     })
[39m
[31m+   }, [
[39m
[31m+     fetchSession,
[39m
[31m+     fetchDraftSettings,
[39m
[31m+     fetchDraftChromeData,
[39m
[31m+     fetchQueue,
[39m
[31m+     fetchChat,
[39m
[31m+     fetchDraftPool,
[39m
[31m+     fetchDraftAssistantContext,
[39m
[31m+     fetchLeagueAiAdp,
[39m
[31m+     draftUISettings?.aiAdpEnabled,
[39m
[31m+     fetchPendingTradesCount,
[39m
[31m+     fetchClaimableRosters,
[39m
[31m+   ])
[39m
[31m+ 
[39m
[31m+   const handleRunAiPick = useCallback(async () => {
[39m
[31m+     setRunAiPickLoading(true)
[39m
[31m+     try {
[39m
[31m+       const res = await 
fetch(`/api/leagues/${encodeURIComponent(leagueId)}/draft/ai-pick`, {
[39m
[31m+         method: 'POST',
[39m
[31m+         headers: { 'Content-Type': 'application/json' },
[39m
[31m+       })
[39m
[31m+       const data = await res.json().catch(() => ({}))
[39m
[31m+       if (res.ok && data.session) {
[39m
[31m+         setSession((prev) => mergeDraftSessionSnapshot(prev, 
data.session as DraftSessionSnapshot))
[39m
[31m+         await fetchDraftPool()
[39m
[31m+         if (data.usedFallback) {
[39m
[31m+           setPickError('AI mode used deterministic CPU fallback for 
this pick.')
[39m
[31m+         }
[39m
[31m+       } else {
[39m
[31m+         setPickError(typeof data?.error === 'string' ? data.error : 
'Automated orphan pick failed.')
[39m
[31m+       }
[39m
[31m+       await fetchDraftSettings()
[39m
[31m+     } finally {
[39m
[31m+       setRunAiPickLoading(false)
[39m
[31m+     }
[39m
[31m+   }, [leagueId, fetchDraftSettings, fetchDraftPool])
[39m
[31m+ 
[39m
[31m+   const handleMakePick = useCallback(
[39m
[31m+     async (player: PlayerEntry) => {
[39m
[31m+       setPickError(null)
[39m
[31m+       const offlineCommissioner = draftUISettings?.executionMode === 
'offline' && isCommissioner
[39m
[31m+       if (!canDraft) {
[39m
[31m+         draftRoomPickTrace({
[39m
[31m+           event: 'pick-blocked',
[39m
[31m+           reason: 'canDraft_false',
[39m
[31m+           sessionStatus: session?.status,
[39m
[31m+           draftStarted: draftCore?.draftStarted,
[39m
[31m+           currentOverall: draftCore?.currentOverall,
[39m
[31m+           currentUserRosterId,
[39m
[31m+           currentTeamId: draftCore?.currentTeamId,
[39m
[31m+           isCurrentUserOnClock,
[39m
[31m+           pickSubmitting,
[39m
[31m+         })
[39m
[31m+         setPickError('You cannot draft right now.')
[39m
[31m+         return
[39m
[31m+       }
[39m
[31m+       if (!offlineCommissioner) {
[39m
[31m+         const cp = currentPick
[39m
[31m+         if (!cp || !currentUserRosterId || cp.rosterId !== 
currentUserRosterId) {
[39m
[31m+           draftRoomPickTrace({
[39m
[31m+             event: 'pick-blocked',
[39m
[31m+             reason: 'not_on_clock',
[39m
[31m+             currentPickRosterId: cp?.rosterId,
[39m
[31m+             currentUserRosterId,
[39m
[31m+           })
[39m
[31m+           setPickError('You can only draft when your team is on the 
clock.')
[39m
[31m+           return
[39m
[31m+         }
[39m
[31m+       }
[39m
[31m+       const rawDisplayPid = player.display?.playerId?.trim()
[39m
[31m+       const rawEntryPid = player.playerId?.trim()
[39m
[31m+       const stablePlayerId =
[39m
[31m+         rawDisplayPid && !rawDisplayPid.includes(':')
[39m
[31m+           ? rawDisplayPid
[39m
[31m+           : rawEntryPid && !rawEntryPid.includes(':')
[39m
[31m+             ? rawEntryPid
[39m
[31m+             : rawDisplayPid ?? rawEntryPid ?? null
[39m
[31m+       const playerImageUrl = 
player.display?.assets?.headshotUrl?.trim() || null
[39m
[31m+       if (!isPickCommitAllowedByName({ canDraft: true, playerName: 
player.name, draftedNames })) {
[39m
[31m+         setPickError('That player is already drafted.')
[39m
[31m+         return
[39m
[31m+       }
[39m
[31m+       if (!isPickCommitAllowed({ canDraft: true, playerId: 
stablePlayerId, draftedPlayerIds })) {
[39m
[31m+         setPickError('That player is already drafted.')
[39m
[31m+         return
[39m
[31m+       }
[39m
[31m+       if (pickInflightRef.current) return
[39m
[31m+       pickInflightRef.current = true
[39m
[31m+       setPickSubmitting(true)
[39m
[31m+       try {
[39m
[31m+         draftRoomPickTrace({
[39m
[31m+           event: 'pick-submit',
[39m
[31m+           playerName: player.name,
[39m
[31m+           playerId: stablePlayerId,
[39m
[31m+           position: player.position,
[39m
[31m+           leagueId,
[39m
[31m+         })
[39m
[31m+         const note = 
player.display?.metadata?.eligibilityNote?.toLowerCase() ?? ''
[39m
[31m+         const res = await 
fetch(`/api/leagues/${encodeURIComponent(leagueId)}/draft/pick`, {
[39m
[31m+           method: 'POST',
[39m
[31m+           headers: { 'Content-Type': 'application/json' },
[39m
[31m+           body: JSON.stringify({
[39m
[31m+             rosterId: currentUserRosterId ?? undefined,
[39m
[31m+             playerName: player.name,
[39m
[31m+             position: player.position,
[39m
[31m+             team: player.team ?? null,
[39m
[31m+             byeWeek: player.byeWeek ?? null,
[39m
[31m+             playerId: stablePlayerId,
[39m
[31m+             playerImageUrl,
[39m
[31m+             pickMetadata: {
[39m
[31m+               isRookie: note.includes('rookie') ? true : undefined,
[39m
[31m+             },
[39m
[31m+             source:
[39m
[31m+               draftUISettings?.executionMode === 'offline' && 
isCommissioner
[39m
[31m+                 ? 'commissioner'
[39m
[31m+                 : player.graduatedToNFL
[39m
[31m+                   ? 'promoted_devy'
[39m
[31m+                   : player.poolType === 'college'
[39m
[31m+                     ? 'college'
[39m
[31m+                     : player.isDevy
[39m
[31m+                       ? 'devy'
[39m
[31m+                       : 'user',
[39m
[31m+           }),
[39m
[31m+         })
[39m
[31m+         const data = await res.json().catch(() => ({}))
[39m
[31m+         if (res.ok && data.session) {
[39m
[31m+           sendProductAnalyticsBeacon(DRAFT_ROOM.PICK, {
[39m
[31m+             leagueId,
[39m
[31m+             position: player.position,
[39m
[31m+             ok: true,
[39m
[31m+           })
[39m
[31m+           setPickSuccessFlash(player.name)
[39m
[31m+           setSession((prev) => mergeDraftSessionSnapshot(prev, 
data.session as DraftSessionSnapshot))
[39m
[31m+           setQueue((prev) =>
[39m
[31m+             prev.filter(
[39m
[31m+               (e) => normalizeDraftedPlayerName(e.playerName) !== 
normalizeDraftedPlayerName(player.name),
[39m
[31m+             ),
[39m
[31m+           )
[39m
[31m+           await fetchQueue()
[39m
[31m+           await fetchDraftPool()
[39m
[31m+           void fetchDraftAssistantContext()
[39m
[31m+           pollSessionFailStreakRef.current = 0
[39m
[31m+           if (connectionDegradedTimerRef.current != null) {
[39m
[31m+             clearTimeout(connectionDegradedTimerRef.current)
[39m
[31m+             connectionDegradedTimerRef.current = null
[39m
[31m+           }
[39m
[31m+           setConnectionDegraded(false)
[39m
[31m+         } else if (res.ok) {
[39m
[31m+           sendProductAnalyticsBeacon(DRAFT_ROOM.PICK, { leagueId, 
position: player.position, ok: false })
[39m
[31m+           draftRoomWarn('pick-missing-session', { status: res.status })
[39m
[31m+           await fetchSession()
[39m
[31m+           await fetchQueue()
[39m
[31m+           await fetchDraftPool()
[39m
[31m+           setPickError('Pick response was incomplete ΓÇö draft state 
was refreshed.')
[39m
[31m+         } else {
[39m
[31m+           sendProductAnalyticsBeacon(DRAFT_ROOM.PICK, { leagueId, 
position: player.position, ok: false })
[39m
[31m+           const errText = typeof data?.error === 'string' ? data.error 
: null
[39m
[31m+           const codeText = typeof (data as { code?: unknown }).code === 
'string' ? String((data as { code: string }).code) : null
[39m
[31m+           const detail =
[39m
[31m+             errText && codeText ? `${errText} (${codeText})` : errText 
?? codeText ?? 'Pick failed. Try again.'
[39m
[31m+           draftRoomPickTrace({ event: 'pick-error', status: res.status, 
error: errText, code: codeText })
[39m
[31m+           if (codeText === DRAFT_PICK_STALE_OVERALL || codeText === 
DRAFT_PICK_RACE_RETRY) {
[39m
[31m+             await fetchSession()
[39m
[31m+             await fetchQueue()
[39m
[31m+             await fetchDraftPool()
[39m
[31m+             setPickError(
[39m
[31m+               'The draft board moved before your pick landed ΓÇö state 
refreshed. Submit again when you are on the clock.',
[39m
[31m+             )
[39m
[31m+           } else {
[39m
[31m+             setPickError(detail)
[39m
[31m+           }
[39m
[31m+         }
[39m
[31m+       } catch (err) {
[39m
[31m+         draftRoomWarn('pick-network', err)
[39m
[31m+         setPickError('Network error while submitting your pick. Check 
your connection and try again.')
[39m
[31m+         await fetchSession()
[39m
[31m+       } finally {
[39m
[31m+         pickInflightRef.current = false
[39m
[31m+         setPickSubmitting(false)
[39m
[31m+       }
[39m
[31m+     },
[39m
[31m+     [
[39m
[31m+       leagueId,
[39m
[31m+       canDraft,
[39m
[31m+       draftedNames,
[39m
[31m+       draftedPlayerIds,
[39m
[31m+       draftUISettings?.executionMode,
[39m
[31m+       isCommissioner,
[39m
[31m+       currentPick,
[39m
[31m+       session?.status,
[39m
[31m+       draftCore?.draftStarted,
[39m
[31m+       draftCore?.currentOverall,
[39m
[31m+       draftCore?.currentTeamId,
[39m
[31m+       currentUserRosterId,
[39m
[31m+       isCurrentUserOnClock,
[39m
[31m+       pickSubmitting,
[39m
[31m+       fetchQueue,
[39m
[31m+       fetchDraftPool,
[39m
[31m+       fetchSession,
[39m
[31m+       fetchDraftAssistantContext,
[39m
[31m+     ],
[39m
[31m+   )
[39m
[31m+ 
[39m
[31m+   const handlePoolPreviewSelect = useCallback(
[39m
[31m+     (rawId: string) => {
[39m
[31m+       const player = players.find(
[39m
[31m+         (p) =>
[39m
[31m+           (p.display?.playerId && p.display.playerId === rawId) ||
[39m
[31m+           (p.id && p.id === rawId) ||
[39m
[31m+           p.name === rawId
[39m
[31m+       )
[39m
[31m+       if (player) void handleMakePick(player)
[39m
[31m+     },
[39m
[31m+     [players, handleMakePick],
[39m
[31m+   )
[39m
[31m+ 
[39m
[31m+   const handleDraftIntelPick = useCallback(() => {
[39m
[31m+     const top = draftIntel?.queue.find(
[39m
[31m+       (entry) => 
!draftedNames.has(normalizeDraftedPlayerName(entry.playerName)),
[39m
[31m+     )
[39m
[31m+     if (!top) return
[39m
[31m+     const player = players.find(
[39m
[31m+       (candidate) =>
[39m
[31m+         candidate.name === top.playerName &&
[39m
[31m+         candidate.position === top.position &&
[39m
[31m+         (candidate.team ?? null) === (top.team ?? null)
[39m
[31m+     )
[39m
[31m+     if (player) {
[39m
[31m+       void handleMakePick(player)
[39m
[31m+     }
[39m
[31m+   }, [draftIntel?.queue, draftedNames, players, handleMakePick])
[39m
[31m+ 
[39m
[31m+   const handleAuctionNominate = useCallback(
[39m
[31m+     async (player: PlayerEntry) => {
[39m
[31m+       setPickError(null)
[39m
[31m+       setAuctionNominateLoading(true)
[39m
[31m+       try {
[39m
[31m+         const res = await 
fetch(`/api/leagues/${encodeURIComponent(leagueId)}/draft/auction/nominate`, {
[39m
[31m+           method: 'POST',
[39m
[31m+           headers: { 'Content-Type': 'application/json' },
[39m
[31m+           body: JSON.stringify({
[39m
[31m+             playerName: player.name,
[39m
[31m+             position: player.position,
[39m
[31m+             team: player.team ?? null,
[39m
[31m+             playerId: player.display?.playerId ?? null,
[39m
[31m+             byeWeek: player.byeWeek ?? null,
[39m
[31m+           }),
[39m
[31m+         })
[39m
[31m+         const data = await res.json().catch(() => ({}))
[39m
[31m+         if (res.ok && data.session) {
[39m
[31m+           sendProductAnalyticsBeacon(DRAFT_ROOM.NOMINATE, { leagueId, 
ok: true })
[39m
[31m+           setSession((prev) => mergeDraftSessionSnapshot(prev, 
data.session as DraftSessionSnapshot))
[39m
[31m+         } else {
[39m
[31m+           sendProductAnalyticsBeacon(DRAFT_ROOM.NOMINATE, { leagueId, 
ok: false })
[39m
[31m+           setPickError(typeof data?.error === 'string' ? data.error : 
'Nominate failed.')
[39m
[31m+         }
[39m
[31m+       } finally {
[39m
[31m+         setAuctionNominateLoading(false)
[39m
[31m+       }
[39m
[31m+     },
[39m
[31m+     [leagueId],
[39m
[31m+   )
[39m
[31m+ 
[39m
[31m+   const handleAuctionBid = useCallback(
[39m
[31m+     async (amount: number) => {
[39m
[31m+       setPickError(null)
[39m
[31m+       setAuctionBidLoading(true)
[39m
[31m+       try {
[39m
[31m+         const res = await 
fetch(`/api/leagues/${encodeURIComponent(leagueId)}/draft/auction/bid`, {
[39m
[31m+           method: 'POST',
[39m
[31m+           headers: { 'Content-Type': 'application/json' },
[39m
[31m+           body: JSON.stringify({ amount }),
[39m
[31m+         })
[39m
[31m+         const data = await res.json().catch(() => ({}))
[39m
[31m+         if (res.ok && data.session)
[39m
[31m+           setSession((prev) => mergeDraftSessionSnapshot(prev, 
data.session as DraftSessionSnapshot))
[39m
[31m+         else setPickError(typeof data?.error === 'string' ? data.error 
: 'Bid failed.')
[39m
[31m+       } finally {
[39m
[31m+         setAuctionBidLoading(false)
[39m
[31m+       }
[39m
[31m+     },
[39m
[31m+     [leagueId],
[39m
[31m+   )
[39m
[31m+ 
[39m
[31m+   const handleAuctionResolve = useCallback(async () => {
[39m
[31m+     setPickError(null)
[39m
[31m+     setAuctionResolveLoading(true)
[39m
[31m+     try {
[39m
[31m+       const res = await 
fetch(`/api/leagues/${encodeURIComponent(leagueId)}/draft/auction/resolve`, {
[39m
[31m+         method: 'POST',
[39m
[31m+         headers: { 'Content-Type': 'application/json' },
[39m
[31m+         body: JSON.stringify({}),
[39m
[31m+       })
[39m
[31m+       const data = await res.json().catch(() => ({}))
[39m
[31m+       if (res.ok && data.session)
[39m
[31m+         setSession((prev) => mergeDraftSessionSnapshot(prev, 
data.session as DraftSessionSnapshot))
[39m
[31m+       else setPickError(typeof data?.error === 'string' ? data.error : 
'Resolve failed.')
[39m
[31m+     } finally {
[39m
[31m+       setAuctionResolveLoading(false)
[39m
[31m+     }
[39m
[31m+   }, [leagueId])
[39m
[31m+ 
[39m
[31m+   const handleAutopickExpired = useCallback(async () => {
[39m
[31m+     setPickError(null)
[39m
[31m+     setAutopickExpiredLoading(true)
[39m
[31m+     try {
[39m
[31m+       const res = await 
fetch(`/api/leagues/${encodeURIComponent(leagueId)}/draft/autopick-expired`, {
[39m
[31m+         method: 'POST',
[39m
[31m+         headers: { 'Content-Type': 'application/json' },
[39m
[31m+       })
[39m
[31m+       const data = await res.json().catch(() => ({}))
[39m
[31m+       if (res.ok && data.session) {
[39m
[31m+         setSession((prev) => mergeDraftSessionSnapshot(prev, 
data.session as DraftSessionSnapshot))
[39m
[31m+         const name = data.submittedPlayerName ?? data.pick?.playerName
[39m
[31m+         if (name)
[39m
[31m+           setQueue((prev) =>
[39m
[31m+             prev.filter(
[39m
[31m+               (e) => normalizeDraftedPlayerName(e.playerName) !== 
normalizeDraftedPlayerName(String(name)),
[39m
[31m+             ),
[39m
[31m+           )
[39m
[31m+         await fetchQueue()
[39m
[31m+         await fetchDraftPool()
[39m
[31m+       } else {
[39m
[31m+         setPickError(typeof data?.error === 'string' ? data.error : 
'Use queue failed.')
[39m
[31m+       }
[39m
[31m+     } catch (err) {
[39m
[31m+       draftRoomWarn('autopick-expired', err)
[39m
[31m+       setPickError('Network error while using your queue. Try again.')
[39m
[31m+       await fetchSession()
[39m
[31m+       await fetchQueue()
[39m
[31m+     } finally {
[39m
[31m+       setAutopickExpiredLoading(false)
[39m
[31m+     }
[39m
[31m+   }, [leagueId, fetchQueue, fetchDraftPool, fetchSession])
[39m
[31m+ 
[39m
[31m+   const handleQueueSave = useCallback(
[39m
[31m+     async (newOrder: QueueEntry[]) => {
[39m
[31m+       const limitedQueue = trimDraftQueue(newOrder, draftQueueSizeLimit)
[39m
[31m+       try {
[39m
[31m+         const res = await 
fetch(`/api/leagues/${encodeURIComponent(leagueId)}/draft/queue`, {
[39m
[31m+           method: 'PUT',
[39m
[31m+           headers: { 'Content-Type': 'application/json' },
[39m
[31m+           body: JSON.stringify({ queue: limitedQueue }),
[39m
[31m+         })
[39m
[31m+         const data = await res.json().catch(() => ({}))
[39m
[31m+         if (res.ok && Array.isArray(data.queue)) {
[39m
[31m+           setQueue(data.queue)
[39m
[31m+           return
[39m
[31m+         }
[39m
[31m+         draftRoomWarn('queue-save', { status: res.status, body: data })
[39m
[31m+       } catch (err) {
[39m
[31m+         draftRoomWarn('queue-save-network', err)
[39m
[31m+       }
[39m
[31m+       await fetchQueue()
[39m
[31m+     },
[39m
[31m+     [leagueId, draftQueueSizeLimit, fetchQueue],
[39m
[31m+   )
[39m
[31m+ 
[39m
[31m+   const handleRemoveFromQueue = useCallback(
[39m
[31m+     (index: number) => {
[39m
[31m+       const drafted = new Set(session?.picks?.map((p) => 
normalizeDraftedPlayerName(p.playerName)) ?? [])
[39m
[31m+       const filtered = queue.filter((e) => 
!drafted.has(normalizeDraftedPlayerName(e.playerName)))
[39m
[31m+       const entry = filtered[index]
[39m
[31m+       if (!entry) return
[39m
[31m+       const idxInQueue = queue.findIndex((e) => e.playerName === 
entry.playerName && e.position === entry.position)
[39m
[31m+       if (idxInQueue < 0) return
[39m
[31m+       const next = queue.filter((_, i) => i !== idxInQueue)
[39m
[31m+       setQueue(next)
[39m
[31m+       handleQueueSave(next)
[39m
[31m+     },
[39m
[31m+     [queue, session?.picks, handleQueueSave],
[39m
[31m+   )
[39m
[31m+ 
[39m
[31m+   const handleReorderQueue = useCallback(
[39m
[31m+     (fromIndex: number, toIndex: number) => {
[39m
[31m+       const drafted = new Set(session?.picks?.map((p) => 
normalizeDraftedPlayerName(p.playerName)) ?? [])
[39m
[31m+       const filtered = queue.filter((e) => 
!drafted.has(normalizeDraftedPlayerName(e.playerName)))
[39m
[31m+       if (fromIndex < 0 || fromIndex >= filtered.length) return
[39m
[31m+       // Reorder within the visible (non-drafted) sub-list
[39m
[31m+       const reordered = [...filtered]
[39m
[31m+       const [item] = reordered.splice(fromIndex, 1)
[39m
[31m+       if (item === undefined) return
[39m
[31m+       reordered.splice(toIndex, 0, item)
[39m
[31m+       // Rebuild full queue: keep drafted entries in-place, replace 
non-drafted with reordered order
[39m
[31m+       let reorderedIdx = 0
[39m
[31m+       const next = queue
[39m
[31m+         .map((e) => {
[39m
[31m+           if (drafted.has(normalizeDraftedPlayerName(e.playerName))) 
return e
[39m
[31m+           if (reorderedIdx >= reordered.length) return undefined
[39m
[31m+           return reordered[reorderedIdx++]
[39m
[31m+         })
[39m
[31m+         .filter((e): e is NonNullable<typeof e> => e !== undefined)
[39m
[31m+       setQueue(next)
[39m
[31m+       handleQueueSave(next)
[39m
[31m+     },
[39m
[31m+     [queue, session?.picks, handleQueueSave],
[39m
[31m+   )
[39m
[31m+ 
[39m
[31m+   const handleAiReorderQueue = useCallback(async () => {
[39m
[31m+     const requestAiExplanation = 
Boolean(draftUISettings?.aiQueueReorderEnabled && aiQueueReorderEnabled)
[39m
[31m+     const drafted = new Set(session?.picks?.map((p) => 
normalizeDraftedPlayerName(p.playerName)) ?? [])
[39m
[31m+     const filtered = queue.filter((e) => 
!drafted.has(normalizeDraftedPlayerName(e.playerName)))
[39m
[31m+     if (filtered.length < 2) return
[39m
[31m+     setAiReorderLoading(true)
[39m
[31m+     setAiReorderExplanation(null)
[39m
[31m+     setAiReorderExecutionMode(null)
[39m
[31m+     try {
[39m
[31m+       const res = await 
fetch(`/api/leagues/${encodeURIComponent(leagueId)}/draft/queue/ai-reorder`, {
[39m
[31m+         method: 'POST',
[39m
[31m+         headers: { 'Content-Type': 'application/json' },
[39m
[31m+         body: JSON.stringify({ queue: filtered, aiExplanation: 
requestAiExplanation }),
[39m
[31m+       })
[39m
[31m+       const data = await res.json().catch(() => ({}))
[39m
[31m+       if (res.ok && Array.isArray(data.reordered)) {
[39m
[31m+         setQueue(data.reordered)
[39m
[31m+         await handleQueueSave(data.reordered)
[39m
[31m+         setAiReorderExplanation(data.explanation ?? null)
[39m
[31m+         setAiReorderExecutionMode(typeof data?.execution?.mode === 
'string' ? data.execution.mode : 'rules_engine')
[39m
[31m+       } else {
[39m
[31m+         setAiReorderExplanation(typeof data?.error === 'string' ? 
data.error : 'AI reorder unavailable.')
[39m
[31m+         setAiReorderExecutionMode(null)
[39m
[31m+       }
[39m
[31m+     } finally {
[39m
[31m+       setAiReorderLoading(false)
[39m
[31m+     }
[39m
[31m+   }, [
[39m
[31m+     leagueId,
[39m
[31m+     queue,
[39m
[31m+     session?.picks,
[39m
[31m+     handleQueueSave,
[39m
[31m+     draftUISettings?.aiQueueReorderEnabled,
[39m
[31m+     aiQueueReorderEnabled,
[39m
[31m+   ])
[39m
[31m+ 
[39m
[31m+   const handleAddToQueue = useCallback(
[39m
[31m+     (player: PlayerEntry) => {
[39m
[31m+       if (
[39m
[31m+         !canAddToQueue(
[39m
[31m+           queue.map((entry) => ({ name: entry.playerName, position: 
entry.position, team: entry.team ?? null })),
[39m
[31m+           { name: player.name, position: player.position, team: 
player.team ?? null }
[39m
[31m+         )
[39m
[31m+       ) {
[39m
[31m+         return
[39m
[31m+       }
[39m
[31m+       const entry: QueueEntry = {
[39m
[31m+         playerName: player.name,
[39m
[31m+         position: player.position,
[39m
[31m+         team: player.team ?? null,
[39m
[31m+       }
[39m
[31m+       const next = trimDraftQueue([...queue, entry], 
draftQueueSizeLimit)
[39m
[31m+       sendProductAnalyticsBeacon(DRAFT_ROOM.QUEUE_ADD, {
[39m
[31m+         leagueId,
[39m
[31m+         position: player.position,
[39m
[31m+       })
[39m
[31m+       setQueue(next)
[39m
[31m+       handleQueueSave(next)
[39m
[31m+     },
[39m
[31m+     [queue, handleQueueSave, draftQueueSizeLimit, leagueId],
[39m
[31m+   )
[39m
[31m+ 
[39m
[31m+   const handleDraftFromQueue = useCallback(
[39m
[31m+     (entry: QueueEntry) => {
[39m
[31m+       handleMakePick({ name: entry.playerName, position: 
entry.position, team: entry.team ?? null })
[39m
[31m+     },
[39m
[31m+     [handleMakePick],
[39m
[31m+   )
[39m
[31m+ 
[39m
[31m+   const queueFiltered = useMemo(
[39m
[31m+     () => queue.filter((e) => 
!draftedNames.has(normalizeDraftedPlayerName(e.playerName))),
[39m
[31m+     [queue, draftedNames],
[39m
[31m+   )
[39m
[31m+   const draftIntelQueue = useMemo(
[39m
[31m+     () =>
[39m
[31m+       (draftIntel?.queue ?? []).map((entry) => ({
[39m
[31m+         ...entry,
[39m
[31m+         isTaken: 
draftedNames.has(normalizeDraftedPlayerName(entry.playerName)),
[39m
[31m+       })),
[39m
[31m+     [draftIntel?.queue, draftedNames]
[39m
[31m+   )
[39m
[31m+   const slotOrder = session?.slotOrder ?? []
[39m
[31m+   const aiManagedRosterIds = useMemo(() => {
[39m
[31m+     const fromComm = commissionerAiDraft?.assignedAiTeams?.filter((t) 
=> t.active).map((t) => t.teamId) ?? []
[39m
[31m+     return [...new Set([...fromComm, ...aiOpponentRosterIds])]
[39m
[31m+   }, [commissionerAiDraft?.assignedAiTeams, aiOpponentRosterIds])
[39m
[31m+   const draftTeamPanelProps = useMemo(() => {
[39m
[31m+     const devyRoundsSet = new Set<number>(
[39m
[31m+       ((session as DraftSessionSnapshot | null)?.c2c?.enabled
[39m
[31m+         ? []
[39m
[31m+         : (session as DraftSessionSnapshot | null)?.devy?.devyRounds) 
?? [],
[39m
[31m+     )
[39m
[31m+     const c2cCollegeRoundsSet = new Set<number>(
[39m
[31m+       (session as DraftSessionSnapshot | null)?.c2c?.collegeRounds ?? 
[],
[39m
[31m+     )
[39m
[31m+     const showRosterStrip =
[39m
[31m+       isDynasty ||
[39m
[31m+       devyRoundsSet.size > 0 ||
[39m
[31m+       c2cCollegeRoundsSet.size > 0 ||
[39m
[31m+       presentationVariant === 'redraft_snake'
[39m
[31m+     return {
[39m
[31m+       leagueName,
[39m
[31m+       sport: effectiveDraftSport,
[39m
[31m+       slotOrder,
[39m
[31m+       currentUserRosterId: currentUserRosterId ?? null,
[39m
[31m+       draftedPicks: (session?.picks ?? []).map((p) => ({
[39m
[31m+         playerName: p.playerName,
[39m
[31m+         position: p.position,
[39m
[31m+         overall: p.overall,
[39m
[31m+         rosterId: p.rosterId,
[39m
[31m+         // Commit S ΓÇö flow byeWeek through so the war room can detect
[39m
[31m+         // bye-week clusters in the focus team's drafted starters.
[39m
[31m+         byeWeek: (p as { byeWeek?: number | null }).byeWeek ?? null,
[39m
[31m+         isDevy: devyRoundsSet.has(p.round) || 
c2cCollegeRoundsSet.has(p.round),
[39m
[31m+       })),
[39m
[31m+       teamCount: session?.teamCount ?? 0,
[39m
[31m+       rounds: session?.rounds ?? 0,
[39m
[31m+       leaguePicksMade: session?.picks?.length ?? 0,
[39m
[31m+       commissionerAiTeams: commissionerAiDraft?.assignedAiTeams,
[39m
[31m+       showRosterStrip,
[39m
[31m+       isDynasty,
[39m
[31m+       // Real sport-aware slot config from 
/api/leagues/{id}/roster-config.
[39m
[31m+       // Falls back to the DraftRosterStrip's NFL defaults when the 
fetch
[39m
[31m+       // hasn't completed or failed.
[39m
[31m+       starterSlots: rosterConfig?.starterSlots ?? null,
[39m
[31m+       benchSlots: rosterConfig?.benchSlots ?? null,
[39m
[31m+       taxiSlots: rosterConfig?.taxiSlots ?? null,
[39m
[31m+       devySlots: rosterConfig?.devySlots ?? null,
[39m
[31m+     }
[39m
[31m+   }, [
[39m
[31m+     leagueName,
[39m
[31m+     effectiveDraftSport,
[39m
[31m+     slotOrder,
[39m
[31m+     currentUserRosterId,
[39m
[31m+     session,
[39m
[31m+     commissionerAiDraft?.assignedAiTeams,
[39m
[31m+     isDynasty,
[39m
[31m+     rosterConfig,
[39m
[31m+     presentationVariant,
[39m
[31m+   ])
[39m
[31m+   const aiAdpUnavailable = Boolean(draftUISettings?.aiAdpEnabled && 
!poolLoading && (!leagueAiAdp?.entries?.length && leagueAiAdp?.message))
[39m
[31m+   const aiAdpStaleWarning = Boolean(draftUISettings?.aiAdpEnabled && 
leagueAiAdp?.stale)
[39m
[31m+   const aiAdpLowSampleWarning = Boolean(leagueAiAdp?.entries?.some((e) 
=> e.lowSample))
[39m
[31m+ 
[39m
[31m+   /**
[39m
[31m+    * D.6 ΓÇö Results / Roster panel data. Read-only view of every 
team's roster;
[39m
[31m+    * defaults to the current user's team. Reuses session.slotOrder for 
team list
[39m
[31m+    * + session.picks for drafted players.
[39m
[31m+    */
[39m
[31m+   const resultsRosterTeams = useMemo<ResultsRosterPanelTeam[]>(() => {
[39m
[31m+     const order = session?.slotOrder ?? []
[39m
[31m+     return order.map((s) => ({
[39m
[31m+       rosterId: s.rosterId,
[39m
[31m+       displayName: s.displayName?.trim() ? s.displayName : `Slot 
${s.slot}`,
[39m
[31m+       isCurrentUser: s.rosterId === (currentUserRosterId ?? null),
[39m
[31m+       isAi: aiManagedRosterIds.includes(s.rosterId),
[39m
[31m+     }))
[39m
[31m+   }, [session?.slotOrder, currentUserRosterId, aiManagedRosterIds])
[39m
[31m+ 
[39m
[31m+   const resultsRosterPicks = useMemo<ResultsRosterPanelPick[]>(() => {
[39m
[31m+     return (session?.picks ?? []).map((p) => ({
[39m
[31m+       rosterId: p.rosterId,
[39m
[31m+       playerName: p.playerName,
[39m
[31m+       position: p.position,
[39m
[31m+       team: p.team ?? null,
[39m
[31m+       overall: p.overall,
[39m
[31m+     }))
[39m
[31m+   }, [session?.picks])
[39m
[31m+ 
[39m
[31m+   /**
[39m
[31m+    * D.6 ΓÇö War Room popup notification badge. Lights up when a fresh 
AI
[39m
[31m+    * recommendation is available and the user hasn't opened the popup 
yet.
[39m
[31m+    */
[39m
[31m+   const warRoomHasNewIntel = 
Boolean(recommendationResult?.recommendation)
[39m
[31m+ 
[39m
[31m+   const viewerDraftedPicks = useMemo(
[39m
[31m+     () => (session?.picks ?? []).filter((p) => p.rosterId === 
currentUserRosterId),
[39m
[31m+     [session?.picks, currentUserRosterId],
[39m
[31m+   )
[39m
[31m+ 
[39m
[31m+   const redraftRibbonOnDeck = useMemo(() => {
[39m
[31m+     if (!session) return []
[39m
[31m+     if (session.status === 'pre_draft') {
[39m
[31m+       const order = session.slotOrder ?? []
[39m
[31m+       return order.slice(0, 4).map((s) => ({
[39m
[31m+         slot: s.slot,
[39m
[31m+         displayName: s.displayName?.trim() ? s.displayName : `Team 
${s.slot}`,
[39m
[31m+       }))
[39m
[31m+     }
[39m
[31m+     if (!currentPick || (session.status !== 'in_progress' && 
session.status !== 'paused')) return []
[39m
[31m+     const total = session.rounds * session.teamCount
[39m
[31m+     const next = currentPick.overall + 1
[39m
[31m+     if (next > total) return []
[39m
[31m+     return getUpcomingPickOwners(
[39m
[31m+       next,
[39m
[31m+       4,
[39m
[31m+       session.teamCount,
[39m
[31m+       session.draftType,
[39m
[31m+       session.thirdRoundReversal,
[39m
[31m+       session.slotOrder,
[39m
[31m+       total,
[39m
[31m+     )
[39m
[31m+   }, [session, currentPick])
[39m
[31m+ 
[39m
[31m+   const redraftBackToBackSoon = useMemo(
[39m
[31m+     () =>
[39m
[31m+       session ? detectSnakeBackToBackSoon(session as 
DraftSessionSnapshot, currentUserRosterId ?? null) : false,
[39m
[31m+     [session, currentUserRosterId],
[39m
[31m+   )
[39m
[31m+ 
[39m
[31m+   const redraftStarterHints = useMemo(
[39m
[31m+     () =>
[39m
[31m+       presentationVariant === 'redraft_snake' && !isDynasty
[39m
[31m+         ? computeRedraftStarterHints(
[39m
[31m+             effectiveDraftSport,
[39m
[31m+             viewerDraftedPicks.map((p) => ({ position: p.position })),
[39m
[31m+             formatType,
[39m
[31m+           )
[39m
[31m+         : undefined,
[39m
[31m+     [presentationVariant, isDynasty, effectiveDraftSport, 
viewerDraftedPicks, formatType],
[39m
[31m+   )
[39m
[31m+ 
[39m
[31m+   useEffect(() => {
[39m
[31m+     if (!pickSuccessFlash) return
[39m
[31m+     const id = window.setTimeout(() => setPickSuccessFlash(null), 4200)
[39m
[31m+     return () => window.clearTimeout(id)
[39m
[31m+   }, [pickSuccessFlash])
[39m
[31m+ 
[39m
[31m+   const orphanRosterIds = (session as any)?.orphanRosterIds as string[] 
| undefined
[39m
[31m+   const aiManagerEnabled = (session as any)?.aiManagerEnabled as 
boolean | undefined
[39m
[31m+   const isOrphanOnClock = Boolean(
[39m
[31m+     currentPick?.rosterId && Array.isArray(orphanRosterIds) && 
orphanRosterIds.includes(currentPick.rosterId) && aiManagerEnabled
[39m
[31m+   )
[39m
[31m+   const autoPickEnabled = draftUISettings?.autoPickEnabled ?? false
[39m
[31m+   const chimmyHeadlineSummary = (draftAssistantContext?.headlines ?? [])
[39m
[31m+     .slice(0, 2)
[39m
[31m+     .map((item) => item.playerName ? `${item.playerName}: 
${item.title}` : item.title)
[39m
[31m+   const chimmyInjurySummary = (draftAssistantContext?.injuries ?? [])
[39m
[31m+     .slice(0, 2)
[39m
[31m+     .map((item) => `${item.playerName}${item.team ? ` (${item.team})` : 
''} ${item.status ?? 'watch'}`.trim())
[39m
[31m+   const chimmyDraftPrompt = [
[39m
[31m+     buildDraftSummaryForAI({
[39m
[31m+       sport: effectiveDraftSport,
[39m
[31m+       round: currentPick?.round,
[39m
[31m+       pick: currentPick?.slot,
[39m
[31m+       queueLength: queueFiltered.length,
[39m
[31m+       queueTopPlayers: queueFiltered.slice(0, 3).map((entry) => 
entry.playerName),
[39m
[31m+       currentOnClockManager: currentPick?.displayName,
[39m
[31m+       rosterPositions: effectiveRosterSlots,
[39m
[31m+       leagueName,
[39m
[31m+     }),
[39m
[31m+     session?.draftType ? `Draft type: ${session.draftType}.` : '',
[39m
[31m+     presentationVariant === 'redraft_snake' && !isDynasty
[39m
[31m+       ? 'Scope: live redraft for this season only ΓÇö prioritize best 
available, roster holes, and positional scarcity for this draft room (not 
dynasty stash, devy, or multi-year planning unless the current round 
explicitly requires it).'
[39m
[31m+       : '',
[39m
[31m+     chimmyHeadlineSummary.length ? `Recent news: 
${chimmyHeadlineSummary.join(' | ')}.` : '',
[39m
[31m+     chimmyInjurySummary.length ? `Recent injuries: 
${chimmyInjurySummary.join(' | ')}.` : '',
[39m
[31m+   ].filter(Boolean).join(' ')
[39m
[31m+   const chimmyToolSummary = [
[39m
[31m+     session?.draftType ? `${session.draftType} draft` : 'live draft',
[39m
[31m+     draftAssistantContext?.sportsFeed?.available
[39m
[31m+       ? `${draftAssistantContext.headlines.length} headlines`
[39m
[31m+       : 'sports feed standing by',
[39m
[31m+     draftAssistantContext?.injuries?.length
[39m
[31m+       ? `${draftAssistantContext.injuries.length} injury notes`
[39m
[31m+       : null,
[39m
[31m+     draftUISettings?.aiAdpEnabled ? 'AI ADP ready' : null,
[39m
[31m+     draftUISettings?.aiQueueReorderEnabled ? 'queue AI ready' : null,
[39m
[31m+   ].filter(Boolean).join(' ΓÇó ')
[39m
[31m+   const chatMessagesWithAi = useMemo(() => {
[39m
[31m+     const base = [...chatMessages]
[39m
[31m+     const injected: typeof base = []
[39m
[31m+     const aiCopilotWire = {
[39m
[31m+       messageCategory: 'AI_MESSAGE' as const,
[39m
[31m+       sourceContext: 'draft_room' as const,
[39m
[31m+       syncToLeagueChat: false as const,
[39m
[31m+     }
[39m
[31m+     const rs = presentationVariant === 'redraft_snake'
[39m
[31m+ 
[39m
[31m+     const onClockId = `ai-copilot-onclock-${currentPick?.overall ?? 
'na'}-${recommendationResult?.recommendation?.player.name ?? 'na'}`
[39m
[31m+     if (isCurrentUserOnClock && recommendationResult?.recommendation) {
[39m
[31m+       const rec = recommendationResult.recommendation
[39m
[31m+       const extra =
[39m
[31m+         recommendationResult.scarcityInsight?.trim()
[39m
[31m+           ? ` ${recommendationResult.scarcityInsight.trim()}`
[39m
[31m+           : ''
[39m
[31m+       if (!base.some((m) => m.id === onClockId)) {
[39m
[31m+         const poolRow = players.find(
[39m
[31m+           (p) =>
[39m
[31m+             p.name.trim().toLowerCase() === 
rec.player.name.trim().toLowerCase() &&
[39m
[31m+             p.position.trim().toLowerCase() === 
rec.player.position.trim().toLowerCase(),
[39m
[31m+         )
[39m
[31m+         const feedSnap = getAssistantFeedForPlayer(assistantFeedByName, 
rec.player.name)
[39m
[31m+         const playerContext = poolRow
[39m
[31m+           ? buildDraftChatPlayerContextFromDisplay(poolRow, {
[39m
[31m+               headlineSnippet: feedSnap?.headlineTitle ?? null,
[39m
[31m+             })
[39m
[31m+           : undefined
[39m
[31m+         injected.push({
[39m
[31m+           ...aiCopilotWire,
[39m
[31m+           id: onClockId,
[39m
[31m+           from: 'Draft copilot',
[39m
[31m+           text: `On the clock: ${rec.player.name} 
(${rec.player.position}${rec.player.team ? `, ${rec.player.team}` : ''}). 
${rec.reason}.${extra}`,
[39m
[31m+           at: new Date().toISOString(),
[39m
[31m+           isAiSuggestion: true,
[39m
[31m+           messageType: 'copilot_on_clock',
[39m
[31m+           ...(playerContext ? { playerContext } : {}),
[39m
[31m+         })
[39m
[31m+       }
[39m
[31m+     }
[39m
[31m+ 
[39m
[31m+     const prepId = `ai-copilot-prep-${currentPick?.overall ?? 
'x'}-${ribbonPicksUntilUser ?? 'n'}-${warRoomData?.bestPick?.name ?? 'na'}`
[39m
[31m+     if (
[39m
[31m+       rs &&
[39m
[31m+       !isCurrentUserOnClock &&
[39m
[31m+       warRoomData?.bestPick &&
[39m
[31m+       ribbonPicksUntilUser != null &&
[39m
[31m+       ribbonPicksUntilUser > 0 &&
[39m
[31m+       ribbonPicksUntilUser <= 4
[39m
[31m+     ) {
[39m
[31m+       const w = warRoomData.bestPick
[39m
[31m+       const tip =
[39m
[31m+         warRoomData.strategyTip?.trim() ||
[39m
[31m+         warRoomData.reasoning?.[0]?.trim() ||
[39m
[31m+         'Open the helper panel for full War Room context.'
[39m
[31m+       if (!base.some((m) => m.id === prepId) && !injected.some((m) => 
m.id === prepId)) {
[39m
[31m+         const poolRow = players.find(
[39m
[31m+           (p) =>
[39m
[31m+             p.name.trim().toLowerCase() === w.name.trim().toLowerCase() 
&&
[39m
[31m+             p.position.trim().toLowerCase() === 
w.position.trim().toLowerCase(),
[39m
[31m+         )
[39m
[31m+         const feedSnap = getAssistantFeedForPlayer(assistantFeedByName, 
w.name)
[39m
[31m+         const playerContext = poolRow
[39m
[31m+           ? buildDraftChatPlayerContextFromDisplay(poolRow, {
[39m
[31m+               headlineSnippet: feedSnap?.headlineTitle ?? null,
[39m
[31m+             })
[39m
[31m+           : undefined
[39m
[31m+         injected.push({
[39m
[31m+           ...aiCopilotWire,
[39m
[31m+           id: prepId,
[39m
[31m+           from: 'Draft copilot',
[39m
[31m+           text: `Your pick approaches in ~${ribbonPicksUntilUser} 
selection(s). Prep idea: ${w.name} (${w.position}) ΓÇö ${tip}`,
[39m
[31m+           at: new Date().toISOString(),
[39m
[31m+           isAiSuggestion: true,
[39m
[31m+           messageType: 'copilot_prepare',
[39m
[31m+           ...(playerContext ? { playerContext } : {}),
[39m
[31m+         })
[39m
[31m+       }
[39m
[31m+     }
[39m
[31m+ 
[39m
[31m+     if (rs && queueFiltered.length > 0) {
[39m
[31m+       const top = queueFiltered[0]
[39m
[31m+       if (draftedNames.has(normalizeDraftedPlayerName(top.playerName))) 
{
[39m
[31m+         const qid = `ai-copilot-queue-taken-${currentPick?.overall ?? 
'o'}-${normalizeDraftedPlayerName(top.playerName)}`
[39m
[31m+         if (!base.some((m) => m.id === qid) && !injected.some((m) => 
m.id === qid)) {
[39m
[31m+           const poolRow =
[39m
[31m+             players.find(
[39m
[31m+               (p) => normalizeDraftedPlayerName(p.name) === 
normalizeDraftedPlayerName(top.playerName),
[39m
[31m+             ) ?? null
[39m
[31m+           const feedSnap = poolRow ? 
getAssistantFeedForPlayer(assistantFeedByName, poolRow.name) : null
[39m
[31m+           const playerContext = poolRow
[39m
[31m+             ? buildDraftChatPlayerContextFromDisplay(poolRow, {
[39m
[31m+                 headlineSnippet: feedSnap?.headlineTitle ?? null,
[39m
[31m+               })
[39m
[31m+             : undefined
[39m
[31m+           injected.push({
[39m
[31m+             ...aiCopilotWire,
[39m
[31m+             id: qid,
[39m
[31m+             from: 'Draft copilot',
[39m
[31m+             text: `Queue alert: ${top.playerName} is already off the 
board. Reorder your queue or refresh the helper.`,
[39m
[31m+             at: new Date().toISOString(),
[39m
[31m+             isAiSuggestion: true,
[39m
[31m+             messageType: 'queue_conflict',
[39m
[31m+             ...(playerContext ? { playerContext } : {}),
[39m
[31m+           })
[39m
[31m+         }
[39m
[31m+       }
[39m
[31m+     }
[39m
[31m+ 
[39m
[31m+     if (injected.length === 0) return base
[39m
[31m+     return [...base, ...injected]
[39m
[31m+   }, [
[39m
[31m+     chatMessages,
[39m
[31m+     isCurrentUserOnClock,
[39m
[31m+     recommendationResult,
[39m
[31m+     currentPick?.overall,
[39m
[31m+     presentationVariant,
[39m
[31m+     warRoomData,
[39m
[31m+     ribbonPicksUntilUser,
[39m
[31m+     queueFiltered,
[39m
[31m+     draftedNames,
[39m
[31m+     assistantFeedByName,
[39m
[31m+     players,
[39m
[31m+   ])
[39m
[31m+   const currentRoster: Array<{ playerName: string; position: string; 
team: string | null }> = []
[39m
[31m+   const nextQueuedAvailable = queueFiltered.length > 0 && canDraft ? 
queueFiltered[0] : null
[39m
[31m+ 
[39m
[31m+   const aiRowBadges = useMemo(() => {
[39m
[31m+     if (!warRoomData?.bestPick) return undefined
[39m
[31m+     const out: Record<string, 'ai_pick' | 'value' | 'risky'> = {}
[39m
[31m+     const key = (n: string, pos: string) => 
`${n.trim().toLowerCase()}|${pos.trim().toLowerCase()}`
[39m
[31m+     out[key(warRoomData.bestPick.name, warRoomData.bestPick.position)] =
[39m
[31m+       warRoomData.risk === 'high' ? 'risky' : 'ai_pick'
[39m
[31m+     for (const alt of warRoomData.alternatives ?? []) {
[39m
[31m+       const k = key(alt.name, alt.position)
[39m
[31m+       if (!out[k]) out[k] = 'value'
[39m
[31m+     }
[39m
[31m+     return out
[39m
[31m+   }, [warRoomData])
[39m
[31m+ 
[39m
[31m+   const recommendedPlayerResolved = useMemo(() => {
[39m
[31m+     const r = recommendationResult?.recommendation
[39m
[31m+     if (!r) return null
[39m
[31m+     if (!isAiRecommendationPlayerAvailable(r.player.name, 
r.player.position)) return null
[39m
[31m+     return resolvePlayerFromPool(r.player.name, r.player.position)
[39m
[31m+   }, [recommendationResult?.recommendation, resolvePlayerFromPool, 
isAiRecommendationPlayerAvailable])
[39m
[31m+ 
[39m
[31m+   const handleAddIntelQueueSuggestion = useCallback(
[39m
[31m+     (entry: DraftIntelQueueEntry) => {
[39m
[31m+       if (entry.isTaken) return
[39m
[31m+       const pid = entry.playerId?.trim()
[39m
[31m+       let pool: PlayerEntry | null = null
[39m
[31m+       if (pid) {
[39m
[31m+         pool =
[39m
[31m+           players.find((p) => String(p.display?.playerId ?? p.id ?? 
'').trim() === pid) ?? null
[39m
[31m+       }
[39m
[31m+       pool =
[39m
[31m+         pool ??
[39m
[31m+         players.find(
[39m
[31m+           (p) =>
[39m
[31m+             normalizeDraftedPlayerName(p.name) === 
normalizeDraftedPlayerName(entry.playerName) &&
[39m
[31m+             p.position.trim().toLowerCase() === 
entry.position.trim().toLowerCase(),
[39m
[31m+         ) ??
[39m
[31m+         null
[39m
[31m+       if (!pool || 
draftedNames.has(normalizeDraftedPlayerName(pool.name))) return
[39m
[31m+       handleAddToQueue(pool)
[39m
[31m+     },
[39m
[31m+     [players, draftedNames, handleAddToQueue],
[39m
[31m+   )
[39m
[31m+ 
[39m
[31m+   const getDraftCopilotInsight = useCallback(
[39m
[31m+     (p: PlayerEntry): DraftCopilotInsight | null => {
[39m
[31m+       if (presentationVariant !== 'redraft_snake' || isDynasty) return 
null
[39m
[31m+ 
[39m
[31m+       const keyOf = (name: string, pos: string) =>
[39m
[31m+         `${name.trim().toLowerCase()}|${pos.trim().toLowerCase()}`
[39m
[31m+       const pk = keyOf(p.name, p.position)
[39m
[31m+       const bullets: string[] = []
[39m
[31m+ 
[39m
[31m+       const rec = recommendationResult?.recommendation
[39m
[31m+       const isTopRec = Boolean(rec && keyOf(rec.player.name, 
rec.player.position) === pk)
[39m
[31m+ 
[39m
[31m+       if (isTopRec && rec) {
[39m
[31m+         bullets.push(rec.reason)
[39m
[31m+         const rr = recommendationResult
[39m
[31m+         if (rr?.scarcityInsight?.trim()) 
bullets.push(rr.scarcityInsight.trim())
[39m
[31m+         if (rr?.reachWarning?.trim()) bullets.push(`Reach note: 
${rr.reachWarning.trim()}`)
[39m
[31m+         if (rr?.valueWarning?.trim()) bullets.push(`Value note: 
${rr.valueWarning.trim()}`)
[39m
[31m+       }
[39m
[31m+ 
[39m
[31m+       const altMatch = recommendationResult?.alternatives?.find(
[39m
[31m+         (a) => keyOf(a.player.name, a.player.position) === pk,
[39m
[31m+       )
[39m
[31m+       if (altMatch) bullets.push(altMatch.reason)
[39m
[31m+ 
[39m
[31m+       const wr = warRoomData
[39m
[31m+       if (wr?.bestPick && keyOf(wr.bestPick.name, wr.bestPick.position) 
=== pk) {
[39m
[31m+         bullets.push(...(wr.reasoning ?? []).slice(0, 2))
[39m
[31m+         if (wr.teamNeedSummary?.trim()) 
bullets.push(wr.teamNeedSummary.trim())
[39m
[31m+         if (wr.riskNote?.trim()) bullets.push(`Risk: 
${wr.riskNote.trim()}`)
[39m
[31m+       }
[39m
[31m+ 
[39m
[31m+       const filtered = bullets.filter(Boolean).slice(0, 8)
[39m
[31m+       if (filtered.length === 0) return null
[39m
[31m+ 
[39m
[31m+       let stance: DraftCopilotInsight['stance'] | undefined
[39m
[31m+       if (wr?.bestPick && keyOf(wr.bestPick.name, wr.bestPick.position) 
=== pk) {
[39m
[31m+         const risk = wr.risk
[39m
[31m+         if (risk === 'high') stance = 'upside'
[39m
[31m+         else if (risk === 'low') stance = 'safer'
[39m
[31m+         else stance = 'balanced'
[39m
[31m+       }
[39m
[31m+ 
[39m
[31m+       let headline = 'Draft context'
[39m
[31m+       if (isTopRec) headline = 'Copilot recommendation'
[39m
[31m+       else if (altMatch) headline = 'Copilot alternative'
[39m
[31m+       else if (wr?.bestPick && keyOf(wr.bestPick.name, 
wr.bestPick.position) === pk) headline = 'War Room focus'
[39m
[31m+ 
[39m
[31m+       return { headline, bullets: filtered, stance }
[39m
[31m+     },
[39m
[31m+     [presentationVariant, isDynasty, recommendationResult, warRoomData],
[39m
[31m+   )
[39m
[31m+ 
[39m
[31m+   const fetchWarRoom = useCallback(
[39m
[31m+     async (force?: boolean) => {
[39m
[31m+       if (!session || !currentPick || !session.teamCount || 
players.length === 0) return
[39m
[31m+       if (session.status !== 'in_progress') return
[39m
[31m+       if (session.draftType === 'auction' && !isMyTurnToNominateDraft) 
return
[39m
[31m+ 
[39m
[31m+       const cacheKey = `${currentPick.overall}|${session.picks?.length 
?? 0}|${draftedPlayerIds.size}|${currentUserRosterId ?? ''}`
[39m
[31m+       if (force) warRoomCacheRef.current.delete(cacheKey)
[39m
[31m+       if (!force && warRoomCacheRef.current.has(cacheKey)) {
[39m
[31m+         setWarRoomData(warRoomCacheRef.current.get(cacheKey)!)
[39m
[31m+         setWarRoomLoading(false)
[39m
[31m+         return
[39m
[31m+       }
[39m
[31m+ 
[39m
[31m+       setWarRoomLoading(true)
[39m
[31m+       setWarRoomError(null)
[39m
[31m+       try {
[39m
[31m+         const myRoster =
[39m
[31m+           session.picks?.filter((p) => p.rosterId === 
currentUserRosterId).map((p) => ({
[39m
[31m+             position: p.position,
[39m
[31m+             team: p.team ?? null,
[39m
[31m+             byeWeek: p.byeWeek ?? null,
[39m
[31m+           })) ?? []
[39m
[31m+         const availablePool = filterPlayersAvailableForDraftAi(players, 
draftedNames, draftedPlayerIds)
[39m
[31m+         const available = availablePool.map((p) => ({
[39m
[31m+             name: p.name,
[39m
[31m+             position: p.position,
[39m
[31m+             team: p.team ?? null,
[39m
[31m+             adp: draftUISettings?.aiAdpEnabled && p.aiAdp != null ? 
p.aiAdp : p.adp,
[39m
[31m+           }))
[39m
[31m+         if (available.length === 0) {
[39m
[31m+           setWarRoomData(null)
[39m
[31m+           setWarRoomError(null)
[39m
[31m+           setWarRoomLoading(false)
[39m
[31m+           return
[39m
[31m+         }
[39m
[31m+         const recentPicks = (session.picks ?? []).slice(-14).map((p) => 
({
[39m
[31m+           playerName: p.playerName,
[39m
[31m+           position: p.position,
[39m
[31m+           team: p.team ?? null,
[39m
[31m+           pickLabel: p.pickLabel,
[39m
[31m+         }))
[39m
[31m+         const totalPicks = session.rounds * session.teamCount
[39m
[31m+         const upcoming = getUpcomingPickOwners(
[39m
[31m+           currentPick.overall + 1,
[39m
[31m+           8,
[39m
[31m+           session.teamCount,
[39m
[31m+           session.draftType,
[39m
[31m+           session.thirdRoundReversal,
[39m
[31m+           session.slotOrder,
[39m
[31m+           totalPicks,
[39m
[31m+         )
[39m
[31m+         const aiAdpByKey =
[39m
[31m+           draftUISettings?.aiAdpEnabled && leagueAiAdp?.entries?.length
[39m
[31m+             ? expandAiAdpKeysForLookup(leagueAiAdp.entries)
[39m
[31m+             : {}
[39m
[31m+         const res = await fetch('/api/ai/draft/recommend', {
[39m
[31m+           method: 'POST',
[39m
[31m+           headers: { 'Content-Type': 'application/json' },
[39m
[31m+           body: JSON.stringify({
[39m
[31m+             leagueId,
[39m
[31m+             availablePlayers: available,
[39m
[31m+             userRoster: myRoster,
[39m
[31m+             recentPicks,
[39m
[31m+             nextTeams: upcoming.map((u) => u.displayName),
[39m
[31m+             round: currentPick.round,
[39m
[31m+             pick: currentPick.slot,
[39m
[31m+             pickInRound: currentPick.slot,
[39m
[31m+             totalTeams: session.teamCount,
[39m
[31m+             sport: effectiveDraftSport,
[39m
[31m+             draftType: session.draftType,
[39m
[31m+             isDynasty,
[39m
[31m+             isSuperflex: isSuperflexFormat,
[39m
[31m+             isSF: isSuperflexFormat,
[39m
[31m+             rosterSlots: effectiveRosterSlots,
[39m
[31m+             aiAdpByKey: Object.keys(aiAdpByKey).length ? aiAdpByKey : 
undefined,
[39m
[31m+             mode: 'needs',
[39m
[31m+             currentPick: {
[39m
[31m+               overall: currentPick.overall,
[39m
[31m+               round: currentPick.round,
[39m
[31m+               slot: currentPick.slot,
[39m
[31m+               rosterId: currentPick.rosterId,
[39m
[31m+             },
[39m
[31m+             // Commit U ΓÇö forward Commit-S team-needs context so the 
AI
[39m
[31m+             // helper can prompt against rule-correct positional gaps
[39m
[31m+             // (driven by the league's actual starterSlots map, not a
[39m
[31m+             // hardcoded NFL skill heuristic). Pure additive ΓÇö the
[39m
[31m+             // recommend route currently doesn't read this field, so
[39m
[31m+             // older AI helpers continue to function unchanged. Bye-
[39m
[31m+             // week clusters are surfaced for the same reason: helps the
[39m
[31m+             // AI avoid recommending another player on an 
already-stacked
[39m
[31m+             // bye week.
[39m
[31m+             teamNeeds: computeTeamNeeds({
[39m
[31m+               picks: myRoster.map((r) => ({ position: r.position })),
[39m
[31m+               starterSlots: rosterConfig?.starterSlots ?? null,
[39m
[31m+             }),
[39m
[31m+             byeWeekClusters: detectByeWeekClusters(
[39m
[31m+               myRoster.map((r) => ({ position: r.position, byeWeek: 
r.byeWeek })),
[39m
[31m+             ),
[39m
[31m+           }),
[39m
[31m+         })
[39m
[31m+         const data = await res.json().catch(() => ({}))
[39m
[31m+         if (!res.ok || !data.ok) {
[39m
[31m+           setWarRoomError(typeof data.error === 'string' ? data.error : 
'War room unavailable')
[39m
[31m+           setWarRoomData(null)
[39m
[31m+           return
[39m
[31m+         }
[39m
[31m+         const riskRaw = String(data.risk ?? '').toLowerCase()
[39m
[31m+         const risk: DraftWarRoomSnapshot['risk'] =
[39m
[31m+           riskRaw === 'low' || riskRaw === 'medium' || riskRaw === 
'high' ? riskRaw : 'medium'
[39m
[31m+         const snap: DraftWarRoomSnapshot = {
[39m
[31m+           bestPick: data.bestPick,
[39m
[31m+           confidence: Number(data.confidence) || 0,
[39m
[31m+           reasoning: Array.isArray(data.reasoning) ? data.reasoning : 
[],
[39m
[31m+           strategyTip: String(data.strategyTip ?? ''),
[39m
[31m+           risk,
[39m
[31m+           riskNote: String(data.riskNote ?? ''),
[39m
[31m+           alternatives: Array.isArray(data.alternatives) ? 
data.alternatives : [],
[39m
[31m+           teamNeedSummary: typeof data.teamNeedSummary === 'string' ? 
data.teamNeedSummary : undefined,
[39m
[31m+           fallback: Boolean(data.fallback),
[39m
[31m+         }
[39m
[31m+         warRoomCacheRef.current.set(cacheKey, snap)
[39m
[31m+         setWarRoomData(snap)
[39m
[31m+       } catch (e) {
[39m
[31m+         setWarRoomError(e instanceof Error ? e.message : 'War room 
failed')
[39m
[31m+         setWarRoomData(null)
[39m
[31m+       } finally {
[39m
[31m+         setWarRoomLoading(false)
[39m
[31m+       }
[39m
[31m+     },
[39m
[31m+     [
[39m
[31m+       session,
[39m
[31m+       currentPick,
[39m
[31m+       players,
[39m
[31m+       draftedNames,
[39m
[31m+       draftedPlayerIds,
[39m
[31m+       draftUISettings?.aiAdpEnabled,
[39m
[31m+       leagueAiAdp,
[39m
[31m+       effectiveDraftSport,
[39m
[31m+       effectiveRosterSlots,
[39m
[31m+       isSuperflexFormat,
[39m
[31m+       isDynasty,
[39m
[31m+       currentUserRosterId,
[39m
[31m+       leagueId,
[39m
[31m+       isMyTurnToNominateDraft,
[39m
[31m+     ],
[39m
[31m+   )
[39m
[31m+ 
[39m
[31m+   const scheduleWarRoomFetch = useCallback(
[39m
[31m+     (force?: boolean) => {
[39m
[31m+       if (warRoomDebounceRef.current) 
clearTimeout(warRoomDebounceRef.current)
[39m
[31m+       warRoomDebounceRef.current = setTimeout(() => {
[39m
[31m+         warRoomDebounceRef.current = null
[39m
[31m+         void fetchWarRoom(force)
[39m
[31m+       }, 420)
[39m
[31m+     },
[39m
[31m+     [fetchWarRoom],
[39m
[31m+   )
[39m
[31m+ 
[39m
[31m+   useEffect(() => {
[39m
[31m+     if (!session?.teamCount || !currentPick || players.length === 0) 
return
[39m
[31m+     if (session.status !== 'in_progress') return
[39m
[31m+     scheduleWarRoomFetch(false)
[39m
[31m+     return () => {
[39m
[31m+       if (warRoomDebounceRef.current) 
clearTimeout(warRoomDebounceRef.current)
[39m
[31m+     }
[39m
[31m+   }, [
[39m
[31m+     currentPick?.overall,
[39m
[31m+     session?.picks?.length,
[39m
[31m+     session?.status,
[39m
[31m+     session?.draftType,
[39m
[31m+     session?.teamCount,
[39m
[31m+     players.length,
[39m
[31m+     currentUserRosterId,
[39m
[31m+     isMyTurnToNominateDraft,
[39m
[31m+     scheduleWarRoomFetch,
[39m
[31m+   ])
[39m
[31m+ 
[39m
[31m+   const draftSeasonYear = useMemo(() => new Date().getUTCFullYear(), [])
[39m
[31m+ 
[39m
[31m+   const playerPoolNode = useMemo(
[39m
[31m+     () => (
[39m
[31m+       <SportAwareDraftRoom
[39m
[31m+         players={players}
[39m
[31m+         draftedNames={draftedNames}
[39m
[31m+         draftedPlayerIds={draftedPlayerIds}
[39m
[31m+         presentationVariant={presentationVariant === 'redraft_snake' ? 
'redraft_snake' : 'default'}
[39m
[31m+         sport={effectiveDraftSport}
[39m
[31m+         canDraft={!draftRoomState.isAuction && canDraft}
[39m
[31m+         onAddToQueue={handleAddToQueue}
[39m
[31m+         onMakePick={handleMakePick}
[39m
[31m+         currentRoster={currentRoster}
[39m
[31m+         loading={poolLoading}
[39m
[31m+         useAiAdp={draftUISettings?.aiAdpEnabled ?? false}
[39m
[31m+         aiAdpUnavailable={aiAdpUnavailable}
[39m
[31m+         aiAdpUnavailableMessage={leagueAiAdp?.message ?? null}
[39m
[31m+         aiAdpStaleWarning={aiAdpStaleWarning}
[39m
[31m+         aiAdpLowSampleWarning={aiAdpLowSampleWarning}
[39m
[31m+         canNominate={draftRoomState.isAuction ? 
draftRoomState.canNominate : false}
[39m
[31m+         onNominate={draftRoomState.isAuction ? handleAuctionNominate : 
undefined}
[39m
[31m+         devyConfig={
[39m
[31m+           draftPool?.devyConfig
[39m
[31m+             ? draftPool.devyConfig
[39m
[31m+             : (session as DraftSessionSnapshot | null)?.devy?.enabled
[39m
[31m+               ? { enabled: true, devyRounds: (session as 
DraftSessionSnapshot).devy?.devyRounds ?? [] }
[39m
[31m+               : undefined
[39m
[31m+         }
[39m
[31m+         c2cConfig={
[39m
[31m+           draftPool?.c2cConfig
[39m
[31m+             ? draftPool.c2cConfig
[39m
[31m+             : (session as DraftSessionSnapshot | null)?.c2c?.enabled
[39m
[31m+               ? { enabled: true, collegeRounds: (session as 
DraftSessionSnapshot).c2c?.collegeRounds ?? [] }
[39m
[31m+               : undefined
[39m
[31m+         }
[39m
[31m+         currentRound={currentPick?.round}
[39m
[31m+         formatType={formatType === 'IDP' || Boolean((draftPool as { 
isIdp?: boolean } | null)?.isIdp) ? 'IDP' : undefined}
[39m
[31m+         selectedPlayerTarget={helperSelectedPlayer}
[39m
[31m+         leagueId={leagueId}
[39m
[31m+         aiRowBadges={aiRowBadges}
[39m
[31m+         getDraftCopilotInsight={presentationVariant === 'redraft_snake' 
? getDraftCopilotInsight : undefined}
[39m
[31m+         getAssistantRoomContext={
[39m
[31m+           presentationVariant === 'redraft_snake' ? 
getAssistantRoomContext : undefined
[39m
[31m+         }
[39m
[31m+         isPlayerQueued={(p) =>
[39m
[31m+           queue.some(
[39m
[31m+             (q) =>
[39m
[31m+               normalizeDraftedPlayerName(q.playerName) === 
normalizeDraftedPlayerName(p.name) &&
[39m
[31m+               String(q.position).trim().toLowerCase() === 
String(p.position).trim().toLowerCase(),
[39m
[31m+           )
[39m
[31m+         }
[39m
[31m+         draftSeasonYear={draftSeasonYear}
[39m
[31m+       />
[39m
[31m+     ),
[39m
[31m+     [
[39m
[31m+       players,
[39m
[31m+       draftedNames,
[39m
[31m+       draftedPlayerIds,
[39m
[31m+       queue,
[39m
[31m+       effectiveDraftSport,
[39m
[31m+       draftRoomState.isAuction,
[39m
[31m+       draftRoomState.canNominate,
[39m
[31m+       canDraft,
[39m
[31m+       handleAddToQueue,
[39m
[31m+       handleMakePick,
[39m
[31m+       currentRoster,
[39m
[31m+       poolLoading,
[39m
[31m+       draftUISettings?.aiAdpEnabled,
[39m
[31m+       aiAdpUnavailable,
[39m
[31m+       leagueAiAdp?.message,
[39m
[31m+       aiAdpStaleWarning,
[39m
[31m+       aiAdpLowSampleWarning,
[39m
[31m+       handleAuctionNominate,
[39m
[31m+       draftPool?.devyConfig,
[39m
[31m+       draftPool?.c2cConfig,
[39m
[31m+       session,
[39m
[31m+       draftRoomState.isAuction,
[39m
[31m+       formatType,
[39m
[31m+       helperSelectedPlayer,
[39m
[31m+       leagueId,
[39m
[31m+       aiRowBadges,
[39m
[31m+       presentationVariant,
[39m
[31m+       getDraftCopilotInsight,
[39m
[31m+       getAssistantRoomContext,
[39m
[31m+       draftSeasonYear,
[39m
[31m+     ]
[39m
[31m+   )
[39m
[31m+ 
[39m
[31m+   const queueStackNode = useMemo(
[39m
[31m+     () => {
[39m
[31m+       const queuePlayerMetaById = players.reduce<
[39m
[31m+         Record<
[39m
[31m+           string,
[39m
[31m+           {
[39m
[31m+             headshotUrl?: string | null
[39m
[31m+             teamLogoUrl?: string | null
[39m
[31m+             adp?: number | null
[39m
[31m+             aiAdp?: number | null
[39m
[31m+             injuryStatus?: string | null
[39m
[31m+             experienceBadge?: string | null
[39m
[31m+           }
[39m
[31m+         >
[39m
[31m+       >((acc, player) => {
[39m
[31m+         const pid = String(player.playerId ?? player.display?.playerId 
?? player.id ?? '').trim()
[39m
[31m+         if (!pid) return acc
[39m
[31m+         acc[pid] = {
[39m
[31m+           headshotUrl:
[39m
[31m+             getDraftRoomDisplayHeadshot(player) ??
[39m
[31m+             player.display?.assets?.headshotUrl ??
[39m
[31m+             player.display?.assets?.headshotFallbackUrl ??
[39m
[31m+             null,
[39m
[31m+           teamLogoUrl: player.display?.assets?.teamLogoUrl ?? 
player.display?.assets?.teamLogoFallbackUrl ?? null,
[39m
[31m+           adp: player.adp ?? null,
[39m
[31m+           aiAdp: player.aiAdp ?? null,
[39m
[31m+           injuryStatus: getDraftRoomDisplayInjury(player),
[39m
[31m+           experienceBadge: getDraftRoomDisplayExperienceBadge(player),
[39m
[31m+         }
[39m
[31m+         return acc
[39m
[31m+       }, {})
[39m
[31m+ 
[39m
[31m+       return <div className={`space-y-4 p-2 ${presentationVariant === 
'redraft_snake' ? 'rounded-xl 
bg-[linear-gradient(180deg,rgba(34,211,238,0.04),transparent)] p-3' : ''}`}>
[39m
[31m+         <DraftIntelQueuePanel
[39m
[31m+           loading={draftIntelLoading}
[39m
[31m+           headline={draftIntel?.headline ?? null}
[39m
[31m+           picksUntilUser={ribbonPicksUntilUser}
[39m
[31m+           onClock={draftIntel?.status === 'on_clock' || 
isCurrentUserOnClock}
[39m
[31m+           queue={draftIntelQueue}
[39m
[31m+           canDraft={Boolean(canDraft && (draftIntel?.status === 
'on_clock' || isCurrentUserOnClock))}
[39m
[31m+           onDraftTopChoice={
[39m
[31m+             canDraft && (draftIntel?.status === 'on_clock' || 
isCurrentUserOnClock) ? handleDraftIntelPick : undefined
[39m
[31m+           }
[39m
[31m+           presentationVariant={presentationVariant === 'redraft_snake' 
? 'redraft_snake' : 'default'}
[39m
[31m+           onAddIntelSuggestion={presentationVariant === 'redraft_snake' 
? handleAddIntelQueueSuggestion : undefined}
[39m
[31m+         />
[39m
[31m+         <QueuePanel
[39m
[31m+           queue={queueFiltered}
[39m
[31m+           playerMetaById={queuePlayerMetaById}
[39m
[31m+           canDraft={canDraft}
[39m
[31m+           onRemove={handleRemoveFromQueue}
[39m
[31m+           onReorder={handleReorderQueue}
[39m
[31m+           onDraftFromQueue={canDraft && queueFiltered.length > 0 ? 
handleDraftFromQueue : undefined}
[39m
[31m+           onAiReorder={handleAiReorderQueue}
[39m
[31m+           aiReorderLoading={aiReorderLoading}
[39m
[31m+           aiReorderEnabled={aiQueueReorderEnabled}
[39m
[31m+           
onAiReorderEnabledChange={draftUISettings?.aiQueueReorderEnabled ? 
setAiQueueReorderEnabled : undefined}
[39m
[31m+           autoPickFromQueue={autoPickFromQueue}
[39m
[31m+           onAutoPickFromQueueChange={setAutoPickFromQueue}
[39m
[31m+           awayMode={awayMode}
[39m
[31m+           onAwayModeChange={setAwayMode}
[39m
[31m+           autoPickEnabled={autoPickEnabled}
[39m
[31m+           nextQueuedAvailable={nextQueuedAvailable}
[39m
[31m+           aiReorderExplanation={aiReorderExplanation}
[39m
[31m+           aiReorderExecutionMode={aiReorderExecutionMode}
[39m
[31m+           analyticsLeagueId={leagueId}
[39m
[31m+           presentationVariant={presentationVariant === 'redraft_snake' 
? 'redraft_snake' : 'default'}
[39m
[31m+         />
[39m
[31m+       </div>
[39m
[31m+     },
[39m
[31m+     [
[39m
[31m+       players,
[39m
[31m+       presentationVariant,
[39m
[31m+       draftIntelLoading,
[39m
[31m+       draftIntel?.headline,
[39m
[31m+       ribbonPicksUntilUser,
[39m
[31m+       draftIntel?.status,
[39m
[31m+       draftIntelQueue,
[39m
[31m+       handleAddIntelQueueSuggestion,
[39m
[31m+       canDraft,
[39m
[31m+       isCurrentUserOnClock,
[39m
[31m+       handleDraftIntelPick,
[39m
[31m+       queueFiltered,
[39m
[31m+       handleRemoveFromQueue,
[39m
[31m+       handleReorderQueue,
[39m
[31m+       handleDraftFromQueue,
[39m
[31m+       handleAiReorderQueue,
[39m
[31m+       aiReorderLoading,
[39m
[31m+       aiQueueReorderEnabled,
[39m
[31m+       draftUISettings?.aiQueueReorderEnabled,
[39m
[31m+       autoPickFromQueue,
[39m
[31m+       awayMode,
[39m
[31m+       autoPickEnabled,
[39m
[31m+       nextQueuedAvailable,
[39m
[31m+       aiReorderExplanation,
[39m
[31m+       aiReorderExecutionMode,
[39m
[31m+       leagueId,
[39m
[31m+     ]
[39m
[31m+   )
[39m
[31m+ 
[39m
[31m+   const chatPanelNode = useMemo(
[39m
[31m+     () => (
[39m
[31m+       <DraftChatDock
[39m
[31m+         messages={chatMessagesWithAi}
[39m
[31m+         onSend={handleSendChat}
[39m
[31m+         sending={chatSending}
[39m
[31m+         leagueChatSync={chatSyncActive}
[39m
[31m+         isCommissioner={isCommissioner}
[39m
[31m+         onBroadcast={isCommissioner ? handleBroadcastOpen : undefined}
[39m
[31m+         onAiSuggestionClick={() => setMobileTab('helper')}
[39m
[31m+         onReconnect={handleChatReconnect}
[39m
[31m+         currentUserId={viewerAppUserId}
[39m
[31m+         onReact={viewerAppUserId ? handleReactChat : undefined}
[39m
[31m+         presentationVariant={presentationVariant === 'redraft_snake' ? 
'redraft_snake' : 'default'}
[39m
[31m+         sendError={chatSendError}
[39m
[31m+         onDismissSendError={() => setChatSendError(null)}
[39m
[31m+         leagueId={leagueId}
[39m
[31m+         unreadCount={chatMessagesWithAi.filter((m) => m.unread).length}
[39m
[31m+       />
[39m
[31m+     ),
[39m
[31m+     [
[39m
[31m+       chatMessagesWithAi,
[39m
[31m+       handleSendChat,
[39m
[31m+       chatSending,
[39m
[31m+       chatSendError,
[39m
[31m+       chatSyncActive,
[39m
[31m+       isCommissioner,
[39m
[31m+       handleBroadcastOpen,
[39m
[31m+       setMobileTab,
[39m
[31m+       handleChatReconnect,
[39m
[31m+       viewerAppUserId,
[39m
[31m+       handleReactChat,
[39m
[31m+       presentationVariant,
[39m
[31m+     ]
[39m
[31m+   )
[39m
[31m+ 
[39m
[31m+   // Calculate badge count for Draft Helper floating bubble
[39m
[31m+   const draftHelperBadgeCount = useMemo(
[39m
[31m+     () =>
[39m
[31m+       calculateDraftHelperBadgeCount({
[39m
[31m+         recommendation: recommendationResult?.recommendation ?? null,
[39m
[31m+         warRoom: warRoomData ? { snapshot: warRoomData } : null,
[39m
[31m+         aiFeatureStatus: {
[39m
[31m+           chimmyReady: hasAiAccess && resolvedOrphanAiProviderAvailable,
[39m
[31m+           liveBrainReady: Boolean(liveBrainEnvelope),
[39m
[31m+           aiAdpEnabled: Boolean(draftUISettings?.aiAdpEnabled),
[39m
[31m+           queueReorderEnabled: 
Boolean(draftUISettings?.aiQueueReorderEnabled),
[39m
[31m+           draftExplanationEnabled: draftAiExplanationEnabled,
[39m
[31m+           orphanAiEnabled: 
Boolean(draftUISettings?.orphanTeamAiManagerEnabled),
[39m
[31m+           commissionerAiManagersCount: 
(commissionerAiDraft?.assignedAiTeams ?? []).filter((team) => team.active)
[39m
[31m+             .length,
[39m
[31m+         },
[39m
[31m+         sportsFeed: draftAssistantContext
[39m
[31m+           ? {
[39m
[31m+               available: 
Boolean(draftAssistantContext.sportsFeed?.available),
[39m
[31m+               headlines: draftAssistantContext.headlines,
[39m
[31m+               injuries: draftAssistantContext.injuries,
[39m
[31m+             }
[39m
[31m+           : null,
[39m
[31m+       }),
[39m
[31m+     [
[39m
[31m+       recommendationResult?.recommendation,
[39m
[31m+       warRoomData,
[39m
[31m+       hasAiAccess,
[39m
[31m+       resolvedOrphanAiProviderAvailable,
[39m
[31m+       liveBrainEnvelope,
[39m
[31m+       draftUISettings?.aiAdpEnabled,
[39m
[31m+       draftUISettings?.aiQueueReorderEnabled,
[39m
[31m+       draftAiExplanationEnabled,
[39m
[31m+       draftUISettings?.orphanTeamAiManagerEnabled,
[39m
[31m+       commissionerAiDraft?.assignedAiTeams,
[39m
[31m+       draftAssistantContext,
[39m
[31m+     ]
[39m
[31m+   )
[39m
[31m+ 
[39m
[31m+   const hasDraftHelperData = useMemo(
[39m
[31m+     () =>
[39m
[31m+       hasDraftHelperContent({
[39m
[31m+         recommendation: recommendationResult?.recommendation ?? null,
[39m
[31m+         warRoom: warRoomData ? { snapshot: warRoomData } : null,
[39m
[31m+         aiFeatureStatus: {
[39m
[31m+           chimmyReady: hasAiAccess && resolvedOrphanAiProviderAvailable,
[39m
[31m+           liveBrainReady: Boolean(liveBrainEnvelope),
[39m
[31m+           aiAdpEnabled: Boolean(draftUISettings?.aiAdpEnabled),
[39m
[31m+           queueReorderEnabled: 
Boolean(draftUISettings?.aiQueueReorderEnabled),
[39m
[31m+           draftExplanationEnabled: draftAiExplanationEnabled,
[39m
[31m+           orphanAiEnabled: 
Boolean(draftUISettings?.orphanTeamAiManagerEnabled),
[39m
[31m+           commissionerAiManagersCount: 
(commissionerAiDraft?.assignedAiTeams ?? []).filter((team) => team.active)
[39m
[31m+             .length,
[39m
[31m+         },
[39m
[31m+         sportsFeed: draftAssistantContext
[39m
[31m+           ? {
[39m
[31m+               available: 
Boolean(draftAssistantContext.sportsFeed?.available),
[39m
[31m+               headlines: draftAssistantContext.headlines,
[39m
[31m+               injuries: draftAssistantContext.injuries,
[39m
[31m+             }
[39m
[31m+           : null,
[39m
[31m+       }),
[39m
[31m+     [
[39m
[31m+       recommendationResult?.recommendation,
[39m
[31m+       warRoomData,
[39m
[31m+       hasAiAccess,
[39m
[31m+       resolvedOrphanAiProviderAvailable,
[39m
[31m+       liveBrainEnvelope,
[39m
[31m+       draftUISettings?.aiAdpEnabled,
[39m
[31m+       draftUISettings?.aiQueueReorderEnabled,
[39m
[31m+       draftAiExplanationEnabled,
[39m
[31m+       draftUISettings?.orphanTeamAiManagerEnabled,
[39m
[31m+       commissionerAiDraft?.assignedAiTeams,
[39m
[31m+       draftAssistantContext,
[39m
[31m+     ]
[39m
[31m+   )
[39m
[31m+ 
[39m
[31m+   const lastPrunedQueueRef = useRef<string>('')
[39m
[31m+   useEffect(() => {
[39m
[31m+     if (autoPickEnabled) return
[39m
[31m+     if (!autoPickFromQueue && !awayMode) return
[39m
[31m+     setAutoPickFromQueue(false)
[39m
[31m+     setAwayMode(false)
[39m
[31m+   }, [autoPickEnabled, autoPickFromQueue, awayMode])
[39m
[31m+ 
[39m
[31m+   useEffect(() => {
[39m
[31m+     if (draftUISettings?.aiQueueReorderEnabled !== false) return
[39m
[31m+     if (!aiQueueReorderEnabled) return
[39m
[31m+     setAiQueueReorderEnabled(false)
[39m
[31m+   }, [draftUISettings?.aiQueueReorderEnabled, aiQueueReorderEnabled])
[39m
[31m+ 
[39m
[31m+   useEffect(() => {
[39m
[31m+     if (!session?.picks?.length || queue.length === 0) return
[39m
[31m+     const drafted = new Set(session.picks.map((p) => 
normalizeDraftedPlayerName(p.playerName)))
[39m
[31m+     const filtered = queue.filter((e) => 
!drafted.has(normalizeDraftedPlayerName(e.playerName)))
[39m
[31m+     if (filtered.length >= queue.length) return
[39m
[31m+     const key = filtered.map((e) => e.playerName).join(',')
[39m
[31m+     if (lastPrunedQueueRef.current === key) return
[39m
[31m+     lastPrunedQueueRef.current = key
[39m
[31m+     setQueue(filtered)
[39m
[31m+     handleQueueSave(filtered)
[39m
[31m+   }, [session?.picks?.length, queue, handleQueueSave])
[39m
[31m+ 
[39m
[31m+   const autoPickFiredRef = useRef<string>('')
[39m
[31m+   useEffect(() => {
[39m
[31m+     if (!canDraft || !isCurrentUserOnClock || pickSubmitting) return
[39m
[31m+     if (!autoPickEnabled) return
[39m
[31m+     if (!autoPickFromQueue && !awayMode) return
[39m
[31m+     if ((session?.timer?.status ?? 'none') !== 'expired') return
[39m
[31m+     const key = `${currentPick?.overall ?? 0}-expired`
[39m
[31m+     if (autoPickFiredRef.current === key) return
[39m
[31m+     autoPickFiredRef.current = key
[39m
[31m+     const t = setTimeout(() => {
[39m
[31m+       handleAutopickExpired()
[39m
[31m+     }, 600)
[39m
[31m+     return () => clearTimeout(t)
[39m
[31m+   }, [canDraft, isCurrentUserOnClock, pickSubmitting, autoPickEnabled, 
autoPickFromQueue, awayMode, currentPick?.overall, handleAutopickExpired, 
session?.timer?.status])
[39m
[31m+   const tradedPickColorMode = 
draftUISettings?.tradedPickColorModeEnabled ?? false
[39m
[31m+   const showNewOwnerInRed = 
draftUISettings?.tradedPickOwnerNameRedEnabled ?? false
[39m
[31m+   const teamMetaByRoster = useMemo<Record<string, 
DraftTeamStripTeamMeta>>(() => {
[39m
[31m+     const map: Record<string, DraftTeamStripTeamMeta> = {}
[39m
[31m+     for (const entry of slotOrder) {
[39m
[31m+       const team = resolveManagerChromeTeam(entry, leagueTeams)
[39m
[31m+       map[entry.rosterId] = {
[39m
[31m+         rosterId: entry.rosterId,
[39m
[31m+         teamName: team?.teamName ?? null,
[39m
[31m+         ownerName: team?.ownerName ?? entry.displayName ?? null,
[39m
[31m+         avatarUrl: team?.avatarUrl ?? null,
[39m
[31m+         isOrphan: Array.isArray(orphanRosterIds) && 
orphanRosterIds.includes(entry.rosterId),
[39m
[31m+         aiArchetypeLabel: aiArchetypeByRoster[entry.rosterId] ?? null,
[39m
[31m+       }
[39m
[31m+     }
[39m
[31m+     return map
[39m
[31m+   }, [slotOrder, leagueTeams, orphanRosterIds, aiArchetypeByRoster])
[39m
[31m+ 
[39m
[31m+   const onClockSpotlight = useMemo(() => {
[39m
[31m+     const rid = currentPick?.rosterId
[39m
[31m+     if (!rid) return null
[39m
[31m+     const m = teamMetaByRoster[rid]
[39m
[31m+     if (!m) return null
[39m
[31m+     return {
[39m
[31m+       teamName: m.teamName ?? null,
[39m
[31m+       ownerName: m.ownerName ?? null,
[39m
[31m+       avatarUrl: m.avatarUrl ?? null,
[39m
[31m+     }
[39m
[31m+   }, [currentPick?.rosterId, teamMetaByRoster])
[39m
[31m+ 
[39m
[31m+   if (loading && !session) {
[39m
[31m+     return (
[39m
[31m+       <div
[39m
[31m+         className={`flex min-h-[50vh] flex-col items-center 
justify-center px-4 ${presentationVariant === 'redraft_snake' ? 
'bg-[linear-gradient(180deg,rgba(8,18,36,0.35),transparent)]' : ''}`}
[39m
[31m+         data-testid="draft-room-loading-state"
[39m
[31m+         aria-busy="true"
[39m
[31m+         aria-live="polite"
[39m
[31m+       >
[39m
[31m+         <div
[39m
[31m+           className={`mb-4 h-12 w-12 animate-pulse rounded-2xl border 
${presentationVariant === 'redraft_snake' ? 'border-cyan-400/25 
bg-cyan-500/10' : 'border-white/15 bg-white/5'}`}
[39m
[31m+           aria-hidden
[39m
[31m+         />
[39m
[31m+         <p className="text-center text-white/75">Loading draft 
roomΓÇª</p>
[39m
[31m+         <p className="mt-1 max-w-sm text-center text-xs text-white/45">
[39m
[31m+           Hang tight while we sync your league session and player pool.
[39m
[31m+         </p>
[39m
[31m+       </div>
[39m
[31m+     )
[39m
[31m+   }
[39m
[31m+ 
[39m
[31m+   if (!session) {
[39m
[31m+     if (draftSessionAccess === "forbidden") {
[39m
[31m+       return (
[39m
[31m+         <div className="container mx-auto max-w-md px-4 py-12 
text-center" data-testid="draft-room-access-denied">
[39m
[31m+           <p className="text-white/80">You don&apos;t have access to 
this draft room.</p>
[39m
[31m+           <p className="mt-2 text-sm text-white/50">
[39m
[31m+             Only league members and commissioners can open the live 
draft. Ask the commissioner for an invite or join the league first.
[39m
[31m+           </p>
[39m
[31m+           <Link href={`/league/${leagueId}`} className="mt-4 
inline-block text-cyan-400 hover:underline">
[39m
[31m+             Back to league
[39m
[31m+           </Link>
[39m
[31m+           <Link href="/dashboard" className="mt-2 block text-sm 
text-white/40 hover:text-white/60">
[39m
[31m+             Dashboard
[39m
[31m+           </Link>
[39m
[31m+         </div>
[39m
[31m+       )
[39m
[31m+     }
[39m
[31m+     if (draftSessionAccess === "unauthorized") {
[39m
[31m+       return (
[39m
[31m+         <div className="container mx-auto max-w-md px-4 py-12 
text-center" data-testid="draft-room-session-expired">
[39m
[31m+           <p className="text-white/80">Sign in to load this draft.</p>
[39m
[31m+           <p className="mt-2 text-sm text-white/50">Your session may 
have expired.</p>
[39m
[31m+           <Link
[39m
[31m+             href={
[39m
[31m+               typeof window !== "undefined"
[39m
[31m+                 ? `/login?callbackUrl=${encodeURIComponent(`${window.loc
ation.pathname}${window.location.search}`)}`
[39m
[31m+                 : "/login"
[39m
[31m+             }
[39m
[31m+             className="mt-4 inline-block text-cyan-400 hover:underline"
[39m
[31m+           >
[39m
[31m+             Sign in
[39m
[31m+           </Link>
[39m
[31m+         </div>
[39m
[31m+       )
[39m
[31m+     }
[39m
[31m+     return (
[39m
[31m+       <div className="container mx-auto max-w-md px-4 py-12 
text-center" data-testid="draft-room-empty-state">
[39m
[31m+         <p className="text-white/80">No draft session for this 
league.</p>
[39m
[31m+         <p className="mt-2 text-sm text-white/50">
[39m
[31m+           Commissioner can create and start a draft from league 
settings or the draft tab.
[39m
[31m+         </p>
[39m
[31m+         <Link href={`/league/${leagueId}`} className="mt-4 inline-block 
text-cyan-400 hover:underline">
[39m
[31m+           Back to league
[39m
[31m+         </Link>
[39m
[31m+       </div>
[39m
[31m+     )
[39m
[31m+   }
[39m
[31m+ 
[39m
[31m+   const auctionSnapshot = (session as any).auction
[39m
[31m+   const isDraftCompleted = draftRoomState.isDraftCompleted
[39m
[31m+   /** Prevent blank board loop when corrupted API rows have 
rounds/teamCount = 0 */
[39m
[31m+   const safeBoardRounds = Math.max(1, session.rounds ?? 1)
[39m
[31m+   const safeBoardTeamCount = Math.max(1, session.teamCount ?? 1)
[39m
[31m+   const totalBoardPicksPlanned = safeBoardRounds * safeBoardTeamCount
[39m
[31m+   const boardHasOpenPicks = (session.picks?.length ?? 0) < 
totalBoardPicksPlanned
[39m
[31m+   /** DB row occasionally missing timerEndAt ΓÇö TopBar shows "ΓÇö"; 
nudge user to resync rather than implying a dead room. */
[39m
[31m+   const showPickClockAnchorWarning =
[39m
[31m+     session.status === 'in_progress' &&
[39m
[31m+     boardHasOpenPicks &&
[39m
[31m+     session.timer?.status === 'none' &&
[39m
[31m+     !(session.timer?.timerEndAt || session.timerEndAt)
[39m
[31m+ 
[39m
[31m+   const myDraftedPicks = viewerDraftedPicks
[39m
[31m+   const myDevyAssetCount = myDraftedPicks.filter((p) => {
[39m
[31m+     const source = String((p as { source?: string | null }).source ?? 
'').toLowerCase()
[39m
[31m+     if (source === 'devy' || source === 'college') return true
[39m
[31m+     if ((session as DraftSessionSnapshot).devy?.enabled && (session as 
DraftSessionSnapshot).devy?.devyRounds?.includes(p.round)) return true
[39m
[31m+     if ((session as DraftSessionSnapshot).c2c?.enabled && (session as 
DraftSessionSnapshot).c2c?.collegeRounds?.includes(p.round)) return true
[39m
[31m+     return false
[39m
[31m+   }).length
[39m
[31m+   const myPromotedAssetCount = myDraftedPicks.filter((p) => {
[39m
[31m+     const source = String((p as { source?: string | null }).source ?? 
'').toLowerCase()
[39m
[31m+     return source === 'promoted_devy'
[39m
[31m+   }).length
[39m
[31m+   const devySlotTotal = (session as DraftSessionSnapshot).devy?.enabled
[39m
[31m+     ? ((session as DraftSessionSnapshot).devy?.devyRounds?.length ?? 0)
[39m
[31m+     : 0
[39m
[31m+   const sportAccent = {
[39m
[31m+     NFL: '34, 211, 238',
[39m
[31m+     NHL: '129, 140, 248',
[39m
[31m+     NBA: '251, 146, 60',
[39m
[31m+     MLB: '52, 211, 153',
[39m
[31m+     NCAAB: '244, 114, 182',
[39m
[31m+     NCAAF: '167, 139, 250',
[39m
[31m+     SOCCER: '56, 189, 248',
[39m
[31m+   }[(effectiveDraftSport || 'NFL').toUpperCase()] ?? '34, 211, 238'
[39m
[31m+   const draftBoardSurfaceStyle =
[39m
[31m+     presentationVariant === 'redraft_snake'
[39m
[31m+       ? ({
[39m
[31m+           backgroundImage: [
[39m
[31m+             `radial-gradient(ellipse 80% 60% at 80% 20%, 
rgba(${sportAccent},0.22), transparent 55%)`,
[39m
[31m+             `radial-gradient(ellipse 50% 40% at 10% 90%, 
rgba(167,139,250,0.08), transparent 50%)`,
[39m
[31m+             `linear-gradient(175deg, rgba(4,9,21,0.55) 0%, 
rgba(6,15,28,0.92) 100%)`,
[39m
[31m+           ].join(', '),
[39m
[31m+           backgroundSize: 'cover',
[39m
[31m+           backgroundPosition: 'center',
[39m
[31m+           backgroundRepeat: 'no-repeat',
[39m
[31m+         } as const)
[39m
[31m+       : ({
[39m
[31m+           backgroundImage: `linear-gradient(180deg, 
rgba(${sportAccent},0.1), rgba(4,9,21,0.75)), 
url('/branding/allfantasy-ai-for-fantasy-sports-logo.png')`,
[39m
[31m+           backgroundSize: 'cover, 340px',
[39m
[31m+           backgroundPosition: 'center, right -36px bottom -30px',
[39m
[31m+           backgroundRepeat: 'no-repeat, no-repeat',
[39m
[31m+         } as const)
[39m
[31m+   const boardOrderSourceLabel =
[39m
[31m+     (session as { draftOrderMode?: string; lotteryLastRunAt?: string } 
| null)?.draftOrderMode === 'weighted_lottery' &&
[39m
[31m+     (session as { lotteryLastRunAt?: string } | null)?.lotteryLastRunAt
[39m
[31m+       ? 'Weighted Lottery Order'
[39m
[31m+       : undefined
[39m
[31m+   const openMobilePlayerSearch = () => {
[39m
[31m+     setMobileTab('players')
[39m
[31m+     if (typeof window !== 'undefined') {
[39m
[31m+       window.setTimeout(() => {
[39m
[31m+         window.dispatchEvent(new Event('af:draft-player-search-focus'))
[39m
[31m+       }, 40)
[39m
[31m+     }
[39m
[31m+   }
[39m
[31m+ 
[39m
[31m+   const mobileTimerLabel = (() => {
[39m
[31m+     const status = session.timer?.status ?? 'none'
[39m
[31m+     const remaining = session.timer?.remainingSeconds ?? null
[39m
[31m+     if (status === 'paused') return 'Paused'
[39m
[31m+     if (status === 'expired') return '0:00'
[39m
[31m+     if (status === 'none' || remaining == null || 
!Number.isFinite(remaining)) return 'ΓÇö'
[39m
[31m+     const n = Math.max(0, Math.floor(remaining))
[39m
[31m+     const min = Math.floor(n / 60)
[39m
[31m+     const sec = String(n % 60).padStart(2, '0')
[39m
[31m+     return `${min}:${sec}`
[39m
[31m+   })()
[39m
[31m+ 
[39m
[31m+   // Product decision (Phase 3 Slice 4): mobile draft clock/header 
stays visible
[39m
[31m+   // across Board, Players, Queue, Roster, and Chat tabs at all times.
[39m
[31m+   const showMobileStickyBar = true
[39m
[31m+ 
[39m
[31m+   const mobileStickyBar =
[39m
[31m+     showMobileStickyBar ? (
[39m
[31m+       <div className="space-y-2 px-3 py-2 text-xs">
[39m
[31m+         <div className="flex items-center justify-between gap-2">
[39m
[31m+           {currentPick != null ? (
[39m
[31m+             <span className="font-medium text-cyan-200" 
data-testid="draft-mobile-current-pick">
[39m
[31m+               {currentPick.pickLabel}
[39m
[31m+               {currentPick.overall != null && (
[39m
[31m+                 <span className="ml-1 
text-white/50">#{currentPick.overall}</span>
[39m
[31m+               )}
[39m
[31m+             </span>
[39m
[31m+           ) : (
[39m
[31m+             <span className="font-medium text-cyan-200" 
data-testid="draft-mobile-current-pick">
[39m
[31m+               Draft room
[39m
[31m+             </span>
[39m
[31m+           )}
[39m
[31m+           <div className="inline-flex items-center gap-1 rounded-full 
border border-cyan-300/30 bg-cyan-500/10 px-2 py-0.5 text-[10px] font-semibold 
text-cyan-100">
[39m
[31m+             <span className="text-cyan-200/80">Clock</span>
[39m
[31m+             <span className="font-mono 
tabular-nums">{mobileTimerLabel}</span>
[39m
[31m+           </div>
[39m
[31m+         </div>
[39m
[31m+         {currentPick != null ? (
[39m
[31m+           <p className="truncate text-white/80">On clock: 
{currentPick.displayName}</p>
[39m
[31m+         ) : null}
[39m
[31m+         {presentationVariant === 'redraft_snake' &&
[39m
[31m+         ribbonPicksUntilUser != null &&
[39m
[31m+         ribbonPicksUntilUser > 0 &&
[39m
[31m+         !isCurrentUserOnClock ? (
[39m
[31m+           <p className="text-[10px] text-cyan-200/75" 
data-testid="draft-mobile-picks-until-you">
[39m
[31m+             ~{ribbonPicksUntilUser} pick{ribbonPicksUntilUser === 1 ? 
'' : 's'} until your turn
[39m
[31m+           </p>
[39m
[31m+         ) : null}
[39m
[31m+         <div className="flex items-center gap-1.5 overflow-x-auto 
pb-0.5">
[39m
[31m+           <button
[39m
[31m+             type="button"
[39m
[31m+             data-testid="draft-mobile-quick-search"
[39m
[31m+             onClick={openMobilePlayerSearch}
[39m
[31m+             className="rounded border border-cyan-300/30 bg-cyan-500/10 
px-2 py-1 text-[10px] text-cyan-100 whitespace-nowrap"
[39m
[31m+           >
[39m
[31m+             Search
[39m
[31m+           </button>
[39m
[31m+           <button
[39m
[31m+             type="button"
[39m
[31m+             data-testid="draft-mobile-quick-queue"
[39m
[31m+             onClick={() => setMobileTab('queue')}
[39m
[31m+             className="rounded border border-white/20 bg-black/30 px-2 
py-1 text-[10px] text-white/75 whitespace-nowrap"
[39m
[31m+           >
[39m
[31m+             Queue
[39m
[31m+           </button>
[39m
[31m+           <button
[39m
[31m+             type="button"
[39m
[31m+             data-testid="draft-mobile-quick-chat"
[39m
[31m+             onClick={() => setMobileTab('chat')}
[39m
[31m+             className="rounded border border-white/20 bg-black/30 px-2 
py-1 text-[10px] text-white/75 whitespace-nowrap"
[39m
[31m+           >
[39m
[31m+             Chat
[39m
[31m+           </button>
[39m
[31m+           <button
[39m
[31m+             type="button"
[39m
[31m+             data-testid="draft-mobile-quick-helper"
[39m
[31m+             onClick={() => setMobileTab('helper')}
[39m
[31m+             className="rounded border border-white/20 bg-black/30 px-2 
py-1 text-[10px] text-white/75 whitespace-nowrap"
[39m
[31m+           >
[39m
[31m+             AI helper
[39m
[31m+           </button>
[39m
[31m+         </div>
[39m
[31m+       </div>
[39m
[31m+     ) : null
[39m
[31m+ 
[39m
[31m+   const OFFENSE_POS = new Set(['QB', 'RB', 'WR', 'TE', 'K'])
[39m
[31m+   const IDP_POS = new Set(['DE', 'DT', 'LB', 'CB', 'S', 'SS', 'FS'])
[39m
[31m+   const idpNeeds = formatType === 'IDP' && idpRosterSummary && (() => {
[39m
[31m+     const slots = idpRosterSummary.starterSlots
[39m
[31m+     let offenseNeed = 0
[39m
[31m+     let idpNeed = 0
[39m
[31m+     for (const [name, count] of Object.entries(slots)) {
[39m
[31m+       if (name === 'FLEX' || OFFENSE_POS.has(name)) offenseNeed += count
[39m
[31m+       else if (name === 'DL' || name === 'DB' || name === 'IDP_FLEX' || 
IDP_POS.has(name)) idpNeed += count
[39m
[31m+     }
[39m
[31m+     const benchNeed = idpRosterSummary.benchSlots ?? 0
[39m
[31m+     const myOffense = myDraftedPicks.filter((p) => 
OFFENSE_POS.has(p.position ?? '') || p.position === 'FLEX').length
[39m
[31m+     const myIdp = myDraftedPicks.filter((p) => IDP_POS.has(p.position 
?? '')).length
[39m
[31m+     const myBench = Math.max(0, myDraftedPicks.length - myOffense - 
myIdp)
[39m
[31m+     return { offenseNeed, idpNeed, benchNeed, myOffense, myIdp, myBench 
}
[39m
[31m+   })()
[39m
[31m+ 
[39m
[31m+   const rosterPanel = (
[39m
[31m+     <div className="space-y-2 p-2">
[39m
[31m+       <div className="md:hidden">
[39m
[31m+         <DraftTeamPanel {...draftTeamPanelProps} 
redraftStarterHints={redraftStarterHints} />
[39m
[31m+       </div>
[39m
[31m+       <h3 className="text-xs font-semibold uppercase tracking-wider 
text-white/50">My roster</h3>
[39m
[31m+       {draftTeamPanelProps.showRosterStrip ? (
[39m
[31m+         <DraftRosterStrip
[39m
[31m+           picks={myDraftedPicks.map((p) => ({
[39m
[31m+             playerName: p.playerName,
[39m
[31m+             position: p.position,
[39m
[31m+             overall: p.overall,
[39m
[31m+             isDevy:
[39m
[31m+               ((session as DraftSessionSnapshot).c2c?.enabled ? [] : 
(session as DraftSessionSnapshot).devy?.devyRounds ?? []).includes(
[39m
[31m+                 p.round,
[39m
[31m+               ) || ((session as 
DraftSessionSnapshot).c2c?.collegeRounds ?? []).includes(p.round),
[39m
[31m+           }))}
[39m
[31m+           starterSlots={draftTeamPanelProps.starterSlots ?? null}
[39m
[31m+           benchSlots={draftTeamPanelProps.benchSlots ?? null}
[39m
[31m+           taxiSlots={draftTeamPanelProps.taxiSlots ?? null}
[39m
[31m+           devySlots={draftTeamPanelProps.devySlots ?? null}
[39m
[31m+           isDynasty={isDynasty}
[39m
[31m+           teamLabel={slotOrder.find((s) => s.rosterId === 
currentUserRosterId)?.displayName ?? null}
[39m
[31m+           sport={effectiveDraftSport}
[39m
[31m+         />
[39m
[31m+       ) : null}
[39m
[31m+       {formatType === 'IDP' && (
[39m
[31m+         <IdpDraftExplainerCard
[39m
[31m+           scoringPreset={idpScoringPreset}
[39m
[31m+           positionMode={idpPositionMode}
[39m
[31m+           className="mb-2"
[39m
[31m+         />
[39m
[31m+       )}
[39m
[31m+       {formatType === 'IDP' && idpNeeds && (
[39m
[31m+         <div className="rounded-lg border border-cyan-500/20 
bg-cyan-950/20 px-2 py-1.5 text-xs text-cyan-200">
[39m
[31m+           <div className="font-medium text-cyan-100 mb-1">Starters 
remaining</div>
[39m
[31m+           <div>Offense: {idpNeeds.myOffense} / 
{idpNeeds.offenseNeed}</div>
[39m
[31m+           <div>IDP: {idpNeeds.myIdp} / {idpNeeds.idpNeed}</div>
[39m
[31m+           <div>Bench: {idpNeeds.myBench} / {idpNeeds.benchNeed}</div>
[39m
[31m+         </div>
[39m
[31m+       )}
[39m
[31m+       {devySlotTotal > 0 && (
[39m
[31m+         <div className="rounded-lg border border-violet-400/25 
bg-violet-500/10 px-2 py-1.5 text-xs text-violet-100" 
data-testid="draft-devy-slot-summary">
[39m
[31m+           <div className="font-medium mb-1">Devy slots</div>
[39m
[31m+           <div>Filled: {myDevyAssetCount} / {devySlotTotal}</div>
[39m
[31m+           <div>Promoted markers: {myPromotedAssetCount}</div>
[39m
[31m+         </div>
[39m
[31m+       )}
[39m
[31m+       {myDraftedPicks.length > 0 ? (
[39m
[31m+         <ul className="space-y-1.5">
[39m
[31m+           {myDraftedPicks.map((p) => {
[39m
[31m+             const source = String((p as { source?: string | null 
}).source ?? '').toLowerCase()
[39m
[31m+             const c2cCollegeRounds = (session as 
DraftSessionSnapshot).c2c?.collegeRounds ?? []
[39m
[31m+             const isCollegeAsset = Boolean((session as 
DraftSessionSnapshot).c2c?.enabled) && (source === 'college' || 
c2cCollegeRounds.includes(p.round))
[39m
[31m+             const isProAsset = Boolean((session as 
DraftSessionSnapshot).c2c?.enabled) && !isCollegeAsset
[39m
[31m+             return (
[39m
[31m+               <li
[39m
[31m+                 key={p.id}
[39m
[31m+                 className="flex items-center justify-between rounded-lg 
border border-white/10 bg-white/5 px-3 py-2 text-sm"
[39m
[31m+               >
[39m
[31m+                 <span className="font-medium text-white/90 truncate">
[39m
[31m+                   {p.playerName}
[39m
[31m+                   {isCollegeAsset && (
[39m
[31m+                     <span className="ml-1 rounded bg-violet-500/20 px-1 
py-0.5 text-[9px] font-medium text-violet-100">College</span>
[39m
[31m+                   )}
[39m
[31m+                   {isProAsset && (
[39m
[31m+                     <span className="ml-1 rounded bg-cyan-500/20 px-1 
py-0.5 text-[9px] font-medium text-cyan-100">Pro</span>
[39m
[31m+                   )}
[39m
[31m+                 </span>
[39m
[31m+                 <span className="text-white/50 shrink-0 
ml-2">{p.position}</span>
[39m
[31m+                 <span className="text-[10px] 
text-white/40">#{p.overall}</span>
[39m
[31m+               </li>
[39m
[31m+             )
[39m
[31m+           })}
[39m
[31m+         </ul>
[39m
[31m+       ) : draftTeamPanelProps.showRosterStrip ? (
[39m
[31m+         <p className="text-[11px] text-white/40">Starter and bench 
slots above fill as you draft.</p>
[39m
[31m+       ) : (
[39m
[31m+         <p className="text-white/50 text-sm">No picks yet.</p>
[39m
[31m+       )}
[39m
[31m+     </div>
[39m
[31m+   )
[39m
[31m+ 
[39m
[31m+   const hasKeeperConfig =
[39m
[31m+     (session as DraftSessionSnapshot).keeper?.config != null &&
[39m
[31m+     ((session as DraftSessionSnapshot).keeper?.config?.maxKeepers ?? 0) 
> 0
[39m
[31m+   const showKeeperPanel = hasKeeperConfig || isCommissioner
[39m
[31m+   const requestedOrphanDrafterMode =
[39m
[31m+     draftUISettings?.orphanDrafterMode
[39m
[31m+     ?? (session as { orphanDrafterMode?: 'cpu' | 'ai' 
}).orphanDrafterMode
[39m
[31m+     ?? 'cpu'
[39m
[31m+   const sessionRequestedOrphanMode =
[39m
[31m+     (session as { orphanDrafterMode?: 'cpu' | 'ai' }).orphanDrafterMode 
?? requestedOrphanDrafterMode
[39m
[31m+   const effectiveOrphanDrafterMode =
[39m
[31m+     sessionRequestedOrphanMode === requestedOrphanDrafterMode
[39m
[31m+       ? (
[39m
[31m+         (session as { orphanDrafterEffectiveMode?: 'cpu' | 'ai' 
}).orphanDrafterEffectiveMode
[39m
[31m+         ?? (requestedOrphanDrafterMode === 'ai' && 
!resolvedOrphanAiProviderAvailable ? 'cpu' : requestedOrphanDrafterMode)
[39m
[31m+       )
[39m
[31m+       : (requestedOrphanDrafterMode === 'ai' && 
!resolvedOrphanAiProviderAvailable ? 'cpu' : requestedOrphanDrafterMode)
[39m
[31m+   const orphanDrafterFallbackActive =
[39m
[31m+     requestedOrphanDrafterMode === 'ai' && effectiveOrphanDrafterMode 
=== 'cpu'
[39m
[31m+   const keeperPanel = showKeeperPanel ? (
[39m
[31m+     <KeeperPanel
[39m
[31m+       leagueId={leagueId}
[39m
[31m+       isCommissioner={isCommissioner}
[39m
[31m+       slotOrder={slotOrder}
[39m
[31m+       currentUserRosterId={currentUserRosterId ?? null}
[39m
[31m+       rounds={session.rounds}
[39m
[31m+       onSessionUpdate={fetchSession}
[39m
[31m+     />
[39m
[31m+   ) : undefined
[39m
[31m+ 
[39m
[31m+   return (
[39m
[31m+     <>
[39m
[31m+     {showPreDraftValidationWizard && draftId ? (
[39m
[31m+       <div
[39m
[31m+         className="fixed inset-0 z-[60] flex items-center 
justify-center bg-black/70 backdrop-blur-[2px] p-4"
[39m
[31m+         role="dialog"
[39m
[31m+         aria-modal="true"
[39m
[31m+         aria-labelledby="pre-draft-validation-wizard-title"
[39m
[31m+         data-testid="pre-draft-validation-wizard"
[39m
[31m+       >
[39m
[31m+         <div className="w-full max-w-xl rounded-2xl border 
border-white/[0.08] bg-[#0d1117] p-6 shadow-2xl">
[39m
[31m+           <PreDraftWizard
[39m
[31m+             leagueId={leagueId}
[39m
[31m+             draftId={draftId}
[39m
[31m+             onClose={() => setShowPreDraftValidationWizard(false)}
[39m
[31m+             onValidationComplete={(canStart) => {
[39m
[31m+               if (canStart) {
[39m
[31m+                 setShowPreDraftValidationWizard(false)
[39m
[31m+                 void handleCommissionerAction('start')
[39m
[31m+               }
[39m
[31m+             }}
[39m
[31m+             onFixAction={(action) => {
[39m
[31m+               if (action === 'configure_roster' || action === 
'configure_scoring') {
[39m
[31m+                 void (async () => {
[39m
[31m+                   try {
[39m
[31m+                     const res = await fetch(
[39m
[31m+                       
`/api/leagues/${encodeURIComponent(leagueId)}/draft/fix-setup`,
[39m
[31m+                       {
[39m
[31m+                         method: 'POST',
[39m
[31m+                         headers: { 'Content-Type': 'application/json' },
[39m
[31m+                         body: JSON.stringify({
[39m
[31m+                           scope: action === 'configure_roster' ? 
'roster' : 'scoring',
[39m
[31m+                         }),
[39m
[31m+                       },
[39m
[31m+                     )
[39m
[31m+                     if (res.ok && typeof window !== 'undefined') {
[39m
[31m+                       window.dispatchEvent(new 
CustomEvent('af-pre-draft-checklist-refresh'))
[39m
[31m+                     }
[39m
[31m+                   } catch {
[39m
[31m+                     /* non-fatal */
[39m
[31m+                   }
[39m
[31m+                 })()
[39m
[31m+                 return
[39m
[31m+               }
[39m
[31m+               const panelByAction: Record<string, string> = {
[39m
[31m+                 invite_managers: 'invite',
[39m
[31m+                 set_draft_order: 'draft',
[39m
[31m+                 configure_roster: 'roster',
[39m
[31m+                 configure_scoring: 'scoring',
[39m
[31m+                 fix_duplicate_managers: 'members-commish',
[39m
[31m+                 configure_draft_type: 'draft',
[39m
[31m+               }
[39m
[31m+               const panel = panelByAction[action] ?? null
[39m
[31m+               if (typeof window !== 'undefined') {
[39m
[31m+                 window.dispatchEvent(
[39m
[31m+                   new CustomEvent('af-pre-draft-fix-action', {
[39m
[31m+                     detail: { leagueId, action, panel },
[39m
[31m+                   }),
[39m
[31m+                 )
[39m
[31m+               }
[39m
[31m+               setShowPreDraftValidationWizard(false)
[39m
[31m+             }}
[39m
[31m+           />
[39m
[31m+         </div>
[39m
[31m+       </div>
[39m
[31m+     ) : null}
[39m
[31m+     {presentationVariant === 'redraft_snake' && !isDynasty ? (
[39m
[31m+       <DraftRoundOneAnnouncementOverlay
[39m
[31m+         presentationVariant={presentationVariant === 'redraft_snake' ? 
'redraft_snake' : 'default'}
[39m
[31m+         leagueName={leagueName}
[39m
[31m+         sportLabel={typeof sport === 'string' ? sport.toUpperCase() : 
''}
[39m
[31m+         queue={roundOneAnnouncementQueue}
[39m
[31m+         onDismissFront={dismissRoundOneAnnouncement}
[39m
[31m+       />
[39m
[31m+     ) : null}
[39m
[31m+     <DraftRoomShell
[39m
[31m+       layout="premium"
[39m
[31m+       surfaceVariant={presentationVariant === 'redraft_snake' ? 
'redraft_snake' : 'default'}
[39m
[31m+       // D.6 ΓÇö War Room moved out of the left aside. teamPanel=null 
collapses the
[39m
[31m+       // aside; the WarRoomPopup below renders the same DraftTeamPanel 
content as
[39m
[31m+       // a floating bottom-right popup with notification badge.
[39m
[31m+       teamPanel={null}
[39m
[31m+       centerColumn={
[39m
[31m+         <div
[39m
[31m+           className={
[39m
[31m+             presentationVariant === 'redraft_snake'
[39m
[31m+               ? 'flex h-full min-h-0 flex-col bg-[radial-gradient(ellips
e_100%_80%_at_50%_-10%,rgba(34,211,238,0.06),transparent),linear-gradient(180de
g,#071826_0%,#050c18_50%,#040a14_100%)]'
[39m
[31m+               : 'flex h-full min-h-0 flex-col bg-[#060d1e]'
[39m
[31m+           }
[39m
[31m+         >
[39m
[31m+           <div className="flex min-h-0 flex-1 flex-row overflow-hidden">
[39m
[31m+             <div
[39m
[31m+               className={`flex min-h-0 min-w-0 flex-1 basis-0 flex-col 
overflow-hidden border-r xl:flex-[6] ${
[39m
[31m+                 presentationVariant === 'redraft_snake' ? 
'border-cyan-500/10' : 'border-white/8'
[39m
[31m+               }`}
[39m
[31m+               data-testid="draft-bottom-dock-pool"
[39m
[31m+             >
[39m
[31m+               {!isDraftCompleted ? (
[39m
[31m+                 <div className="min-h-0 flex-1 
overflow-hidden">{playerPoolNode}</div>
[39m
[31m+               ) : (
[39m
[31m+                 <>
[39m
[31m+                   <div className="shrink-0 border-b 
border-emerald-500/20 bg-emerald-950/25 px-4 py-3 text-center text-sm 
text-emerald-100/90">
[39m
[31m+                     Draft is complete ΓÇö browse the recap below. The 
live board stays visible above.
[39m
[31m+                   </div>
[39m
[31m+                   <div className="min-h-0 flex-1 overflow-auto">
[39m
[31m+                     <PostDraftView
[39m
[31m+                       leagueId={leagueId}
[39m
[31m+                       leagueName={leagueName}
[39m
[31m+                       sport={effectiveDraftSport}
[39m
[31m+                       session={session}
[39m
[31m+                       currentUserRosterId={currentUserRosterId ?? null}
[39m
[31m+                       slotOrder={slotOrder}
[39m
[31m+                     />
[39m
[31m+                   </div>
[39m
[31m+                 </>
[39m
[31m+               )}
[39m
[31m+             </div>
[39m
[31m+ 
[39m
[31m+             {/* D.6 ΓÇö at xl+ widths, render the 3-column dock (Queue 
| Results | Chat)
[39m
[31m+                 directly instead of the tab system. The tab system 
below stays for
[39m
[31m+                 narrower viewports as a graceful fallback. */}
[39m
[31m+             {/* D.6.1 ΓÇö single shared right-dock with QUEUE / ROSTER 
/ CHAT tabs.
[39m
[31m+                 Only the active tab body is visible; inactive bodies 
stay mounted
[39m
[31m+                 (display:none) so Roster keeps updating in real-time 
when picks
[39m
[31m+                 land while you're looking at Queue, and Chat scroll 
position
[39m
[31m+                 survives a tab switch. */}
[39m
[31m+             <div
[39m
[31m+               className="hidden min-h-0 min-w-0 basis-0 flex-col 
overflow-hidden xl:flex xl:flex-[4]"
[39m
[31m+               data-testid="draft-right-dock"
[39m
[31m+             >
[39m
[31m+               <DraftRightDockTabs
[39m
[31m+                 queueBody={<div className="flex h-full min-h-0 flex-col 
overflow-auto px-1.5 py-1">{queueStackNode}</div>}
[39m
[31m+                 rosterBody={
[39m
[31m+                   <ResultsRosterPanel
[39m
[31m+                     teams={resultsRosterTeams}
[39m
[31m+                     picks={resultsRosterPicks}
[39m
[31m+                     currentUserRosterId={currentUserRosterId ?? null}
[39m
[31m+                     starterSlots={rosterConfig?.starterSlots ?? null}
[39m
[31m+                     benchSlots={rosterConfig?.benchSlots ?? null}
[39m
[31m+                     idpEnabled={Boolean(idpRosterSummary)}
[39m
[31m+                   />
[39m
[31m+                 }
[39m
[31m+                 chatBody={<div className="flex h-full min-h-0 flex-col 
overflow-hidden">{chatPanelNode}</div>}
[39m
[31m+                 queueCount={draftIntel?.queue?.length ?? 0}
[39m
[31m+                 defaultTab="queue"
[39m
[31m+               />
[39m
[31m+             </div>
[39m
[31m+ 
[39m
[31m+             <div className="flex min-h-0 min-w-0 flex-1 basis-0 
flex-col overflow-hidden xl:hidden">
[39m
[31m+               <div className="flex h-full min-h-0 w-full flex-col" 
data-testid="draft-bottom-dock-tabs">
[39m
[31m+                 <div
[39m
[31m+                   className={`grid ${isCommissioner ? 'grid-cols-4' : 
'grid-cols-3'} gap-1 border-b px-2 py-1.5 ${
[39m
[31m+                     presentationVariant === 'redraft_snake'
[39m
[31m+                       ? 'border-cyan-500/15 
bg-[linear-gradient(180deg,rgba(15,23,42,0.95),rgba(5,12,24,0.98))] 
shadow-[inset_0_1px_0_rgba(34,211,238,0.08)]'
[39m
[31m+                       : 'border-white/8 bg-[#0a1228]'
[39m
[31m+                   }`}
[39m
[31m+                 >
[39m
[31m+                   <button
[39m
[31m+                     type="button"
[39m
[31m+                     onClick={() => setCenterDockTab('queue')}
[39m
[31m+                     data-testid="draft-bottom-tab-queue"
[39m
[31m+                     className={`rounded-md px-2 py-1 text-[10px] 
font-semibold uppercase tracking-[0.12em] transition-colors ${
[39m
[31m+                       centerDockTab === 'queue'
[39m
[31m+                         ? presentationVariant === 'redraft_snake'
[39m
[31m+                           ? 'bg-gradient-to-r from-cyan-500/25 
to-violet-500/15 text-cyan-50 shadow-[0_0_20px_rgba(34,211,238,0.15)]'
[39m
[31m+                           : 'bg-white/12 text-cyan-100'
[39m
[31m+                         : 'text-white/55 hover:bg-white/5'
[39m
[31m+                     }`}
[39m
[31m+                   >
[39m
[31m+                     Queue
[39m
[31m+                   </button>
[39m
[31m+                   <button
[39m
[31m+                     type="button"
[39m
[31m+                     onClick={() => setCenterDockTab('chat')}
[39m
[31m+                     data-testid="draft-bottom-tab-chat"
[39m
[31m+                     className={`rounded-md px-2 py-1 text-[10px] 
font-semibold uppercase tracking-[0.12em] transition-colors ${
[39m
[31m+                       centerDockTab === 'chat'
[39m
[31m+                         ? presentationVariant === 'redraft_snake'
[39m
[31m+                           ? 'bg-gradient-to-r from-cyan-500/25 
to-violet-500/15 text-cyan-50 shadow-[0_0_20px_rgba(34,211,238,0.15)]'
[39m
[31m+                           : 'bg-white/12 text-cyan-100'
[39m
[31m+                         : 'text-white/55 hover:bg-white/5'
[39m
[31m+                     }`}
[39m
[31m+                   >
[39m
[31m+                     Chat
[39m
[31m+                   </button>
[39m
[31m+                   <button
[39m
[31m+                     type="button"
[39m
[31m+                     onClick={() => setCenterDockTab('ai')}
[39m
[31m+                     data-testid="draft-bottom-tab-ai"
[39m
[31m+                     className={`rounded-md px-2 py-1 text-[10px] 
font-semibold uppercase tracking-[0.12em] transition-colors ${
[39m
[31m+                       centerDockTab === 'ai'
[39m
[31m+                         ? presentationVariant === 'redraft_snake'
[39m
[31m+                           ? 'bg-gradient-to-r from-violet-500/30 
to-fuchsia-500/15 text-violet-50 shadow-[0_0_22px_rgba(167,139,250,0.2)]'
[39m
[31m+                           : 'bg-white/12 text-cyan-100'
[39m
[31m+                         : 'text-white/55 hover:bg-white/5'
[39m
[31m+                     }`}
[39m
[31m+                   >
[39m
[31m+                     AI
[39m
[31m+                   </button>
[39m
[31m+                   {isCommissioner ? (
[39m
[31m+                     <button
[39m
[31m+                       type="button"
[39m
[31m+                       onClick={() => setCenterDockTab('commish')}
[39m
[31m+                       data-testid="draft-bottom-tab-commish"
[39m
[31m+                       className={`rounded-md px-2 py-1 text-[10px] 
font-semibold uppercase tracking-[0.12em] transition-colors ${
[39m
[31m+                         centerDockTab === 'commish'
[39m
[31m+                           ? 'bg-white/12 text-amber-100'
[39m
[31m+                           : 'text-white/55 hover:bg-white/5'
[39m
[31m+                       }`}
[39m
[31m+                     >
[39m
[31m+                       Commish Edit
[39m
[31m+                     </button>
[39m
[31m+                   ) : null}
[39m
[31m+                 </div>
[39m
[31m+ 
[39m
[31m+                 <div className="min-h-0 flex-1 overflow-hidden">
[39m
[31m+                   {centerDockTab === 'queue' ? (
[39m
[31m+                     <div className="h-full overflow-auto px-1.5 
py-1">{queueStackNode}</div>
[39m
[31m+                   ) : null}
[39m
[31m+ 
[39m
[31m+                   {centerDockTab === 'chat' ? (
[39m
[31m+                     <div className="h-full 
overflow-hidden">{chatPanelNode}</div>
[39m
[31m+                   ) : null}
[39m
[31m+ 
[39m
[31m+                   {centerDockTab === 'ai' ? (
[39m
[31m+                     <div
[39m
[31m+                       className={`h-full overflow-auto p-3 text-xs 
text-white/75 ${
[39m
[31m+                         presentationVariant === 'redraft_snake'
[39m
[31m+                           ? 
'bg-[linear-gradient(180deg,rgba(76,29,149,0.12),transparent)]'
[39m
[31m+                           : ''
[39m
[31m+                       }`}
[39m
[31m+                       data-testid="draft-bottom-ai-panel"
[39m
[31m+                     >
[39m
[31m+                       <p className="text-[10px] font-semibold uppercase 
tracking-[0.14em] text-violet-200/90">Draft AI</p>
[39m
[31m+                       {entitlements.loading ? (
[39m
[31m+                         <div className="mt-2 rounded-lg border 
border-white/12 bg-black/25 p-3">
[39m
[31m+                           <p className="text-white/55">Checking 
accessΓÇª</p>
[39m
[31m+                         </div>
[39m
[31m+                       ) : !hasAiAccess ? (
[39m
[31m+                         <div
[39m
[31m+                           className="mt-2 rounded-lg border 
border-amber-400/25 bg-amber-500/10 p-3"
[39m
[31m+                           data-testid="draft-bottom-ai-locked"
[39m
[31m+                         >
[39m
[31m+                           <p className="text-sm font-semibold 
text-amber-100">AI recommendations locked</p>
[39m
[31m+                           <p className="mt-1 text-[11px] text-white/65">
[39m
[31m+                             Subscribe (Pro, Commissioner, All-Access, 
or Supreme) for unlimited AI picks ΓÇö or top up tokens to pay per-use.
[39m
[31m+                           </p>
[39m
[31m+                           <div className="mt-2 flex flex-wrap gap-2">
[39m
[31m+                             <a
[39m
[31m+                               href="/pricing"
[39m
[31m+                               className="inline-flex items-center 
rounded border border-amber-300/45 bg-amber-500/20 px-2.5 py-1.5 text-[10px] 
font-semibold uppercase tracking-[0.12em] text-amber-100 hover:bg-amber-500/30"
[39m
[31m+                               data-testid="draft-bottom-ai-upgrade-cta"
[39m
[31m+                             >
[39m
[31m+                               Upgrade
[39m
[31m+                             </a>
[39m
[31m+                             <a
[39m
[31m+                               href="/tokens"
[39m
[31m+                               className="inline-flex items-center 
rounded border border-cyan-300/45 bg-cyan-500/15 px-2.5 py-1.5 text-[10px] 
font-semibold uppercase tracking-[0.12em] text-cyan-100 hover:bg-cyan-500/25"
[39m
[31m+                               data-testid="draft-bottom-ai-tokens-cta"
[39m
[31m+                             >
[39m
[31m+                               Buy tokens
[39m
[31m+                             </a>
[39m
[31m+                           </div>
[39m
[31m+                         </div>
[39m
[31m+                       ) : recommendationResult?.recommendation ? (
[39m
[31m+                         <div className="mt-2 space-y-2 rounded-lg 
border border-cyan-400/20 bg-cyan-500/10 p-3">
[39m
[31m+                           <p className="text-sm font-semibold 
text-white">
[39m
[31m+                             
{recommendationResult.recommendation.player.name}
[39m
[31m+                             <span className="ml-1 text-cyan-100/80">
[39m
[31m+                               
{recommendationResult.recommendation.player.position}
[39m
[31m+                               
{recommendationResult.recommendation.player.team ? ` - 
${recommendationResult.recommendation.player.team}` : ''}
[39m
[31m+                             </span>
[39m
[31m+                           </p>
[39m
[31m+                           <p className="text-[11px] 
text-white/70">{recommendationResult.recommendation.reason}</p>
[39m
[31m+                           <button
[39m
[31m+                             type="button"
[39m
[31m+                             onClick={() => setMobileTab('helper')}
[39m
[31m+                             className="rounded border 
border-cyan-300/35 bg-cyan-500/12 px-2.5 py-1.5 text-[10px] font-semibold 
uppercase tracking-[0.12em] text-cyan-100 hover:bg-cyan-500/20"
[39m
[31m+                             data-testid="draft-bottom-ai-open-helper"
[39m
[31m+                           >
[39m
[31m+                             Open Full AI Panel
[39m
[31m+                           </button>
[39m
[31m+                         </div>
[39m
[31m+                       ) : (
[39m
[31m+                         <div className="mt-2 rounded-lg border 
border-white/12 bg-black/25 p-3">
[39m
[31m+                           <p className="text-white/65">No 
recommendation yet. AI updates when draft context changes.</p>
[39m
[31m+                         </div>
[39m
[31m+                       )}
[39m
[31m+                     </div>
[39m
[31m+                   ) : null}
[39m
[31m+ 
[39m
[31m+                   {centerDockTab === 'commish' && isCommissioner ? (
[39m
[31m+                     <div className="flex h-full flex-col gap-2 
overflow-auto px-1.5 py-1" data-testid="draft-bottom-commish-panel">
[39m
[31m+                       <PreDraftSlotSetupCard
[39m
[31m+                         leagueId={leagueId}
[39m
[31m+                         session={session}
[39m
[31m+                         onSlotOrderUpdated={(nextSlotOrder) => {
[39m
[31m+                           setSession((prev) => (prev ? { ...prev, 
slotOrder: nextSlotOrder } : prev))
[39m
[31m+                           setGovernanceBanner({
[39m
[31m+                             variant: 'success',
[39m
[31m+                             message: 'Placeholder slots replaced with 
real rosters.',
[39m
[31m+                           })
[39m
[31m+                         }}
[39m
[31m+                       />
[39m
[31m+                       <CommissionerPickEditorPanel
[39m
[31m+                         leagueId={leagueId}
[39m
[31m+                         session={session}
[39m
[31m+                         players={commissionerPickEditorPlayers}
[39m
[31m+                         selectedOverall={commissionerEditOverall}
[39m
[31m+                         onSelectedOverallConsumed={() => 
setCommissionerEditOverall(null)}
[39m
[31m+                         onSnapshotUpdated={(next) => {
[39m
[31m+                           setSession((prev) => 
mergeDraftSessionSnapshot(prev, next))
[39m
[31m+                           setGovernanceBanner({ variant: 'success', 
message: 'Pick updated. Draft remains paused.' })
[39m
[31m+                         }}
[39m
[31m+                       />
[39m
[31m+                       <CommissionerAuditLogList
[39m
[31m+                         leagueId={leagueId}
[39m
[31m+                         slotOrder={session?.slotOrder}
[39m
[31m+                         refreshKey={session?.version}
[39m
[31m+                       />
[39m
[31m+                     </div>
[39m
[31m+                   ) : null}
[39m
[31m+                 </div>
[39m
[31m+               </div>
[39m
[31m+             </div>
[39m
[31m+           </div>
[39m
[31m+         </div>
[39m
[31m+       }
[39m
[31m+       topBar={
[39m
[31m+         <>
[39m
[31m+           {pickError && (
[39m
[31m+           <div className="flex items-center justify-between gap-2 
border-b border-red-400/30 bg-red-500/10 px-4 py-2 text-sm text-red-100">
[39m
[31m+               <span>{pickError}</span>
[39m
[31m+               <button type="button" onClick={() => setPickError(null)} 
className="rounded px-2 py-1 text-red-200 hover:bg-red-500/20" 
aria-label="Dismiss">├ù</button>
[39m
[31m+             </div>
[39m
[31m+           )}
[39m
[31m+           {pickSuccessFlash ? (
[39m
[31m+             <div
[39m
[31m+               role="status"
[39m
[31m+               aria-live="polite"
[39m
[31m+               className="flex items-center justify-between gap-2 
border-b border-emerald-400/35 
bg-[linear-gradient(90deg,rgba(52,211,153,0.14),rgba(15,23,42,0.85))] px-4 
py-2.5 text-sm text-emerald-50 shadow-[0_8px_32px_rgba(52,211,153,0.12)]"
[39m
[31m+               data-testid="draft-pick-success-banner"
[39m
[31m+             >
[39m
[31m+               <span className="font-medium">
[39m
[31m+                 Pick locked in: <span 
className="text-white">{pickSuccessFlash}</span>
[39m
[31m+               </span>
[39m
[31m+               <button
[39m
[31m+                 type="button"
[39m
[31m+                 onClick={() => setPickSuccessFlash(null)}
[39m
[31m+                 className="rounded px-2 py-1 text-emerald-200/90 
hover:bg-emerald-500/15"
[39m
[31m+                 aria-label="Dismiss confirmation"
[39m
[31m+               >
[39m
[31m+                 ├ù
[39m
[31m+               </button>
[39m
[31m+             </div>
[39m
[31m+           ) : null}
[39m
[31m+           {draftRoomState.rosterConfigurationIncomplete ? (
[39m
[31m+             <div
[39m
[31m+               role="alert"
[39m
[31m+               aria-live="assertive"
[39m
[31m+               data-testid="draft-roster-config-incomplete-banner"
[39m
[31m+               className="flex flex-wrap items-center gap-2 border-b 
border-rose-400/35 bg-rose-950/45 px-4 py-2.5 text-sm text-rose-50"
[39m
[31m+             >
[39m
[31m+               <span className="font-semibold text-rose-100">Roster 
configuration incomplete.</span>
[39m
[31m+               <span className="text-rose-100/90">
[39m
[31m+                 {draftRoomState.rosterConfigurationMessage ??
[39m
[31m+                   'The commissioner must save roster slots in league 
settings before drafting. The pick clock and player picks stay disabled until 
this is fixed.'}
[39m
[31m+               </span>
[39m
[31m+             </div>
[39m
[31m+           ) : governanceBanner ? (
[39m
[31m+             <div
[39m
[31m+               role={governanceBanner.variant === 'error' ? 'alert' : 
'status'}
[39m
[31m+               aria-live={governanceBanner.variant === 'error' ? 
'assertive' : 'polite'}
[39m
[31m+               data-testid="draft-governance-banner"
[39m
[31m+               className={`flex items-center justify-between gap-2 
border-b px-4 py-2.5 text-sm ${
[39m
[31m+                 governanceBanner.variant === 'success'
[39m
[31m+                   ? 'border-emerald-400/30 bg-emerald-500/10 
text-emerald-50'
[39m
[31m+                   : governanceBanner.variant === 'error'
[39m
[31m+                     ? 'border-rose-400/35 bg-rose-500/12 text-rose-50'
[39m
[31m+                     : 'border-amber-400/35 bg-amber-500/12 
text-amber-50'
[39m
[31m+               }`}
[39m
[31m+             >
[39m
[31m+               <span 
className="font-medium">{governanceBanner.message}</span>
[39m
[31m+               <button
[39m
[31m+                 type="button"
[39m
[31m+                 onClick={() => setGovernanceBanner(null)}
[39m
[31m+                 className="rounded px-2 py-1 opacity-90 
hover:bg-white/10"
[39m
[31m+                 aria-label="Dismiss notice"
[39m
[31m+               >
[39m
[31m+                 ├ù
[39m
[31m+               </button>
[39m
[31m+             </div>
[39m
[31m+           ) : session?.status === 'paused' ? (
[39m
[31m+             <div
[39m
[31m+               role="status"
[39m
[31m+               aria-live="polite"
[39m
[31m+               data-testid="draft-paused-room-banner"
[39m
[31m+               className="flex items-center gap-2 border-b 
border-amber-400/35 
bg-[linear-gradient(90deg,rgba(251,191,36,0.12),rgba(15,23,42,0.92))] px-4 
py-2.5 text-sm text-amber-50"
[39m
[31m+             >
[39m
[31m+               <span className="font-semibold uppercase 
tracking-[0.12em] text-amber-200/95">Paused</span>
[39m
[31m+               <span className="text-amber-50/95">
[39m
[31m+                 Pick clock is frozen until the commissioner resumes the 
draft.
[39m
[31m+               </span>
[39m
[31m+             </div>
[39m
[31m+           ) : session?.status === 'in_progress' && 
session.timer?.pauseReason === 'overnight_window' ? (
[39m
[31m+             <div
[39m
[31m+               role="status"
[39m
[31m+               aria-live="polite"
[39m
[31m+               data-testid="draft-overnight-pause-banner"
[39m
[31m+               className="flex flex-wrap items-center gap-2 border-b 
border-slate-400/35 bg-slate-900/80 px-4 py-2.5 text-sm text-slate-100"
[39m
[31m+             >
[39m
[31m+               <span className="font-semibold uppercase 
tracking-[0.12em] text-slate-200/95">Overnight pause</span>
[39m
[31m+               <span className="text-slate-100/90">
[39m
[31m+                 Pick clock is frozen for the quiet window.
[39m
[31m+                 {draftUISettings?.allowPicksDuringOvernightPause
[39m
[31m+                   ? ' Picks are still allowed if your league permits 
them.'
[39m
[31m+                   : ' Picks are disabled until the window ends.'}
[39m
[31m+               </span>
[39m
[31m+             </div>
[39m
[31m+           ) : showPickClockAnchorWarning ? (
[39m
[31m+             <div
[39m
[31m+               role="status"
[39m
[31m+               data-testid="draft-clock-anchor-warning"
[39m
[31m+               className="flex flex-wrap items-center justify-between 
gap-2 border-b border-cyan-400/30 bg-cyan-950/30 px-4 py-2.5 text-sm 
text-cyan-50"
[39m
[31m+             >
[39m
[31m+               <span className="text-cyan-100/95">
[39m
[31m+                 Pick timer is syncing ΓÇö tap <span 
className="font-semibold">Resync</span> if the clock stays blank.
[39m
[31m+               </span>
[39m
[31m+               <button
[39m
[31m+                 type="button"
[39m
[31m+                 className="shrink-0 rounded-lg border 
border-cyan-400/35 bg-cyan-500/15 px-3 py-1 text-xs font-semibold uppercase 
tracking-[0.1em] text-cyan-50 hover:bg-cyan-500/25"
[39m
[31m+                 onClick={() => void handleResync()}
[39m
[31m+               >
[39m
[31m+                 Resync
[39m
[31m+               </button>
[39m
[31m+             </div>
[39m
[31m+           ) : session?.status === 'in_progress' && !currentUserRosterId 
? (
[39m
[31m+             <div
[39m
[31m+               role="status"
[39m
[31m+               data-testid="draft-room-no-roster-banner"
[39m
[31m+               className="border-b border-amber-400/40 bg-amber-950/35 
px-4 py-2.5 text-sm text-amber-50"
[39m
[31m+             >
[39m
[31m+               <span className="font-semibold text-amber-100">No roster 
linked to your account in this league.</span>{' '}
[39m
[31m+               <span className="text-amber-100/85">
[39m
[31m+                 Claim your team from the league page to submit picks 
when you&apos;re on the clock.
[39m
[31m+               </span>
[39m
[31m+             </div>
[39m
[31m+           ) : null}
[39m
[31m+           <DraftTopBar
[39m
[31m+             leagueName={leagueName}
[39m
[31m+             leagueLogoUrl={leagueLogoUrl ?? null}
[39m
[31m+             sport={effectiveDraftSport}
[39m
[31m+             draftType={session.draftType}
[39m
[31m+             teamCount={session.teamCount}
[39m
[31m+             rounds={session.rounds}
[39m
[31m+             currentManagerOnClock={currentPick?.displayName ?? null}
[39m
[31m+             isCurrentUserOnClock={isCurrentUserOnClock}
[39m
[31m+             pickLabel={currentPick?.pickLabel ?? null}
[39m
[31m+             overallPickNumber={currentPick?.overall ?? null}
[39m
[31m+             timerStatus={draftRoomState.timerMode === 'blocked' ? 
'none' : (session.timer?.status ?? 'none')}
[39m
[31m+             timerRemainingSeconds={draftRoomState.timerMode === 
'blocked' ? null : (session.timer?.remainingSeconds ?? null)}
[39m
[31m+             timerEndAtIso={draftRoomState.timerEndAt}
[39m
[31m+             timerSeconds={session.timerSeconds ?? null}
[39m
[31m+             timerPauseReason={session.timer?.pauseReason ?? null}
[39m
[31m+             overnightResumeAtIso={session.timer?.overnightResumeAt ?? 
null}
[39m
[31m+             timerMode={draftUISettings?.timerMode ?? 'per_pick'}
[39m
[31m+             autoPickEnabled={autoPickEnabled}
[39m
[31m+             isCommissioner={isCommissioner}
[39m
[31m+             draftStatus={session.status}
[39m
[31m+             inviteLink={inviteLink}
[39m
[31m+             onCopyInvite={(source) => {
[39m
[31m+               void handleCopyInvite(source)
[39m
[31m+             }}
[39m
[31m+             onStartDraft={draftRoomState.canStart ? () => void 
handleStartDraft() : undefined}
[39m
[31m+             onPause={() => void handleCommissionerAction('pause')}
[39m
[31m+             onResume={() => void handleCommissionerAction('resume')}
[39m
[31m+             onResetTimer={() => void handleCommissionerResetTimer()}
[39m
[31m+             onUndoPick={() => void handleCommissionerUndoPick()}
[39m
[31m+             commissionerPauseControlsEnabled={draftUISettings?.commissio
nerPauseControlsEnabled ?? true}
[39m
[31m+             commissionerLoading={commissionerLoading}
[39m
[31m+             isReconnecting={connectionDegraded}
[39m
[31m+             isOrphanOnClock={isOrphanOnClock}
[39m
[31m+             orphanDrafterMode={effectiveOrphanDrafterMode}
[39m
[31m+             orphanDrafterRequestedMode={requestedOrphanDrafterMode}
[39m
[31m+             orphanFallbackActive={orphanDrafterFallbackActive}
[39m
[31m+             onRunAiPick={isCommissioner && isOrphanOnClock ? 
handleRunAiPick : undefined}
[39m
[31m+             runAiPickLoading={runAiPickLoading}
[39m
[31m+             onCommissionerOpen={isCommissioner ? () => 
setShowCommissionerModal(true) : undefined}
[39m
[31m+             onTradesClick={openPickTradePanel}
[39m
[31m+             pendingTradesCount={pendingTradesCount}
[39m
[31m+             showUseQueue={
[39m
[31m+               !draftRoomState.isAuction &&
[39m
[31m+               autoPickEnabled &&
[39m
[31m+               session.timer?.status === 'expired' &&
[39m
[31m+               isCurrentUserOnClock &&
[39m
[31m+               queueFiltered.length > 0
[39m
[31m+             }
[39m
[31m+             onUseQueue={handleAutopickExpired}
[39m
[31m+             useQueueLoading={autopickExpiredLoading}
[39m
[31m+             onResync={handleResync}
[39m
[31m+             resyncLoading={resyncLoading}
[39m
[31m+             backHref={`/league/${leagueId}`}
[39m
[31m+             onOpenDraftRoomSettings={() => 
setDraftRoomSettingsOpen(true)}
[39m
[31m+             onlineCount={onlineCount > 0 ? onlineCount : undefined}
[39m
[31m+             draftRoomPresentation={presentationVariant}
[39m
[31m+             onToggleAutoPick={handleToggleAutoPick}
[39m
[31m+             thirdRoundReversal={Boolean(session.thirdRoundReversal)}
[39m
[31m+             bigScreenHref={draftId ? `/draft/${draftId}/bigscreen` : 
null}
[39m
[31m+           />
[39m
[31m+         </>
[39m
[31m+       }
[39m
[31m+       managerStrip={null}
[39m
[31m+       draftBoard={
[39m
[31m+         <div
[39m
[31m+           className="flex min-h-0 flex-col gap-1.5 p-1.5 lg:gap-2.5 
lg:p-2.5"
[39m
[31m+           style={draftBoardSurfaceStyle}
[39m
[31m+         >
[39m
[31m+           {/*
[39m
[31m+             Full-width chrome stays above the lg:flex-row 
(LiveDraftStatusColumn + board).
[39m
[31m+             Mount for pre_draft too on redraft_snake so Start does not 
jump the board stack height.
[39m
[31m+           */}
[39m
[31m+           {presentationVariant === 'redraft_snake' && !isDynasty && 
!isDraftCompleted ? (
[39m
[31m+             <div className="w-full shrink-0">
[39m
[31m+               <RedraftPlanningRibbon
[39m
[31m+                 preDraft={session.status === 'pre_draft'}
[39m
[31m+                 picksUntilUser={ribbonPicksUntilUser}
[39m
[31m+                 userOnClock={isCurrentUserOnClock}
[39m
[31m+                 onDeck={redraftRibbonOnDeck}
[39m
[31m+                 thirdRoundReversal={session.thirdRoundReversal}
[39m
[31m+                 backToBackSoon={redraftBackToBackSoon}
[39m
[31m+                 viewerRosterMissing={
[39m
[31m+                   (session.status === 'in_progress' || session.status 
=== 'paused') &&
[39m
[31m+                   !(session as DraftSessionSnapshot & { 
currentUserRosterId?: string }).currentUserRosterId
[39m
[31m+                 }
[39m
[31m+               />
[39m
[31m+             </div>
[39m
[31m+           ) : null}
[39m
[31m+           {draftUISettings?.executionMode === 'offline' ? (
[39m
[31m+             <div
[39m
[31m+               className="w-full shrink-0 rounded-lg border 
border-amber-400/35 bg-amber-500/10 px-3 py-2 text-[11px] text-amber-100"
[39m
[31m+               data-testid="draft-room-offline-banner"
[39m
[31m+               role="status"
[39m
[31m+             >
[39m
[31m+               <p className="font-semibold uppercase tracking-[0.14em] 
text-amber-200">Offline draft</p>
[39m
[31m+               <p className="mt-0.5 text-amber-100/85">
[39m
[31m+                 {isCommissioner
[39m
[31m+                   ? 'You are logging picks from an in-person draft. 
Selecting a player submits on behalf of the team on the clock.'
[39m
[31m+                   : 'This league is running an offline draft. Picks are 
being entered by the commissioner as they happen in person.'}
[39m
[31m+               </p>
[39m
[31m+             </div>
[39m
[31m+           ) : null}
[39m
[31m+           {isDraftCompleted ? (
[39m
[31m+             <div
[39m
[31m+               className="w-full shrink-0 rounded-xl border 
border-emerald-400/35 bg-emerald-500/10 px-4 py-3 text-center text-sm 
text-emerald-50 shadow-[0_8px_32px_rgba(16,185,129,0.12)]"
[39m
[31m+               role="status"
[39m
[31m+               data-testid="draft-complete-board-banner"
[39m
[31m+             >
[39m
[31m+               <span className="font-semibold uppercase 
tracking-[0.12em] text-emerald-200/95">Draft complete</span>
[39m
[31m+               <span className="mt-1 block text-[13px] font-normal 
text-emerald-50/90">
[39m
[31m+                 Final board is below ΓÇö open the player column for 
recap & export.
[39m
[31m+               </span>
[39m
[31m+             </div>
[39m
[31m+           ) : null}
[39m
[31m+           {!isDraftCompleted &&
[39m
[31m+           (session.status === 'in_progress' || session.status === 
'paused') &&
[39m
[31m+           (!Array.isArray(session.slotOrder) || 
session.slotOrder.length < safeBoardTeamCount) ? (
[39m
[31m+             <div
[39m
[31m+               role="status"
[39m
[31m+               data-testid="draft-board-order-incomplete-banner"
[39m
[31m+               className="w-full shrink-0 rounded-lg border 
border-amber-400/40 bg-amber-950/35 px-3 py-2 text-[11px] text-amber-50"
[39m
[31m+             >
[39m
[31m+               Draft order is still syncing ΓÇö board cells stay open 
below. Use <span className="font-semibold">Resync</span>{' '}
[39m
[31m+               in the header if this message persists.
[39m
[31m+             </div>
[39m
[31m+           ) : null}
[39m
[31m+           {sessionMismatchRecovering ? (
[39m
[31m+             <div
[39m
[31m+               role="status"
[39m
[31m+               data-testid="draft-session-mismatch-banner"
[39m
[31m+               className="flex w-full shrink-0 items-center 
justify-between gap-3 rounded-lg border border-cyan-400/40 bg-cyan-950/35 px-3 
py-2 text-[11px] text-cyan-50"
[39m
[31m+             >
[39m
[31m+               <span>Draft status changed. Refreshing room 
stateΓÇª</span>
[39m
[31m+               {sessionMismatchAttemptsRef.current > 3 ? (
[39m
[31m+                 <button
[39m
[31m+                   type="button"
[39m
[31m+                   onClick={() => {
[39m
[31m+                     sessionMismatchAttemptsRef.current = 0
[39m
[31m+                     void fetchSession()
[39m
[31m+                   }}
[39m
[31m+                   data-testid="draft-session-mismatch-retry"
[39m
[31m+                   className="rounded-md border border-cyan-400/50 
bg-cyan-500/15 px-2 py-0.5 text-[10px] font-bold uppercase tracking-wide 
text-cyan-100 hover:bg-cyan-500/25"
[39m
[31m+                 >
[39m
[31m+                   Try again
[39m
[31m+                 </button>
[39m
[31m+               ) : null}
[39m
[31m+             </div>
[39m
[31m+           ) : null}
[39m
[31m+           {/* D.6.2 ΓÇö LiveDraftStatusColumn removed from the live 
snake layout.
[39m
[31m+               The status column produced a side-by-side split with the 
board that
[39m
[31m+               cramped horizontal real estate. The clock pill in 
DraftTopBar and
[39m
[31m+               the on-the-clock cell in DraftBoard now carry that 
information. */}
[39m
[31m+           <div className="flex min-h-0 min-w-0 flex-1 flex-col gap-1.5">
[39m
[31m+             <div className="flex min-h-[120px] min-w-0 flex-1 flex-col 
overflow-hidden lg:min-h-0">
[39m
[31m+               {session?.draftType === 'auction' ? (
[39m
[31m+                 <div className="shrink-0">
[39m
[31m+                   <DraftTeamStrip
[39m
[31m+                     teamCount={safeBoardTeamCount}
[39m
[31m+                     slotOrder={slotOrder}
[39m
[31m+                     teamMetaByRoster={teamMetaByRoster}
[39m
[31m+                     currentUserRosterId={currentUserRosterId ?? null}
[39m
[31m+                     onClockRosterId={currentPick?.rosterId ?? null}
[39m
[31m+                     canInvite={isCommissioner}
[39m
[31m+                   />
[39m
[31m+                 </div>
[39m
[31m+               ) : null}
[39m
[31m+               <div className="min-h-0 flex-1 overflow-auto 
overscroll-contain [overflow-anchor:none]">
[39m
[31m+                 <DraftBoard
[39m
[31m+                   picks={session.picks ?? []}
[39m
[31m+                   slotOrder={slotOrder}
[39m
[31m+                   tradedPicks={(session as any).tradedPicks ?? []}
[39m
[31m+                   teamCount={safeBoardTeamCount}
[39m
[31m+                   rounds={safeBoardRounds}
[39m
[31m+                   draftType={session.draftType}
[39m
[31m+                   thirdRoundReversal={session.thirdRoundReversal}
[39m
[31m+                   tradedPickColorMode={tradedPickColorMode}
[39m
[31m+                   showNewOwnerInRed={showNewOwnerInRed}
[39m
[31m+                   keeperLocks={(session as 
DraftSessionSnapshot).keeper?.locks}
[39m
[31m+                   devyRounds={(session as 
DraftSessionSnapshot).c2c?.enabled ? [] : ((session as 
DraftSessionSnapshot).devy?.devyRounds ?? [])}
[39m
[31m+                   c2cCollegeRounds={(session as 
DraftSessionSnapshot).c2c?.collegeRounds ?? []}
[39m
[31m+                   currentOverallPick={currentPick?.overall ?? null}
[39m
[31m+                   sport={effectiveDraftSport}
[39m
[31m+                   currentUserRosterId={currentUserRosterId ?? null}
[39m
[31m+                   aiManagedRosterIds={aiManagedRosterIds}
[39m
[31m+                   orderSourceLabel={boardOrderSourceLabel}
[39m
[31m+                   presentationVariant={presentationVariant === 
'redraft_snake' ? 'redraft_snake' : 'default'}
[39m
[31m+                   poolPlayerById={poolPlayerById}
[39m
[31m+                   onCellTrade={currentUserRosterId ? 
openPickTradeFromBoard : undefined}
[39m
[31m+                   onOpenTradeHistory={() => {
[39m
[31m+                     setTradeHistoryFocus(null)
[39m
[31m+                     setTradeHistoryOpen(true)
[39m
[31m+                   }}
[39m
[31m+                   onViewCellTradeHistory={(ctx) => {
[39m
[31m+                     setTradeHistoryFocus({
[39m
[31m+                       round: ctx.round,
[39m
[31m+                       originalRosterId: ctx.originalRosterId,
[39m
[31m+                     })
[39m
[31m+                     setTradeHistoryOpen(true)
[39m
[31m+                   }}
[39m
[31m+                   canCommissionerEditPicks={
[39m
[31m+                     isCommissioner && session?.status === 'paused' && 
session?.draftType !== 'auction'
[39m
[31m+                   }
[39m
[31m+                   onCommissionerEditPick={isCommissioner ? 
openCommissionerPickEditor : undefined}
[39m
[31m+                 />
[39m
[31m+               </div>
[39m
[31m+             </div>
[39m
[31m+           </div>
[39m
[31m+         </div>
[39m
[31m+       }
[39m
[31m+       auctionStrip={
[39m
[31m+         draftRoomState.isAuction && auctionSnapshot ? (
[39m
[31m+           <AuctionSpotlightPanel
[39m
[31m+             auction={auctionSnapshot}
[39m
[31m+             currentUserRosterId={currentUserRosterId ?? null}
[39m
[31m+             isCommissioner={isCommissioner}
[39m
[31m+             onNominate={(player) => handleAuctionNominate({ name: 
player.playerName, position: player.position, team: player.team ?? null })}
[39m
[31m+             onBid={handleAuctionBid}
[39m
[31m+             onResolve={handleAuctionResolve}
[39m
[31m+             timerRemainingSeconds={
[39m
[31m+               draftRoomState.timerMode === 'blocked' ? null : 
(session.timer?.remainingSeconds ?? null)
[39m
[31m+             }
[39m
[31m+             timerStatus={draftRoomState.timerMode === 'blocked' ? 
'none' : (session.timer?.status ?? 'none')}
[39m
[31m+             nominateLoading={auctionNominateLoading}
[39m
[31m+             bidLoading={auctionBidLoading}
[39m
[31m+             resolveLoading={auctionResolveLoading}
[39m
[31m+             
rosterGateBlocksAuctionActions={draftRoomState.rosterConfigurationIncomplete}
[39m
[31m+           />
[39m
[31m+         ) : undefined
[39m
[31m+       }
[39m
[31m+       playerPanel={playerPoolNode}
[39m
[31m+       queuePanel={queueStackNode}
[39m
[31m+       helperPanel={undefined}
[39m
[31m+       chatPanel={chatPanelNode}
[39m
[31m+       rosterPanel={rosterPanel}
[39m
[31m+       keeperPanel={keeperPanel}
[39m
[31m+       mobileStickyBar={mobileStickyBar}
[39m
[31m+       mobileTab={mobileTab}
[39m
[31m+       onMobileTabChange={setMobileTab}
[39m
[31m+     />
[39m
[31m+     {/* D.6 ΓÇö Sleeper-style War Room as floating bottom-right popup. 
The same
[39m
[31m+         DraftTeamPanel content that used to live in the left aside 
lives inside
[39m
[31m+         the popup body now, so power users still have one-click access 
to
[39m
[31m+         starter balance / positional mix / AI guidance, but the layout 
reclaims
[39m
[31m+         that left column for the player table. */}
[39m
[31m+     <WarRoomPopup
[39m
[31m+       hasNewIntel={warRoomHasNewIntel}
[39m
[31m+       triggerLabel="War Room"
[39m
[31m+       triggerPosition={presentationVariant === 'redraft_snake' ? 
'bottom-left' : 'bottom-right'}
[39m
[31m+     >
[39m
[31m+       <DraftTeamPanel {...draftTeamPanelProps} 
redraftStarterHints={redraftStarterHints} />
[39m
[31m+     </WarRoomPopup>
[39m
[31m+     <DraftRoomSettingsModal
[39m
[31m+       open={draftRoomSettingsOpen}
[39m
[31m+       onClose={() => setDraftRoomSettingsOpen(false)}
[39m
[31m+       leagueId={leagueId}
[39m
[31m+       leagueName={leagueName}
[39m
[31m+       draftSessionStatus={session?.status ?? 'pre_draft'}
[39m
[31m+       isCommissioner={isCommissioner}
[39m
[31m+       presentationVariant={presentationVariant}
[39m
[31m+       draftIsAuction={session?.draftType === 'auction'}
[39m
[31m+       onSaved={() => {
[39m
[31m+         void fetchDraftSettings()
[39m
[31m+       }}
[39m
[31m+     />
[39m
[31m+     {commissionerEditModalOpen && isCommissioner && (
[39m
[31m+       <div
[39m
[31m+         className="fixed inset-0 z-50 flex items-start justify-center 
overflow-auto bg-black/60 p-4 sm:items-center"
[39m
[31m+         role="dialog"
[39m
[31m+         aria-label="Commissioner pick editor"
[39m
[31m+         data-testid="draft-commish-edit-overlay"
[39m
[31m+         onClick={(e) => { if (e.target === e.currentTarget) 
setCommissionerEditModalOpen(false) }}
[39m
[31m+       >
[39m
[31m+         <div className="w-full max-w-2xl max-h-[90vh] overflow-auto 
rounded-lg border border-white/10 bg-[#0b1426] shadow-2xl">
[39m
[31m+           <div className="flex items-center justify-between border-b 
border-white/10 px-4 py-2">
[39m
[31m+             <h2 className="text-sm font-semibold uppercase 
tracking-[0.14em] text-amber-100">Commissioner Pick Editor</h2>
[39m
[31m+             <button
[39m
[31m+               type="button"
[39m
[31m+               onClick={() => setCommissionerEditModalOpen(false)}
[39m
[31m+               className="rounded px-2 py-1 text-white/70 
hover:bg-white/10 hover:text-white"
[39m
[31m+               aria-label="Close commissioner pick editor"
[39m
[31m+               data-testid="draft-commish-edit-overlay-close"
[39m
[31m+             >
[39m
[31m+               ├ù
[39m
[31m+             </button>
[39m
[31m+           </div>
[39m
[31m+           <div className="p-3">
[39m
[31m+             <CommissionerPickEditorPanel
[39m
[31m+               leagueId={leagueId}
[39m
[31m+               session={session}
[39m
[31m+               players={commissionerPickEditorPlayers}
[39m
[31m+               selectedOverall={commissionerEditOverall}
[39m
[31m+               onSelectedOverallConsumed={() => 
setCommissionerEditOverall(null)}
[39m
[31m+               onSnapshotUpdated={(next) => {
[39m
[31m+                 setSession((prev) => mergeDraftSessionSnapshot(prev, 
next))
[39m
[31m+                 setGovernanceBanner({ variant: 'success', message: 
'Pick updated. Draft remains paused.' })
[39m
[31m+               }}
[39m
[31m+             />
[39m
[31m+           </div>
[39m
[31m+         </div>
[39m
[31m+       </div>
[39m
[31m+     )}
[39m
[31m+     {showCommissionerModal && isCommissioner && (
[39m
[31m+       <div className="fixed inset-0 z-50 flex items-center 
justify-center bg-black/60 p-4" role="dialog" aria-label="Commissioner control 
center" data-testid="draft-commissioner-overlay">
[39m
[31m+         <div className="w-full max-w-md max-h-[90vh] overflow-auto">
[39m
[31m+           <CommissionerControlCenterModal
[39m
[31m+             leagueId={leagueId}
[39m
[31m+             draftStatus={session?.status ?? 'pre_draft'}
[39m
[31m+             draftType={session?.draftType}
[39m
[31m+             draftUISettings={draftUISettings}
[39m
[31m+             skipPickAllowed={skipPickAllowed}
[39m
[31m+             orphanStatus={orphanAiStatus}
[39m
[31m+             isOrphanOnClock={isOrphanOnClock}
[39m
[31m+             orphanDrafterMode={requestedOrphanDrafterMode}
[39m
[31m+             orphanDrafterEffectiveMode={effectiveOrphanDrafterMode}
[39m
[31m+             
orphanAiProviderAvailable={resolvedOrphanAiProviderAvailable}
[39m
[31m+             timerSeconds={session?.timerSeconds ?? null}
[39m
[31m+             rounds={session?.rounds ?? 15}
[39m
[31m+             devyConfig={(session as DraftSessionSnapshot)?.devy ?? null}
[39m
[31m+             c2cConfig={(session as DraftSessionSnapshot)?.c2c ?? null}
[39m
[31m+             onClose={() => setShowCommissionerModal(false)}
[39m
[31m+             onAction={handleCommissionerAction}
[39m
[31m+             onSettingsPatch={handleSettingsPatch}
[39m
[31m+             onSaveDevyConfig={handleSaveDevyConfig}
[39m
[31m+             onSaveC2CConfig={handleSaveC2CConfig}
[39m
[31m+             onStartDraft={draftRoomState.canStart ? handleStartDraft : 
undefined}
[39m
[31m+             onRunAiPick={isCommissioner && isOrphanOnClock ? 
handleRunAiPick : undefined}
[39m
[31m+             runAiPickLoading={runAiPickLoading}
[39m
[31m+             onBroadcast={() => { setShowCommissionerModal(false); 
setShowBroadcastModal(true) }}
[39m
[31m+             onResync={handleResync}
[39m
[31m+             loading={commissionerLoading}
[39m
[31m+             commissionerAiDraft={commissionerAiDraft ?? undefined}
[39m
[31m+             onSaveCommissionerAiDraft={handleSaveCommissionerAiDraft}
[39m
[31m+           />
[39m
[31m+         </div>
[39m
[31m+       </div>
[39m
[31m+     )}
[39m
[31m+     {showTradePanel && session && (
[39m
[31m+       <div
[39m
[31m+         className="fixed inset-0 z-[60] flex items-center 
justify-center bg-black/75 p-3 backdrop-blur-md sm:p-4"
[39m
[31m+         role="dialog"
[39m
[31m+         aria-label="Draft pick trades"
[39m
[31m+         data-testid="draft-trade-panel-overlay"
[39m
[31m+         onClick={(e) => {
[39m
[31m+           if (e.target === e.currentTarget) setShowTradePanel(false)
[39m
[31m+         }}
[39m
[31m+       >
[39m
[31m+         <div
[39m
[31m+           className="max-h-[min(92vh,960px)] w-full max-w-6xl 
overflow-hidden"
[39m
[31m+           onClick={(e) => e.stopPropagation()}
[39m
[31m+         >
[39m
[31m+           <DraftPickTradePanel
[39m
[31m+             leagueId={leagueId}
[39m
[31m+             leagueName={leagueName}
[39m
[31m+             draftSessionStatus={session.status}
[39m
[31m+             pickTradeEnabled={draftUISettings?.pickTradeEnabled ?? true}
[39m
[31m+             presentationVariant={presentationVariant}
[39m
[31m+             sessionId={session.id}
[39m
[31m+             draftStateFingerprint={tradeDraftStateFingerprint}
[39m
[31m+             slotOrder={slotOrder}
[39m
[31m+             teamCount={session.teamCount}
[39m
[31m+             rounds={session.rounds}
[39m
[31m+             currentUserRosterId={currentUserRosterId ?? null}
[39m
[31m+             tradePanelGeneration={tradePanelGeneration}
[39m
[31m+             initialTradeDraft={tradeInitialDraft}
[39m
[31m+             onClockTradeTimerBehavior={
[39m
[31m+               session.onClockTradeTimerBehavior === 'reset_timer' ? 
'reset_timer' : 'inherit_remaining'
[39m
[31m+             }
[39m
[31m+             onClose={() => setShowTradePanel(false)}
[39m
[31m+             onTradeAccepted={(updatedSession?: unknown) => {
[39m
[31m+               if (updatedSession != null)
[39m
[31m+                 setSession((prev) =>
[39m
[31m+                   mergeDraftSessionSnapshot(prev, updatedSession as 
DraftSessionSnapshot),
[39m
[31m+                 )
[39m
[31m+               fetchPendingTradesCount()
[39m
[31m+             }}
[39m
[31m+           />
[39m
[31m+         </div>
[39m
[31m+       </div>
[39m
[31m+     )}
[39m
[31m+     {showBroadcastModal && (
[39m
[31m+       <div className="fixed inset-0 z-50 flex items-center 
justify-center bg-black/60 p-4" role="dialog" aria-label="Broadcast to 
leagues" data-testid="draft-broadcast-overlay">
[39m
[31m+         <div className="w-full max-w-md rounded-xl border 
border-white/12 bg-[#070f21] p-4 shadow-xl" 
data-testid="draft-broadcast-modal">
[39m
[31m+           <h3 className="mb-3 text-sm font-semibold 
text-white">@everyone Broadcast</h3>
[39m
[31m+           <p className="mb-2 text-[10px] text-white/60">Select leagues 
to send the message to.</p>
[39m
[31m+           <div className="mb-3 max-h-40 overflow-y-auto rounded border 
border-white/12 bg-black/20 p-2">
[39m
[31m+             {commissionerLeagues.map((l) => (
[39m
[31m+               <label key={l.id} className="flex cursor-pointer 
items-center gap-2 py-1 text-xs text-white">
[39m
[31m+                 <input
[39m
[31m+                   type="checkbox"
[39m
[31m+                   checked={broadcastSelectedIds.has(l.id)}
[39m
[31m+                   onChange={(e) => {
[39m
[31m+                     setBroadcastSelectedIds((prev) => {
[39m
[31m+                       const next = new Set(prev)
[39m
[31m+                       if (e.target.checked) next.add(l.id)
[39m
[31m+                       else next.delete(l.id)
[39m
[31m+                       return next
[39m
[31m+                     })
[39m
[31m+                   }}
[39m
[31m+                   className="rounded border-white/20"
[39m
[31m+                   data-testid={`draft-broadcast-league-${l.id}`}
[39m
[31m+                 />
[39m
[31m+                 {l.name || l.id}
[39m
[31m+               </label>
[39m
[31m+             ))}
[39m
[31m+           </div>
[39m
[31m+           <textarea
[39m
[31m+             value={broadcastMessage}
[39m
[31m+             onChange={(e) => setBroadcastMessage(e.target.value)}
[39m
[31m+             placeholder="Message to send as @everyone"
[39m
[31m+             className="mb-3 w-full rounded border border-white/12 
bg-black/30 px-2 py-1.5 text-xs text-white placeholder:text-white/40"
[39m
[31m+             rows={3}
[39m
[31m+             data-testid="draft-broadcast-message-input"
[39m
[31m+           />
[39m
[31m+           <div className="flex justify-end gap-2">
[39m
[31m+             <button
[39m
[31m+               type="button"
[39m
[31m+               onClick={() => setShowBroadcastModal(false)}
[39m
[31m+               data-testid="draft-broadcast-cancel"
[39m
[31m+               className="rounded border border-white/15 bg-black/20 
px-3 py-1.5 text-xs text-white/80 hover:bg-white/10"
[39m
[31m+             >
[39m
[31m+               Cancel
[39m
[31m+             </button>
[39m
[31m+             <button
[39m
[31m+               type="button"
[39m
[31m+               onClick={handleBroadcastSubmit}
[39m
[31m+               disabled={broadcastSending || broadcastSelectedIds.size 
=== 0 || !broadcastMessage.trim()}
[39m
[31m+               data-testid="draft-broadcast-send"
[39m
[31m+               className="rounded border border-amber-400/35 
bg-amber-500/10 px-3 py-1.5 text-xs text-amber-100 hover:bg-amber-500/20 
disabled:opacity-50"
[39m
[31m+             >
[39m
[31m+               {broadcastSending ? 'SendingΓÇª' : 'Send'}
[39m
[31m+             </button>
[39m
[31m+           </div>
[39m
[31m+         </div>
[39m
[31m+       </div>
[39m
[31m+     )}
[39m
[31m+     <PickTradeHistoryModal
[39m
[31m+       open={tradeHistoryOpen}
[39m
[31m+       onClose={() => setTradeHistoryOpen(false)}
[39m
[31m+       tradedPicks={((session as DraftSessionSnapshot | 
null)?.tradedPicks) ?? []}
[39m
[31m+       focusRound={tradeHistoryFocus?.round ?? null}
[39m
[31m+       focusOriginalRosterId={tradeHistoryFocus?.originalRosterId ?? 
null}
[39m
[31m+     />
[39m
[31m+ 
[39m
[31m+     {/* Draft Helper Floating Bubble */}
[39m
[31m+     {hasDraftHelperData && (
[39m
[31m+       <DraftHelperFloatingBubble
[39m
[31m+         badgeCount={draftHelperBadgeCount}
[39m
[31m+         hasContent={hasDraftHelperData}
[39m
[31m+         onClick={() => floatingHelperState.setVisible(true)}
[39m
[31m+         anchor={presentationVariant === 'redraft_snake' ? 'bottom-left' 
: 'bottom-right'}
[39m
[31m+       />
[39m
[31m+     )}
[39m
[31m+ 
[39m
[31m+     {/* Draft Helper Floating Window */}
[39m
[31m+     {hasDraftHelperData && (
[39m
[31m+       <DraftHelperFloatingWindow
[39m
[31m+         visible={floatingHelperState.state.visible}
[39m
[31m+         onClose={() => floatingHelperState.setVisible(false)}
[39m
[31m+         state={floatingHelperState.state}
[39m
[31m+         onPositionChange={floatingHelperState.setPosition}
[39m
[31m+         onSizeChange={floatingHelperState.setSize}
[39m
[31m+         onToggleSection={floatingHelperState.toggleSection}
[39m
[31m+         badgeCount={draftHelperBadgeCount}
[39m
[31m+         copilotProps={{
[39m
[31m+           loading: recommendationLoading,
[39m
[31m+           recommendation: recommendationResult?.recommendation ?? null,
[39m
[31m+           alternatives: recommendationResult?.alternatives ?? [],
[39m
[31m+           onRefresh: fetchRecommendation,
[39m
[31m+           explanation: recommendationResult?.explanation ?? '',
[39m
[31m+           evidence: recommendationResult?.evidence ?? [],
[39m
[31m+           caveats: recommendationResult?.caveats ?? [],
[39m
[31m+           round: currentPick?.round ?? 1,
[39m
[31m+           pick: currentPick?.slot ?? 1,
[39m
[31m+           sport: effectiveDraftSport,
[39m
[31m+         }}
[39m
[31m+         intelligenceProps={{
[39m
[31m+           aiFeatureStatus: {
[39m
[31m+             chimmyReady: hasAiAccess && 
resolvedOrphanAiProviderAvailable,
[39m
[31m+             liveBrainReady: Boolean(liveBrainEnvelope),
[39m
[31m+             aiAdpEnabled: Boolean(draftUISettings?.aiAdpEnabled),
[39m
[31m+             queueReorderEnabled: 
Boolean(draftUISettings?.aiQueueReorderEnabled),
[39m
[31m+             draftExplanationEnabled: draftAiExplanationEnabled,
[39m
[31m+             orphanAiEnabled: 
Boolean(draftUISettings?.orphanTeamAiManagerEnabled),
[39m
[31m+             commissionerAiManagersCount: 
(commissionerAiDraft?.assignedAiTeams ?? []).filter((team) => team.active)
[39m
[31m+               .length,
[39m
[31m+           },
[39m
[31m+           sportsFeed: draftAssistantContext
[39m
[31m+             ? {
[39m
[31m+                 available: 
Boolean(draftAssistantContext.sportsFeed?.available),
[39m
[31m+                 updatedAt: draftAssistantContext.sportsFeed?.updatedAt 
?? null,
[39m
[31m+                 sourceKeys: 
draftAssistantContext.sportsFeed?.sourceKeys ?? [],
[39m
[31m+                 headlines: draftAssistantContext.headlines,
[39m
[31m+                 injuries: draftAssistantContext.injuries,
[39m
[31m+               }
[39m
[31m+             : null,
[39m
[31m+         }}
[39m
[31m+       />
[39m
[31m+     )}
[39m
[31m+   </>
[39m
[31m+   )
[39m
[31m+ }
[39m
[31m+[39m

[36m [2mΓ¥»[22m 
__tests__/draft/permission-guardrail-mechanics.test.ts:[2m452:17[22m[39m
    [90m450|[39m   it('War Room popup mount is not entitlement-gated in 
current client ΓÇª
    [90m451|[39m     [35mconst[39m src [33m=[39m 
fs[33m.[39m[34mreadFileSync[39m(draftRoomClientPath[33m,[39m 
[32m'utf8'[39m)
    [90m452|[39m     expect(src).toContain('<WarRoomPopup 
hasNewIntel={warRoomHasNewIntΓÇª
    [90m   |[39m                 [31m^[39m
    [90m453|[39m   })
    [90m454|[39m })

[31m[2mΓÄ»ΓÄ»ΓÄ»ΓÄ»ΓÄ»ΓÄ»ΓÄ»ΓÄ»ΓÄ»ΓÄ»ΓÄ»ΓÄ»ΓÄ»ΓÄ»ΓÄ»ΓÄ»ΓÄ»ΓÄ»ΓÄ»ΓÄ»ΓÄ»ΓÄ»[21/
24]ΓÄ»[22m[39m

[41m[1m FAIL [22m[49m 
__tests__/draft/pick-execution-race-lockout.test.ts[2m > 
[22mvalidatePickSubmission ΓÇö Commit M structured codes[2m > [22maccepts 
both `in_progress` and `paused` (paused is allowed for commissioner correction)
[31m[1mAssertionError[22m: expected false to be true // Object.is 
equality[39m

[32m- Expected[39m
[31m+ Received[39m

[32m- true[39m
[31m+ false[39m

[36m [2mΓ¥»[22m 
__tests__/draft/pick-execution-race-lockout.test.ts:[2m49:85[22m[39m
    [90m 47|[39m   it('accepts both `in_progress` and `paused` (paused is 
allowed for cΓÇª
    [90m 48|[39m     expect(validatePickSubmission({ ...baseInput, 
sessionStatus: 'in_pΓÇª
    [90m 49|[39m     expect(validatePickSubmission({ ...baseInput, 
sessionStatus: 'pausΓÇª
    [90m   |[39m                                                             
                        [31m^[39m
    [90m 50|[39m   })
    [90m 51|[39m

[31m[2mΓÄ»ΓÄ»ΓÄ»ΓÄ»ΓÄ»ΓÄ»ΓÄ»ΓÄ»ΓÄ»ΓÄ»ΓÄ»ΓÄ»ΓÄ»ΓÄ»ΓÄ»ΓÄ»ΓÄ»ΓÄ»ΓÄ»ΓÄ»ΓÄ»ΓÄ»[22/
24]ΓÄ»[22m[39m

[41m[1m FAIL [22m[49m 
__tests__/draft/player-pool-identity-cleanup.test.ts[2m > [22mPhase 2 ΓÇö 
SleeperPoolTable readability constraints[2m > [22mdrafted badge is OUTSIDE 
the truncate span and has flex-shrink-0
[31m[1mAssertionError[22m: expected '\'use client\'\r\n\r\n/**\r\n * D.2 
ΓÇöΓÇª' to match /data-testid=\{`\$ΓÇª/span>\s*\{drafted \?[39m

[32m- Expected:[39m
/data-testid=\{`\$\{testIdBase\}-name`\}[\s\S]{0,300}<\/span>\s*\{drafted \?/

[31m+ Received:[39m
"'use client'

/**
 * D.2 ΓÇö Sleeper-style dense draft pool table (all sports).
 *
 * Column definitions come from **`buildSleeperPoolTableLayout`** ΓåÆ
 * **`lib/draft-room/draftSportStatColumns.ts`**. Stat cells use
 * **`getStatValueForDraftPlayer`** + **`formatDraftStatDisplay`** (em-dash 
for missing).
 *
 * Virtualized via @tanstack/react-virtual; horizontally scrollable when 
narrower than **`minWidth`**.
 */

import React, { useMemo } from 'react'
import { useVirtualizer } from '@tanstack/react-virtual'
import { GitCompare, Plus } from 'lucide-react'

import { PlayerAvatar } from './PlayerAvatar'
import type { PlayerEntry } from './PlayerPanel'
import { normalizePlayer } from '@/lib/players/normalizePlayer'
import { getPlayerImage } from '@/lib/players/getPlayerImage'
import type { NflDraftProjectionSplits } from 
'@/lib/draft/analytics/nfl-draft-pool-projection-splits'
import {
  formatDraftStatDisplay,
  getStatValueForDraftPlayer,
  type DraftStatColumnDef,
  type DraftStatColumnOptions,
  type DraftStatPlayerSource,
} from '@/lib/draft-room/draftSportStatColumns'
import {
  buildSleeperPoolTableLayout,
  type SleeperColumnSpec,
  type SleeperPoolTableLayout,
} from '@/lib/draft-room/sleeperPoolTableLayout'
import {
  SLEEPER_POOL_TABLE_HEADER_HEIGHT,
  SLEEPER_POOL_TABLE_ROW_HEIGHT,
  cellTooltip,
} from './SleeperPoolTable.constants'
import {
  ariaSortValue,
  sortKeyForColumn,
  type PoolSortState,
} from './SleeperPoolSort'
import { aiAdpCellTitle, systemAdpCellTitle } from 
'@/lib/draft-room/adpReadinessCopy'

/** Re-export sizing constants for stories/tests that imported them from this 
module. */
export {
  SLEEPER_POOL_TABLE_COLUMNS,
  SLEEPER_POOL_TABLE_HEADER_HEIGHT,
  SLEEPER_POOL_TABLE_MIN_WIDTH,
  SLEEPER_POOL_TABLE_ROW_HEIGHT,
} from './SleeperPoolTable.constants'

export interface SleeperPoolTableProps {
  filtered: PlayerEntry[]
  draftedNames: Set<string>
  draftedPlayerIds?: ReadonlySet<string> | null
  selectedPlayer: PlayerEntry | null
  isPlayerQueued?: (player: PlayerEntry) => boolean
  isPlayerDrafted: (player: PlayerEntry) => boolean
  canDraft: boolean
  canNominate?: boolean
  useAiAdp: boolean
  draftSport: string
  /** Drives MLB pitcher/hitter, NHL goalie/skater, NFL IDP vs offense column 
sets (from position filter). */
  statColumnOptions?: DraftStatColumnOptions
  onDraftRequest: (player: PlayerEntry) => void
  onNominateRequest?: (player: PlayerEntry) => void
  onAddToQueue: (player: PlayerEntry) => void
  onPlayerSelect: (player: PlayerEntry) => void
  onCompareTap: (player: PlayerEntry) => void
  scrollRef: React.RefObject<HTMLDivElement | null>
  compareAnchor: PlayerEntry | null
  rowHeight?: number
  disableVirtualization?: boolean
  sortState?: PoolSortState | null
  onSortChange?: (columnKey: string) => void
}

function rowKey(p: PlayerEntry): string {
  return `${p.name.trim().toLowerCase()}|${p.position.trim().toLowerCase()}|${S
tring(p.team ?? '').trim().toLowerCase()}`
}

/** Cell with consistent alignment + tabular numbers. */
function Cell({
  width,
  align,
  children,
  className = '',
  title,
}: {
  width: number
  align: 'left' | 'right'
  children: React.ReactNode
  className?: string
  title?: string
}) {
  return (
    <div
      style={{ width, minWidth: width, maxWidth: width }}
      className={`flex items-center px-2 ${align === 'right' ? 'justify-end 
tabular-nums' : 'justify-start'} ${className}`}
      title={title}
    >
      {children}
    </div>
  )
}

interface SleeperRowProps {
  player: PlayerEntry
  rank: number
  layout: SleeperPoolTableLayout
  statByKey: Map<string, DraftStatColumnDef>
  selected: boolean
  drafted: boolean
  queued: boolean
  canDraft: boolean
  canNominate: boolean
  useAiAdp: boolean
  draftSport: string
  isCompareAnchor: boolean
  rowHeight: number
  minWidth: number
  onSelect: () => void
  onCompareTap: () => void
  onAddToQueue: () => void
  onDraftRequest: () => void
  onNominateRequest?: () => void
  testIdBase: string
}

function SleeperRow(props: SleeperRowProps) {
  const {
    player: p,
    rank,
    layout,
    statByKey,
    selected,
    drafted,
    queued,
    canDraft,
    canNominate,
    useAiAdp,
    draftSport,
    isCompareAnchor,
    rowHeight,
    minWidth,
    onSelect,
    onCompareTap,
    onAddToQueue,
    onDraftRequest,
    onNominateRequest,
    testIdBase,
  } = props

  const normalized = useMemo(
    () =>
      normalizePlayer({
        display: p.display ?? undefined,
        name: p.name,
        position: p.position,
        team: p.team,
        adp: useAiAdp ? p.aiAdp ?? undefined : p.adp ?? undefined,
        byeWeek: p.byeWeek ?? undefined,
        sport: draftSport,
      }),
    [p, useAiAdp, draftSport],
  )

  const headshotUrl =
    getPlayerImage(normalized, draftSport) ??
    p.display?.assets?.headshotUrl ??
    p.unifiedProductView?.unified.headshotUrl ??
    null
  const teamLogoUrl = normalized.teamLogoUrl ?? null
  const splits: NflDraftProjectionSplits | null = p.nflDraftProjectionSplits 
?? null

  const adpDisplay = p.adp != null ? p.adp.toFixed(1) : 'ΓÇö'
  const aiAdpDisplay = p.aiAdp != null ? p.aiAdp.toFixed(1) : 'ΓÇö'
  const byeDisplay = p.byeWeek != null ? String(p.byeWeek) : 'ΓÇö'

  const tipFor = (columnKey: string, statLabel: string, rawValue: number | 
null | undefined): string =>
    cellTooltip(p.name, statLabel, rawValue)

  const renderColumn = (col: SleeperColumnSpec) => {
    const statTestId = `${testIdBase}-${String(col.key).replace(/_/g, '-')}`

    switch (col.key) {
      case 'rk':
        return (
          <Cell key={col.key} width={col.width} align=\"right\">
            <span className=\"text-white/55 text-[11px] font-medium\" 
data-testid={`${testIdBase}-rk`}>
              {rank}
            </span>
          </Cell>
        )
      case 'player':
        return (
          <Cell key={col.key} width={col.width} align=\"left\" 
className=\"gap-2\">
            <PlayerAvatar
              headshotUrl={headshotUrl}
              displayName={p.name}
              teamLogoUrl={teamLogoUrl}
              teamAbbr={p.team ?? null}
              position={p.position}
              size={36}
              testIdBase={`${testIdBase}-avatar`}
              highlighted={selected}
            />
            <div className=\"flex min-w-0 flex-1 flex-col\">
              <div className=\"flex min-w-0 items-center gap-1.5\">
                <span
                  className=\"min-w-0 flex-1 truncate text-[13px] 
font-semibold text-white/95\"
                  data-testid={`${testIdBase}-name`}
                  title={
                    drafted
                      ? `${p.name} ΓÇö already drafted`
                      : `${p.name}${p.position ? ` (${p.position}${p.team ? `, 
${p.team}` : ''})` : ''} ΓÇö click row to open detail`
                  }
                >
                  {p.name}
                </span>
                {drafted ? (
                  <span className=\"flex-shrink-0 rounded border 
border-white/15 bg-white/[0.05] px-1 py-px text-[9px] uppercase tracking-wider 
text-white/55\">
                    Drafted
                  </span>
                ) : null}
              </div>
              <span className=\"truncate whitespace-nowrap text-[11px] 
text-white/55\">
                <span className=\"font-semibold text-white/72\">{p.position || 
'ΓÇö'}</span>
                {p.team ? <span className=\"ml-1.5 
text-white/45\">{p.team}</span> : null}
              </span>
            </div>
          </Cell>
        )
      case 'adp':
        return (
          <Cell key={col.key} width={col.width} align=\"right\">
            <span
              data-testid={`${testIdBase}-adp`}
              title={systemAdpCellTitle(p.adp != null && 
Number.isFinite(Number(p.adp)))}
            >
              {adpDisplay}
            </span>
          </Cell>
        )
      case 'aiAdp':
        return (
          <Cell key={col.key} width={col.width} align=\"right\">
            <span
              data-testid={`${testIdBase}-ai-adp`}
              data-low-sample={p.aiAdpLowSample ? 'true' : 'false'}
              title={aiAdpCellTitle({
                hasValue: p.aiAdp != null && Number.isFinite(Number(p.aiAdp)),
                lowSample: Boolean(p.aiAdpLowSample),
                sampleSize: p.aiAdpSampleSize ?? null,
              })}
              className=\"inline-flex items-center gap-1\"
            >
              {aiAdpDisplay}
              {p.aiAdpLowSample && p.aiAdp != null ? (
                <span
                  aria-hidden
                  data-testid={`${testIdBase}-ai-adp-low-sample`}
                  className=\"inline-block h-1.5 w-1.5 rounded-full 
bg-amber-300/70\"
                />
              ) : null}
            </span>
          </Cell>
        )
      case 'bye':
        return (
          <Cell key={col.key} width={col.width} align=\"right\">
            <span data-testid={`${testIdBase}-bye`} title={tipFor('bye', 
col.statLabel ?? 'bye week', p.byeWeek ?? null)}>
              {byeDisplay}
            </span>
          </Cell>
        )
      case 'actions':
        return (
          <Cell key={col.key} width={col.width} align=\"right\" 
className=\"gap-1\">
            <button
              type=\"button\"
              onClick={(e) => {
                e.stopPropagation()
                onCompareTap()
              }}
              aria-label={isCompareAnchor ? 'Clear compare selection' : 
`Compare ${p.name}`}
              data-testid={`${testIdBase}-compare`}
              className={`inline-flex h-7 w-7 items-center justify-center 
rounded border transition ${
                isCompareAnchor
                  ? 'border-amber-400/60 bg-amber-500/15 text-amber-100'
                  : 'border-white/15 bg-black/25 text-white/65 
hover:border-white/28 hover:bg-white/10'
              }`}
            >
              <GitCompare className=\"h-3.5 w-3.5\" />
            </button>
            <button
              type=\"button\"
              onClick={(e) => {
                e.stopPropagation()
                if (drafted) return
                onAddToQueue()
              }}
              disabled={drafted}
              aria-label={`Queue ${p.name}`}
              data-testid={`${testIdBase}-queue`}
              className={`inline-flex h-7 w-7 items-center justify-center 
rounded border transition ${
                drafted
                  ? 'cursor-not-allowed border-white/8 bg-black/20 
text-white/25'
                  : queued
                    ? 'border-cyan-400/40 bg-cyan-500/15 text-cyan-100'
                    : 'border-white/15 bg-black/25 text-white/65 
hover:border-cyan-400/25 hover:bg-white/10'
              }`}
            >
              <Plus className=\"h-3.5 w-3.5\" />
            </button>
            {canNominate && onNominateRequest ? (
              <button
                type=\"button\"
                onClick={(e) => {
                  e.stopPropagation()
                  onNominateRequest()
                }}
                data-testid={`${testIdBase}-nominate`}
                className=\"inline-flex h-7 items-center rounded border 
border-amber-400/45 bg-amber-500/15 px-2 text-[10px] font-semibold 
text-amber-100 hover:brightness-110\"
              >
                Nominate
              </button>
            ) : (
              <button
                type=\"button\"
                disabled={!canDraft || drafted}
                onClick={(e) => {
                  e.stopPropagation()
                  if (!canDraft || drafted) return
                  onDraftRequest()
                }}
                title={drafted ? 'Player already drafted' : !canDraft ? 'Not 
your turn' : 'Draft this player'}
                data-testid={`${testIdBase}-draft`}
                className={`inline-flex h-7 items-center rounded border px-2 
text-[10px] font-semibold transition ${
                  drafted
                    ? 'cursor-not-allowed border-white/8 bg-white/[0.04] 
text-white/30'
                    : !canDraft
                      ? 'cursor-not-allowed border-white/10 bg-black/30 
text-white/35'
                      : 'border-cyan-400/45 bg-gradient-to-br from-cyan-500/22 
to-violet-600/18 text-cyan-50 hover:brightness-110'
                }`}
              >
                {drafted ? 'Drafted' : 'Draft'}
              </button>
            )}
          </Cell>
        )
      default: {
        const def = statByKey.get(col.key)
        if (!def) return null
        const raw = getStatValueForDraftPlayer(p as DraftStatPlayerSource, def)
        const display = formatDraftStatDisplay(raw, def)
        const tipRaw =
          col.key === 'pts' && splits
            ? splits.projectedPoints ?? null
            : col.key === 'avg' && splits
              ? splits.projectedPointsPerGame ?? null
              : raw
        return (
          <Cell key={col.key} width={col.width} align=\"right\">
            <span data-testid={statTestId} title={tipFor(col.key, 
col.statLabel ?? def.label, tipRaw)}>
              {display}
            </span>
          </Cell>
        )
      }
    }
  }

  return (
    <div
      role=\"row\"
      data-testid={testIdBase}
      data-drafted={drafted ? 'true' : 'false'}
      data-selected={selected ? 'true' : 'false'}
      onClick={() => {
        if (drafted) return
        onSelect()
      }}
      style={{ height: rowHeight, minWidth }}
      className={`flex items-stretch border-b border-white/5 text-xs 
transition-colors ${
        drafted
          ? 'bg-black/40 text-white/35'
          : selected
            ? 'bg-cyan-500/12 text-white/90'
            : 'bg-transparent text-white/82 hover:bg-white/[0.05] 
cursor-pointer'
      }`}
    >
      {layout.columns.map((col) => renderColumn(col))}
    </div>
  )
}

const MemoSleeperRow = React.memo(SleeperRow)

export function SleeperPoolTable(props: SleeperPoolTableProps) {
  const {
    filtered,
    selectedPlayer,
    isPlayerQueued,
    isPlayerDrafted,
    canDraft,
    canNominate = false,
    useAiAdp,
    draftSport,
    statColumnOptions,
    onDraftRequest,
    onNominateRequest,
    onAddToQueue,
    onPlayerSelect,
    onCompareTap,
    scrollRef,
    compareAnchor,
    rowHeight = SLEEPER_POOL_TABLE_ROW_HEIGHT,
    disableVirtualization = false,
    sortState = null,
    onSortChange,
  } = props

  const layout = useMemo(
    () => buildSleeperPoolTableLayout(draftSport, statColumnOptions),
    [draftSport, statColumnOptions],
  )

  const statByKey = useMemo(() => new Map(layout.statDefs.map((d) => [d.key, 
d])), [layout.statDefs])

  const selectedKey = selectedPlayer ? rowKey(selectedPlayer) : null
  const compareKey = compareAnchor ? rowKey(compareAnchor) : null

  const virtualizer = useVirtualizer({
    count: filtered.length,
    getScrollElement: () => scrollRef.current,
    estimateSize: () => rowHeight,
    overscan: 8,
    enabled: !disableVirtualization,
  })

  const items = virtualizer.getVirtualItems()
  const totalSize = disableVirtualization ? filtered.length * rowHeight : 
virtualizer.getTotalSize()

  const minWidth = layout.minWidth

  return (
    <div
      role=\"table\"
      aria-label=\"Draft pool players\"
      data-testid=\"sleeper-pool-table\"
      style={{ minWidth }}
      className=\"select-none\"
    >
      <div
        role=\"row\"
        data-testid=\"sleeper-pool-table-header\"
        className=\"sticky top-0 z-10 flex items-center border-b 
border-white/10 bg-[#0a1228] text-[10px] font-semibold uppercase 
tracking-wider text-white/55\"
        style={{ height: SLEEPER_POOL_TABLE_HEADER_HEIGHT, minWidth }}
      >

[2m Test Files [22m [1m[31m15 failed[39m[22m[2m | [22m[1m[32m52 passed[39m[22m[90m (67)[39m
        {layout.columns.map((col) => {
          const ariaSort = sortState ? ariaSortValue(col.key, sortState, 
draftSport) : 'none'
          const isActiveSort = ariaSort !== 'none'
          const sortable = Boolean(onSortChange) && sortKeyForColumn(col.key, 
draftSport) != null

          const indicator = isActiveSort ? (ariaSort === 'ascending' ? 'Γû▓' : 
'Γû╝') : null

          if (sortable) {
            const sortHint = isActiveSort
              ? ` ┬╖ click to sort ${ariaSort === 'ascending' ? 'descending' : 
'ascending'}`
              : ' ┬╖ click to sort'
            const buttonTitle = `${col.title ?? col.label}${sortHint}`
            return (
              <Cell key={col.key} width={col.width} align={col.align}>
                <button
                  type=\"button\"
                  aria-sort={ariaSort}
                  aria-label={col.title ?? col.label}
                  title={buttonTitle}
                  data-testid={`sleeper-pool-table-header-${col.key}`}
                  data-sort-active={isActiveSort ? 'true' : 'false'}
                  onClick={() => onSortChange?.(col.key)}
                  className={`inline-flex items-center gap-1 rounded px-1 
py-px transition focus-visible:outline-none focus-visible:ring-2 
focus-visible:ring-cyan-400/45 ${
[2m      Tests [22m [1m[31m22 failed[39m[22m[2m | [22m[1m[32m1046 passed[39m[22m[90m (1068)[39m
                    isActiveSort
                      ? 'text-cyan-100 underline decoration-cyan-300/55 
decoration-2 underline-offset-[3px]'
                      : 'text-white/55 hover:text-white/85'
                  }`}
                >
                  <span>{col.label}</span>
                  {indicator ? (
                    <span aria-hidden className=\"text-[8px] leading-none 
text-cyan-300/85\">
                      {indicator}
                    </span>
                  ) : null}
                </button>
              </Cell>
            )
          }

          // Non-sortable column (actions, or sort handlers disabled).
          return (
            <Cell key={col.key} width={col.width} align={col.align} 
title={col.title}>
              <span 
data-testid={`sleeper-pool-table-header-${col.key}`}>{col.label}</span>
            </Cell>
          )
        })}
      </div>

      <div
        style={{
          height: `${totalSize}px`,
          width: '100%',
          position: 'relative',
        }}
      >
        {disableVirtualization ? (
          filtered.map((p, idx) => {
[2m   Start at [22m 22:21:29
[2m   Duration [22m 46.53s[2m (transform 20.10s, setup 42.16s, import 45.22s, tests 5.98s, environment 312.00s)[22m

            const k = rowKey(p)
            const drafted = isPlayerDrafted(p)
            const queued = Boolean(isPlayerQueued?.(p))
            return (
              <MemoSleeperRow
                key={p.id ?? k}
                player={p}
                rank={idx + 1}
                layout={layout}
                statByKey={statByKey}
                selected={selectedKey === k}
                drafted={drafted}
                queued={queued}
                canDraft={canDraft}
                canNominate={canNominate}
                useAiAdp={useAiAdp}
                draftSport={draftSport}
                isCompareAnchor={compareKey === k}
                rowHeight={rowHeight}
                minWidth={minWidth}
                onSelect={() => onPlayerSelect(p)}
                onCompareTap={() => onCompareTap(p)}
                onAddToQueue={() => onAddToQueue(p)}
                onDraftRequest={() => onDraftRequest(p)}
                onNominateRequest={onNominateRequest ? () => 
onNominateRequest(p) : undefined}
                testIdBase={`sleeper-pool-row-${idx}`}
              />
            )
          })
        ) : (
          items.map((virtualRow) => {
            const p = filtered[virtualRow.index]
            if (!p) return null
            const k = rowKey(p)
            const drafted = isPlayerDrafted(p)
            const queued = Boolean(isPlayerQueued?.(p))
            return (
              <div
                key={p.id ?? k}
                style={{
                  position: 'absolute',
                  top: 0,
                  left: 0,
                  width: '100%',
                  transform: `translateY(${virtualRow.start}px)`,
                }}
                data-index={virtualRow.index}
              >
                <MemoSleeperRow
                  player={p}
                  rank={virtualRow.index + 1}
                  layout={layout}
                  statByKey={statByKey}
                  selected={selectedKey === k}
                  drafted={drafted}
                  queued={queued}
                  canDraft={canDraft}
                  canNominate={canNominate}
                  useAiAdp={useAiAdp}
                  draftSport={draftSport}
                  isCompareAnchor={compareKey === k}
                  rowHeight={rowHeight}
                  minWidth={minWidth}
                  onSelect={() => onPlayerSelect(p)}
                  onCompareTap={() => onCompareTap(p)}
                  onAddToQueue={() => onAddToQueue(p)}
                  onDraftRequest={() => onDraftRequest(p)}
                  onNominateRequest={onNominateRequest ? () => 
onNominateRequest(p) : undefined}
                  testIdBase={`sleeper-pool-row-${virtualRow.index}`}
                />
              </div>
            )
          })
        )}
      </div>
    </div>
  )
}
"

[36m [2mΓ¥»[22m 
__tests__/draft/player-pool-identity-cleanup.test.ts:[2m167:17[22m[39m
    [90m165|[39m   it('drafted badge is OUTSIDE the truncate span and has 
flex-shrink-0ΓÇª
    [90m166|[39m     // Badge is in its own flex sibling, no longer nested 
inside the nΓÇª
    [90m167|[39m     
expect(src).toMatch(/data-testid=\{`\$\{testIdBase\}-name`\}[\s\S]ΓÇª
    [90m   |[39m                 [31m^[39m
    [90m168|[39m     expect(src).toMatch(/flex-shrink-0 rounded border 
border-white\/15ΓÇª
    [90m169|[39m   })

[31m[2mΓÄ»ΓÄ»ΓÄ»ΓÄ»ΓÄ»ΓÄ»ΓÄ»ΓÄ»ΓÄ»ΓÄ»ΓÄ»ΓÄ»ΓÄ»ΓÄ»ΓÄ»ΓÄ»ΓÄ»ΓÄ»ΓÄ»ΓÄ»ΓÄ»ΓÄ»[23/
24]ΓÄ»[22m[39m

[41m[1m FAIL [22m[49m __tests__/draft/pre-draft-validation.test.ts[2m > 
[22mPre-Draft Validation[2m > [22mDraftValidationOrchestrator[2m > 
[22mreturns canStartDraft=true when all checks pass
[31m[1mAssertionError[22m: expected false to be true // Object.is 
equality[39m

[32m- Expected[39m
[31m+ Received[39m

[32m- true[39m
[31m+ false[39m

[36m [2mΓ¥»[22m 
__tests__/draft/pre-draft-validation.test.ts:[2m67:36[22m[39m
    [90m 65|[39m       const report = await 
DraftValidationOrchestrator.validateDraft(lΓÇª
    [90m 66|[39m
    [90m 67|[39m       [34mexpect[39m(report[33m.[39mcanStartDraft)[33m.
[39m[34mtoBe[39m([35mtrue[39m)
    [90m   |[39m                                    [31m^[39m
    [90m 68|[39m       [34mexpect[39m(report[33m.[39mresults)[33m.[39m
[34mtoHaveLength[39m([34m6[39m)
    [90m 69|[39m       expect(report.results.every((r) => r.status !== 
'fail')).toBe(trΓÇª

[31m[2mΓÄ»ΓÄ»ΓÄ»ΓÄ»ΓÄ»ΓÄ»ΓÄ»ΓÄ»ΓÄ»ΓÄ»ΓÄ»ΓÄ»ΓÄ»ΓÄ»ΓÄ»ΓÄ»ΓÄ»ΓÄ»ΓÄ»ΓÄ»ΓÄ»ΓÄ»[24/
24]ΓÄ»[22m[39m

