lib/chimmy-chat/types.ts(90,20): error TS2304: Cannot find name 'ChimmyAnswerContract'.
lib/league-finance/leagueFinanceService.ts(15,11): error TS2321: Excessive stack depth comparing types 'DynamicClientExtensionThis<TypeMap<InternalArgs & { result: {}; model: {}; query: {}; client: {}; }, PrismaClientOptions>, TypeMapCb, { result: {}; model: {}; query: {}; client: {}; }, {}>' and 'TransactionClient'.
lib/workers/audio-sync.ts(32,9): error TS2353: Object literal may only specify known properties, and 'audioMetadata' does not exist in type 'SportsPlayerWhereInput'.
